[2022-05-30T02:40:21.726+0000][8][gc,init] CardTable entry size: 512
[2022-05-30T02:40:21.728+0000][8][gc     ] Using G1
[2022-05-30T02:40:21.957+0000][8][gc,init] Version: 18.0.1.1+2-6 (release)
[2022-05-30T02:40:21.957+0000][8][gc,init] CPUs: 8 total, 8 available
[2022-05-30T02:40:21.958+0000][8][gc,init] Memory: 6914M
[2022-05-30T02:40:21.959+0000][8][gc,init] Large Page Support: Disabled
[2022-05-30T02:40:21.960+0000][8][gc,init] NUMA Support: Disabled
[2022-05-30T02:40:21.960+0000][8][gc,init] Compressed Oops: Enabled (32-bit)
[2022-05-30T02:40:21.961+0000][8][gc,init] Heap Region Size: 4M
[2022-05-30T02:40:21.962+0000][8][gc,init] Heap Min Capacity: 512M
[2022-05-30T02:40:21.963+0000][8][gc,init] Heap Initial Capacity: 512M
[2022-05-30T02:40:21.964+0000][8][gc,init] Heap Max Capacity: 512M
[2022-05-30T02:40:21.964+0000][8][gc,init] Pre-touch: Enabled
[2022-05-30T02:40:21.965+0000][8][gc,init] Parallel Workers: 8
[2022-05-30T02:40:21.966+0000][8][gc,init] Concurrent Workers: 2
[2022-05-30T02:40:21.966+0000][8][gc,init] Concurrent Refinement Workers: 8
[2022-05-30T02:40:21.967+0000][8][gc,init] Periodic GC: Disabled
[2022-05-30T02:40:21.968+0000][8][gc,metaspace] CDS archive(s) mapped at: [0x0000000800000000-0x0000000800baf000-0x0000000800baf000), size 12251136, SharedBaseAddress: 0x0000000800000000, ArchiveRelocationMode: 0.
[2022-05-30T02:40:21.969+0000][8][gc,metaspace] Compressed class space mapped at: 0x0000000800c00000-0x0000000840c00000, reserved size: 1073741824
[2022-05-30T02:40:21.970+0000][8][gc,metaspace] Narrow klass base: 0x0000000800000000, Narrow klass shift: 0, Narrow klass range: 0x100000000
[2022-05-30T02:40:23.142+0000][8][safepoint   ] Safepoint "Cleanup", Time since last: 1153268000 ns, Reaching safepoint: 5397403 ns, At safepoint: 41870 ns, Total: 5439273 ns
[2022-05-30T02:40:24.629+0000][8][gc,start    ] GC(0) Pause Young (Normal) (G1 Evacuation Pause)
[2022-05-30T02:40:24.630+0000][8][gc,task     ] GC(0) Using 8 workers of 8 for evacuation
[2022-05-30T02:40:24.631+0000][8][gc,age      ] GC(0) Desired survivor size 2097152 bytes, new threshold 15 (max threshold 15)
[2022-05-30T02:40:24.643+0000][8][gc,phases   ] GC(0)   Pre Evacuate Collection Set: 0.1ms
[2022-05-30T02:40:24.644+0000][8][gc,phases   ] GC(0)   Merge Heap Roots: 0.1ms
[2022-05-30T02:40:24.644+0000][8][gc,phases   ] GC(0)   Evacuate Collection Set: 9.8ms
[2022-05-30T02:40:24.645+0000][8][gc,phases   ] GC(0)   Post Evacuate Collection Set: 1.2ms
[2022-05-30T02:40:24.646+0000][8][gc,phases   ] GC(0)   Other: 1.4ms
[2022-05-30T02:40:24.646+0000][8][gc,age      ] GC(0) Age table with threshold 15 (max threshold 15)
[2022-05-30T02:40:24.647+0000][8][gc,age      ] GC(0) - age   1:    4188384 bytes,    4188384 total
[2022-05-30T02:40:24.647+0000][8][gc,heap     ] GC(0) Eden regions: 6->0(5)
[2022-05-30T02:40:24.648+0000][8][gc,heap     ] GC(0) Survivor regions: 0->1(1)
[2022-05-30T02:40:24.648+0000][8][gc,heap     ] GC(0) Old regions: 0->1
[2022-05-30T02:40:24.649+0000][8][gc,heap     ] GC(0) Archive regions: 2->2
[2022-05-30T02:40:24.649+0000][8][gc,heap     ] GC(0) Humongous regions: 0->0
[2022-05-30T02:40:24.650+0000][8][gc,metaspace] GC(0) Metaspace: 8377K(8576K)->8377K(8576K) NonClass: 7453K(7552K)->7453K(7552K) Class: 924K(1024K)->924K(1024K)
[2022-05-30T02:40:24.651+0000][8][gc          ] GC(0) Pause Young (Normal) (G1 Evacuation Pause) 27M->8M(512M) 21.191ms
[2022-05-30T02:40:24.651+0000][8][gc,cpu      ] GC(0) User=0.04s Sys=0.00s Real=0.02s
[2022-05-30T02:40:24.653+0000][8][safepoint   ] Safepoint "G1CollectForAllocation", Time since last: 1487331802 ns, Reaching safepoint: 277095 ns, At safepoint: 23048491 ns, Total: 23325586 ns
[2022-05-30T02:40:25.708+0000][8][safepoint   ] Safepoint "Cleanup", Time since last: 1054754834 ns, Reaching safepoint: 204761 ns, At safepoint: 51528 ns, Total: 256289 ns
[2022-05-30T02:40:25.992+0000][8][gc,start    ] GC(1) Pause Young (Normal) (G1 Evacuation Pause)
[2022-05-30T02:40:25.998+0000][8][gc,task     ] GC(1) Using 8 workers of 8 for evacuation
[2022-05-30T02:40:25.999+0000][8][gc,age      ] GC(1) Desired survivor size 2097152 bytes, new threshold 1 (max threshold 15)
[2022-05-30T02:40:26.021+0000][8][gc,phases   ] GC(1)   Pre Evacuate Collection Set: 0.1ms
[2022-05-30T02:40:26.024+0000][8][gc,phases   ] GC(1)   Merge Heap Roots: 0.1ms
[2022-05-30T02:40:26.025+0000][8][gc,phases   ] GC(1)   Evacuate Collection Set: 18.0ms
[2022-05-30T02:40:26.029+0000][8][gc,phases   ] GC(1)   Post Evacuate Collection Set: 1.2ms
[2022-05-30T02:40:26.031+0000][8][gc,phases   ] GC(1)   Other: 4.0ms
[2022-05-30T02:40:26.037+0000][8][gc,age      ] GC(1) Age table with threshold 1 (max threshold 15)
[2022-05-30T02:40:26.040+0000][8][gc,age      ] GC(1) - age   1:    2055880 bytes,    2055880 total
[2022-05-30T02:40:26.040+0000][8][gc,heap     ] GC(1) Eden regions: 5->0(10)
[2022-05-30T02:40:26.041+0000][8][gc,heap     ] GC(1) Survivor regions: 1->1(1)
[2022-05-30T02:40:26.042+0000][8][gc,heap     ] GC(1) Old regions: 1->2
[2022-05-30T02:40:26.044+0000][8][gc,heap     ] GC(1) Archive regions: 2->2
[2022-05-30T02:40:26.044+0000][8][gc,heap     ] GC(1) Humongous regions: 0->0
[2022-05-30T02:40:26.045+0000][8][gc,metaspace] GC(1) Metaspace: 11750K(12032K)->11750K(12032K) NonClass: 10348K(10496K)->10348K(10496K) Class: 1402K(1536K)->1402K(1536K)
[2022-05-30T02:40:26.046+0000][8][gc          ] GC(1) Pause Young (Normal) (G1 Evacuation Pause) 28M->10M(512M) 53.717ms
[2022-05-30T02:40:26.047+0000][8][gc,cpu      ] GC(1) User=0.10s Sys=0.02s Real=0.05s
[2022-05-30T02:40:26.049+0000][8][safepoint   ] Safepoint "G1CollectForAllocation", Time since last: 284186585 ns, Reaching safepoint: 508750 ns, At safepoint: 56533274 ns, Total: 57042024 ns
[2022-05-30T02:40:27.414+0000][8][safepoint   ] Safepoint "Cleanup", Time since last: 1355500781 ns, Reaching safepoint: 9238387 ns, At safepoint: 86816 ns, Total: 9325203 ns
[2022-05-30T02:40:28.415+0000][8][safepoint   ] Safepoint "Cleanup", Time since last: 1000900527 ns, Reaching safepoint: 259506 ns, At safepoint: 69051 ns, Total: 328557 ns
[2022-05-30T02:40:28.934+0000][8][gc,start    ] GC(2) Pause Young (Normal) (G1 Evacuation Pause)
[2022-05-30T02:40:28.936+0000][8][gc,task     ] GC(2) Using 8 workers of 8 for evacuation
[2022-05-30T02:40:28.936+0000][8][gc,age      ] GC(2) Desired survivor size 4194304 bytes, new threshold 15 (max threshold 15)
[2022-05-30T02:40:28.984+0000][8][gc,phases   ] GC(2)   Pre Evacuate Collection Set: 0.2ms
[2022-05-30T02:40:28.986+0000][8][gc,phases   ] GC(2)   Merge Heap Roots: 0.1ms
[2022-05-30T02:40:28.988+0000][8][gc,phases   ] GC(2)   Evacuate Collection Set: 34.0ms
[2022-05-30T02:40:28.989+0000][8][gc,phases   ] GC(2)   Post Evacuate Collection Set: 12.4ms
[2022-05-30T02:40:28.990+0000][8][gc,phases   ] GC(2)   Other: 1.5ms
[2022-05-30T02:40:28.995+0000][8][gc,age      ] GC(2) Age table with threshold 15 (max threshold 15)
[2022-05-30T02:40:28.997+0000][8][gc,age      ] GC(2) - age   1:    1383424 bytes,    1383424 total
[2022-05-30T02:40:28.999+0000][8][gc,age      ] GC(2) - age   2:    1994784 bytes,    3378208 total
[2022-05-30T02:40:29.002+0000][8][gc,heap     ] GC(2) Eden regions: 10->0(59)
[2022-05-30T02:40:29.005+0000][8][gc,heap     ] GC(2) Survivor regions: 1->1(2)
[2022-05-30T02:40:29.008+0000][8][gc,heap     ] GC(2) Old regions: 2->2
[2022-05-30T02:40:29.009+0000][8][gc,heap     ] GC(2) Archive regions: 2->2
[2022-05-30T02:40:29.010+0000][8][gc,heap     ] GC(2) Humongous regions: 0->0
[2022-05-30T02:40:29.014+0000][8][gc,metaspace] GC(2) Metaspace: 15101K(15488K)->15101K(15488K) NonClass: 13359K(13568K)->13359K(13568K) Class: 1742K(1920K)->1742K(1920K)
[2022-05-30T02:40:29.015+0000][8][gc          ] GC(2) Pause Young (Normal) (G1 Evacuation Pause) 50M->11M(512M) 80.671ms
[2022-05-30T02:40:29.016+0000][8][gc,cpu      ] GC(2) User=0.15s Sys=0.05s Real=0.08s
[2022-05-30T02:40:29.017+0000][8][safepoint   ] Safepoint "G1CollectForAllocation", Time since last: 519006621 ns, Reaching safepoint: 147161 ns, At safepoint: 82843214 ns, Total: 82990375 ns
[2022-05-30T02:40:30.286+0000][8][safepoint   ] Safepoint "Cleanup", Time since last: 1268565002 ns, Reaching safepoint: 281558 ns, At safepoint: 10249 ns, Total: 291807 ns
[2022-05-30T02:40:31.694+0000][8][safepoint   ] Safepoint "Cleanup", Time since last: 1402326693 ns, Reaching safepoint: 5869107 ns, At safepoint: 29436 ns, Total: 5898543 ns
[2022-05-30T02:40:32.338+0000][8][gc,start    ] GC(3) Pause Young (Concurrent Start) (Metadata GC Threshold)
[2022-05-30T02:40:32.340+0000][8][gc,task     ] GC(3) Using 8 workers of 8 for evacuation
[2022-05-30T02:40:32.345+0000][8][gc,age      ] GC(3) Desired survivor size 16777216 bytes, new threshold 15 (max threshold 15)
[2022-05-30T02:40:32.367+0000][8][gc,phases   ] GC(3)   Pre Evacuate Collection Set: 0.4ms
[2022-05-30T02:40:32.368+0000][8][gc,phases   ] GC(3)   Merge Heap Roots: 0.4ms
[2022-05-30T02:40:32.369+0000][8][gc,phases   ] GC(3)   Evacuate Collection Set: 18.7ms
[2022-05-30T02:40:32.369+0000][8][gc,phases   ] GC(3)   Post Evacuate Collection Set: 2.1ms
[2022-05-30T02:40:32.370+0000][8][gc,phases   ] GC(3)   Other: 5.9ms
[2022-05-30T02:40:32.371+0000][8][gc,age      ] GC(3) Age table with threshold 15 (max threshold 15)
[2022-05-30T02:40:32.372+0000][8][gc,age      ] GC(3) - age   1:    2932592 bytes,    2932592 total
[2022-05-30T02:40:32.373+0000][8][gc,age      ] GC(3) - age   2:    1294528 bytes,    4227120 total
[2022-05-30T02:40:32.375+0000][8][gc,age      ] GC(3) - age   3:    1978600 bytes,    6205720 total
[2022-05-30T02:40:32.376+0000][8][gc,heap     ] GC(3) Eden regions: 35->0(74)
[2022-05-30T02:40:32.377+0000][8][gc,heap     ] GC(3) Survivor regions: 1->2(8)
[2022-05-30T02:40:32.377+0000][8][gc,heap     ] GC(3) Old regions: 2->2
[2022-05-30T02:40:32.378+0000][8][gc,heap     ] GC(3) Archive regions: 2->2
[2022-05-30T02:40:32.378+0000][8][gc,heap     ] GC(3) Humongous regions: 0->0
[2022-05-30T02:40:32.379+0000][8][gc,metaspace] GC(3) Metaspace: 21136K(21504K)->21136K(21504K) NonClass: 18752K(18944K)->18752K(18944K) Class: 2384K(2560K)->2384K(2560K)
[2022-05-30T02:40:32.379+0000][8][gc          ] GC(3) Pause Young (Concurrent Start) (Metadata GC Threshold) 148M->14M(512M) 41.641ms
[2022-05-30T02:40:32.380+0000][8][gc,cpu      ] GC(3) User=0.05s Sys=0.02s Real=0.04s
[2022-05-30T02:40:32.380+0000][8][gc          ] GC(4) Concurrent Mark Cycle
[2022-05-30T02:40:32.381+0000][8][safepoint   ] Safepoint "CollectForMetadataAllocation", Time since last: 643189291 ns, Reaching safepoint: 481953 ns, At safepoint: 43330548 ns, Total: 43812501 ns
[2022-05-30T02:40:32.382+0000][8][gc,marking  ] GC(4) Concurrent Clear Claimed Marks
[2022-05-30T02:40:32.385+0000][8][gc,marking  ] GC(4) Concurrent Clear Claimed Marks 2.865ms
[2022-05-30T02:40:32.385+0000][8][gc,marking  ] GC(4) Concurrent Scan Root Regions
[2022-05-30T02:40:32.394+0000][8][gc,marking  ] GC(4) Concurrent Scan Root Regions 8.960ms
[2022-05-30T02:40:32.395+0000][8][gc,marking  ] GC(4) Concurrent Mark
[2022-05-30T02:40:32.396+0000][8][gc,marking  ] GC(4) Concurrent Mark From Roots
[2022-05-30T02:40:32.397+0000][8][gc,task     ] GC(4) Using 2 workers of 2 for marking
[2022-05-30T02:40:32.407+0000][8][gc,marking  ] GC(4) Concurrent Mark From Roots 11.360ms
[2022-05-30T02:40:32.408+0000][8][gc,marking  ] GC(4) Concurrent Preclean
[2022-05-30T02:40:32.409+0000][8][gc,marking  ] GC(4) Concurrent Preclean 0.911ms
[2022-05-30T02:40:32.410+0000][8][gc,start    ] GC(4) Pause Remark
[2022-05-30T02:40:32.418+0000][8][gc          ] GC(4) Pause Remark 18M->18M(512M) 7.680ms
[2022-05-30T02:40:32.418+0000][8][gc,cpu      ] GC(4) User=0.02s Sys=0.00s Real=0.01s
[2022-05-30T02:40:32.419+0000][8][safepoint   ] Safepoint "G1Concurrent", Time since last: 28842217 ns, Reaching safepoint: 366690 ns, At safepoint: 9264160 ns, Total: 9630850 ns
[2022-05-30T02:40:32.420+0000][8][gc,marking  ] GC(4) Concurrent Mark 24.775ms
[2022-05-30T02:40:32.421+0000][8][gc,marking  ] GC(4) Concurrent Rebuild Remembered Sets
[2022-05-30T02:40:32.426+0000][8][gc,marking  ] GC(4) Concurrent Rebuild Remembered Sets 4.937ms
[2022-05-30T02:40:32.427+0000][8][gc,start    ] GC(4) Pause Cleanup
[2022-05-30T02:40:32.429+0000][8][gc          ] GC(4) Pause Cleanup 20M->20M(512M) 1.135ms
[2022-05-30T02:40:32.429+0000][8][gc,cpu      ] GC(4) User=0.00s Sys=0.00s Real=0.00s
[2022-05-30T02:40:32.432+0000][8][safepoint   ] Safepoint "G1Concurrent", Time since last: 7697494 ns, Reaching safepoint: 291713 ns, At safepoint: 4752552 ns, Total: 5044265 ns
[2022-05-30T02:40:32.434+0000][8][gc,marking  ] GC(4) Concurrent Cleanup for Next Mark
[2022-05-30T02:40:32.437+0000][8][gc,marking  ] GC(4) Concurrent Cleanup for Next Mark 2.938ms
[2022-05-30T02:40:32.438+0000][8][gc          ] GC(4) Concurrent Mark Cycle 57.561ms
[2022-05-30T02:40:33.508+0000][8][safepoint   ] Safepoint "Cleanup", Time since last: 1075800686 ns, Reaching safepoint: 310350 ns, At safepoint: 12203 ns, Total: 322553 ns
[2022-05-30T02:40:34.510+0000][8][safepoint   ] Safepoint "Cleanup", Time since last: 1000948718 ns, Reaching safepoint: 328742 ns, At safepoint: 42370 ns, Total: 371112 ns
[2022-05-30T02:40:35.488+0000][8][gc,start    ] GC(5) Pause Young (Normal) (G1 Evacuation Pause)
[2022-05-30T02:40:35.488+0000][8][gc,task     ] GC(5) Using 8 workers of 8 for evacuation
[2022-05-30T02:40:35.491+0000][8][gc,age      ] GC(5) Desired survivor size 20971520 bytes, new threshold 15 (max threshold 15)
[2022-05-30T02:40:35.536+0000][8][gc,phases   ] GC(5)   Pre Evacuate Collection Set: 1.3ms
[2022-05-30T02:40:35.537+0000][8][gc,phases   ] GC(5)   Merge Heap Roots: 0.3ms
[2022-05-30T02:40:35.538+0000][8][gc,phases   ] GC(5)   Evacuate Collection Set: 38.7ms
[2022-05-30T02:40:35.538+0000][8][gc,phases   ] GC(5)   Post Evacuate Collection Set: 4.0ms
[2022-05-30T02:40:35.539+0000][8][gc,phases   ] GC(5)   Other: 3.9ms
[2022-05-30T02:40:35.539+0000][8][gc,age      ] GC(5) Age table with threshold 15 (max threshold 15)
[2022-05-30T02:40:35.540+0000][8][gc,age      ] GC(5) - age   1:    6035768 bytes,    6035768 total
[2022-05-30T02:40:35.540+0000][8][gc,age      ] GC(5) - age   2:    2913640 bytes,    8949408 total
[2022-05-30T02:40:35.541+0000][8][gc,age      ] GC(5) - age   3:    1291464 bytes,   10240872 total
[2022-05-30T02:40:35.542+0000][8][gc,age      ] GC(5) - age   4:    1977256 bytes,   12218128 total
[2022-05-30T02:40:35.544+0000][8][gc,heap     ] GC(5) Eden regions: 74->0(72)
[2022-05-30T02:40:35.545+0000][8][gc,heap     ] GC(5) Survivor regions: 2->4(10)
[2022-05-30T02:40:35.545+0000][8][gc,heap     ] GC(5) Old regions: 2->2
[2022-05-30T02:40:35.546+0000][8][gc,heap     ] GC(5) Archive regions: 2->2
[2022-05-30T02:40:35.546+0000][8][gc,heap     ] GC(5) Humongous regions: 0->0
[2022-05-30T02:40:35.547+0000][8][gc,metaspace] GC(5) Metaspace: 23854K(24384K)->23854K(24384K) NonClass: 21078K(21376K)->21078K(21376K) Class: 2775K(3008K)->2775K(3008K)
[2022-05-30T02:40:35.548+0000][8][gc          ] GC(5) Pause Young (Normal) (G1 Evacuation Pause) 310M->20M(512M) 60.216ms
[2022-05-30T02:40:35.548+0000][8][gc,cpu      ] GC(5) User=0.07s Sys=0.00s Real=0.06s
[2022-05-30T02:40:35.549+0000][8][safepoint   ] Safepoint "G1CollectForAllocation", Time since last: 977770438 ns, Reaching safepoint: 211635 ns, At safepoint: 61489262 ns, Total: 61700897 ns
[2022-05-30T02:40:36.550+0000][8][safepoint   ] Safepoint "Cleanup", Time since last: 1000445681 ns, Reaching safepoint: 182640 ns, At safepoint: 8326 ns, Total: 190966 ns
[2022-05-30T02:40:37.551+0000][8][safepoint   ] Safepoint "Cleanup", Time since last: 1000970648 ns, Reaching safepoint: 700693 ns, At safepoint: 139586 ns, Total: 840279 ns
[2022-05-30T02:40:38.564+0000][8][safepoint   ] Safepoint "Cleanup", Time since last: 1010024443 ns, Reaching safepoint: 2258802 ns, At safepoint: 17944 ns, Total: 2276746 ns
[2022-05-30T02:40:38.599+0000][8][gc,start    ] GC(6) Pause Young (Normal) (G1 Evacuation Pause)
[2022-05-30T02:40:38.600+0000][8][gc,task     ] GC(6) Using 8 workers of 8 for evacuation
[2022-05-30T02:40:38.600+0000][8][gc,age      ] GC(6) Desired survivor size 20971520 bytes, new threshold 15 (max threshold 15)
[2022-05-30T02:40:38.676+0000][8][gc,phases   ] GC(6)   Pre Evacuate Collection Set: 0.2ms
[2022-05-30T02:40:38.681+0000][8][gc,phases   ] GC(6)   Merge Heap Roots: 0.1ms
[2022-05-30T02:40:38.683+0000][8][gc,phases   ] GC(6)   Evacuate Collection Set: 49.4ms
[2022-05-30T02:40:38.683+0000][8][gc,phases   ] GC(6)   Post Evacuate Collection Set: 24.1ms
[2022-05-30T02:40:38.685+0000][8][gc,phases   ] GC(6)   Other: 2.3ms
[2022-05-30T02:40:38.687+0000][8][gc,age      ] GC(6) Age table with threshold 15 (max threshold 15)
[2022-05-30T02:40:38.689+0000][8][gc,age      ] GC(6) - age   1:    3784376 bytes,    3784376 total
[2022-05-30T02:40:38.699+0000][8][gc,age      ] GC(6) - age   2:    5718120 bytes,    9502496 total
[2022-05-30T02:40:38.700+0000][8][gc,age      ] GC(6) - age   3:    2909112 bytes,   12411608 total
[2022-05-30T02:40:38.702+0000][8][gc,age      ] GC(6) - age   4:    1271144 bytes,   13682752 total
[2022-05-30T02:40:38.703+0000][8][gc,age      ] GC(6) - age   5:    1974944 bytes,   15657696 total
[2022-05-30T02:40:38.704+0000][8][gc,heap     ] GC(6) Eden regions: 72->0(72)
[2022-05-30T02:40:38.706+0000][8][gc,heap     ] GC(6) Survivor regions: 4->4(10)
[2022-05-30T02:40:38.707+0000][8][gc,heap     ] GC(6) Old regions: 2->2
[2022-05-30T02:40:38.708+0000][8][gc,heap     ] GC(6) Archive regions: 2->2
[2022-05-30T02:40:38.711+0000][8][gc,heap     ] GC(6) Humongous regions: 0->0
[2022-05-30T02:40:38.712+0000][8][gc,metaspace] GC(6) Metaspace: 29577K(30272K)->29577K(30272K) NonClass: 26158K(26560K)->26158K(26560K) Class: 3419K(3712K)->3419K(3712K)
[2022-05-30T02:40:38.713+0000][8][gc          ] GC(6) Pause Young (Normal) (G1 Evacuation Pause) 308M->23M(512M) 114.113ms
[2022-05-30T02:40:38.714+0000][8][gc,cpu      ] GC(6) User=0.11s Sys=0.00s Real=0.12s
[2022-05-30T02:40:38.725+0000][8][safepoint   ] Safepoint "G1CollectForAllocation", Time since last: 35258499 ns, Reaching safepoint: 78582 ns, At safepoint: 125420658 ns, Total: 125499240 ns
[2022-05-30T02:40:39.732+0000][8][safepoint   ] Safepoint "Cleanup", Time since last: 1005958471 ns, Reaching safepoint: 1334540 ns, At safepoint: 65014 ns, Total: 1399554 ns
[2022-05-30T02:40:40.603+0000][8][gc,start    ] GC(7) Pause Young (Normal) (G1 Evacuation Pause)
[2022-05-30T02:40:40.604+0000][8][gc,task     ] GC(7) Using 8 workers of 8 for evacuation
[2022-05-30T02:40:40.604+0000][8][gc,age      ] GC(7) Desired survivor size 20971520 bytes, new threshold 15 (max threshold 15)
[2022-05-30T02:40:40.638+0000][8][gc,phases   ] GC(7)   Pre Evacuate Collection Set: 0.2ms
[2022-05-30T02:40:40.638+0000][8][gc,phases   ] GC(7)   Merge Heap Roots: 0.1ms
[2022-05-30T02:40:40.639+0000][8][gc,phases   ] GC(7)   Evacuate Collection Set: 30.5ms
[2022-05-30T02:40:40.639+0000][8][gc,phases   ] GC(7)   Post Evacuate Collection Set: 2.2ms
[2022-05-30T02:40:40.640+0000][8][gc,phases   ] GC(7)   Other: 1.0ms
[2022-05-30T02:40:40.640+0000][8][gc,age      ] GC(7) Age table with threshold 15 (max threshold 15)
[2022-05-30T02:40:40.642+0000][8][gc,age      ] GC(7) - age   1:    2871904 bytes,    2871904 total
[2022-05-30T02:40:40.643+0000][8][gc,age      ] GC(7) - age   2:    3173120 bytes,    6045024 total
[2022-05-30T02:40:40.644+0000][8][gc,age      ] GC(7) - age   3:    5716848 bytes,   11761872 total
[2022-05-30T02:40:40.645+0000][8][gc,age      ] GC(7) - age   4:    2908904 bytes,   14670776 total
[2022-05-30T02:40:40.646+0000][8][gc,age      ] GC(7) - age   5:    1270200 bytes,   15940976 total
[2022-05-30T02:40:40.646+0000][8][gc,age      ] GC(7) - age   6:    1972224 bytes,   17913200 total
[2022-05-30T02:40:40.647+0000][8][gc,heap     ] GC(7) Eden regions: 72->0(71)
[2022-05-30T02:40:40.648+0000][8][gc,heap     ] GC(7) Survivor regions: 4->5(10)
[2022-05-30T02:40:40.648+0000][8][gc,heap     ] GC(7) Old regions: 2->2
[2022-05-30T02:40:40.649+0000][8][gc,heap     ] GC(7) Archive regions: 2->2
[2022-05-30T02:40:40.650+0000][8][gc,heap     ] GC(7) Humongous regions: 0->0
[2022-05-30T02:40:40.650+0000][8][gc,metaspace] GC(7) Metaspace: 31141K(31872K)->31141K(31872K) NonClass: 27506K(27968K)->27506K(27968K) Class: 3634K(3904K)->3634K(3904K)
[2022-05-30T02:40:40.651+0000][8][gc          ] GC(7) Pause Young (Normal) (G1 Evacuation Pause) 311M->26M(512M) 48.401ms
[2022-05-30T02:40:40.652+0000][8][gc,cpu      ] GC(7) User=0.06s Sys=0.00s Real=0.05s
[2022-05-30T02:40:40.653+0000][8][safepoint   ] Safepoint "G1CollectForAllocation", Time since last: 870897990 ns, Reaching safepoint: 273622 ns, At safepoint: 50401596 ns, Total: 50675218 ns
[2022-05-30T02:40:41.676+0000][8][safepoint   ] Safepoint "Cleanup", Time since last: 1008144225 ns, Reaching safepoint: 14402013 ns, At safepoint: 39345 ns, Total: 14441358 ns
[2022-05-30T02:40:42.919+0000][8][safepoint   ] Safepoint "Cleanup", Time since last: 1242656185 ns, Reaching safepoint: 372010 ns, At safepoint: 27923 ns, Total: 399933 ns
[2022-05-30T02:40:56.306+0000][8][safepoint   ] Safepoint "Cleanup", Time since last: 13026411413 ns, Reaching safepoint: 206014 ns, At safepoint: 4308 ns, Total: 210322 ns
[2022-05-30T02:40:57.326+0000][8][safepoint   ] Safepoint "Cleanup", Time since last: 1016859811 ns, Reaching safepoint: 293239 ns, At safepoint: 2929855 ns, Total: 3223094 ns
[2022-05-30T02:40:58.353+0000][8][safepoint   ] Safepoint "Cleanup", Time since last: 1015691804 ns, Reaching safepoint: 11354665 ns, At safepoint: 37892 ns, Total: 11392557 ns
[2022-05-30T02:40:59.402+0000][8][safepoint   ] Safepoint "Cleanup", Time since last: 1028705048 ns, Reaching safepoint: 20264276 ns, At safepoint: 22032 ns, Total: 20286308 ns
[2022-05-30T02:40:59.507+0000][8][gc,start    ] GC(8) Pause Young (Concurrent Start) (Metadata GC Threshold)
[2022-05-30T02:40:59.508+0000][8][gc,task     ] GC(8) Using 8 workers of 8 for evacuation
[2022-05-30T02:40:59.509+0000][8][gc,age      ] GC(8) Desired survivor size 20971520 bytes, new threshold 15 (max threshold 15)
[2022-05-30T02:40:59.695+0000][8][gc,phases   ] GC(8)   Pre Evacuate Collection Set: 0.3ms
[2022-05-30T02:40:59.701+0000][8][gc,phases   ] GC(8)   Merge Heap Roots: 0.1ms
[2022-05-30T02:40:59.708+0000][8][gc,phases   ] GC(8)   Evacuate Collection Set: 170.1ms
[2022-05-30T02:40:59.724+0000][8][gc,phases   ] GC(8)   Post Evacuate Collection Set: 15.6ms
[2022-05-30T02:40:59.740+0000][8][gc,phases   ] GC(8)   Other: 1.3ms
[2022-05-30T02:40:59.756+0000][8][gc,age      ] GC(8) Age table with threshold 15 (max threshold 15)
[2022-05-30T02:40:59.772+0000][8][gc,age      ] GC(8) - age   1:    1846160 bytes,    1846160 total
[2022-05-30T02:40:59.793+0000][8][gc,age      ] GC(8) - age   2:    2834608 bytes,    4680768 total
[2022-05-30T02:40:59.813+0000][8][gc,age      ] GC(8) - age   3:    3160024 bytes,    7840792 total
[2022-05-30T02:40:59.829+0000][8][gc,age      ] GC(8) - age   4:    5700400 bytes,   13541192 total
[2022-05-30T02:40:59.832+0000][8][gc,age      ] GC(8) - age   5:    2819520 bytes,   16360712 total
[2022-05-30T02:40:59.847+0000][8][gc,age      ] GC(8) - age   6:    1259480 bytes,   17620192 total
[2022-05-30T02:40:59.857+0000][8][gc,age      ] GC(8) - age   7:    1958784 bytes,   19578976 total
[2022-05-30T02:40:59.862+0000][8][gc,heap     ] GC(8) Eden regions: 33->0(70)
[2022-05-30T02:40:59.869+0000][8][gc,heap     ] GC(8) Survivor regions: 5->6(10)
[2022-05-30T02:40:59.872+0000][8][gc,heap     ] GC(8) Old regions: 2->2
[2022-05-30T02:40:59.878+0000][8][gc,heap     ] GC(8) Archive regions: 2->2
[2022-05-30T02:40:59.879+0000][8][gc,heap     ] GC(8) Humongous regions: 0->0
[2022-05-30T02:40:59.885+0000][8][gc,metaspace] GC(8) Metaspace: 35173K(35968K)->35173K(35968K) NonClass: 31041K(31488K)->31041K(31488K) Class: 4132K(4480K)->4132K(4480K)
[2022-05-30T02:40:59.900+0000][8][gc          ] GC(8) Pause Young (Concurrent Start) (Metadata GC Threshold) 158M->28M(512M) 392.719ms
[2022-05-30T02:40:59.915+0000][8][gc,cpu      ] GC(8) User=0.69s Sys=0.15s Real=0.40s
[2022-05-30T02:40:59.917+0000][8][gc          ] GC(9) Concurrent Mark Cycle
[2022-05-30T02:40:59.922+0000][8][gc,marking  ] GC(9) Concurrent Clear Claimed Marks
[2022-05-30T02:40:59.917+0000][8][safepoint   ] Safepoint "CollectForMetadataAllocation", Time since last: 104994215 ns, Reaching safepoint: 79792 ns, At safepoint: 409751686 ns, Total: 409831478 ns
[2022-05-30T02:40:59.937+0000][8][gc,marking  ] GC(9) Concurrent Clear Claimed Marks 14.926ms
[2022-05-30T02:40:59.952+0000][8][gc,marking  ] GC(9) Concurrent Scan Root Regions
[2022-05-30T02:40:59.977+0000][8][gc,marking  ] GC(9) Concurrent Scan Root Regions 24.929ms
[2022-05-30T02:41:00.007+0000][8][gc,marking  ] GC(9) Concurrent Mark
[2022-05-30T02:41:00.011+0000][8][gc,marking  ] GC(9) Concurrent Mark From Roots
[2022-05-30T02:41:00.030+0000][8][gc,task     ] GC(9) Using 2 workers of 2 for marking
[2022-05-30T02:41:00.097+0000][8][gc,marking  ] GC(9) Concurrent Mark From Roots 85.221ms
[2022-05-30T02:41:00.102+0000][8][gc,marking  ] GC(9) Concurrent Preclean
[2022-05-30T02:41:00.112+0000][8][gc,marking  ] GC(9) Concurrent Preclean 10.342ms
[2022-05-30T02:41:00.132+0000][8][gc,start    ] GC(9) Pause Remark
[2022-05-30T02:41:00.192+0000][8][gc          ] GC(9) Pause Remark 30M->30M(512M) 60.371ms
[2022-05-30T02:41:00.193+0000][8][gc,cpu      ] GC(9) User=0.03s Sys=0.00s Real=0.07s
[2022-05-30T02:41:00.196+0000][8][safepoint   ] Safepoint "G1Concurrent", Time since last: 206612107 ns, Reaching safepoint: 8018287 ns, At safepoint: 64414240 ns, Total: 72432527 ns
[2022-05-30T02:41:00.197+0000][8][gc,marking  ] GC(9) Concurrent Mark 189.944ms
[2022-05-30T02:41:00.198+0000][8][gc,marking  ] GC(9) Concurrent Rebuild Remembered Sets
[2022-05-30T02:41:00.209+0000][8][gc,marking  ] GC(9) Concurrent Rebuild Remembered Sets 11.228ms
[2022-05-30T02:41:00.222+0000][8][gc,start    ] GC(9) Pause Cleanup
[2022-05-30T02:41:00.223+0000][8][gc          ] GC(9) Pause Cleanup 30M->30M(512M) 0.872ms
[2022-05-30T02:41:00.224+0000][8][gc,cpu      ] GC(9) User=0.00s Sys=0.00s Real=0.00s
[2022-05-30T02:41:00.232+0000][8][safepoint   ] Safepoint "G1Concurrent", Time since last: 24925551 ns, Reaching safepoint: 1189369 ns, At safepoint: 10016442 ns, Total: 11205811 ns
[2022-05-30T02:41:00.234+0000][8][gc,marking  ] GC(9) Concurrent Cleanup for Next Mark
[2022-05-30T02:41:00.239+0000][8][gc,marking  ] GC(9) Concurrent Cleanup for Next Mark 4.530ms
[2022-05-30T02:41:00.243+0000][8][gc          ] GC(9) Concurrent Mark Cycle 325.528ms
[2022-05-30T02:41:01.241+0000][8][safepoint   ] Safepoint "Cleanup", Time since last: 1004376365 ns, Reaching safepoint: 4513433 ns, At safepoint: 20870 ns, Total: 4534303 ns
[2022-05-30T02:41:02.243+0000][8][safepoint   ] Safepoint "Cleanup", Time since last: 1002053578 ns, Reaching safepoint: 94150 ns, At safepoint: 9839 ns, Total: 103989 ns
[2022-05-30T02:41:03.533+0000][8][safepoint   ] Safepoint "Cleanup", Time since last: 1288549721 ns, Reaching safepoint: 691700 ns, At safepoint: 18496 ns, Total: 710196 ns
[2022-05-30T02:41:04.536+0000][8][safepoint   ] Safepoint "Cleanup", Time since last: 1000918432 ns, Reaching safepoint: 2400282 ns, At safepoint: 24006 ns, Total: 2424288 ns
[2022-05-30T02:41:05.543+0000][8][safepoint   ] Safepoint "Cleanup", Time since last: 1002850058 ns, Reaching safepoint: 3728107 ns, At safepoint: 49875 ns, Total: 3777982 ns
[2022-05-30T02:41:06.546+0000][8][safepoint   ] Safepoint "Cleanup", Time since last: 1002430501 ns, Reaching safepoint: 606497 ns, At safepoint: 45046 ns, Total: 651543 ns
[2022-05-30T02:41:07.547+0000][8][safepoint   ] Safepoint "Cleanup", Time since last: 1001019061 ns, Reaching safepoint: 207606 ns, At safepoint: 9308 ns, Total: 216914 ns
[2022-05-30T02:41:08.568+0000][8][safepoint   ] Safepoint "Cleanup", Time since last: 1006989334 ns, Reaching safepoint: 14088455 ns, At safepoint: 573545 ns, Total: 14662000 ns
[2022-05-30T02:41:09.576+0000][8][safepoint   ] Safepoint "Cleanup", Time since last: 1003519078 ns, Reaching safepoint: 3863974 ns, At safepoint: 23315 ns, Total: 3887289 ns
[2022-05-30T02:41:10.590+0000][8][safepoint   ] Safepoint "Cleanup", Time since last: 1005512531 ns, Reaching safepoint: 8126206 ns, At safepoint: 15659 ns, Total: 8141865 ns
[2022-05-30T02:41:11.611+0000][8][safepoint   ] Safepoint "Cleanup", Time since last: 1021426061 ns, Reaching safepoint: 331360 ns, At safepoint: 44115 ns, Total: 375475 ns
[2022-05-30T02:41:12.526+0000][8][gc,start    ] GC(10) Pause Young (Normal) (G1 Evacuation Pause)
[2022-05-30T02:41:12.537+0000][8][gc,task     ] GC(10) Using 8 workers of 8 for evacuation
[2022-05-30T02:41:12.546+0000][8][gc,age      ] GC(10) Desired survivor size 20971520 bytes, new threshold 15 (max threshold 15)
[2022-05-30T02:41:12.632+0000][8][gc,phases   ] GC(10)   Pre Evacuate Collection Set: 0.2ms
[2022-05-30T02:41:12.642+0000][8][gc,phases   ] GC(10)   Merge Heap Roots: 0.2ms
[2022-05-30T02:41:12.652+0000][8][gc,phases   ] GC(10)   Evacuate Collection Set: 79.1ms
[2022-05-30T02:41:12.653+0000][8][gc,phases   ] GC(10)   Post Evacuate Collection Set: 4.9ms
[2022-05-30T02:41:12.662+0000][8][gc,phases   ] GC(10)   Other: 10.1ms
[2022-05-30T02:41:12.666+0000][8][gc,age      ] GC(10) Age table with threshold 15 (max threshold 15)
[2022-05-30T02:41:12.672+0000][8][gc,age      ] GC(10) - age   1:   19993456 bytes,   19993456 total
[2022-05-30T02:41:12.682+0000][8][gc,age      ] GC(10) - age   2:    1703880 bytes,   21697336 total
[2022-05-30T02:41:12.688+0000][8][gc,age      ] GC(10) - age   3:    2821320 bytes,   24518656 total
[2022-05-30T02:41:12.692+0000][8][gc,age      ] GC(10) - age   4:    3148488 bytes,   27667144 total
[2022-05-30T02:41:12.702+0000][8][gc,age      ] GC(10) - age   5:    5685104 bytes,   33352248 total
[2022-05-30T02:41:12.707+0000][8][gc,age      ] GC(10) - age   6:    2816704 bytes,   36168952 total
[2022-05-30T02:41:12.711+0000][8][gc,age      ] GC(10) - age   7:    1251040 bytes,   37419992 total
[2022-05-30T02:41:12.712+0000][8][gc,age      ] GC(10) - age   8:    1954608 bytes,   39374600 total
[2022-05-30T02:41:12.713+0000][8][gc,heap     ] GC(10) Eden regions: 70->0(66)
[2022-05-30T02:41:12.714+0000][8][gc,heap     ] GC(10) Survivor regions: 6->10(10)
[2022-05-30T02:41:12.715+0000][8][gc,heap     ] GC(10) Old regions: 2->2
[2022-05-30T02:41:12.716+0000][8][gc,heap     ] GC(10) Archive regions: 2->2
[2022-05-30T02:41:12.717+0000][8][gc,heap     ] GC(10) Humongous regions: 0->0
[2022-05-30T02:41:12.718+0000][8][gc,metaspace] GC(10) Metaspace: 47382K(48704K)->47382K(48704K) NonClass: 41516K(42304K)->41516K(42304K) Class: 5866K(6400K)->5866K(6400K)
[2022-05-30T02:41:12.719+0000][8][gc          ] GC(10) Pause Young (Normal) (G1 Evacuation Pause) 308M->47M(512M) 193.374ms
[2022-05-30T02:41:12.722+0000][8][gc,cpu      ] GC(10) User=0.27s Sys=0.00s Real=0.20s
[2022-05-30T02:41:12.748+0000][8][safepoint   ] Safepoint "G1CollectForAllocation", Time since last: 904634075 ns, Reaching safepoint: 10042100 ns, At safepoint: 221801269 ns, Total: 231843369 ns
[2022-05-30T02:41:13.765+0000][8][safepoint   ] Safepoint "Cleanup", Time since last: 1016499164 ns, Reaching safepoint: 478754 ns, At safepoint: 18816 ns, Total: 497570 ns
[2022-05-30T02:41:15.568+0000][8][safepoint   ] Safepoint "Cleanup", Time since last: 1802861767 ns, Reaching safepoint: 277479 ns, At safepoint: 12013 ns, Total: 289492 ns
[2022-05-30T02:41:16.569+0000][8][safepoint   ] Safepoint "Cleanup", Time since last: 1000857891 ns, Reaching safepoint: 470844 ns, At safepoint: 16882 ns, Total: 487726 ns
[2022-05-30T02:41:16.830+0000][8][gc,start    ] GC(11) Pause Young (Concurrent Start) (Metadata GC Threshold)
[2022-05-30T02:41:16.831+0000][8][gc,task     ] GC(11) Using 8 workers of 8 for evacuation
[2022-05-30T02:41:16.831+0000][8][gc,age      ] GC(11) Desired survivor size 20971520 bytes, new threshold 2 (max threshold 15)
[2022-05-30T02:41:16.891+0000][8][gc,phases   ] GC(11)   Pre Evacuate Collection Set: 0.6ms
[2022-05-30T02:41:16.892+0000][8][gc,phases   ] GC(11)   Merge Heap Roots: 0.3ms
[2022-05-30T02:41:16.893+0000][8][gc,phases   ] GC(11)   Evacuate Collection Set: 54.2ms
[2022-05-30T02:41:16.894+0000][8][gc,phases   ] GC(11)   Post Evacuate Collection Set: 4.2ms
[2022-05-30T02:41:16.895+0000][8][gc,phases   ] GC(11)   Other: 1.5ms
[2022-05-30T02:41:16.896+0000][8][gc,age      ] GC(11) Age table with threshold 2 (max threshold 15)
[2022-05-30T02:41:16.897+0000][8][gc,age      ] GC(11) - age   1:    4704080 bytes,    4704080 total
[2022-05-30T02:41:16.897+0000][8][gc,age      ] GC(11) - age   2:   19705856 bytes,   24409936 total
[2022-05-30T02:41:16.898+0000][8][gc,heap     ] GC(11) Eden regions: 31->0(69)
[2022-05-30T02:41:16.898+0000][8][gc,heap     ] GC(11) Survivor regions: 10->7(10)
[2022-05-30T02:41:16.899+0000][8][gc,heap     ] GC(11) Old regions: 2->6
[2022-05-30T02:41:16.899+0000][8][gc,heap     ] GC(11) Archive regions: 2->2
[2022-05-30T02:41:16.900+0000][8][gc,heap     ] GC(11) Humongous regions: 0->0
[2022-05-30T02:41:16.900+0000][8][gc,metaspace] GC(11) Metaspace: 58695K(60096K)->58695K(60096K) NonClass: 51125K(51968K)->51125K(51968K) Class: 7569K(8128K)->7569K(8128K)
[2022-05-30T02:41:16.900+0000][8][gc          ] GC(11) Pause Young (Concurrent Start) (Metadata GC Threshold) 169M->52M(512M) 70.544ms
[2022-05-30T02:41:16.901+0000][8][gc,cpu      ] GC(11) User=0.28s Sys=0.00s Real=0.07s
[2022-05-30T02:41:16.901+0000][8][gc          ] GC(12) Concurrent Mark Cycle
[2022-05-30T02:41:16.903+0000][8][gc,marking  ] GC(12) Concurrent Clear Claimed Marks
[2022-05-30T02:41:16.904+0000][8][gc,marking  ] GC(12) Concurrent Clear Claimed Marks 1.895ms
[2022-05-30T02:41:16.902+0000][8][safepoint   ] Safepoint "CollectForMetadataAllocation", Time since last: 260326170 ns, Reaching safepoint: 144270 ns, At safepoint: 71910308 ns, Total: 72054578 ns
[2022-05-30T02:41:16.922+0000][8][gc,marking  ] GC(12) Concurrent Scan Root Regions
[2022-05-30T02:41:16.957+0000][8][gc,marking  ] GC(12) Concurrent Scan Root Regions 35.436ms
[2022-05-30T02:41:16.958+0000][8][gc,marking  ] GC(12) Concurrent Mark
[2022-05-30T02:41:16.959+0000][8][gc,marking  ] GC(12) Concurrent Mark From Roots
[2022-05-30T02:41:16.960+0000][8][gc,task     ] GC(12) Using 2 workers of 2 for marking
[2022-05-30T02:41:16.968+0000][8][gc,marking  ] GC(12) Concurrent Mark From Roots 8.893ms
[2022-05-30T02:41:16.969+0000][8][gc,marking  ] GC(12) Concurrent Preclean
[2022-05-30T02:41:16.970+0000][8][gc,marking  ] GC(12) Concurrent Preclean 0.711ms
[2022-05-30T02:41:16.972+0000][8][gc,start    ] GC(12) Pause Remark
[2022-05-30T02:41:17.000+0000][8][gc          ] GC(12) Pause Remark 54M->54M(512M) 27.875ms
[2022-05-30T02:41:17.001+0000][8][gc,cpu      ] GC(12) User=0.06s Sys=0.00s Real=0.02s
[2022-05-30T02:41:17.001+0000][8][safepoint   ] Safepoint "G1Concurrent", Time since last: 69175589 ns, Reaching safepoint: 1088526 ns, At safepoint: 29278596 ns, Total: 30367122 ns
[2022-05-30T02:41:17.002+0000][8][gc,marking  ] GC(12) Concurrent Mark 43.967ms
[2022-05-30T02:41:17.006+0000][8][gc,marking  ] GC(12) Concurrent Rebuild Remembered Sets
[2022-05-30T02:41:17.033+0000][8][gc,marking  ] GC(12) Concurrent Rebuild Remembered Sets 27.089ms
[2022-05-30T02:41:17.035+0000][8][gc,start    ] GC(12) Pause Cleanup
[2022-05-30T02:41:17.037+0000][8][gc          ] GC(12) Pause Cleanup 54M->54M(512M) 1.258ms
[2022-05-30T02:41:17.037+0000][8][gc,cpu      ] GC(12) User=0.00s Sys=0.00s Real=0.00s
[2022-05-30T02:41:17.038+0000][8][safepoint   ] Safepoint "G1Concurrent", Time since last: 33659667 ns, Reaching safepoint: 389994 ns, At safepoint: 3121247 ns, Total: 3511241 ns
[2022-05-30T02:41:17.039+0000][8][gc,marking  ] GC(12) Concurrent Cleanup for Next Mark
[2022-05-30T02:41:17.042+0000][8][gc,marking  ] GC(12) Concurrent Cleanup for Next Mark 2.985ms
[2022-05-30T02:41:17.044+0000][8][gc          ] GC(12) Concurrent Mark Cycle 143.284ms
[2022-05-30T02:41:18.043+0000][8][safepoint   ] Safepoint "Cleanup", Time since last: 1003366002 ns, Reaching safepoint: 674913 ns, At safepoint: 69773 ns, Total: 744686 ns
[2022-05-30T02:41:19.047+0000][8][safepoint   ] Safepoint "Cleanup", Time since last: 1003757878 ns, Reaching safepoint: 711442 ns, At safepoint: 62540 ns, Total: 773982 ns
[2022-05-30T02:41:20.048+0000][8][safepoint   ] Safepoint "Cleanup", Time since last: 1001091568 ns, Reaching safepoint: 220521 ns, At safepoint: 6513 ns, Total: 227034 ns
[2022-05-30T02:41:21.056+0000][8][safepoint   ] Safepoint "Cleanup", Time since last: 1003461249 ns, Reaching safepoint: 3645387 ns, At safepoint: 26029 ns, Total: 3671416 ns
[2022-05-30T02:41:22.978+0000][8][safepoint   ] Safepoint "Cleanup", Time since last: 1921881017 ns, Reaching safepoint: 366670 ns, At safepoint: 44424 ns, Total: 411094 ns
[2022-05-30T02:41:23.807+0000][8][safepoint   ] Safepoint "Cleanup", Time since last: 1188708707 ns, Reaching safepoint: 422106 ns, At safepoint: 59694 ns, Total: 481800 ns
[2022-05-30T02:41:24.997+0000][8][safepoint   ] Safepoint "Cleanup", Time since last: 1189084910 ns, Reaching safepoint: 578715 ns, At safepoint: 53803 ns, Total: 632518 ns
[2022-05-30T02:41:25.998+0000][8][safepoint   ] Safepoint "Cleanup", Time since last: 1000926295 ns, Reaching safepoint: 221093 ns, At safepoint: 47511 ns, Total: 268604 ns
[2022-05-30T02:41:26.285+0000][8][gc,start    ] GC(13) Pause Young (Normal) (G1 Evacuation Pause)
[2022-05-30T02:41:26.286+0000][8][gc,task     ] GC(13) Using 8 workers of 8 for evacuation
[2022-05-30T02:41:26.287+0000][8][gc,age      ] GC(13) Desired survivor size 20971520 bytes, new threshold 2 (max threshold 15)
[2022-05-30T02:41:26.348+0000][8][gc,phases   ] GC(13)   Pre Evacuate Collection Set: 0.2ms
[2022-05-30T02:41:26.349+0000][8][gc,phases   ] GC(13)   Merge Heap Roots: 0.3ms
[2022-05-30T02:41:26.349+0000][8][gc,phases   ] GC(13)   Evacuate Collection Set: 56.0ms
[2022-05-30T02:41:26.349+0000][8][gc,phases   ] GC(13)   Post Evacuate Collection Set: 3.9ms
[2022-05-30T02:41:26.350+0000][8][gc,phases   ] GC(13)   Other: 1.5ms
[2022-05-30T02:41:26.351+0000][8][gc,age      ] GC(13) Age table with threshold 2 (max threshold 15)
[2022-05-30T02:41:26.351+0000][8][gc,age      ] GC(13) - age   1:    6137424 bytes,    6137424 total
[2022-05-30T02:41:26.352+0000][8][gc,age      ] GC(13) - age   2:    4468232 bytes,   10605656 total
[2022-05-30T02:41:26.353+0000][8][gc,heap     ] GC(13) Eden regions: 69->0(72)
[2022-05-30T02:41:26.353+0000][8][gc,heap     ] GC(13) Survivor regions: 7->4(10)
[2022-05-30T02:41:26.355+0000][8][gc,heap     ] GC(13) Old regions: 6->11
[2022-05-30T02:41:26.356+0000][8][gc,heap     ] GC(13) Archive regions: 2->2
[2022-05-30T02:41:26.356+0000][8][gc,heap     ] GC(13) Humongous regions: 0->0
[2022-05-30T02:41:26.357+0000][8][gc,metaspace] GC(13) Metaspace: 70359K(71808K)->70359K(71808K) NonClass: 61207K(62080K)->61207K(62080K) Class: 9152K(9728K)->9152K(9728K)
[2022-05-30T02:41:26.357+0000][8][gc          ] GC(13) Pause Young (Normal) (G1 Evacuation Pause) 328M->58M(512M) 71.895ms
[2022-05-30T02:41:26.358+0000][8][gc,cpu      ] GC(13) User=0.19s Sys=0.00s Real=0.07s
[2022-05-30T02:41:26.359+0000][8][safepoint   ] Safepoint "G1CollectForAllocation", Time since last: 286978517 ns, Reaching safepoint: 550197 ns, At safepoint: 73526330 ns, Total: 74076527 ns
[2022-05-30T02:41:27.362+0000][8][safepoint   ] Safepoint "Cleanup", Time since last: 1001276530 ns, Reaching safepoint: 1299046 ns, At safepoint: 129247 ns, Total: 1428293 ns
[2022-05-30T02:41:29.365+0000][8][safepoint   ] Safepoint "Cleanup", Time since last: 2000119415 ns, Reaching safepoint: 3445648 ns, At safepoint: 94831 ns, Total: 3540479 ns
[2022-05-30T02:41:30.761+0000][8][safepoint   ] Safepoint "Cleanup", Time since last: 1386813586 ns, Reaching safepoint: 8754353 ns, At safepoint: 114158 ns, Total: 8868511 ns
[2022-05-30T02:41:31.763+0000][8][safepoint   ] Safepoint "Cleanup", Time since last: 1001448007 ns, Reaching safepoint: 250488 ns, At safepoint: 10270 ns, Total: 260758 ns
[2022-05-30T02:41:32.766+0000][8][safepoint   ] Safepoint "Cleanup", Time since last: 1003082518 ns, Reaching safepoint: 441543 ns, At safepoint: 37411 ns, Total: 478954 ns
[2022-05-30T02:41:34.650+0000][8][safepoint   ] Safepoint "Cleanup", Time since last: 1883343518 ns, Reaching safepoint: 418078 ns, At safepoint: 41569 ns, Total: 459647 ns
[2022-05-30T02:41:35.900+0000][8][safepoint   ] Safepoint "Cleanup", Time since last: 1248594760 ns, Reaching safepoint: 789154 ns, At safepoint: 76686 ns, Total: 865840 ns
[2022-05-30T02:41:36.901+0000][8][gc,start    ] GC(14) Pause Young (Concurrent Start) (Metadata GC Threshold)
[2022-05-30T02:41:36.902+0000][8][gc,task     ] GC(14) Using 8 workers of 8 for evacuation
[2022-05-30T02:41:36.902+0000][8][gc,age      ] GC(14) Desired survivor size 20971520 bytes, new threshold 15 (max threshold 15)
[2022-05-30T02:41:36.932+0000][8][gc,phases   ] GC(14)   Pre Evacuate Collection Set: 0.7ms
[2022-05-30T02:41:36.932+0000][8][gc,phases   ] GC(14)   Merge Heap Roots: 0.3ms
[2022-05-30T02:41:36.932+0000][8][gc,phases   ] GC(14)   Evacuate Collection Set: 25.0ms
[2022-05-30T02:41:36.933+0000][8][gc,phases   ] GC(14)   Post Evacuate Collection Set: 3.4ms
[2022-05-30T02:41:36.933+0000][8][gc,phases   ] GC(14)   Other: 0.7ms
[2022-05-30T02:41:36.933+0000][8][gc,age      ] GC(14) Age table with threshold 15 (max threshold 15)
[2022-05-30T02:41:36.934+0000][8][gc,age      ] GC(14) - age   1:   12866768 bytes,   12866768 total
[2022-05-30T02:41:36.934+0000][8][gc,age      ] GC(14) - age   2:    5819528 bytes,   18686296 total
[2022-05-30T02:41:36.935+0000][8][gc,age      ] GC(14) - age   3:    4375464 bytes,   23061760 total
[2022-05-30T02:41:36.935+0000][8][gc,heap     ] GC(14) Eden regions: 69->0(70)
[2022-05-30T02:41:36.936+0000][8][gc,heap     ] GC(14) Survivor regions: 4->6(10)
[2022-05-30T02:41:36.936+0000][8][gc,heap     ] GC(14) Old regions: 11->11
[2022-05-30T02:41:36.936+0000][8][gc,heap     ] GC(14) Archive regions: 2->2
[2022-05-30T02:41:36.937+0000][8][gc,heap     ] GC(14) Humongous regions: 0->0
[2022-05-30T02:41:36.937+0000][8][gc,metaspace] GC(14) Metaspace: 97674K(100608K)->97674K(100608K) NonClass: 84441K(86016K)->84441K(86016K) Class: 13232K(14592K)->13232K(14592K)
[2022-05-30T02:41:36.937+0000][8][gc          ] GC(14) Pause Young (Concurrent Start) (Metadata GC Threshold) 334M->69M(512M) 36.036ms
[2022-05-30T02:41:36.937+0000][8][gc,cpu      ] GC(14) User=0.17s Sys=0.01s Real=0.04s
[2022-05-30T02:41:36.937+0000][8][gc          ] GC(15) Concurrent Mark Cycle
[2022-05-30T02:41:36.938+0000][8][safepoint   ] Safepoint "CollectForMetadataAllocation", Time since last: 1001155727 ns, Reaching safepoint: 364045 ns, At safepoint: 36784590 ns, Total: 37148635 ns
[2022-05-30T02:41:36.938+0000][8][gc,marking  ] GC(15) Concurrent Clear Claimed Marks
[2022-05-30T02:41:36.939+0000][8][gc,marking  ] GC(15) Concurrent Clear Claimed Marks 1.213ms
[2022-05-30T02:41:36.940+0000][8][gc,marking  ] GC(15) Concurrent Scan Root Regions
[2022-05-30T02:41:36.955+0000][8][gc,marking  ] GC(15) Concurrent Scan Root Regions 14.761ms
[2022-05-30T02:41:36.955+0000][8][gc,marking  ] GC(15) Concurrent Mark
[2022-05-30T02:41:36.956+0000][8][gc,marking  ] GC(15) Concurrent Mark From Roots
[2022-05-30T02:41:36.956+0000][8][gc,task     ] GC(15) Using 2 workers of 2 for marking
[2022-05-30T02:41:37.002+0000][8][gc,marking  ] GC(15) Concurrent Mark From Roots 46.314ms
[2022-05-30T02:41:37.002+0000][8][gc,marking  ] GC(15) Concurrent Preclean
[2022-05-30T02:41:37.003+0000][8][gc,marking  ] GC(15) Concurrent Preclean 0.742ms
[2022-05-30T02:41:37.005+0000][8][gc,start    ] GC(15) Pause Remark
[2022-05-30T02:41:37.018+0000][8][gc          ] GC(15) Pause Remark 71M->71M(512M) 13.420ms
[2022-05-30T02:41:37.018+0000][8][gc,cpu      ] GC(15) User=0.08s Sys=0.00s Real=0.01s
[2022-05-30T02:41:37.019+0000][8][safepoint   ] Safepoint "G1Concurrent", Time since last: 66097785 ns, Reaching safepoint: 615492 ns, At safepoint: 14377737 ns, Total: 14993229 ns
[2022-05-30T02:41:37.020+0000][8][gc,marking  ] GC(15) Concurrent Mark 64.639ms
[2022-05-30T02:41:37.020+0000][8][gc,marking  ] GC(15) Concurrent Rebuild Remembered Sets
[2022-05-30T02:41:37.047+0000][8][gc,marking  ] GC(15) Concurrent Rebuild Remembered Sets 26.821ms
[2022-05-30T02:41:37.050+0000][8][gc,start    ] GC(15) Pause Cleanup
[2022-05-30T02:41:37.051+0000][8][gc          ] GC(15) Pause Cleanup 75M->75M(512M) 0.733ms
[2022-05-30T02:41:37.051+0000][8][gc,cpu      ] GC(15) User=0.01s Sys=0.00s Real=0.00s
[2022-05-30T02:41:37.052+0000][8][safepoint   ] Safepoint "G1Concurrent", Time since last: 28993312 ns, Reaching safepoint: 2454243 ns, At safepoint: 1535400 ns, Total: 3989643 ns
[2022-05-30T02:41:37.052+0000][8][gc,marking  ] GC(15) Concurrent Cleanup for Next Mark
[2022-05-30T02:41:37.055+0000][8][gc,marking  ] GC(15) Concurrent Cleanup for Next Mark 2.385ms
[2022-05-30T02:41:37.055+0000][8][gc          ] GC(15) Concurrent Mark Cycle 118.071ms
[2022-05-30T02:41:38.074+0000][8][safepoint   ] Safepoint "Cleanup", Time since last: 1021273029 ns, Reaching safepoint: 476088 ns, At safepoint: 96875 ns, Total: 572963 ns
[2022-05-30T02:41:38.702+0000][8][safepoint   ] Safepoint "ICBufferFull", Time since last: 627497218 ns, Reaching safepoint: 292128 ns, At safepoint: 6252 ns, Total: 298380 ns
[2022-05-30T02:41:39.932+0000][8][safepoint   ] Safepoint "Cleanup", Time since last: 1229866944 ns, Reaching safepoint: 429049 ns, At safepoint: 13356 ns, Total: 442405 ns
[2022-05-30T02:41:41.033+0000][8][safepoint   ] Safepoint "Cleanup", Time since last: 1100619051 ns, Reaching safepoint: 352563 ns, At safepoint: 12103 ns, Total: 364666 ns
[2022-05-30T02:41:42.056+0000][8][safepoint   ] Safepoint "Cleanup", Time since last: 1022978028 ns, Reaching safepoint: 388522 ns, At safepoint: 35929 ns, Total: 424451 ns
[2022-05-30T02:41:43.110+0000][8][safepoint   ] Safepoint "Cleanup", Time since last: 1053836368 ns, Reaching safepoint: 325792 ns, At safepoint: 48472 ns, Total: 374264 ns
[2022-05-30T02:41:44.213+0000][8][safepoint   ] Safepoint "Cleanup", Time since last: 1095821732 ns, Reaching safepoint: 6760099 ns, At safepoint: 33023 ns, Total: 6793122 ns
[2022-05-30T02:41:45.261+0000][8][safepoint   ] Safepoint "Cleanup", Time since last: 1040975541 ns, Reaching safepoint: 7368132 ns, At safepoint: 34175 ns, Total: 7402307 ns
[2022-05-30T02:41:46.284+0000][8][safepoint   ] Safepoint "Cleanup", Time since last: 1021991404 ns, Reaching safepoint: 325010 ns, At safepoint: 15209 ns, Total: 340219 ns
[2022-05-30T02:41:47.360+0000][8][safepoint   ] Safepoint "Cleanup", Time since last: 1075414252 ns, Reaching safepoint: 355239 ns, At safepoint: 53482 ns, Total: 408721 ns
[2022-05-30T02:41:48.608+0000][8][safepoint   ] Safepoint "Cleanup", Time since last: 1247819997 ns, Reaching safepoint: 536254 ns, At safepoint: 34806 ns, Total: 571060 ns
[2022-05-30T02:41:50.110+0000][8][safepoint   ] Safepoint "Cleanup", Time since last: 1501369360 ns, Reaching safepoint: 375437 ns, At safepoint: 18846 ns, Total: 394283 ns
[2022-05-30T02:41:51.134+0000][8][safepoint   ] Safepoint "Cleanup", Time since last: 1023907995 ns, Reaching safepoint: 358804 ns, At safepoint: 24798 ns, Total: 383602 ns
[2022-05-30T02:41:52.630+0000][8][safepoint   ] Safepoint "Cleanup", Time since last: 1495125701 ns, Reaching safepoint: 417744 ns, At safepoint: 118867 ns, Total: 536611 ns
[2022-05-30T02:41:54.436+0000][8][safepoint   ] Safepoint "Cleanup", Time since last: 1794255772 ns, Reaching safepoint: 678651 ns, At safepoint: 39746 ns, Total: 718397 ns
[2022-05-30T02:41:55.574+0000][8][safepoint   ] Safepoint "Cleanup", Time since last: 1137480520 ns, Reaching safepoint: 386057 ns, At safepoint: 14788 ns, Total: 400845 ns
[2022-05-30T02:41:56.577+0000][8][safepoint   ] Safepoint "Cleanup", Time since last: 1002818570 ns, Reaching safepoint: 374796 ns, At safepoint: 19898 ns, Total: 394694 ns
[2022-05-30T02:41:58.563+0000][8][safepoint   ] Safepoint "Cleanup", Time since last: 1985100622 ns, Reaching safepoint: 372611 ns, At safepoint: 20098 ns, Total: 392709 ns
[2022-05-30T02:41:59.565+0000][8][safepoint   ] Safepoint "Cleanup", Time since last: 1002067356 ns, Reaching safepoint: 409091 ns, At safepoint: 22002 ns, Total: 431093 ns
[2022-05-30T02:42:00.708+0000][8][safepoint   ] Safepoint "Cleanup", Time since last: 1141843450 ns, Reaching safepoint: 709775 ns, At safepoint: 85713 ns, Total: 795488 ns
[2022-05-30T02:42:01.902+0000][8][safepoint   ] Safepoint "Cleanup", Time since last: 1193384734 ns, Reaching safepoint: 476109 ns, At safepoint: 48001 ns, Total: 524110 ns
[2022-05-30T02:42:03.488+0000][8][safepoint   ] Safepoint "Cleanup", Time since last: 1585707044 ns, Reaching safepoint: 612351 ns, At safepoint: 142402 ns, Total: 754753 ns
[2022-05-30T02:42:04.508+0000][8][safepoint   ] Safepoint "Cleanup", Time since last: 1012002400 ns, Reaching safepoint: 8311770 ns, At safepoint: 106934 ns, Total: 8418704 ns
[2022-05-30T02:42:05.581+0000][8][safepoint   ] Safepoint "Cleanup", Time since last: 1030613449 ns, Reaching safepoint: 41358201 ns, At safepoint: 249346 ns, Total: 41607547 ns
[2022-05-30T02:42:07.380+0000][8][safepoint   ] Safepoint "Cleanup", Time since last: 1023819619 ns, Reaching safepoint: 775435082 ns, At safepoint: 294162 ns, Total: 775729244 ns
[2022-05-30T02:42:07.793+0000][8][gc,start    ] GC(16) Pause Young (Normal) (G1 Evacuation Pause)
[2022-05-30T02:42:07.793+0000][8][gc,task     ] GC(16) Using 8 workers of 8 for evacuation
[2022-05-30T02:42:07.794+0000][8][gc,age      ] GC(16) Desired survivor size 20971520 bytes, new threshold 3 (max threshold 15)
[2022-05-30T02:42:07.868+0000][8][gc,phases   ] GC(16)   Pre Evacuate Collection Set: 0.4ms
[2022-05-30T02:42:07.869+0000][8][gc,phases   ] GC(16)   Merge Heap Roots: 0.4ms
[2022-05-30T02:42:07.869+0000][8][gc,phases   ] GC(16)   Evacuate Collection Set: 66.2ms
[2022-05-30T02:42:07.870+0000][8][gc,phases   ] GC(16)   Post Evacuate Collection Set: 4.9ms
[2022-05-30T02:42:07.871+0000][8][gc,phases   ] GC(16)   Other: 2.7ms
[2022-05-30T02:42:07.871+0000][8][gc,age      ] GC(16) Age table with threshold 3 (max threshold 15)
[2022-05-30T02:42:07.872+0000][8][gc,age      ] GC(16) - age   1:   16467616 bytes,   16467616 total
[2022-05-30T02:42:07.872+0000][8][gc,age      ] GC(16) - age   2:   12401624 bytes,   28869240 total
[2022-05-30T02:42:07.873+0000][8][gc,age      ] GC(16) - age   3:    5780448 bytes,   34649688 total
[2022-05-30T02:42:07.873+0000][8][gc,heap     ] GC(16) Eden regions: 70->0(67)
[2022-05-30T02:42:07.874+0000][8][gc,heap     ] GC(16) Survivor regions: 6->9(10)
[2022-05-30T02:42:07.874+0000][8][gc,heap     ] GC(16) Old regions: 11->12
[2022-05-30T02:42:07.875+0000][8][gc,heap     ] GC(16) Archive regions: 2->2
[2022-05-30T02:42:07.876+0000][8][gc,heap     ] GC(16) Humongous regions: 2->2
[2022-05-30T02:42:07.876+0000][8][gc,metaspace] GC(16) Metaspace: 116110K(119168K)->116110K(119168K) NonClass: 100147K(101696K)->100147K(101696K) Class: 15962K(17472K)->15962K(17472K)
[2022-05-30T02:42:07.877+0000][8][gc          ] GC(16) Pause Young (Normal) (G1 Evacuation Pause) 357M->94M(512M) 84.219ms
[2022-05-30T02:42:07.878+0000][8][gc,cpu      ] GC(16) User=0.46s Sys=0.03s Real=0.09s
[2022-05-30T02:42:07.878+0000][8][safepoint   ] Safepoint "G1CollectForAllocation", Time since last: 412024521 ns, Reaching safepoint: 335080 ns, At safepoint: 85830547 ns, Total: 86165627 ns
[2022-05-30T02:42:09.708+0000][8][safepoint   ] Safepoint "Cleanup", Time since last: 1021273350 ns, Reaching safepoint: 808092318 ns, At safepoint: 442825 ns, Total: 808535143 ns
[2022-05-30T02:42:10.603+0000][8][safepoint   ] Safepoint "ICBufferFull", Time since last: 893922125 ns, Reaching safepoint: 660175 ns, At safepoint: 203468 ns, Total: 863643 ns
[2022-05-30T02:42:11.788+0000][8][safepoint   ] Safepoint "Cleanup", Time since last: 1183993756 ns, Reaching safepoint: 496967 ns, At safepoint: 68140 ns, Total: 565107 ns
[2022-05-30T02:42:12.918+0000][8][safepoint   ] Safepoint "Cleanup", Time since last: 1130388411 ns, Reaching safepoint: 231662 ns, At safepoint: 39826 ns, Total: 271488 ns
[2022-05-30T02:42:13.922+0000][8][safepoint   ] Safepoint "Cleanup", Time since last: 1002984887 ns, Reaching safepoint: 330200 ns, At safepoint: 41469 ns, Total: 371669 ns
[2022-05-30T02:42:15.081+0000][8][safepoint   ] Safepoint "Cleanup", Time since last: 1159354608 ns, Reaching safepoint: 285485 ns, At safepoint: 14197 ns, Total: 299682 ns
[2022-05-30T02:42:16.280+0000][8][safepoint   ] Safepoint "Cleanup", Time since last: 1198390196 ns, Reaching safepoint: 400425 ns, At safepoint: 31049 ns, Total: 431474 ns
[2022-05-30T02:42:18.135+0000][8][safepoint   ] Safepoint "Cleanup", Time since last: 1001715163 ns, Reaching safepoint: 852280322 ns, At safepoint: 480848 ns, Total: 852761170 ns
[2022-05-30T02:42:19.158+0000][8][safepoint   ] Safepoint "Cleanup", Time since last: 1015141480 ns, Reaching safepoint: 8266913 ns, At safepoint: 213348 ns, Total: 8480261 ns
[2022-05-30T02:42:20.381+0000][8][safepoint   ] Safepoint "Cleanup", Time since last: 1000979497 ns, Reaching safepoint: 221288481 ns, At safepoint: 443076 ns, Total: 221731557 ns
[2022-05-30T02:42:21.401+0000][8][safepoint   ] Safepoint "Cleanup", Time since last: 1017894419 ns, Reaching safepoint: 2482218 ns, At safepoint: 171137 ns, Total: 2653355 ns
[2022-05-30T02:42:23.498+0000][8][safepoint   ] Safepoint "Cleanup", Time since last: 1464629361 ns, Reaching safepoint: 631329874 ns, At safepoint: 338055 ns, Total: 631667929 ns
[2022-05-30T02:42:24.594+0000][8][safepoint   ] Safepoint "Cleanup", Time since last: 1007998436 ns, Reaching safepoint: 7739393 ns, At safepoint: 223076 ns, Total: 7962469 ns
[2022-05-30T02:42:26.951+0000][8][safepoint   ] Safepoint "Cleanup", Time since last: 1001251628 ns, Reaching safepoint: 1354656931 ns, At safepoint: 246210 ns, Total: 1354903141 ns
[2022-05-30T02:42:27.963+0000][8][safepoint   ] Safepoint "Cleanup", Time since last: 1005503023 ns, Reaching safepoint: 7340574 ns, At safepoint: 109098 ns, Total: 7449672 ns
[2022-05-30T02:42:29.213+0000][8][safepoint   ] Safepoint "Cleanup", Time since last: 1001328485 ns, Reaching safepoint: 248230683 ns, At safepoint: 204330 ns, Total: 248435013 ns
[2022-05-30T02:42:30.337+0000][8][safepoint   ] Safepoint "Cleanup", Time since last: 1112942437 ns, Reaching safepoint: 10759461 ns, At safepoint: 107926 ns, Total: 10867387 ns
[2022-05-30T02:42:31.339+0000][8][safepoint   ] Safepoint "Cleanup", Time since last: 1001405650 ns, Reaching safepoint: 450560 ns, At safepoint: 35057 ns, Total: 485617 ns
[2022-05-30T02:42:32.348+0000][8][safepoint   ] Safepoint "Cleanup", Time since last: 1004316189 ns, Reaching safepoint: 5001320 ns, At safepoint: 85844 ns, Total: 5087164 ns
[2022-05-30T02:42:33.464+0000][8][safepoint   ] Safepoint "Cleanup", Time since last: 1114864673 ns, Reaching safepoint: 353385 ns, At safepoint: 30398 ns, Total: 383783 ns
[2022-05-30T02:42:34.466+0000][8][safepoint   ] Safepoint "Cleanup", Time since last: 1001748636 ns, Reaching safepoint: 310784 ns, At safepoint: 19878 ns, Total: 330662 ns
[2022-05-30T02:42:35.473+0000][8][safepoint   ] Safepoint "Cleanup", Time since last: 1006651554 ns, Reaching safepoint: 322556 ns, At safepoint: 19848 ns, Total: 342404 ns
[2022-05-30T02:42:36.526+0000][8][safepoint   ] Safepoint "Cleanup", Time since last: 1053380714 ns, Reaching safepoint: 373823 ns, At safepoint: 21181 ns, Total: 395004 ns
[2022-05-30T02:42:37.531+0000][8][safepoint   ] Safepoint "Cleanup", Time since last: 1003696052 ns, Reaching safepoint: 379545 ns, At safepoint: 21080 ns, Total: 400625 ns
[2022-05-30T02:42:39.652+0000][8][safepoint   ] Safepoint "Cleanup", Time since last: 2120932788 ns, Reaching safepoint: 426855 ns, At safepoint: 26811 ns, Total: 453666 ns
[2022-05-30T02:42:40.550+0000][8][safepoint   ] Safepoint "ICBufferFull", Time since last: 896556894 ns, Reaching safepoint: 968679 ns, At safepoint: 180405 ns, Total: 1149084 ns
[2022-05-30T02:42:41.090+0000][8][gc,start    ] GC(17) Pause Young (Normal) (G1 Evacuation Pause)
[2022-05-30T02:42:41.091+0000][8][gc,task     ] GC(17) Using 8 workers of 8 for evacuation
[2022-05-30T02:42:41.092+0000][8][gc,age      ] GC(17) Desired survivor size 20971520 bytes, new threshold 2 (max threshold 15)
[2022-05-30T02:42:41.143+0000][8][gc,phases   ] GC(17)   Pre Evacuate Collection Set: 0.5ms
[2022-05-30T02:42:41.143+0000][8][gc,phases   ] GC(17)   Merge Heap Roots: 0.3ms
[2022-05-30T02:42:41.144+0000][8][gc,phases   ] GC(17)   Evacuate Collection Set: 44.5ms
[2022-05-30T02:42:41.144+0000][8][gc,phases   ] GC(17)   Post Evacuate Collection Set: 4.3ms
[2022-05-30T02:42:41.144+0000][8][gc,phases   ] GC(17)   Other: 1.5ms
[2022-05-30T02:42:41.145+0000][8][gc,age      ] GC(17) Age table with threshold 2 (max threshold 15)
[2022-05-30T02:42:41.145+0000][8][gc,age      ] GC(17) - age   1:   11358024 bytes,   11358024 total
[2022-05-30T02:42:41.145+0000][8][gc,age      ] GC(17) - age   2:   13034584 bytes,   24392608 total
[2022-05-30T02:42:41.146+0000][8][gc,heap     ] GC(17) Eden regions: 67->0(69)
[2022-05-30T02:42:41.147+0000][8][gc,heap     ] GC(17) Survivor regions: 9->7(10)
[2022-05-30T02:42:41.148+0000][8][gc,heap     ] GC(17) Old regions: 12->17
[2022-05-30T02:42:41.149+0000][8][gc,heap     ] GC(17) Archive regions: 2->2
[2022-05-30T02:42:41.149+0000][8][gc,heap     ] GC(17) Humongous regions: 2->2
[2022-05-30T02:42:41.150+0000][8][gc,metaspace] GC(17) Metaspace: 121534K(124672K)->121534K(124672K) NonClass: 104906K(106496K)->104906K(106496K) Class: 16628K(18176K)->16628K(18176K)
[2022-05-30T02:42:41.150+0000][8][gc          ] GC(17) Pause Young (Normal) (G1 Evacuation Pause) 362M->102M(512M) 59.558ms
[2022-05-30T02:42:41.150+0000][8][gc,cpu      ] GC(17) User=0.21s Sys=0.07s Real=0.06s
[2022-05-30T02:42:41.168+0000][8][safepoint   ] Safepoint "G1CollectForAllocation", Time since last: 539877190 ns, Reaching safepoint: 886893 ns, At safepoint: 77947844 ns, Total: 78834737 ns
[2022-05-30T02:42:42.289+0000][8][safepoint   ] Safepoint "Cleanup", Time since last: 1120380455 ns, Reaching safepoint: 365728 ns, At safepoint: 21081 ns, Total: 386809 ns
[2022-05-30T02:42:43.514+0000][8][safepoint   ] Safepoint "Cleanup", Time since last: 1224329794 ns, Reaching safepoint: 348801 ns, At safepoint: 60125 ns, Total: 408926 ns
[2022-05-30T02:42:44.515+0000][8][safepoint   ] Safepoint "Cleanup", Time since last: 1000867401 ns, Reaching safepoint: 224579 ns, At safepoint: 10460 ns, Total: 235039 ns
[2022-05-30T02:42:45.698+0000][8][safepoint   ] Safepoint "Cleanup", Time since last: 1182141747 ns, Reaching safepoint: 412738 ns, At safepoint: 30478 ns, Total: 443216 ns
[2022-05-30T02:42:47.844+0000][8][safepoint   ] Safepoint "Cleanup", Time since last: 2145540234 ns, Reaching safepoint: 541353 ns, At safepoint: 93709 ns, Total: 635062 ns
[2022-05-30T02:42:49.059+0000][8][safepoint   ] Safepoint "Cleanup", Time since last: 1215094585 ns, Reaching safepoint: 364105 ns, At safepoint: 25158 ns, Total: 389263 ns
[2022-05-30T02:42:49.819+0000][8][safepoint   ] Safepoint "ICBufferFull", Time since last: 759338573 ns, Reaching safepoint: 590737 ns, At safepoint: 35228 ns, Total: 625965 ns
[2022-05-30T02:42:50.886+0000][8][safepoint   ] Safepoint "Cleanup", Time since last: 1000898157 ns, Reaching safepoint: 66168072 ns, At safepoint: 103828 ns, Total: 66271900 ns
[2022-05-30T02:42:51.991+0000][8][safepoint   ] Safepoint "Cleanup", Time since last: 1104052406 ns, Reaching safepoint: 342985 ns, At safepoint: 16711 ns, Total: 359696 ns
[2022-05-30T02:42:52.992+0000][8][safepoint   ] Safepoint "Cleanup", Time since last: 1000745966 ns, Reaching safepoint: 304391 ns, At safepoint: 20980 ns, Total: 325371 ns
[2022-05-30T02:42:54.017+0000][8][safepoint   ] Safepoint "Cleanup", Time since last: 1024976344 ns, Reaching safepoint: 401407 ns, At safepoint: 19126 ns, Total: 420533 ns
[2022-05-30T02:42:55.282+0000][8][safepoint   ] Safepoint "Cleanup", Time since last: 1073259802 ns, Reaching safepoint: 391408 ns, At safepoint: 88178 ns, Total: 479586 ns
[2022-05-30T02:42:56.283+0000][8][safepoint   ] Safepoint "Cleanup", Time since last: 1000961566 ns, Reaching safepoint: 353034 ns, At safepoint: 17954 ns, Total: 370988 ns
[2022-05-30T02:42:57.357+0000][8][safepoint   ] Safepoint "Cleanup", Time since last: 1073761029 ns, Reaching safepoint: 365598 ns, At safepoint: 24527 ns, Total: 390125 ns
[2022-05-30T02:42:58.358+0000][8][safepoint   ] Safepoint "Cleanup", Time since last: 1000992199 ns, Reaching safepoint: 413279 ns, At safepoint: 25679 ns, Total: 438958 ns
[2022-05-30T02:42:59.446+0000][8][safepoint   ] Safepoint "Cleanup", Time since last: 1086788361 ns, Reaching safepoint: 391317 ns, At safepoint: 52219 ns, Total: 443536 ns
[2022-05-30T02:43:00.448+0000][8][safepoint   ] Safepoint "Cleanup", Time since last: 1001480621 ns, Reaching safepoint: 411005 ns, At safepoint: 17573 ns, Total: 428578 ns
[2022-05-30T02:43:01.545+0000][8][safepoint   ] Safepoint "Cleanup", Time since last: 1096422380 ns, Reaching safepoint: 666771 ns, At safepoint: 89781 ns, Total: 756552 ns
[2022-05-30T02:43:02.546+0000][8][safepoint   ] Safepoint "Cleanup", Time since last: 1000761435 ns, Reaching safepoint: 412828 ns, At safepoint: 17514 ns, Total: 430342 ns
[2022-05-30T02:43:03.547+0000][8][safepoint   ] Safepoint "Cleanup", Time since last: 1000776993 ns, Reaching safepoint: 364697 ns, At safepoint: 15639 ns, Total: 380336 ns
[2022-05-30T02:43:04.639+0000][8][safepoint   ] Safepoint "Cleanup", Time since last: 1091226977 ns, Reaching safepoint: 441493 ns, At safepoint: 57049 ns, Total: 498542 ns
[2022-05-30T02:43:05.640+0000][8][safepoint   ] Safepoint "Cleanup", Time since last: 1001057990 ns, Reaching safepoint: 349176 ns, At safepoint: 25739 ns, Total: 374915 ns
[2022-05-30T02:43:07.642+0000][8][safepoint   ] Safepoint "Cleanup", Time since last: 2001212149 ns, Reaching safepoint: 524271 ns, At safepoint: 77177 ns, Total: 601448 ns
[2022-05-30T02:43:08.643+0000][8][safepoint   ] Safepoint "Cleanup", Time since last: 1000715827 ns, Reaching safepoint: 448265 ns, At safepoint: 25429 ns, Total: 473694 ns
[2022-05-30T02:43:09.644+0000][8][safepoint   ] Safepoint "Cleanup", Time since last: 1000665046 ns, Reaching safepoint: 393702 ns, At safepoint: 15139 ns, Total: 408841 ns
[2022-05-30T02:43:10.810+0000][8][safepoint   ] Safepoint "Cleanup", Time since last: 1165245112 ns, Reaching safepoint: 540752 ns, At safepoint: 43884 ns, Total: 584636 ns
[2022-05-30T02:43:11.812+0000][8][safepoint   ] Safepoint "Cleanup", Time since last: 1001336711 ns, Reaching safepoint: 450811 ns, At safepoint: 26380 ns, Total: 477191 ns
[2022-05-30T02:43:13.980+0000][8][safepoint   ] Safepoint "Cleanup", Time since last: 2167777047 ns, Reaching safepoint: 385546 ns, At safepoint: 70945 ns, Total: 456491 ns
[2022-05-30T02:43:14.982+0000][8][safepoint   ] Safepoint "Cleanup", Time since last: 1001311439 ns, Reaching safepoint: 387139 ns, At safepoint: 28745 ns, Total: 415884 ns
[2022-05-30T02:43:15.983+0000][8][safepoint   ] Safepoint "Cleanup", Time since last: 1001020910 ns, Reaching safepoint: 472362 ns, At safepoint: 26510 ns, Total: 498872 ns
[2022-05-30T02:43:17.226+0000][8][safepoint   ] Safepoint "Cleanup", Time since last: 1242241736 ns, Reaching safepoint: 416265 ns, At safepoint: 37311 ns, Total: 453576 ns
[2022-05-30T02:43:18.227+0000][8][safepoint   ] Safepoint "Cleanup", Time since last: 1000877273 ns, Reaching safepoint: 346982 ns, At safepoint: 20429 ns, Total: 367411 ns
[2022-05-30T02:43:20.426+0000][8][safepoint   ] Safepoint "Cleanup", Time since last: 2198243735 ns, Reaching safepoint: 397539 ns, At safepoint: 16371 ns, Total: 413910 ns
[2022-05-30T02:43:21.549+0000][8][safepoint   ] Safepoint "Cleanup", Time since last: 1122201857 ns, Reaching safepoint: 404241 ns, At safepoint: 38674 ns, Total: 442915 ns
[2022-05-30T02:43:22.558+0000][8][safepoint   ] Safepoint "Cleanup", Time since last: 1008764269 ns, Reaching safepoint: 439820 ns, At safepoint: 24517 ns, Total: 464337 ns
[2022-05-30T02:43:23.724+0000][8][safepoint   ] Safepoint "Cleanup", Time since last: 1165237935 ns, Reaching safepoint: 640566 ns, At safepoint: 80985 ns, Total: 721551 ns
[2022-05-30T02:43:24.444+0000][8][safepoint   ] Safepoint "Cleanup", Time since last: 1002653951 ns, Reaching safepoint: 396166 ns, At safepoint: 37351 ns, Total: 433517 ns
[2022-05-30T02:43:25.446+0000][8][safepoint   ] Safepoint "Cleanup", Time since last: 1001012925 ns, Reaching safepoint: 421856 ns, At safepoint: 24076 ns, Total: 445932 ns
[2022-05-30T02:43:26.590+0000][8][safepoint   ] Safepoint "Cleanup", Time since last: 1144037553 ns, Reaching safepoint: 388772 ns, At safepoint: 28544 ns, Total: 417316 ns
[2022-05-30T02:43:28.592+0000][8][safepoint   ] Safepoint "Cleanup", Time since last: 2001082432 ns, Reaching safepoint: 465820 ns, At safepoint: 73581 ns, Total: 539401 ns
[2022-05-30T02:43:29.594+0000][8][safepoint   ] Safepoint "Cleanup", Time since last: 1001617085 ns, Reaching safepoint: 373202 ns, At safepoint: 19598 ns, Total: 392800 ns
[2022-05-30T02:43:30.820+0000][8][safepoint   ] Safepoint "Cleanup", Time since last: 1225931815 ns, Reaching safepoint: 255848 ns, At safepoint: 12985 ns, Total: 268833 ns
[2022-05-30T02:43:31.823+0000][8][safepoint   ] Safepoint "Cleanup", Time since last: 1002779477 ns, Reaching safepoint: 437976 ns, At safepoint: 57730 ns, Total: 495706 ns
[2022-05-30T02:43:32.827+0000][8][safepoint   ] Safepoint "Cleanup", Time since last: 1003545383 ns, Reaching safepoint: 406656 ns, At safepoint: 33524 ns, Total: 440180 ns
[2022-05-30T02:43:33.935+0000][8][safepoint   ] Safepoint "Cleanup", Time since last: 1107365874 ns, Reaching safepoint: 379214 ns, At safepoint: 23605 ns, Total: 402819 ns
[2022-05-30T02:43:35.038+0000][8][safepoint   ] Safepoint "Cleanup", Time since last: 1103051113 ns, Reaching safepoint: 183240 ns, At safepoint: 11191 ns, Total: 194431 ns
[2022-05-30T02:43:36.040+0000][8][safepoint   ] Safepoint "Cleanup", Time since last: 1000979195 ns, Reaching safepoint: 400625 ns, At safepoint: 18485 ns, Total: 419110 ns
[2022-05-30T02:43:39.008+0000][8][gc,heap,exit] Heap
[2022-05-30T02:43:39.009+0000][8][gc,heap,exit]  garbage-first heap   total 524288K, used 338714K [0x00000000e0000000, 0x0000000100000000)
[2022-05-30T02:43:39.009+0000][8][gc,heap,exit]   region size 4096K, 65 young (266240K), 7 survivors (28672K)
[2022-05-30T02:43:39.009+0000][8][gc,heap,exit]  Metaspace       used 124960K, committed 128256K, reserved 1179648K
[2022-05-30T02:43:39.010+0000][8][gc,heap,exit]   class space    used 16916K, committed 18560K, reserved 1048576K
