[2022-05-30T01:21:34.885+0000][406][gc,init] CardTable entry size: 512
[2022-05-30T01:21:34.887+0000][406][gc     ] Using G1
[2022-05-30T01:21:34.896+0000][406][gc,init] Version: 18.0.1.1+2-6 (release)
[2022-05-30T01:21:34.897+0000][406][gc,init] CPUs: 8 total, 8 available
[2022-05-30T01:21:34.898+0000][406][gc,init] Memory: 6914M
[2022-05-30T01:21:34.898+0000][406][gc,init] Large Page Support: Disabled
[2022-05-30T01:21:34.899+0000][406][gc,init] NUMA Support: Disabled
[2022-05-30T01:21:34.899+0000][406][gc,init] Compressed Oops: Enabled (32-bit)
[2022-05-30T01:21:34.900+0000][406][gc,init] Heap Region Size: 1M
[2022-05-30T01:21:34.903+0000][406][gc,init] Heap Min Capacity: 512M
[2022-05-30T01:21:34.904+0000][406][gc,init] Heap Initial Capacity: 512M
[2022-05-30T01:21:34.905+0000][406][gc,init] Heap Max Capacity: 512M
[2022-05-30T01:21:34.906+0000][406][gc,init] Pre-touch: Disabled
[2022-05-30T01:21:34.906+0000][406][gc,init] Parallel Workers: 8
[2022-05-30T01:21:34.907+0000][406][gc,init] Concurrent Workers: 2
[2022-05-30T01:21:34.907+0000][406][gc,init] Concurrent Refinement Workers: 8
[2022-05-30T01:21:34.908+0000][406][gc,init] Periodic GC: Disabled
[2022-05-30T01:21:34.909+0000][406][gc,metaspace] CDS archive(s) not mapped
[2022-05-30T01:21:34.910+0000][406][gc,metaspace] Compressed class space mapped at: 0x0000000100000000-0x0000000140000000, reserved size: 1073741824
[2022-05-30T01:21:34.910+0000][406][gc,metaspace] Narrow klass base: 0x0000000000000000, Narrow klass shift: 3, Narrow klass range: 0x140000000
[2022-05-30T01:21:35.119+0000][406][gc,heap,exit] Heap
[2022-05-30T01:21:35.120+0000][406][gc,heap,exit]  garbage-first heap   total 524288K, used 2048K [0x00000000e0000000, 0x0000000100000000)
[2022-05-30T01:21:35.124+0000][406][gc,heap,exit]   region size 1024K, 2 young (2048K), 0 survivors (0K)
[2022-05-30T01:21:35.126+0000][406][gc,heap,exit]  Metaspace       used 3524K, committed 3584K, reserved 1114112K
[2022-05-30T01:21:35.130+0000][406][gc,heap,exit]   class space    used 271K, committed 320K, reserved 1048576K
