[2022-05-30T03:13:28.285+0000][7][gc,init] CardTable entry size: 512
[2022-05-30T03:13:28.287+0000][7][gc     ] Using G1
[2022-05-30T03:13:28.504+0000][7][gc,init] Version: 18.0.1.1+2-6 (release)
[2022-05-30T03:13:28.505+0000][7][gc,init] CPUs: 8 total, 8 available
[2022-05-30T03:13:28.506+0000][7][gc,init] Memory: 6914M
[2022-05-30T03:13:28.507+0000][7][gc,init] Large Page Support: Disabled
[2022-05-30T03:13:28.508+0000][7][gc,init] NUMA Support: Disabled
[2022-05-30T03:13:28.509+0000][7][gc,init] Compressed Oops: Enabled (32-bit)
[2022-05-30T03:13:28.509+0000][7][gc,init] Heap Region Size: 4M
[2022-05-30T03:13:28.510+0000][7][gc,init] Heap Min Capacity: 512M
[2022-05-30T03:13:28.511+0000][7][gc,init] Heap Initial Capacity: 512M
[2022-05-30T03:13:28.512+0000][7][gc,init] Heap Max Capacity: 512M
[2022-05-30T03:13:28.513+0000][7][gc,init] Pre-touch: Enabled
[2022-05-30T03:13:28.513+0000][7][gc,init] Parallel Workers: 8
[2022-05-30T03:13:28.514+0000][7][gc,init] Concurrent Workers: 2
[2022-05-30T03:13:28.515+0000][7][gc,init] Concurrent Refinement Workers: 8
[2022-05-30T03:13:28.515+0000][7][gc,init] Periodic GC: Disabled
[2022-05-30T03:13:28.516+0000][7][gc,metaspace] CDS archive(s) mapped at: [0x0000000800000000-0x0000000800baf000-0x0000000800baf000), size 12251136, SharedBaseAddress: 0x0000000800000000, ArchiveRelocationMode: 0.
[2022-05-30T03:13:28.517+0000][7][gc,metaspace] Compressed class space mapped at: 0x0000000800c00000-0x0000000840c00000, reserved size: 1073741824
[2022-05-30T03:13:28.518+0000][7][gc,metaspace] Narrow klass base: 0x0000000800000000, Narrow klass shift: 0, Narrow klass range: 0x100000000
[2022-05-30T03:13:29.981+0000][7][safepoint   ] Safepoint "Cleanup", Time since last: 1451012413 ns, Reaching safepoint: 178231 ns, At safepoint: 3867 ns, Total: 182098 ns
[2022-05-30T03:13:31.266+0000][7][safepoint   ] Safepoint "Cleanup", Time since last: 1280403810 ns, Reaching safepoint: 4247141 ns, At safepoint: 27593 ns, Total: 4274734 ns
[2022-05-30T03:13:31.772+0000][7][gc,start    ] GC(0) Pause Young (Normal) (G1 Evacuation Pause)
[2022-05-30T03:13:31.773+0000][7][gc,task     ] GC(0) Using 8 workers of 8 for evacuation
[2022-05-30T03:13:31.774+0000][7][gc,age      ] GC(0) Desired survivor size 2097152 bytes, new threshold 15 (max threshold 15)
[2022-05-30T03:13:31.805+0000][7][gc,phases   ] GC(0)   Pre Evacuate Collection Set: 0.2ms
[2022-05-30T03:13:31.805+0000][7][gc,phases   ] GC(0)   Merge Heap Roots: 0.1ms
[2022-05-30T03:13:31.806+0000][7][gc,phases   ] GC(0)   Evacuate Collection Set: 27.8ms
[2022-05-30T03:13:31.807+0000][7][gc,phases   ] GC(0)   Post Evacuate Collection Set: 1.3ms
[2022-05-30T03:13:31.808+0000][7][gc,phases   ] GC(0)   Other: 1.8ms
[2022-05-30T03:13:31.809+0000][7][gc,age      ] GC(0) Age table with threshold 15 (max threshold 15)
[2022-05-30T03:13:31.810+0000][7][gc,age      ] GC(0) - age   1:    4152336 bytes,    4152336 total
[2022-05-30T03:13:31.811+0000][7][gc,heap     ] GC(0) Eden regions: 6->0(5)
[2022-05-30T03:13:31.811+0000][7][gc,heap     ] GC(0) Survivor regions: 0->1(1)
[2022-05-30T03:13:31.812+0000][7][gc,heap     ] GC(0) Old regions: 0->1
[2022-05-30T03:13:31.813+0000][7][gc,heap     ] GC(0) Archive regions: 2->2
[2022-05-30T03:13:31.813+0000][7][gc,heap     ] GC(0) Humongous regions: 0->0
[2022-05-30T03:13:31.814+0000][7][gc,metaspace] GC(0) Metaspace: 8441K(8640K)->8441K(8640K) NonClass: 7510K(7616K)->7510K(7616K) Class: 930K(1024K)->930K(1024K)
[2022-05-30T03:13:31.815+0000][7][gc          ] GC(0) Pause Young (Normal) (G1 Evacuation Pause) 27M->8M(512M) 42.369ms
[2022-05-30T03:13:31.816+0000][7][gc,cpu      ] GC(0) User=0.05s Sys=0.02s Real=0.04s
[2022-05-30T03:13:31.817+0000][7][safepoint   ] Safepoint "G1CollectForAllocation", Time since last: 505940345 ns, Reaching safepoint: 313187 ns, At safepoint: 44374929 ns, Total: 44688116 ns
[2022-05-30T03:13:32.928+0000][7][safepoint   ] Safepoint "Cleanup", Time since last: 1110959663 ns, Reaching safepoint: 338897 ns, At safepoint: 50176 ns, Total: 389073 ns
[2022-05-30T03:13:33.332+0000][7][gc,start    ] GC(1) Pause Young (Normal) (G1 Evacuation Pause)
[2022-05-30T03:13:33.333+0000][7][gc,task     ] GC(1) Using 8 workers of 8 for evacuation
[2022-05-30T03:13:33.334+0000][7][gc,age      ] GC(1) Desired survivor size 2097152 bytes, new threshold 1 (max threshold 15)
[2022-05-30T03:13:33.353+0000][7][gc,phases   ] GC(1)   Pre Evacuate Collection Set: 0.1ms
[2022-05-30T03:13:33.353+0000][7][gc,phases   ] GC(1)   Merge Heap Roots: 0.0ms
[2022-05-30T03:13:33.354+0000][7][gc,phases   ] GC(1)   Evacuate Collection Set: 15.9ms
[2022-05-30T03:13:33.355+0000][7][gc,phases   ] GC(1)   Post Evacuate Collection Set: 1.4ms
[2022-05-30T03:13:33.355+0000][7][gc,phases   ] GC(1)   Other: 1.8ms
[2022-05-30T03:13:33.356+0000][7][gc,age      ] GC(1) Age table with threshold 1 (max threshold 15)
[2022-05-30T03:13:33.357+0000][7][gc,age      ] GC(1) - age   1:    2086472 bytes,    2086472 total
[2022-05-30T03:13:33.357+0000][7][gc,heap     ] GC(1) Eden regions: 5->0(10)
[2022-05-30T03:13:33.358+0000][7][gc,heap     ] GC(1) Survivor regions: 1->1(1)
[2022-05-30T03:13:33.359+0000][7][gc,heap     ] GC(1) Old regions: 1->2
[2022-05-30T03:13:33.359+0000][7][gc,heap     ] GC(1) Archive regions: 2->2
[2022-05-30T03:13:33.360+0000][7][gc,heap     ] GC(1) Humongous regions: 0->0
[2022-05-30T03:13:33.361+0000][7][gc,metaspace] GC(1) Metaspace: 11728K(12032K)->11728K(12032K) NonClass: 10330K(10496K)->10330K(10496K) Class: 1398K(1536K)->1398K(1536K)
[2022-05-30T03:13:33.362+0000][7][gc          ] GC(1) Pause Young (Normal) (G1 Evacuation Pause) 28M->10M(512M) 29.690ms
[2022-05-30T03:13:33.362+0000][7][gc,cpu      ] GC(1) User=0.04s Sys=0.01s Real=0.03s
[2022-05-30T03:13:33.363+0000][7][safepoint   ] Safepoint "G1CollectForAllocation", Time since last: 393529092 ns, Reaching safepoint: 10368100 ns, At safepoint: 31377139 ns, Total: 41745239 ns
[2022-05-30T03:13:34.728+0000][7][safepoint   ] Safepoint "Cleanup", Time since last: 1363469395 ns, Reaching safepoint: 639454 ns, At safepoint: 35798 ns, Total: 675252 ns
[2022-05-30T03:13:35.734+0000][7][safepoint   ] Safepoint "Cleanup", Time since last: 1001431769 ns, Reaching safepoint: 4942906 ns, At safepoint: 86725 ns, Total: 5029631 ns
[2022-05-30T03:13:35.841+0000][7][gc,start    ] GC(2) Pause Young (Normal) (G1 Evacuation Pause)
[2022-05-30T03:13:35.842+0000][7][gc,task     ] GC(2) Using 8 workers of 8 for evacuation
[2022-05-30T03:13:35.843+0000][7][gc,age      ] GC(2) Desired survivor size 4194304 bytes, new threshold 15 (max threshold 15)
[2022-05-30T03:13:35.857+0000][7][gc,phases   ] GC(2)   Pre Evacuate Collection Set: 0.2ms
[2022-05-30T03:13:35.858+0000][7][gc,phases   ] GC(2)   Merge Heap Roots: 0.1ms
[2022-05-30T03:13:35.859+0000][7][gc,phases   ] GC(2)   Evacuate Collection Set: 10.8ms
[2022-05-30T03:13:35.860+0000][7][gc,phases   ] GC(2)   Post Evacuate Collection Set: 2.6ms
[2022-05-30T03:13:35.861+0000][7][gc,phases   ] GC(2)   Other: 1.6ms
[2022-05-30T03:13:35.861+0000][7][gc,age      ] GC(2) Age table with threshold 15 (max threshold 15)
[2022-05-30T03:13:35.862+0000][7][gc,age      ] GC(2) - age   1:    1378296 bytes,    1378296 total
[2022-05-30T03:13:35.863+0000][7][gc,age      ] GC(2) - age   2:    2055080 bytes,    3433376 total
[2022-05-30T03:13:35.863+0000][7][gc,heap     ] GC(2) Eden regions: 10->0(58)
[2022-05-30T03:13:35.864+0000][7][gc,heap     ] GC(2) Survivor regions: 1->1(2)
[2022-05-30T03:13:35.865+0000][7][gc,heap     ] GC(2) Old regions: 2->2
[2022-05-30T03:13:35.866+0000][7][gc,heap     ] GC(2) Archive regions: 2->2
[2022-05-30T03:13:35.867+0000][7][gc,heap     ] GC(2) Humongous regions: 0->0
[2022-05-30T03:13:35.868+0000][7][gc,metaspace] GC(2) Metaspace: 15067K(15488K)->15067K(15488K) NonClass: 13332K(13568K)->13332K(13568K) Class: 1734K(1920K)->1734K(1920K)
[2022-05-30T03:13:35.870+0000][7][gc          ] GC(2) Pause Young (Normal) (G1 Evacuation Pause) 50M->11M(512M) 28.395ms
[2022-05-30T03:13:35.870+0000][7][gc,cpu      ] GC(2) User=0.06s Sys=0.00s Real=0.03s
[2022-05-30T03:13:35.871+0000][7][safepoint   ] Safepoint "G1CollectForAllocation", Time since last: 106400913 ns, Reaching safepoint: 930753 ns, At safepoint: 30022855 ns, Total: 30953608 ns
[2022-05-30T03:13:37.712+0000][7][safepoint   ] Safepoint "Cleanup", Time since last: 1839381243 ns, Reaching safepoint: 1587571 ns, At safepoint: 28404 ns, Total: 1615975 ns
[2022-05-30T03:13:39.132+0000][7][safepoint   ] Safepoint "Cleanup", Time since last: 1409291700 ns, Reaching safepoint: 10247355 ns, At safepoint: 15950 ns, Total: 10263305 ns
[2022-05-30T03:13:39.681+0000][7][gc,start    ] GC(3) Pause Young (Concurrent Start) (Metadata GC Threshold)
[2022-05-30T03:13:39.682+0000][7][gc,task     ] GC(3) Using 8 workers of 8 for evacuation
[2022-05-30T03:13:39.683+0000][7][gc,age      ] GC(3) Desired survivor size 16777216 bytes, new threshold 15 (max threshold 15)
[2022-05-30T03:13:39.726+0000][7][gc,phases   ] GC(3)   Pre Evacuate Collection Set: 0.4ms
[2022-05-30T03:13:39.727+0000][7][gc,phases   ] GC(3)   Merge Heap Roots: 0.1ms
[2022-05-30T03:13:39.728+0000][7][gc,phases   ] GC(3)   Evacuate Collection Set: 37.2ms
[2022-05-30T03:13:39.729+0000][7][gc,phases   ] GC(3)   Post Evacuate Collection Set: 4.2ms
[2022-05-30T03:13:39.729+0000][7][gc,phases   ] GC(3)   Other: 1.6ms
[2022-05-30T03:13:39.730+0000][7][gc,age      ] GC(3) Age table with threshold 15 (max threshold 15)
[2022-05-30T03:13:39.731+0000][7][gc,age      ] GC(3) - age   1:    2907824 bytes,    2907824 total
[2022-05-30T03:13:39.731+0000][7][gc,age      ] GC(3) - age   2:    1267592 bytes,    4175416 total
[2022-05-30T03:13:39.732+0000][7][gc,age      ] GC(3) - age   3:    2038616 bytes,    6214032 total
[2022-05-30T03:13:39.733+0000][7][gc,heap     ] GC(3) Eden regions: 35->0(74)
[2022-05-30T03:13:39.734+0000][7][gc,heap     ] GC(3) Survivor regions: 1->2(8)
[2022-05-30T03:13:39.734+0000][7][gc,heap     ] GC(3) Old regions: 2->2
[2022-05-30T03:13:39.735+0000][7][gc,heap     ] GC(3) Archive regions: 2->2
[2022-05-30T03:13:39.736+0000][7][gc,heap     ] GC(3) Humongous regions: 0->0
[2022-05-30T03:13:39.736+0000][7][gc,metaspace] GC(3) Metaspace: 21125K(21504K)->21125K(21504K) NonClass: 18749K(18944K)->18749K(18944K) Class: 2375K(2560K)->2375K(2560K)
[2022-05-30T03:13:39.737+0000][7][gc          ] GC(3) Pause Young (Concurrent Start) (Metadata GC Threshold) 148M->14M(512M) 55.678ms
[2022-05-30T03:13:39.738+0000][7][gc,cpu      ] GC(3) User=0.06s Sys=0.02s Real=0.06s
[2022-05-30T03:13:39.738+0000][7][gc          ] GC(4) Concurrent Mark Cycle
[2022-05-30T03:13:39.739+0000][7][safepoint   ] Safepoint "CollectForMetadataAllocation", Time since last: 548955727 ns, Reaching safepoint: 476771 ns, At safepoint: 57512406 ns, Total: 57989177 ns
[2022-05-30T03:13:39.740+0000][7][gc,marking  ] GC(4) Concurrent Clear Claimed Marks
[2022-05-30T03:13:39.741+0000][7][gc,marking  ] GC(4) Concurrent Clear Claimed Marks 1.570ms
[2022-05-30T03:13:39.742+0000][7][gc,marking  ] GC(4) Concurrent Scan Root Regions
[2022-05-30T03:13:39.765+0000][7][gc,marking  ] GC(4) Concurrent Scan Root Regions 23.469ms
[2022-05-30T03:13:39.772+0000][7][gc,marking  ] GC(4) Concurrent Mark
[2022-05-30T03:13:39.782+0000][7][gc,marking  ] GC(4) Concurrent Mark From Roots
[2022-05-30T03:13:39.792+0000][7][gc,task     ] GC(4) Using 2 workers of 2 for marking
[2022-05-30T03:13:39.815+0000][7][gc,marking  ] GC(4) Concurrent Mark From Roots 33.300ms
[2022-05-30T03:13:39.842+0000][7][gc,marking  ] GC(4) Concurrent Preclean
[2022-05-30T03:13:39.847+0000][7][gc,marking  ] GC(4) Concurrent Preclean 5.110ms
[2022-05-30T03:13:39.855+0000][7][gc,start    ] GC(4) Pause Remark
[2022-05-30T03:13:39.869+0000][7][gc          ] GC(4) Pause Remark 26M->26M(512M) 14.170ms
[2022-05-30T03:13:39.870+0000][7][gc,cpu      ] GC(4) User=0.03s Sys=0.00s Real=0.01s
[2022-05-30T03:13:39.871+0000][7][safepoint   ] Safepoint "G1Concurrent", Time since last: 109099870 ns, Reaching safepoint: 7320425 ns, At safepoint: 15833725 ns, Total: 23154150 ns
[2022-05-30T03:13:39.872+0000][7][gc,marking  ] GC(4) Concurrent Mark 100.212ms
[2022-05-30T03:13:39.875+0000][7][gc,marking  ] GC(4) Concurrent Rebuild Remembered Sets
[2022-05-30T03:13:39.881+0000][7][gc,marking  ] GC(4) Concurrent Rebuild Remembered Sets 6.455ms
[2022-05-30T03:13:39.883+0000][7][gc,start    ] GC(4) Pause Cleanup
[2022-05-30T03:13:39.886+0000][7][gc          ] GC(4) Pause Cleanup 26M->26M(512M) 3.192ms
[2022-05-30T03:13:39.887+0000][7][gc,cpu      ] GC(4) User=0.01s Sys=0.00s Real=0.00s
[2022-05-30T03:13:39.888+0000][7][safepoint   ] Safepoint "G1Concurrent", Time since last: 11463115 ns, Reaching safepoint: 395855 ns, At safepoint: 4773421 ns, Total: 5169276 ns
[2022-05-30T03:13:39.890+0000][7][gc,marking  ] GC(4) Concurrent Cleanup for Next Mark
[2022-05-30T03:13:39.912+0000][7][gc,marking  ] GC(4) Concurrent Cleanup for Next Mark 22.729ms
[2022-05-30T03:13:39.913+0000][7][gc          ] GC(4) Concurrent Mark Cycle 175.371ms
[2022-05-30T03:13:40.892+0000][7][safepoint   ] Safepoint "Cleanup", Time since last: 1002635658 ns, Reaching safepoint: 1484473 ns, At safepoint: 17173 ns, Total: 1501646 ns
[2022-05-30T03:13:41.902+0000][7][safepoint   ] Safepoint "Cleanup", Time since last: 1004455606 ns, Reaching safepoint: 5601543 ns, At safepoint: 65195 ns, Total: 5666738 ns
[2022-05-30T03:13:42.927+0000][7][safepoint   ] Safepoint "Cleanup", Time since last: 1020334094 ns, Reaching safepoint: 3701197 ns, At safepoint: 73771 ns, Total: 3774968 ns
[2022-05-30T03:13:43.255+0000][7][gc,start    ] GC(5) Pause Young (Normal) (G1 Evacuation Pause)
[2022-05-30T03:13:43.256+0000][7][gc,task     ] GC(5) Using 8 workers of 8 for evacuation
[2022-05-30T03:13:43.257+0000][7][gc,age      ] GC(5) Desired survivor size 20971520 bytes, new threshold 15 (max threshold 15)
[2022-05-30T03:13:43.316+0000][7][gc,phases   ] GC(5)   Pre Evacuate Collection Set: 3.7ms
[2022-05-30T03:13:43.317+0000][7][gc,phases   ] GC(5)   Merge Heap Roots: 0.2ms
[2022-05-30T03:13:43.319+0000][7][gc,phases   ] GC(5)   Evacuate Collection Set: 50.0ms
[2022-05-30T03:13:43.322+0000][7][gc,phases   ] GC(5)   Post Evacuate Collection Set: 3.3ms
[2022-05-30T03:13:43.323+0000][7][gc,phases   ] GC(5)   Other: 2.0ms
[2022-05-30T03:13:43.323+0000][7][gc,age      ] GC(5) Age table with threshold 15 (max threshold 15)
[2022-05-30T03:13:43.324+0000][7][gc,age      ] GC(5) - age   1:    6494968 bytes,    6494968 total
[2022-05-30T03:13:43.325+0000][7][gc,age      ] GC(5) - age   2:    2888736 bytes,    9383704 total
[2022-05-30T03:13:43.326+0000][7][gc,age      ] GC(5) - age   3:    1264680 bytes,   10648384 total
[2022-05-30T03:13:43.326+0000][7][gc,age      ] GC(5) - age   4:    2037880 bytes,   12686264 total
[2022-05-30T03:13:43.327+0000][7][gc,heap     ] GC(5) Eden regions: 74->0(72)
[2022-05-30T03:13:43.328+0000][7][gc,heap     ] GC(5) Survivor regions: 2->4(10)
[2022-05-30T03:13:43.328+0000][7][gc,heap     ] GC(5) Old regions: 2->2
[2022-05-30T03:13:43.329+0000][7][gc,heap     ] GC(5) Archive regions: 2->2
[2022-05-30T03:13:43.330+0000][7][gc,heap     ] GC(5) Humongous regions: 0->0
[2022-05-30T03:13:43.331+0000][7][gc,metaspace] GC(5) Metaspace: 23730K(24320K)->23730K(24320K) NonClass: 20970K(21312K)->20970K(21312K) Class: 2759K(3008K)->2759K(3008K)
[2022-05-30T03:13:43.332+0000][7][gc          ] GC(5) Pause Young (Normal) (G1 Evacuation Pause) 310M->20M(512M) 76.623ms
[2022-05-30T03:13:43.333+0000][7][gc,cpu      ] GC(5) User=0.14s Sys=0.02s Real=0.08s
[2022-05-30T03:13:43.334+0000][7][safepoint   ] Safepoint "G1CollectForAllocation", Time since last: 328679711 ns, Reaching safepoint: 216428 ns, At safepoint: 78225178 ns, Total: 78441606 ns
[2022-05-30T03:13:44.335+0000][7][safepoint   ] Safepoint "Cleanup", Time since last: 1000913546 ns, Reaching safepoint: 194411 ns, At safepoint: 32011 ns, Total: 226422 ns
[2022-05-30T03:13:45.336+0000][7][safepoint   ] Safepoint "Cleanup", Time since last: 1000874404 ns, Reaching safepoint: 529571 ns, At safepoint: 21481 ns, Total: 551052 ns
[2022-05-30T03:13:45.849+0000][7][gc,start    ] GC(6) Pause Young (Normal) (G1 Evacuation Pause)
[2022-05-30T03:13:45.850+0000][7][gc,task     ] GC(6) Using 8 workers of 8 for evacuation
[2022-05-30T03:13:45.850+0000][7][gc,age      ] GC(6) Desired survivor size 20971520 bytes, new threshold 15 (max threshold 15)
[2022-05-30T03:13:45.894+0000][7][gc,phases   ] GC(6)   Pre Evacuate Collection Set: 0.1ms
[2022-05-30T03:13:45.901+0000][7][gc,phases   ] GC(6)   Merge Heap Roots: 0.1ms
[2022-05-30T03:13:45.902+0000][7][gc,phases   ] GC(6)   Evacuate Collection Set: 39.4ms
[2022-05-30T03:13:45.903+0000][7][gc,phases   ] GC(6)   Post Evacuate Collection Set: 2.7ms
[2022-05-30T03:13:45.904+0000][7][gc,phases   ] GC(6)   Other: 1.6ms
[2022-05-30T03:13:45.904+0000][7][gc,age      ] GC(6) Age table with threshold 15 (max threshold 15)
[2022-05-30T03:13:45.905+0000][7][gc,age      ] GC(6) - age   1:    3432104 bytes,    3432104 total
[2022-05-30T03:13:45.906+0000][7][gc,age      ] GC(6) - age   2:    5700136 bytes,    9132240 total
[2022-05-30T03:13:45.907+0000][7][gc,age      ] GC(6) - age   3:    2884240 bytes,   12016480 total
[2022-05-30T03:13:45.908+0000][7][gc,age      ] GC(6) - age   4:    1244488 bytes,   13260968 total
[2022-05-30T03:13:45.909+0000][7][gc,age      ] GC(6) - age   5:    2035536 bytes,   15296504 total
[2022-05-30T03:13:45.922+0000][7][gc,heap     ] GC(6) Eden regions: 72->0(72)
[2022-05-30T03:13:45.923+0000][7][gc,heap     ] GC(6) Survivor regions: 4->4(10)
[2022-05-30T03:13:45.924+0000][7][gc,heap     ] GC(6) Old regions: 2->2
[2022-05-30T03:13:45.925+0000][7][gc,heap     ] GC(6) Archive regions: 2->2
[2022-05-30T03:13:45.927+0000][7][gc,heap     ] GC(6) Humongous regions: 0->0
[2022-05-30T03:13:45.928+0000][7][gc,metaspace] GC(6) Metaspace: 29439K(30080K)->29439K(30080K) NonClass: 26036K(26368K)->26036K(26368K) Class: 3403K(3712K)->3403K(3712K)
[2022-05-30T03:13:45.929+0000][7][gc          ] GC(6) Pause Young (Normal) (G1 Evacuation Pause) 308M->23M(512M) 80.180ms
[2022-05-30T03:13:45.930+0000][7][gc,cpu      ] GC(6) User=0.18s Sys=0.00s Real=0.08s
[2022-05-30T03:13:45.931+0000][7][safepoint   ] Safepoint "G1CollectForAllocation", Time since last: 512575620 ns, Reaching safepoint: 142021 ns, At safepoint: 82380728 ns, Total: 82522749 ns
[2022-05-30T03:13:46.938+0000][7][safepoint   ] Safepoint "Cleanup", Time since last: 1005963610 ns, Reaching safepoint: 1071125 ns, At safepoint: 71026 ns, Total: 1142151 ns
[2022-05-30T03:13:47.679+0000][7][gc,start    ] GC(7) Pause Young (Normal) (G1 Evacuation Pause)
[2022-05-30T03:13:47.683+0000][7][gc,task     ] GC(7) Using 8 workers of 8 for evacuation
[2022-05-30T03:13:47.688+0000][7][gc,age      ] GC(7) Desired survivor size 20971520 bytes, new threshold 15 (max threshold 15)
[2022-05-30T03:13:47.764+0000][7][gc,phases   ] GC(7)   Pre Evacuate Collection Set: 0.3ms
[2022-05-30T03:13:47.765+0000][7][gc,phases   ] GC(7)   Merge Heap Roots: 0.9ms
[2022-05-30T03:13:47.766+0000][7][gc,phases   ] GC(7)   Evacuate Collection Set: 66.4ms
[2022-05-30T03:13:47.767+0000][7][gc,phases   ] GC(7)   Post Evacuate Collection Set: 5.1ms
[2022-05-30T03:13:47.768+0000][7][gc,phases   ] GC(7)   Other: 8.3ms
[2022-05-30T03:13:47.768+0000][7][gc,age      ] GC(7) Age table with threshold 15 (max threshold 15)
[2022-05-30T03:13:47.770+0000][7][gc,age      ] GC(7) - age   1:    4579840 bytes,    4579840 total
[2022-05-30T03:13:47.771+0000][7][gc,age      ] GC(7) - age   2:    3173008 bytes,    7752848 total
[2022-05-30T03:13:47.772+0000][7][gc,age      ] GC(7) - age   3:    5698864 bytes,   13451712 total
[2022-05-30T03:13:47.773+0000][7][gc,age      ] GC(7) - age   4:    2884032 bytes,   16335744 total
[2022-05-30T03:13:47.774+0000][7][gc,age      ] GC(7) - age   5:    1243544 bytes,   17579288 total
[2022-05-30T03:13:47.775+0000][7][gc,age      ] GC(7) - age   6:    2032816 bytes,   19612104 total
[2022-05-30T03:13:47.776+0000][7][gc,heap     ] GC(7) Eden regions: 72->0(71)
[2022-05-30T03:13:47.777+0000][7][gc,heap     ] GC(7) Survivor regions: 4->5(10)
[2022-05-30T03:13:47.778+0000][7][gc,heap     ] GC(7) Old regions: 2->2
[2022-05-30T03:13:47.778+0000][7][gc,heap     ] GC(7) Archive regions: 2->2
[2022-05-30T03:13:47.780+0000][7][gc,heap     ] GC(7) Humongous regions: 0->0
[2022-05-30T03:13:47.781+0000][7][gc,metaspace] GC(7) Metaspace: 31033K(31744K)->31033K(31744K) NonClass: 27414K(27840K)->27414K(27840K) Class: 3619K(3904K)->3619K(3904K)
[2022-05-30T03:13:47.782+0000][7][gc          ] GC(7) Pause Young (Normal) (G1 Evacuation Pause) 311M->27M(512M) 103.002ms
[2022-05-30T03:13:47.786+0000][7][gc,cpu      ] GC(7) User=0.17s Sys=0.00s Real=0.11s
[2022-05-30T03:13:47.787+0000][7][safepoint   ] Safepoint "G1CollectForAllocation", Time since last: 739998604 ns, Reaching safepoint: 275276 ns, At safepoint: 108067786 ns, Total: 108343062 ns
[2022-05-30T03:13:48.788+0000][7][safepoint   ] Safepoint "Cleanup", Time since last: 1000998193 ns, Reaching safepoint: 487761 ns, At safepoint: 45697 ns, Total: 533458 ns
[2022-05-30T03:13:52.577+0000][7][gc,heap,exit] Heap
[2022-05-30T03:13:52.593+0000][7][gc,heap,exit]  garbage-first heap   total 524288K, used 155251K [0x00000000e0000000, 0x0000000100000000)
[2022-05-30T03:13:52.615+0000][7][gc,heap,exit]   region size 4096K, 37 young (151552K), 5 survivors (20480K)
[2022-05-30T03:13:52.625+0000][7][gc,heap,exit]  Metaspace       used 31829K, committed 32576K, reserved 1114112K
[2022-05-30T03:13:52.628+0000][7][gc,heap,exit]   class space    used 3745K, committed 4032K, reserved 1048576K
