[2022-05-30T03:31:29.409+0000][401][gc,init] CardTable entry size: 512
[2022-05-30T03:31:29.411+0000][401][gc     ] Using G1
[2022-05-30T03:31:29.418+0000][401][gc,init] Version: 18.0.1.1+2-6 (release)
[2022-05-30T03:31:29.419+0000][401][gc,init] CPUs: 8 total, 8 available
[2022-05-30T03:31:29.420+0000][401][gc,init] Memory: 6914M
[2022-05-30T03:31:29.421+0000][401][gc,init] Large Page Support: Disabled
[2022-05-30T03:31:29.423+0000][401][gc,init] NUMA Support: Disabled
[2022-05-30T03:31:29.424+0000][401][gc,init] Compressed Oops: Enabled (32-bit)
[2022-05-30T03:31:29.424+0000][401][gc,init] Heap Region Size: 1M
[2022-05-30T03:31:29.425+0000][401][gc,init] Heap Min Capacity: 512M
[2022-05-30T03:31:29.426+0000][401][gc,init] Heap Initial Capacity: 512M
[2022-05-30T03:31:29.427+0000][401][gc,init] Heap Max Capacity: 512M
[2022-05-30T03:31:29.427+0000][401][gc,init] Pre-touch: Disabled
[2022-05-30T03:31:29.428+0000][401][gc,init] Parallel Workers: 8
[2022-05-30T03:31:29.428+0000][401][gc,init] Concurrent Workers: 2
[2022-05-30T03:31:29.429+0000][401][gc,init] Concurrent Refinement Workers: 8
[2022-05-30T03:31:29.430+0000][401][gc,init] Periodic GC: Disabled
[2022-05-30T03:31:29.431+0000][401][gc,metaspace] CDS archive(s) not mapped
[2022-05-30T03:31:29.431+0000][401][gc,metaspace] Compressed class space mapped at: 0x0000000100000000-0x0000000140000000, reserved size: 1073741824
[2022-05-30T03:31:29.432+0000][401][gc,metaspace] Narrow klass base: 0x0000000000000000, Narrow klass shift: 3, Narrow klass range: 0x140000000
[2022-05-30T03:31:29.616+0000][401][gc,heap,exit] Heap
[2022-05-30T03:31:29.616+0000][401][gc,heap,exit]  garbage-first heap   total 524288K, used 2048K [0x00000000e0000000, 0x0000000100000000)
[2022-05-30T03:31:29.617+0000][401][gc,heap,exit]   region size 1024K, 2 young (2048K), 0 survivors (0K)
[2022-05-30T03:31:29.618+0000][401][gc,heap,exit]  Metaspace       used 3517K, committed 3584K, reserved 1114112K
[2022-05-30T03:31:29.618+0000][401][gc,heap,exit]   class space    used 271K, committed 320K, reserved 1048576K
