[2022-05-30T02:44:10.655+0000][7][gc,init] CardTable entry size: 512
[2022-05-30T02:44:10.657+0000][7][gc     ] Using G1
[2022-05-30T02:44:10.883+0000][7][gc,init] Version: 18.0.1.1+2-6 (release)
[2022-05-30T02:44:10.884+0000][7][gc,init] CPUs: 8 total, 8 available
[2022-05-30T02:44:10.885+0000][7][gc,init] Memory: 6914M
[2022-05-30T02:44:10.886+0000][7][gc,init] Large Page Support: Disabled
[2022-05-30T02:44:10.886+0000][7][gc,init] NUMA Support: Disabled
[2022-05-30T02:44:10.887+0000][7][gc,init] Compressed Oops: Enabled (32-bit)
[2022-05-30T02:44:10.888+0000][7][gc,init] Heap Region Size: 4M
[2022-05-30T02:44:10.889+0000][7][gc,init] Heap Min Capacity: 512M
[2022-05-30T02:44:10.892+0000][7][gc,init] Heap Initial Capacity: 512M
[2022-05-30T02:44:10.893+0000][7][gc,init] Heap Max Capacity: 512M
[2022-05-30T02:44:10.894+0000][7][gc,init] Pre-touch: Enabled
[2022-05-30T02:44:10.895+0000][7][gc,init] Parallel Workers: 8
[2022-05-30T02:44:10.896+0000][7][gc,init] Concurrent Workers: 2
[2022-05-30T02:44:10.896+0000][7][gc,init] Concurrent Refinement Workers: 8
[2022-05-30T02:44:10.897+0000][7][gc,init] Periodic GC: Disabled
[2022-05-30T02:44:10.898+0000][7][gc,metaspace] CDS archive(s) mapped at: [0x0000000800000000-0x0000000800baf000-0x0000000800baf000), size 12251136, SharedBaseAddress: 0x0000000800000000, ArchiveRelocationMode: 0.
[2022-05-30T02:44:10.900+0000][7][gc,metaspace] Compressed class space mapped at: 0x0000000800c00000-0x0000000840c00000, reserved size: 1073741824
[2022-05-30T02:44:10.901+0000][7][gc,metaspace] Narrow klass base: 0x0000000800000000, Narrow klass shift: 0, Narrow klass range: 0x100000000
[2022-05-30T02:44:12.492+0000][7][safepoint   ] Safepoint "Cleanup", Time since last: 1568864193 ns, Reaching safepoint: 511409 ns, At safepoint: 20048 ns, Total: 531457 ns
[2022-05-30T02:44:14.053+0000][7][safepoint   ] Safepoint "Cleanup", Time since last: 1560716230 ns, Reaching safepoint: 228095 ns, At safepoint: 5090 ns, Total: 233185 ns
[2022-05-30T02:44:14.808+0000][7][gc,start    ] GC(0) Pause Young (Normal) (G1 Evacuation Pause)
[2022-05-30T02:44:14.810+0000][7][gc,task     ] GC(0) Using 8 workers of 8 for evacuation
[2022-05-30T02:44:14.810+0000][7][gc,age      ] GC(0) Desired survivor size 2097152 bytes, new threshold 15 (max threshold 15)
[2022-05-30T02:44:14.822+0000][7][gc,phases   ] GC(0)   Pre Evacuate Collection Set: 0.2ms
[2022-05-30T02:44:14.822+0000][7][gc,phases   ] GC(0)   Merge Heap Roots: 0.1ms
[2022-05-30T02:44:14.823+0000][7][gc,phases   ] GC(0)   Evacuate Collection Set: 8.4ms
[2022-05-30T02:44:14.824+0000][7][gc,phases   ] GC(0)   Post Evacuate Collection Set: 2.0ms
[2022-05-30T02:44:14.824+0000][7][gc,phases   ] GC(0)   Other: 1.5ms
[2022-05-30T02:44:14.825+0000][7][gc,age      ] GC(0) Age table with threshold 15 (max threshold 15)
[2022-05-30T02:44:14.825+0000][7][gc,age      ] GC(0) - age   1:    4148352 bytes,    4148352 total
[2022-05-30T02:44:14.826+0000][7][gc,heap     ] GC(0) Eden regions: 6->0(5)
[2022-05-30T02:44:14.826+0000][7][gc,heap     ] GC(0) Survivor regions: 0->1(1)
[2022-05-30T02:44:14.827+0000][7][gc,heap     ] GC(0) Old regions: 0->1
[2022-05-30T02:44:14.828+0000][7][gc,heap     ] GC(0) Archive regions: 2->2
[2022-05-30T02:44:14.828+0000][7][gc,heap     ] GC(0) Humongous regions: 0->0
[2022-05-30T02:44:14.829+0000][7][gc,metaspace] GC(0) Metaspace: 8491K(8704K)->8491K(8704K) NonClass: 7550K(7680K)->7550K(7680K) Class: 941K(1024K)->941K(1024K)
[2022-05-30T02:44:14.830+0000][7][gc          ] GC(0) Pause Young (Normal) (G1 Evacuation Pause) 27M->8M(512M) 21.315ms
[2022-05-30T02:44:14.830+0000][7][gc,cpu      ] GC(0) User=0.04s Sys=0.00s Real=0.02s
[2022-05-30T02:44:14.831+0000][7][safepoint   ] Safepoint "G1CollectForAllocation", Time since last: 754907563 ns, Reaching safepoint: 193513 ns, At safepoint: 23163466 ns, Total: 23356979 ns
[2022-05-30T02:44:15.903+0000][7][safepoint   ] Safepoint "Cleanup", Time since last: 1070915525 ns, Reaching safepoint: 241697 ns, At safepoint: 7564 ns, Total: 249261 ns
[2022-05-30T02:44:16.328+0000][7][gc,start    ] GC(1) Pause Young (Normal) (G1 Evacuation Pause)
[2022-05-30T02:44:16.329+0000][7][gc,task     ] GC(1) Using 8 workers of 8 for evacuation
[2022-05-30T02:44:16.329+0000][7][gc,age      ] GC(1) Desired survivor size 2097152 bytes, new threshold 1 (max threshold 15)
[2022-05-30T02:44:16.343+0000][7][gc,phases   ] GC(1)   Pre Evacuate Collection Set: 0.2ms
[2022-05-30T02:44:16.344+0000][7][gc,phases   ] GC(1)   Merge Heap Roots: 0.1ms
[2022-05-30T02:44:16.344+0000][7][gc,phases   ] GC(1)   Evacuate Collection Set: 11.8ms
[2022-05-30T02:44:16.345+0000][7][gc,phases   ] GC(1)   Post Evacuate Collection Set: 1.0ms
[2022-05-30T02:44:16.346+0000][7][gc,phases   ] GC(1)   Other: 1.4ms
[2022-05-30T02:44:16.346+0000][7][gc,age      ] GC(1) Age table with threshold 1 (max threshold 15)
[2022-05-30T02:44:16.347+0000][7][gc,age      ] GC(1) - age   1:    2143040 bytes,    2143040 total
[2022-05-30T02:44:16.347+0000][7][gc,heap     ] GC(1) Eden regions: 5->0(10)
[2022-05-30T02:44:16.348+0000][7][gc,heap     ] GC(1) Survivor regions: 1->1(1)
[2022-05-30T02:44:16.349+0000][7][gc,heap     ] GC(1) Old regions: 1->2
[2022-05-30T02:44:16.349+0000][7][gc,heap     ] GC(1) Archive regions: 2->2
[2022-05-30T02:44:16.350+0000][7][gc,heap     ] GC(1) Humongous regions: 0->0
[2022-05-30T02:44:16.350+0000][7][gc,metaspace] GC(1) Metaspace: 11766K(12032K)->11766K(12032K) NonClass: 10353K(10496K)->10353K(10496K) Class: 1413K(1536K)->1413K(1536K)
[2022-05-30T02:44:16.351+0000][7][gc          ] GC(1) Pause Young (Normal) (G1 Evacuation Pause) 28M->10M(512M) 23.287ms
[2022-05-30T02:44:16.351+0000][7][gc,cpu      ] GC(1) User=0.07s Sys=0.00s Real=0.02s
[2022-05-30T02:44:16.352+0000][7][safepoint   ] Safepoint "G1CollectForAllocation", Time since last: 424642405 ns, Reaching safepoint: 401316 ns, At safepoint: 24276432 ns, Total: 24677748 ns
[2022-05-30T02:44:17.628+0000][7][safepoint   ] Safepoint "Cleanup", Time since last: 1275138399 ns, Reaching safepoint: 440013 ns, At safepoint: 114128 ns, Total: 554141 ns
[2022-05-30T02:44:18.621+0000][7][gc,start    ] GC(2) Pause Young (Normal) (G1 Evacuation Pause)
[2022-05-30T02:44:18.622+0000][7][gc,task     ] GC(2) Using 8 workers of 8 for evacuation
[2022-05-30T02:44:18.623+0000][7][gc,age      ] GC(2) Desired survivor size 4194304 bytes, new threshold 15 (max threshold 15)
[2022-05-30T02:44:18.636+0000][7][gc,phases   ] GC(2)   Pre Evacuate Collection Set: 0.1ms
[2022-05-30T02:44:18.636+0000][7][gc,phases   ] GC(2)   Merge Heap Roots: 0.1ms
[2022-05-30T02:44:18.637+0000][7][gc,phases   ] GC(2)   Evacuate Collection Set: 9.9ms
[2022-05-30T02:44:18.638+0000][7][gc,phases   ] GC(2)   Post Evacuate Collection Set: 1.9ms
[2022-05-30T02:44:18.639+0000][7][gc,phases   ] GC(2)   Other: 1.6ms
[2022-05-30T02:44:18.640+0000][7][gc,age      ] GC(2) Age table with threshold 15 (max threshold 15)
[2022-05-30T02:44:18.640+0000][7][gc,age      ] GC(2) - age   1:    1358560 bytes,    1358560 total
[2022-05-30T02:44:18.641+0000][7][gc,age      ] GC(2) - age   2:    2052928 bytes,    3411488 total
[2022-05-30T02:44:18.642+0000][7][gc,heap     ] GC(2) Eden regions: 10->0(62)
[2022-05-30T02:44:18.642+0000][7][gc,heap     ] GC(2) Survivor regions: 1->1(2)
[2022-05-30T02:44:18.643+0000][7][gc,heap     ] GC(2) Old regions: 2->2
[2022-05-30T02:44:18.644+0000][7][gc,heap     ] GC(2) Archive regions: 2->2
[2022-05-30T02:44:18.644+0000][7][gc,heap     ] GC(2) Humongous regions: 0->0
[2022-05-30T02:44:18.645+0000][7][gc,metaspace] GC(2) Metaspace: 15101K(15424K)->15101K(15424K) NonClass: 13357K(13504K)->13357K(13504K) Class: 1744K(1920K)->1744K(1920K)
[2022-05-30T02:44:18.645+0000][7][gc          ] GC(2) Pause Young (Normal) (G1 Evacuation Pause) 50M->11M(512M) 24.460ms
[2022-05-30T02:44:18.646+0000][7][gc,cpu      ] GC(2) User=0.07s Sys=0.00s Real=0.03s
[2022-05-30T02:44:18.647+0000][7][safepoint   ] Safepoint "G1CollectForAllocation", Time since last: 993106637 ns, Reaching safepoint: 195453 ns, At safepoint: 25902669 ns, Total: 26098122 ns
[2022-05-30T02:44:19.849+0000][7][safepoint   ] Safepoint "Cleanup", Time since last: 1198840867 ns, Reaching safepoint: 2807270 ns, At safepoint: 28163 ns, Total: 2835433 ns
[2022-05-30T02:44:21.263+0000][7][safepoint   ] Safepoint "Cleanup", Time since last: 1413761440 ns, Reaching safepoint: 531343 ns, At safepoint: 55797 ns, Total: 587140 ns
[2022-05-30T02:44:21.772+0000][7][gc,start    ] GC(3) Pause Young (Concurrent Start) (Metadata GC Threshold)
[2022-05-30T02:44:21.777+0000][7][gc,task     ] GC(3) Using 8 workers of 8 for evacuation
[2022-05-30T02:44:21.778+0000][7][gc,age      ] GC(3) Desired survivor size 16777216 bytes, new threshold 15 (max threshold 15)
[2022-05-30T02:44:21.804+0000][7][gc,phases   ] GC(3)   Pre Evacuate Collection Set: 0.4ms
[2022-05-30T02:44:21.806+0000][7][gc,phases   ] GC(3)   Merge Heap Roots: 0.2ms
[2022-05-30T02:44:21.807+0000][7][gc,phases   ] GC(3)   Evacuate Collection Set: 19.5ms
[2022-05-30T02:44:21.812+0000][7][gc,phases   ] GC(3)   Post Evacuate Collection Set: 1.9ms
[2022-05-30T02:44:21.813+0000][7][gc,phases   ] GC(3)   Other: 4.2ms
[2022-05-30T02:44:21.814+0000][7][gc,age      ] GC(3) Age table with threshold 15 (max threshold 15)
[2022-05-30T02:44:21.815+0000][7][gc,age      ] GC(3) - age   1:    2907944 bytes,    2907944 total
[2022-05-30T02:44:21.816+0000][7][gc,age      ] GC(3) - age   2:    1253944 bytes,    4161888 total
[2022-05-30T02:44:21.816+0000][7][gc,age      ] GC(3) - age   3:    2036736 bytes,    6198624 total
[2022-05-30T02:44:21.817+0000][7][gc,heap     ] GC(3) Eden regions: 35->0(74)
[2022-05-30T02:44:21.818+0000][7][gc,heap     ] GC(3) Survivor regions: 1->2(8)
[2022-05-30T02:44:21.819+0000][7][gc,heap     ] GC(3) Old regions: 2->2
[2022-05-30T02:44:21.820+0000][7][gc,heap     ] GC(3) Archive regions: 2->2
[2022-05-30T02:44:21.821+0000][7][gc,heap     ] GC(3) Humongous regions: 0->0
[2022-05-30T02:44:21.822+0000][7][gc,metaspace] GC(3) Metaspace: 21128K(21504K)->21128K(21504K) NonClass: 18741K(18944K)->18741K(18944K) Class: 2387K(2560K)->2387K(2560K)
[2022-05-30T02:44:21.823+0000][7][gc          ] GC(3) Pause Young (Concurrent Start) (Metadata GC Threshold) 149M->14M(512M) 50.485ms
[2022-05-30T02:44:21.824+0000][7][gc,cpu      ] GC(3) User=0.06s Sys=0.01s Real=0.05s
[2022-05-30T02:44:21.824+0000][7][gc          ] GC(4) Concurrent Mark Cycle
[2022-05-30T02:44:21.827+0000][7][gc,marking  ] GC(4) Concurrent Clear Claimed Marks
[2022-05-30T02:44:21.828+0000][7][gc,marking  ] GC(4) Concurrent Clear Claimed Marks 0.895ms
[2022-05-30T02:44:21.828+0000][7][gc,marking  ] GC(4) Concurrent Scan Root Regions
[2022-05-30T02:44:21.825+0000][7][safepoint   ] Safepoint "CollectForMetadataAllocation", Time since last: 508999678 ns, Reaching safepoint: 584101 ns, At safepoint: 52322568 ns, Total: 52906669 ns
[2022-05-30T02:44:21.853+0000][7][gc,marking  ] GC(4) Concurrent Scan Root Regions 25.216ms
[2022-05-30T02:44:21.857+0000][7][gc,marking  ] GC(4) Concurrent Mark
[2022-05-30T02:44:21.859+0000][7][gc,marking  ] GC(4) Concurrent Mark From Roots
[2022-05-30T02:44:21.863+0000][7][gc,task     ] GC(4) Using 2 workers of 2 for marking
[2022-05-30T02:44:21.881+0000][7][gc,marking  ] GC(4) Concurrent Mark From Roots 22.850ms
[2022-05-30T02:44:21.886+0000][7][gc,marking  ] GC(4) Concurrent Preclean
[2022-05-30T02:44:21.887+0000][7][gc,marking  ] GC(4) Concurrent Preclean 0.804ms
[2022-05-30T02:44:21.888+0000][7][gc,start    ] GC(4) Pause Remark
[2022-05-30T02:44:21.899+0000][7][gc          ] GC(4) Pause Remark 20M->20M(512M) 10.989ms
[2022-05-30T02:44:21.901+0000][7][gc,cpu      ] GC(4) User=0.00s Sys=0.02s Real=0.01s
[2022-05-30T02:44:21.905+0000][7][safepoint   ] Safepoint "G1Concurrent", Time since last: 62884514 ns, Reaching safepoint: 310112 ns, At safepoint: 16649616 ns, Total: 16959728 ns
[2022-05-30T02:44:21.909+0000][7][gc,marking  ] GC(4) Concurrent Mark 52.773ms
[2022-05-30T02:44:21.912+0000][7][gc,marking  ] GC(4) Concurrent Rebuild Remembered Sets
[2022-05-30T02:44:21.934+0000][7][gc,marking  ] GC(4) Concurrent Rebuild Remembered Sets 22.584ms
[2022-05-30T02:44:21.936+0000][7][gc,start    ] GC(4) Pause Cleanup
[2022-05-30T02:44:21.937+0000][7][gc          ] GC(4) Pause Cleanup 24M->24M(512M) 0.922ms
[2022-05-30T02:44:21.938+0000][7][gc,cpu      ] GC(4) User=0.00s Sys=0.00s Real=0.00s
[2022-05-30T02:44:21.939+0000][7][safepoint   ] Safepoint "G1Concurrent", Time since last: 31257562 ns, Reaching safepoint: 223137 ns, At safepoint: 2406521 ns, Total: 2629658 ns
[2022-05-30T02:44:21.940+0000][7][gc,marking  ] GC(4) Concurrent Cleanup for Next Mark
[2022-05-30T02:44:21.952+0000][7][gc,marking  ] GC(4) Concurrent Cleanup for Next Mark 12.750ms
[2022-05-30T02:44:21.953+0000][7][gc          ] GC(4) Concurrent Mark Cycle 129.298ms
[2022-05-30T02:44:23.013+0000][7][safepoint   ] Safepoint "Cleanup", Time since last: 1073665265 ns, Reaching safepoint: 891635 ns, At safepoint: 18606 ns, Total: 910241 ns
[2022-05-30T02:44:24.017+0000][7][safepoint   ] Safepoint "Cleanup", Time since last: 1003449048 ns, Reaching safepoint: 300377 ns, At safepoint: 22393 ns, Total: 322770 ns
[2022-05-30T02:44:25.031+0000][7][safepoint   ] Safepoint "Cleanup", Time since last: 1005336391 ns, Reaching safepoint: 10163538 ns, At safepoint: 23705 ns, Total: 10187243 ns
[2022-05-30T02:44:26.034+0000][7][safepoint   ] Safepoint "Cleanup", Time since last: 1003016998 ns, Reaching safepoint: 270135 ns, At safepoint: 42642 ns, Total: 312777 ns
[2022-05-30T02:44:26.286+0000][7][gc,start    ] GC(5) Pause Young (Normal) (G1 Evacuation Pause)
[2022-05-30T02:44:26.287+0000][7][gc,task     ] GC(5) Using 8 workers of 8 for evacuation
[2022-05-30T02:44:26.291+0000][7][gc,age      ] GC(5) Desired survivor size 20971520 bytes, new threshold 15 (max threshold 15)
[2022-05-30T02:44:26.326+0000][7][gc,phases   ] GC(5)   Pre Evacuate Collection Set: 0.1ms
[2022-05-30T02:44:26.326+0000][7][gc,phases   ] GC(5)   Merge Heap Roots: 0.1ms
[2022-05-30T02:44:26.327+0000][7][gc,phases   ] GC(5)   Evacuate Collection Set: 29.6ms
[2022-05-30T02:44:26.327+0000][7][gc,phases   ] GC(5)   Post Evacuate Collection Set: 3.3ms
[2022-05-30T02:44:26.328+0000][7][gc,phases   ] GC(5)   Other: 5.4ms
[2022-05-30T02:44:26.329+0000][7][gc,age      ] GC(5) Age table with threshold 15 (max threshold 15)
[2022-05-30T02:44:26.329+0000][7][gc,age      ] GC(5) - age   1:    6464080 bytes,    6464080 total
[2022-05-30T02:44:26.330+0000][7][gc,age      ] GC(5) - age   2:    2889024 bytes,    9353104 total
[2022-05-30T02:44:26.331+0000][7][gc,age      ] GC(5) - age   3:    1250968 bytes,   10604072 total
[2022-05-30T02:44:26.332+0000][7][gc,age      ] GC(5) - age   4:    2035880 bytes,   12639952 total
[2022-05-30T02:44:26.333+0000][7][gc,heap     ] GC(5) Eden regions: 74->0(72)
[2022-05-30T02:44:26.334+0000][7][gc,heap     ] GC(5) Survivor regions: 2->4(10)
[2022-05-30T02:44:26.336+0000][7][gc,heap     ] GC(5) Old regions: 2->2
[2022-05-30T02:44:26.340+0000][7][gc,heap     ] GC(5) Archive regions: 2->2
[2022-05-30T02:44:26.342+0000][7][gc,heap     ] GC(5) Humongous regions: 0->0
[2022-05-30T02:44:26.342+0000][7][gc,metaspace] GC(5) Metaspace: 23836K(24384K)->23836K(24384K) NonClass: 21058K(21376K)->21058K(21376K) Class: 2778K(3008K)->2778K(3008K)
[2022-05-30T02:44:26.343+0000][7][gc          ] GC(5) Pause Young (Normal) (G1 Evacuation Pause) 310M->20M(512M) 56.979ms
[2022-05-30T02:44:26.344+0000][7][gc,cpu      ] GC(5) User=0.09s Sys=0.00s Real=0.06s
[2022-05-30T02:44:26.344+0000][7][safepoint   ] Safepoint "G1CollectForAllocation", Time since last: 251832135 ns, Reaching safepoint: 159885 ns, At safepoint: 58196379 ns, Total: 58356264 ns
[2022-05-30T02:44:28.231+0000][7][safepoint   ] Safepoint "Cleanup", Time since last: 1882268533 ns, Reaching safepoint: 4356687 ns, At safepoint: 61197 ns, Total: 4417884 ns
[2022-05-30T02:44:28.984+0000][7][gc,start    ] GC(6) Pause Young (Normal) (G1 Evacuation Pause)
[2022-05-30T02:44:28.985+0000][7][gc,task     ] GC(6) Using 8 workers of 8 for evacuation
[2022-05-30T02:44:28.986+0000][7][gc,age      ] GC(6) Desired survivor size 20971520 bytes, new threshold 15 (max threshold 15)
[2022-05-30T02:44:29.019+0000][7][gc,phases   ] GC(6)   Pre Evacuate Collection Set: 0.2ms
[2022-05-30T02:44:29.019+0000][7][gc,phases   ] GC(6)   Merge Heap Roots: 0.1ms
[2022-05-30T02:44:29.020+0000][7][gc,phases   ] GC(6)   Evacuate Collection Set: 29.5ms
[2022-05-30T02:44:29.021+0000][7][gc,phases   ] GC(6)   Post Evacuate Collection Set: 2.2ms
[2022-05-30T02:44:29.022+0000][7][gc,phases   ] GC(6)   Other: 1.3ms
[2022-05-30T02:44:29.022+0000][7][gc,age      ] GC(6) Age table with threshold 15 (max threshold 15)
[2022-05-30T02:44:29.023+0000][7][gc,age      ] GC(6) - age   1:    3412856 bytes,    3412856 total
[2022-05-30T02:44:29.024+0000][7][gc,age      ] GC(6) - age   2:    5717760 bytes,    9130616 total
[2022-05-30T02:44:29.025+0000][7][gc,age      ] GC(6) - age   3:    2884496 bytes,   12015112 total
[2022-05-30T02:44:29.025+0000][7][gc,age      ] GC(6) - age   4:    1230744 bytes,   13245856 total
[2022-05-30T02:44:29.026+0000][7][gc,age      ] GC(6) - age   5:    2033600 bytes,   15279456 total
[2022-05-30T02:44:29.027+0000][7][gc,heap     ] GC(6) Eden regions: 72->0(72)
[2022-05-30T02:44:29.027+0000][7][gc,heap     ] GC(6) Survivor regions: 4->4(10)
[2022-05-30T02:44:29.028+0000][7][gc,heap     ] GC(6) Old regions: 2->2
[2022-05-30T02:44:29.029+0000][7][gc,heap     ] GC(6) Archive regions: 2->2
[2022-05-30T02:44:29.029+0000][7][gc,heap     ] GC(6) Humongous regions: 0->0
[2022-05-30T02:44:29.030+0000][7][gc,metaspace] GC(6) Metaspace: 29549K(30208K)->29549K(30208K) NonClass: 26128K(26496K)->26128K(26496K) Class: 3421K(3712K)->3421K(3712K)
[2022-05-30T02:44:29.030+0000][7][gc          ] GC(6) Pause Young (Normal) (G1 Evacuation Pause) 308M->23M(512M) 45.866ms
[2022-05-30T02:44:29.031+0000][7][gc,cpu      ] GC(6) User=0.06s Sys=0.00s Real=0.05s
[2022-05-30T02:44:29.032+0000][7][safepoint   ] Safepoint "G1CollectForAllocation", Time since last: 753157594 ns, Reaching safepoint: 406831 ns, At safepoint: 47591392 ns, Total: 47998223 ns
[2022-05-30T02:44:30.034+0000][7][safepoint   ] Safepoint "Cleanup", Time since last: 1001047639 ns, Reaching safepoint: 392569 ns, At safepoint: 99079 ns, Total: 491648 ns
[2022-05-30T02:44:30.749+0000][7][gc,start    ] GC(7) Pause Young (Normal) (G1 Evacuation Pause)
[2022-05-30T02:44:30.750+0000][7][gc,task     ] GC(7) Using 8 workers of 8 for evacuation
[2022-05-30T02:44:30.751+0000][7][gc,age      ] GC(7) Desired survivor size 20971520 bytes, new threshold 15 (max threshold 15)
[2022-05-30T02:44:30.769+0000][7][gc,phases   ] GC(7)   Pre Evacuate Collection Set: 0.4ms
[2022-05-30T02:44:30.770+0000][7][gc,phases   ] GC(7)   Merge Heap Roots: 0.3ms
[2022-05-30T02:44:30.770+0000][7][gc,phases   ] GC(7)   Evacuate Collection Set: 14.7ms
[2022-05-30T02:44:30.771+0000][7][gc,phases   ] GC(7)   Post Evacuate Collection Set: 2.6ms
[2022-05-30T02:44:30.771+0000][7][gc,phases   ] GC(7)   Other: 1.1ms
[2022-05-30T02:44:30.776+0000][7][gc,age      ] GC(7) Age table with threshold 15 (max threshold 15)
[2022-05-30T02:44:30.777+0000][7][gc,age      ] GC(7) - age   1:    4560416 bytes,    4560416 total
[2022-05-30T02:44:30.778+0000][7][gc,age      ] GC(7) - age   2:    3172656 bytes,    7733072 total
[2022-05-30T02:44:30.778+0000][7][gc,age      ] GC(7) - age   3:    5715688 bytes,   13448760 total
[2022-05-30T02:44:30.779+0000][7][gc,age      ] GC(7) - age   4:    2862480 bytes,   16311240 total
[2022-05-30T02:44:30.779+0000][7][gc,age      ] GC(7) - age   5:    1228808 bytes,   17540048 total
[2022-05-30T02:44:30.780+0000][7][gc,age      ] GC(7) - age   6:    2028000 bytes,   19568048 total
[2022-05-30T02:44:30.780+0000][7][gc,heap     ] GC(7) Eden regions: 72->0(71)
[2022-05-30T02:44:30.780+0000][7][gc,heap     ] GC(7) Survivor regions: 4->5(10)
[2022-05-30T02:44:30.781+0000][7][gc,heap     ] GC(7) Old regions: 2->2
[2022-05-30T02:44:30.782+0000][7][gc,heap     ] GC(7) Archive regions: 2->2
[2022-05-30T02:44:30.782+0000][7][gc,heap     ] GC(7) Humongous regions: 0->0
[2022-05-30T02:44:30.783+0000][7][gc,metaspace] GC(7) Metaspace: 31146K(31872K)->31146K(31872K) NonClass: 27508K(27968K)->27508K(27968K) Class: 3637K(3904K)->3637K(3904K)
[2022-05-30T02:44:30.783+0000][7][gc          ] GC(7) Pause Young (Normal) (G1 Evacuation Pause) 311M->28M(512M) 34.081ms
[2022-05-30T02:44:30.784+0000][7][gc,cpu      ] GC(7) User=0.06s Sys=0.01s Real=0.04s
[2022-05-30T02:44:30.785+0000][7][safepoint   ] Safepoint "G1CollectForAllocation", Time since last: 715427364 ns, Reaching safepoint: 336442 ns, At safepoint: 35733835 ns, Total: 36070277 ns
[2022-05-30T02:44:32.548+0000][7][safepoint   ] Safepoint "Cleanup", Time since last: 1762900263 ns, Reaching safepoint: 387029 ns, At safepoint: 14948 ns, Total: 401977 ns
[2022-05-30T02:44:33.556+0000][7][safepoint   ] Safepoint "Cleanup", Time since last: 1007089141 ns, Reaching safepoint: 143745 ns, At safepoint: 5931 ns, Total: 149676 ns
[2022-05-30T02:44:36.743+0000][7][safepoint   ] Safepoint "Cleanup", Time since last: 3187015291 ns, Reaching safepoint: 159304 ns, At safepoint: 4979 ns, Total: 164283 ns
[2022-05-30T02:44:37.948+0000][7][safepoint   ] Safepoint "Cleanup", Time since last: 1205333403 ns, Reaching safepoint: 219474 ns, At safepoint: 5250 ns, Total: 224724 ns
[2022-05-30T02:44:38.405+0000][7][gc,start    ] GC(8) Pause Young (Concurrent Start) (Metadata GC Threshold)
[2022-05-30T02:44:38.406+0000][7][gc,task     ] GC(8) Using 8 workers of 8 for evacuation
[2022-05-30T02:44:38.407+0000][7][gc,age      ] GC(8) Desired survivor size 20971520 bytes, new threshold 15 (max threshold 15)
[2022-05-30T02:44:38.440+0000][7][gc,phases   ] GC(8)   Pre Evacuate Collection Set: 0.3ms
[2022-05-30T02:44:38.441+0000][7][gc,phases   ] GC(8)   Merge Heap Roots: 0.1ms
[2022-05-30T02:44:38.442+0000][7][gc,phases   ] GC(8)   Evacuate Collection Set: 26.7ms
[2022-05-30T02:44:38.443+0000][7][gc,phases   ] GC(8)   Post Evacuate Collection Set: 4.4ms
[2022-05-30T02:44:38.444+0000][7][gc,phases   ] GC(8)   Other: 1.7ms
[2022-05-30T02:44:38.444+0000][7][gc,age      ] GC(8) Age table with threshold 15 (max threshold 15)
[2022-05-30T02:44:38.445+0000][7][gc,age      ] GC(8) - age   1:    1735432 bytes,    1735432 total
[2022-05-30T02:44:38.445+0000][7][gc,age      ] GC(8) - age   2:    2875264 bytes,    4610696 total
[2022-05-30T02:44:38.446+0000][7][gc,age      ] GC(8) - age   3:    3159928 bytes,    7770624 total
[2022-05-30T02:44:38.446+0000][7][gc,age      ] GC(8) - age   4:    5699992 bytes,   13470616 total
[2022-05-30T02:44:38.447+0000][7][gc,age      ] GC(8) - age   5:    2795112 bytes,   16265728 total
[2022-05-30T02:44:38.447+0000][7][gc,age      ] GC(8) - age   6:    1218888 bytes,   17484616 total
[2022-05-30T02:44:38.448+0000][7][gc,age      ] GC(8) - age   7:    2017600 bytes,   19502216 total
[2022-05-30T02:44:38.448+0000][7][gc,heap     ] GC(8) Eden regions: 34->0(71)
[2022-05-30T02:44:38.449+0000][7][gc,heap     ] GC(8) Survivor regions: 5->5(10)
[2022-05-30T02:44:38.449+0000][7][gc,heap     ] GC(8) Old regions: 2->2
[2022-05-30T02:44:38.450+0000][7][gc,heap     ] GC(8) Archive regions: 2->2
[2022-05-30T02:44:38.450+0000][7][gc,heap     ] GC(8) Humongous regions: 0->0
[2022-05-30T02:44:38.450+0000][7][gc,metaspace] GC(8) Metaspace: 35134K(35968K)->35134K(35968K) NonClass: 31002K(31488K)->31002K(31488K) Class: 4132K(4480K)->4132K(4480K)
[2022-05-30T02:44:38.451+0000][7][gc          ] GC(8) Pause Young (Concurrent Start) (Metadata GC Threshold) 164M->28M(512M) 45.665ms
[2022-05-30T02:44:38.452+0000][7][gc,cpu      ] GC(8) User=0.10s Sys=0.00s Real=0.05s
[2022-05-30T02:44:38.452+0000][7][gc          ] GC(9) Concurrent Mark Cycle
[2022-05-30T02:44:38.453+0000][7][gc,marking  ] GC(9) Concurrent Clear Claimed Marks
[2022-05-30T02:44:38.454+0000][7][gc,marking  ] GC(9) Concurrent Clear Claimed Marks 0.809ms
[2022-05-30T02:44:38.456+0000][7][gc,marking  ] GC(9) Concurrent Scan Root Regions
[2022-05-30T02:44:38.453+0000][7][safepoint   ] Safepoint "CollectForMetadataAllocation", Time since last: 456871074 ns, Reaching safepoint: 197437 ns, At safepoint: 47422116 ns, Total: 47619553 ns
[2022-05-30T02:44:38.466+0000][7][gc,marking  ] GC(9) Concurrent Scan Root Regions 10.465ms
[2022-05-30T02:44:38.467+0000][7][gc,marking  ] GC(9) Concurrent Mark
[2022-05-30T02:44:38.468+0000][7][gc,marking  ] GC(9) Concurrent Mark From Roots
[2022-05-30T02:44:38.468+0000][7][gc,task     ] GC(9) Using 2 workers of 2 for marking
[2022-05-30T02:44:38.489+0000][7][gc,marking  ] GC(9) Concurrent Mark From Roots 21.064ms
[2022-05-30T02:44:38.490+0000][7][gc,marking  ] GC(9) Concurrent Preclean
[2022-05-30T02:44:38.491+0000][7][gc,marking  ] GC(9) Concurrent Preclean 1.770ms
[2022-05-30T02:44:38.493+0000][7][gc,start    ] GC(9) Pause Remark
[2022-05-30T02:44:38.513+0000][7][gc          ] GC(9) Pause Remark 30M->30M(512M) 19.821ms
[2022-05-30T02:44:38.521+0000][7][gc,cpu      ] GC(9) User=0.06s Sys=0.01s Real=0.03s
[2022-05-30T02:44:38.521+0000][7][safepoint   ] Safepoint "G1Concurrent", Time since last: 39307738 ns, Reaching safepoint: 870632 ns, At safepoint: 28310176 ns, Total: 29180808 ns
[2022-05-30T02:44:38.522+0000][7][gc,marking  ] GC(9) Concurrent Mark 54.794ms
[2022-05-30T02:44:38.523+0000][7][gc,marking  ] GC(9) Concurrent Rebuild Remembered Sets
[2022-05-30T02:44:38.529+0000][7][gc,marking  ] GC(9) Concurrent Rebuild Remembered Sets 6.285ms
[2022-05-30T02:44:38.530+0000][7][gc,start    ] GC(9) Pause Cleanup
[2022-05-30T02:44:38.531+0000][7][gc          ] GC(9) Pause Cleanup 30M->30M(512M) 1.034ms
[2022-05-30T02:44:38.532+0000][7][gc,cpu      ] GC(9) User=0.00s Sys=0.01s Real=0.01s
[2022-05-30T02:44:38.534+0000][7][safepoint   ] Safepoint "G1Concurrent", Time since last: 8603798 ns, Reaching safepoint: 271323 ns, At safepoint: 3611926 ns, Total: 3883249 ns
[2022-05-30T02:44:38.535+0000][7][gc,marking  ] GC(9) Concurrent Cleanup for Next Mark
[2022-05-30T02:44:38.553+0000][7][gc,marking  ] GC(9) Concurrent Cleanup for Next Mark 18.068ms
[2022-05-30T02:44:38.558+0000][7][gc          ] GC(9) Concurrent Mark Cycle 106.117ms
[2022-05-30T02:44:39.539+0000][7][safepoint   ] Safepoint "Cleanup", Time since last: 1004055980 ns, Reaching safepoint: 756786 ns, At safepoint: 15459 ns, Total: 772245 ns
[2022-05-30T02:44:41.366+0000][7][safepoint   ] Safepoint "Cleanup", Time since last: 1826865862 ns, Reaching safepoint: 492791 ns, At safepoint: 19136 ns, Total: 511927 ns
[2022-05-30T02:44:42.367+0000][7][safepoint   ] Safepoint "Cleanup", Time since last: 1000790581 ns, Reaching safepoint: 397005 ns, At safepoint: 15730 ns, Total: 412735 ns
[2022-05-30T02:44:43.395+0000][7][safepoint   ] Safepoint "Cleanup", Time since last: 1013983603 ns, Reaching safepoint: 13456718 ns, At safepoint: 30087 ns, Total: 13486805 ns
[2022-05-30T02:44:44.401+0000][7][safepoint   ] Safepoint "Cleanup", Time since last: 1005891375 ns, Reaching safepoint: 577628 ns, At safepoint: 22292 ns, Total: 599920 ns
[2022-05-30T02:44:45.403+0000][7][safepoint   ] Safepoint "Cleanup", Time since last: 1001420194 ns, Reaching safepoint: 397068 ns, At safepoint: 92166 ns, Total: 489234 ns
[2022-05-30T02:44:46.411+0000][7][safepoint   ] Safepoint "Cleanup", Time since last: 1007494398 ns, Reaching safepoint: 591508 ns, At safepoint: 12494 ns, Total: 604002 ns
[2022-05-30T02:44:48.385+0000][7][safepoint   ] Safepoint "Cleanup", Time since last: 1973808517 ns, Reaching safepoint: 274864 ns, At safepoint: 4489 ns, Total: 279353 ns
[2022-05-30T02:44:49.398+0000][7][safepoint   ] Safepoint "Cleanup", Time since last: 1006596944 ns, Reaching safepoint: 6160206 ns, At safepoint: 53392 ns, Total: 6213598 ns
[2022-05-30T02:44:49.472+0000][7][gc,start    ] GC(10) Pause Young (Normal) (G1 Evacuation Pause)
[2022-05-30T02:44:49.473+0000][7][gc,task     ] GC(10) Using 8 workers of 8 for evacuation
[2022-05-30T02:44:49.475+0000][7][gc,age      ] GC(10) Desired survivor size 20971520 bytes, new threshold 15 (max threshold 15)
[2022-05-30T02:44:49.564+0000][7][gc,phases   ] GC(10)   Pre Evacuate Collection Set: 0.1ms
[2022-05-30T02:44:49.566+0000][7][gc,phases   ] GC(10)   Merge Heap Roots: 4.4ms
[2022-05-30T02:44:49.567+0000][7][gc,phases   ] GC(10)   Evacuate Collection Set: 69.8ms
[2022-05-30T02:44:49.567+0000][7][gc,phases   ] GC(10)   Post Evacuate Collection Set: 13.7ms
[2022-05-30T02:44:49.569+0000][7][gc,phases   ] GC(10)   Other: 3.2ms
[2022-05-30T02:44:49.572+0000][7][gc,age      ] GC(10) Age table with threshold 15 (max threshold 15)
[2022-05-30T02:44:49.575+0000][7][gc,age      ] GC(10) - age   1:   20028624 bytes,   20028624 total
[2022-05-30T02:44:49.576+0000][7][gc,age      ] GC(10) - age   2:    1640680 bytes,   21669304 total
[2022-05-30T02:44:49.577+0000][7][gc,age      ] GC(10) - age   3:    2861752 bytes,   24531056 total
[2022-05-30T02:44:49.578+0000][7][gc,age      ] GC(10) - age   4:    3148296 bytes,   27679352 total
[2022-05-30T02:44:49.579+0000][7][gc,age      ] GC(10) - age   5:    5684792 bytes,   33364144 total
[2022-05-30T02:44:49.581+0000][7][gc,age      ] GC(10) - age   6:    2791800 bytes,   36155944 total
[2022-05-30T02:44:49.582+0000][7][gc,age      ] GC(10) - age   7:    1210768 bytes,   37366712 total
[2022-05-30T02:44:49.583+0000][7][gc,age      ] GC(10) - age   8:    2013168 bytes,   39379880 total
[2022-05-30T02:44:49.584+0000][7][gc,heap     ] GC(10) Eden regions: 71->0(66)
[2022-05-30T02:44:49.585+0000][7][gc,heap     ] GC(10) Survivor regions: 5->10(10)
[2022-05-30T02:44:49.586+0000][7][gc,heap     ] GC(10) Old regions: 2->2
[2022-05-30T02:44:49.586+0000][7][gc,heap     ] GC(10) Archive regions: 2->2
[2022-05-30T02:44:49.587+0000][7][gc,heap     ] GC(10) Humongous regions: 0->0
[2022-05-30T02:44:49.587+0000][7][gc,metaspace] GC(10) Metaspace: 47397K(48640K)->47397K(48640K) NonClass: 41520K(42176K)->41520K(42176K) Class: 5876K(6464K)->5876K(6464K)
[2022-05-30T02:44:49.588+0000][7][gc          ] GC(10) Pause Young (Normal) (G1 Evacuation Pause) 312M->47M(512M) 115.777ms
[2022-05-30T02:44:49.591+0000][7][gc,cpu      ] GC(10) User=0.22s Sys=0.02s Real=0.12s
[2022-05-30T02:44:49.607+0000][7][safepoint   ] Safepoint "G1CollectForAllocation", Time since last: 73955562 ns, Reaching safepoint: 163682 ns, At safepoint: 134830192 ns, Total: 134993874 ns
[2022-05-30T02:44:50.622+0000][7][safepoint   ] Safepoint "Cleanup", Time since last: 1003458390 ns, Reaching safepoint: 11239277 ns, At safepoint: 103698 ns, Total: 11342975 ns
[2022-05-30T02:44:52.378+0000][7][safepoint   ] Safepoint "Cleanup", Time since last: 1755072712 ns, Reaching safepoint: 557675 ns, At safepoint: 48031 ns, Total: 605706 ns
[2022-05-30T02:44:53.379+0000][7][safepoint   ] Safepoint "Cleanup", Time since last: 1000965330 ns, Reaching safepoint: 287399 ns, At safepoint: 12153 ns, Total: 299552 ns
[2022-05-30T02:44:53.752+0000][7][gc,start    ] GC(11) Pause Young (Concurrent Start) (Metadata GC Threshold)
[2022-05-30T02:44:53.754+0000][7][gc,task     ] GC(11) Using 8 workers of 8 for evacuation
[2022-05-30T02:44:53.754+0000][7][gc,age      ] GC(11) Desired survivor size 20971520 bytes, new threshold 2 (max threshold 15)
[2022-05-30T02:44:53.835+0000][7][gc,phases   ] GC(11)   Pre Evacuate Collection Set: 0.4ms
[2022-05-30T02:44:53.835+0000][7][gc,phases   ] GC(11)   Merge Heap Roots: 0.4ms
[2022-05-30T02:44:53.836+0000][7][gc,phases   ] GC(11)   Evacuate Collection Set: 73.4ms
[2022-05-30T02:44:53.837+0000][7][gc,phases   ] GC(11)   Post Evacuate Collection Set: 5.0ms
[2022-05-30T02:44:53.837+0000][7][gc,phases   ] GC(11)   Other: 1.7ms
[2022-05-30T02:44:53.838+0000][7][gc,age      ] GC(11) Age table with threshold 2 (max threshold 15)
[2022-05-30T02:44:53.838+0000][7][gc,age      ] GC(11) - age   1:    4671096 bytes,    4671096 total
[2022-05-30T02:44:53.839+0000][7][gc,age      ] GC(11) - age   2:   19737856 bytes,   24408952 total
[2022-05-30T02:44:53.842+0000][7][gc,heap     ] GC(11) Eden regions: 29->0(69)
[2022-05-30T02:44:53.845+0000][7][gc,heap     ] GC(11) Survivor regions: 10->7(10)
[2022-05-30T02:44:53.846+0000][7][gc,heap     ] GC(11) Old regions: 2->6
[2022-05-30T02:44:53.846+0000][7][gc,heap     ] GC(11) Archive regions: 2->2
[2022-05-30T02:44:53.847+0000][7][gc,heap     ] GC(11) Humongous regions: 0->0
[2022-05-30T02:44:53.848+0000][7][gc,metaspace] GC(11) Metaspace: 58658K(60096K)->58658K(60096K) NonClass: 51088K(51904K)->51088K(51904K) Class: 7570K(8192K)->7570K(8192K)
[2022-05-30T02:44:53.853+0000][7][gc          ] GC(11) Pause Young (Concurrent Start) (Metadata GC Threshold) 163M->52M(512M) 100.047ms
[2022-05-30T02:44:53.854+0000][7][gc          ] GC(12) Concurrent Mark Cycle
[2022-05-30T02:44:53.854+0000][7][gc,cpu      ] GC(11) User=0.25s Sys=0.00s Real=0.10s
[2022-05-30T02:44:53.855+0000][7][gc,marking  ] GC(12) Concurrent Clear Claimed Marks
[2022-05-30T02:44:53.856+0000][7][safepoint   ] Safepoint "CollectForMetadataAllocation", Time since last: 373350500 ns, Reaching safepoint: 289202 ns, At safepoint: 103326036 ns, Total: 103615238 ns
[2022-05-30T02:44:53.857+0000][7][gc,marking  ] GC(12) Concurrent Clear Claimed Marks 1.937ms
[2022-05-30T02:44:53.870+0000][7][gc,marking  ] GC(12) Concurrent Scan Root Regions
[2022-05-30T02:44:53.913+0000][7][gc,marking  ] GC(12) Concurrent Scan Root Regions 42.718ms
[2022-05-30T02:44:53.915+0000][7][gc,marking  ] GC(12) Concurrent Mark
[2022-05-30T02:44:53.915+0000][7][gc,marking  ] GC(12) Concurrent Mark From Roots
[2022-05-30T02:44:53.916+0000][7][gc,task     ] GC(12) Using 2 workers of 2 for marking
[2022-05-30T02:44:53.942+0000][7][gc,marking  ] GC(12) Concurrent Mark From Roots 26.735ms
[2022-05-30T02:44:53.944+0000][7][gc,marking  ] GC(12) Concurrent Preclean
[2022-05-30T02:44:53.945+0000][7][gc,marking  ] GC(12) Concurrent Preclean 1.089ms
[2022-05-30T02:44:53.951+0000][7][gc,start    ] GC(12) Pause Remark
[2022-05-30T02:44:53.967+0000][7][gc          ] GC(12) Pause Remark 54M->54M(512M) 15.817ms
[2022-05-30T02:44:53.967+0000][7][gc,cpu      ] GC(12) User=0.02s Sys=0.00s Real=0.01s
[2022-05-30T02:44:53.968+0000][7][safepoint   ] Safepoint "G1Concurrent", Time since last: 94724500 ns, Reaching safepoint: 272912 ns, At safepoint: 17321215 ns, Total: 17594127 ns
[2022-05-30T02:44:53.972+0000][7][gc,marking  ] GC(12) Concurrent Mark 57.251ms
[2022-05-30T02:44:53.973+0000][7][gc,marking  ] GC(12) Concurrent Rebuild Remembered Sets
[2022-05-30T02:44:53.993+0000][7][gc,marking  ] GC(12) Concurrent Rebuild Remembered Sets 19.707ms
[2022-05-30T02:44:53.995+0000][7][gc,start    ] GC(12) Pause Cleanup
[2022-05-30T02:44:53.996+0000][7][gc          ] GC(12) Pause Cleanup 54M->54M(512M) 0.948ms
[2022-05-30T02:44:53.996+0000][7][gc,cpu      ] GC(12) User=0.00s Sys=0.00s Real=0.00s
[2022-05-30T02:44:53.997+0000][7][safepoint   ] Safepoint "G1Concurrent", Time since last: 26305182 ns, Reaching safepoint: 240678 ns, At safepoint: 2330379 ns, Total: 2571057 ns
[2022-05-30T02:44:53.998+0000][7][gc,marking  ] GC(12) Concurrent Cleanup for Next Mark
[2022-05-30T02:44:54.006+0000][7][gc,marking  ] GC(12) Concurrent Cleanup for Next Mark 7.882ms
[2022-05-30T02:44:54.006+0000][7][gc          ] GC(12) Concurrent Mark Cycle 152.611ms
[2022-05-30T02:44:55.001+0000][7][safepoint   ] Safepoint "Cleanup", Time since last: 1000814744 ns, Reaching safepoint: 967316 ns, At safepoint: 29055 ns, Total: 996371 ns
[2022-05-30T02:44:56.011+0000][7][safepoint   ] Safepoint "Cleanup", Time since last: 1003121524 ns, Reaching safepoint: 7017490 ns, At safepoint: 22433 ns, Total: 7039923 ns
[2022-05-30T02:44:58.019+0000][7][safepoint   ] Safepoint "Cleanup", Time since last: 2007441141 ns, Reaching safepoint: 754581 ns, At safepoint: 95392 ns, Total: 849973 ns
[2022-05-30T02:44:59.021+0000][7][safepoint   ] Safepoint "Cleanup", Time since last: 1000822203 ns, Reaching safepoint: 332285 ns, At safepoint: 50316 ns, Total: 382601 ns
[2022-05-30T02:45:00.026+0000][7][safepoint   ] Safepoint "Cleanup", Time since last: 1005089654 ns, Reaching safepoint: 280756 ns, At safepoint: 13536 ns, Total: 294292 ns
[2022-05-30T02:45:01.399+0000][7][safepoint   ] Safepoint "Cleanup", Time since last: 1372264597 ns, Reaching safepoint: 562143 ns, At safepoint: 46228 ns, Total: 608371 ns
[2022-05-30T02:45:02.627+0000][7][safepoint   ] Safepoint "Cleanup", Time since last: 1226953844 ns, Reaching safepoint: 1101012 ns, At safepoint: 54654 ns, Total: 1155666 ns
[2022-05-30T02:45:03.635+0000][7][safepoint   ] Safepoint "Cleanup", Time since last: 1005706513 ns, Reaching safepoint: 2571231 ns, At safepoint: 17263 ns, Total: 2588494 ns
[2022-05-30T02:45:04.251+0000][7][gc,start    ] GC(13) Pause Young (Normal) (G1 Evacuation Pause)
[2022-05-30T02:45:04.252+0000][7][gc,task     ] GC(13) Using 8 workers of 8 for evacuation
[2022-05-30T02:45:04.253+0000][7][gc,age      ] GC(13) Desired survivor size 20971520 bytes, new threshold 2 (max threshold 15)
[2022-05-30T02:45:04.336+0000][7][gc,phases   ] GC(13)   Pre Evacuate Collection Set: 0.4ms
[2022-05-30T02:45:04.337+0000][7][gc,phases   ] GC(13)   Merge Heap Roots: 0.5ms
[2022-05-30T02:45:04.338+0000][7][gc,phases   ] GC(13)   Evacuate Collection Set: 73.2ms
[2022-05-30T02:45:04.338+0000][7][gc,phases   ] GC(13)   Post Evacuate Collection Set: 7.6ms
[2022-05-30T02:45:04.339+0000][7][gc,phases   ] GC(13)   Other: 2.5ms
[2022-05-30T02:45:04.339+0000][7][gc,age      ] GC(13) Age table with threshold 2 (max threshold 15)
[2022-05-30T02:45:04.340+0000][7][gc,age      ] GC(13) - age   1:    6147848 bytes,    6147848 total
[2022-05-30T02:45:04.341+0000][7][gc,age      ] GC(13) - age   2:    4455576 bytes,   10603424 total
[2022-05-30T02:45:04.342+0000][7][gc,heap     ] GC(13) Eden regions: 69->0(72)
[2022-05-30T02:45:04.343+0000][7][gc,heap     ] GC(13) Survivor regions: 7->4(10)
[2022-05-30T02:45:04.345+0000][7][gc,heap     ] GC(13) Old regions: 6->11
[2022-05-30T02:45:04.345+0000][7][gc,heap     ] GC(13) Archive regions: 2->2
[2022-05-30T02:45:04.347+0000][7][gc,heap     ] GC(13) Humongous regions: 0->0
[2022-05-30T02:45:04.348+0000][7][gc,metaspace] GC(13) Metaspace: 70334K(71872K)->70334K(71872K) NonClass: 61181K(62080K)->61181K(62080K) Class: 9153K(9792K)->9153K(9792K)
[2022-05-30T02:45:04.348+0000][7][gc          ] GC(13) Pause Young (Normal) (G1 Evacuation Pause) 328M->58M(512M) 97.421ms
[2022-05-30T02:45:04.349+0000][7][gc,cpu      ] GC(13) User=0.37s Sys=0.00s Real=0.10s
[2022-05-30T02:45:04.351+0000][7][safepoint   ] Safepoint "G1CollectForAllocation", Time since last: 615614803 ns, Reaching safepoint: 163803 ns, At safepoint: 99681449 ns, Total: 99845252 ns
[2022-05-30T02:45:05.517+0000][7][safepoint   ] Safepoint "Cleanup", Time since last: 1163291303 ns, Reaching safepoint: 2887937 ns, At safepoint: 57990 ns, Total: 2945927 ns
[2022-05-30T02:45:06.812+0000][7][safepoint   ] Safepoint "Cleanup", Time since last: 1292164109 ns, Reaching safepoint: 2388831 ns, At safepoint: 32913 ns, Total: 2421744 ns
[2022-05-30T02:45:07.823+0000][7][safepoint   ] Safepoint "Cleanup", Time since last: 1002065158 ns, Reaching safepoint: 9646176 ns, At safepoint: 62039 ns, Total: 9708215 ns
[2022-05-30T02:45:08.828+0000][7][safepoint   ] Safepoint "Cleanup", Time since last: 1004262848 ns, Reaching safepoint: 414692 ns, At safepoint: 46068 ns, Total: 460760 ns
[2022-05-30T02:45:09.830+0000][7][safepoint   ] Safepoint "Cleanup", Time since last: 1001021294 ns, Reaching safepoint: 1010158 ns, At safepoint: 69273 ns, Total: 1079431 ns
[2022-05-30T02:45:10.832+0000][7][safepoint   ] Safepoint "Cleanup", Time since last: 1001058469 ns, Reaching safepoint: 568636 ns, At safepoint: 55726 ns, Total: 624362 ns
[2022-05-30T02:45:12.077+0000][7][safepoint   ] Safepoint "Cleanup", Time since last: 1244893139 ns, Reaching safepoint: 421841 ns, At safepoint: 44675 ns, Total: 466516 ns
[2022-05-30T02:45:13.465+0000][7][safepoint   ] Safepoint "Cleanup", Time since last: 1383651489 ns, Reaching safepoint: 4180964 ns, At safepoint: 100742 ns, Total: 4281706 ns
[2022-05-30T02:45:14.468+0000][7][safepoint   ] Safepoint "Cleanup", Time since last: 1002079970 ns, Reaching safepoint: 316769 ns, At safepoint: 13406 ns, Total: 330175 ns
[2022-05-30T02:45:15.469+0000][7][safepoint   ] Safepoint "Cleanup", Time since last: 1000872439 ns, Reaching safepoint: 229488 ns, At safepoint: 10520 ns, Total: 240008 ns
[2022-05-30T02:45:16.112+0000][7][gc,start    ] GC(14) Pause Young (Concurrent Start) (Metadata GC Threshold)
[2022-05-30T02:45:16.120+0000][7][gc,task     ] GC(14) Using 8 workers of 8 for evacuation
[2022-05-30T02:45:16.121+0000][7][gc,age      ] GC(14) Desired survivor size 20971520 bytes, new threshold 15 (max threshold 15)
[2022-05-30T02:45:16.199+0000][7][gc,phases   ] GC(14)   Pre Evacuate Collection Set: 0.9ms
[2022-05-30T02:45:16.200+0000][7][gc,phases   ] GC(14)   Merge Heap Roots: 0.3ms
[2022-05-30T02:45:16.200+0000][7][gc,phases   ] GC(14)   Evacuate Collection Set: 61.6ms
[2022-05-30T02:45:16.201+0000][7][gc,phases   ] GC(14)   Post Evacuate Collection Set: 13.3ms
[2022-05-30T02:45:16.202+0000][7][gc,phases   ] GC(14)   Other: 3.0ms
[2022-05-30T02:45:16.203+0000][7][gc,age      ] GC(14) Age table with threshold 15 (max threshold 15)
[2022-05-30T02:45:16.203+0000][7][gc,age      ] GC(14) - age   1:   12694376 bytes,   12694376 total
[2022-05-30T02:45:16.204+0000][7][gc,age      ] GC(14) - age   2:    5862256 bytes,   18556632 total
[2022-05-30T02:45:16.205+0000][7][gc,age      ] GC(14) - age   3:    4362488 bytes,   22919120 total
[2022-05-30T02:45:16.206+0000][7][gc,heap     ] GC(14) Eden regions: 67->0(70)
[2022-05-30T02:45:16.207+0000][7][gc,heap     ] GC(14) Survivor regions: 4->6(10)
[2022-05-30T02:45:16.207+0000][7][gc,heap     ] GC(14) Old regions: 11->11
[2022-05-30T02:45:16.208+0000][7][gc,heap     ] GC(14) Archive regions: 2->2
[2022-05-30T02:45:16.208+0000][7][gc,heap     ] GC(14) Humongous regions: 0->0
[2022-05-30T02:45:16.209+0000][7][gc,metaspace] GC(14) Metaspace: 97600K(100480K)->97600K(100480K) NonClass: 84377K(85888K)->84377K(85888K) Class: 13223K(14592K)->13223K(14592K)
[2022-05-30T02:45:16.210+0000][7][gc          ] GC(14) Pause Young (Concurrent Start) (Metadata GC Threshold) 324M->69M(512M) 98.042ms
[2022-05-30T02:45:16.210+0000][7][gc,cpu      ] GC(14) User=0.31s Sys=0.02s Real=0.10s
[2022-05-30T02:45:16.210+0000][7][gc          ] GC(15) Concurrent Mark Cycle
[2022-05-30T02:45:16.214+0000][7][gc,marking  ] GC(15) Concurrent Clear Claimed Marks
[2022-05-30T02:45:16.211+0000][7][safepoint   ] Safepoint "CollectForMetadataAllocation", Time since last: 642810951 ns, Reaching safepoint: 286053 ns, At safepoint: 99686946 ns, Total: 99972999 ns
[2022-05-30T02:45:16.216+0000][7][gc,marking  ] GC(15) Concurrent Clear Claimed Marks 1.535ms
[2022-05-30T02:45:16.218+0000][7][gc,marking  ] GC(15) Concurrent Scan Root Regions
[2022-05-30T02:45:16.247+0000][7][gc,marking  ] GC(15) Concurrent Scan Root Regions 28.707ms
[2022-05-30T02:45:16.248+0000][7][gc,marking  ] GC(15) Concurrent Mark
[2022-05-30T02:45:16.248+0000][7][gc,marking  ] GC(15) Concurrent Mark From Roots
[2022-05-30T02:45:16.249+0000][7][gc,task     ] GC(15) Using 2 workers of 2 for marking
[2022-05-30T02:45:16.328+0000][7][gc,marking  ] GC(15) Concurrent Mark From Roots 79.070ms
[2022-05-30T02:45:16.328+0000][7][gc,marking  ] GC(15) Concurrent Preclean
[2022-05-30T02:45:16.329+0000][7][gc,marking  ] GC(15) Concurrent Preclean 0.979ms
[2022-05-30T02:45:16.330+0000][7][gc,start    ] GC(15) Pause Remark
[2022-05-30T02:45:16.349+0000][7][gc          ] GC(15) Pause Remark 73M->73M(512M) 18.826ms
[2022-05-30T02:45:16.350+0000][7][gc,cpu      ] GC(15) User=0.09s Sys=0.00s Real=0.02s
[2022-05-30T02:45:16.351+0000][7][safepoint   ] Safepoint "G1Concurrent", Time since last: 118691519 ns, Reaching safepoint: 322786 ns, At safepoint: 20440565 ns, Total: 20763351 ns
[2022-05-30T02:45:16.354+0000][7][gc,marking  ] GC(15) Concurrent Mark 105.876ms
[2022-05-30T02:45:16.355+0000][7][gc,marking  ] GC(15) Concurrent Rebuild Remembered Sets
[2022-05-30T02:45:16.388+0000][7][gc,marking  ] GC(15) Concurrent Rebuild Remembered Sets 33.570ms
[2022-05-30T02:45:16.393+0000][7][gc,start    ] GC(15) Pause Cleanup
[2022-05-30T02:45:16.394+0000][7][gc          ] GC(15) Pause Cleanup 73M->73M(512M) 1.146ms
[2022-05-30T02:45:16.395+0000][7][gc,cpu      ] GC(15) User=0.00s Sys=0.00s Real=0.00s
[2022-05-30T02:45:16.396+0000][7][safepoint   ] Safepoint "G1Concurrent", Time since last: 38110392 ns, Reaching safepoint: 3654514 ns, At safepoint: 2888829 ns, Total: 6543343 ns
[2022-05-30T02:45:16.396+0000][7][gc,marking  ] GC(15) Concurrent Cleanup for Next Mark
[2022-05-30T02:45:16.401+0000][7][gc,marking  ] GC(15) Concurrent Cleanup for Next Mark 4.713ms
[2022-05-30T02:45:16.403+0000][7][gc          ] GC(15) Concurrent Mark Cycle 192.281ms
[2022-05-30T02:45:17.397+0000][7][safepoint   ] Safepoint "Cleanup", Time since last: 1000986458 ns, Reaching safepoint: 496130 ns, At safepoint: 47410 ns, Total: 543540 ns
[2022-05-30T02:45:18.473+0000][7][safepoint   ] Safepoint "Cleanup", Time since last: 1075472397 ns, Reaching safepoint: 414216 ns, At safepoint: 15310 ns, Total: 429526 ns
[2022-05-30T02:45:19.178+0000][7][safepoint   ] Safepoint "ICBufferFull", Time since last: 704833406 ns, Reaching safepoint: 297949 ns, At safepoint: 44916 ns, Total: 342865 ns
[2022-05-30T02:45:20.612+0000][7][safepoint   ] Safepoint "ICBufferFull", Time since last: 1433185951 ns, Reaching safepoint: 501930 ns, At safepoint: 73650 ns, Total: 575580 ns
[2022-05-30T02:45:21.632+0000][7][safepoint   ] Safepoint "Cleanup", Time since last: 1000866925 ns, Reaching safepoint: 19002686 ns, At safepoint: 171698 ns, Total: 19174384 ns
[2022-05-30T02:45:22.797+0000][7][safepoint   ] Safepoint "Cleanup", Time since last: 1164656764 ns, Reaching safepoint: 355548 ns, At safepoint: 45086 ns, Total: 400634 ns
[2022-05-30T02:45:23.968+0000][7][safepoint   ] Safepoint "Cleanup", Time since last: 1123418848 ns, Reaching safepoint: 47634576 ns, At safepoint: 148153 ns, Total: 47782729 ns
[2022-05-30T02:45:26.476+0000][7][safepoint   ] Safepoint "Cleanup", Time since last: 1811698034 ns, Reaching safepoint: 317276 ns, At safepoint: 10269 ns, Total: 327545 ns
[2022-05-30T02:45:27.693+0000][7][safepoint   ] Safepoint "Cleanup", Time since last: 1216526874 ns, Reaching safepoint: 304131 ns, At safepoint: 12744 ns, Total: 316875 ns
[2022-05-30T02:45:29.189+0000][7][safepoint   ] Safepoint "Cleanup", Time since last: 1490443339 ns, Reaching safepoint: 6341536 ns, At safepoint: 101584 ns, Total: 6443120 ns
[2022-05-30T02:45:30.197+0000][7][safepoint   ] Safepoint "Cleanup", Time since last: 1007344909 ns, Reaching safepoint: 480057 ns, At safepoint: 24176 ns, Total: 504233 ns
[2022-05-30T02:45:31.530+0000][7][safepoint   ] Safepoint "Cleanup", Time since last: 1332449052 ns, Reaching safepoint: 301756 ns, At safepoint: 55616 ns, Total: 357372 ns
[2022-05-30T02:45:32.532+0000][7][safepoint   ] Safepoint "Cleanup", Time since last: 1001183538 ns, Reaching safepoint: 371048 ns, At safepoint: 14919 ns, Total: 385967 ns
[2022-05-30T02:45:33.746+0000][7][safepoint   ] Safepoint "Cleanup", Time since last: 1214337544 ns, Reaching safepoint: 226993 ns, At safepoint: 9989 ns, Total: 236982 ns
[2022-05-30T02:45:34.750+0000][7][safepoint   ] Safepoint "Cleanup", Time since last: 1003057144 ns, Reaching safepoint: 921878 ns, At safepoint: 77087 ns, Total: 998965 ns
[2022-05-30T02:45:35.752+0000][7][safepoint   ] Safepoint "Cleanup", Time since last: 1001312075 ns, Reaching safepoint: 344628 ns, At safepoint: 22433 ns, Total: 367061 ns
[2022-05-30T02:45:36.942+0000][7][safepoint   ] Safepoint "Cleanup", Time since last: 1189104485 ns, Reaching safepoint: 356433 ns, At safepoint: 274454 ns, Total: 630887 ns
[2022-05-30T02:45:37.963+0000][7][safepoint   ] Safepoint "Cleanup", Time since last: 1002025722 ns, Reaching safepoint: 19152165 ns, At safepoint: 323177 ns, Total: 19475342 ns
[2022-05-30T02:45:39.965+0000][7][safepoint   ] Safepoint "Cleanup", Time since last: 2001386305 ns, Reaching safepoint: 564518 ns, At safepoint: 127473 ns, Total: 691991 ns
[2022-05-30T02:45:41.395+0000][7][safepoint   ] Safepoint "Cleanup", Time since last: 1000865330 ns, Reaching safepoint: 428851480 ns, At safepoint: 223747 ns, Total: 429075227 ns
[2022-05-30T02:45:42.491+0000][7][safepoint   ] Safepoint "Cleanup", Time since last: 1095760212 ns, Reaching safepoint: 359326 ns, At safepoint: 33504 ns, Total: 392830 ns
[2022-05-30T02:45:43.498+0000][7][safepoint   ] Safepoint "Cleanup", Time since last: 1005866096 ns, Reaching safepoint: 394834 ns, At safepoint: 55676 ns, Total: 450510 ns
[2022-05-30T02:45:44.792+0000][7][safepoint   ] Safepoint "Cleanup", Time since last: 1293876320 ns, Reaching safepoint: 414792 ns, At safepoint: 148053 ns, Total: 562845 ns
[2022-05-30T02:45:45.825+0000][7][safepoint   ] Safepoint "Cleanup", Time since last: 1019200392 ns, Reaching safepoint: 13210068 ns, At safepoint: 155547 ns, Total: 13365615 ns
[2022-05-30T02:45:46.855+0000][7][safepoint   ] Safepoint "Cleanup", Time since last: 1029685327 ns, Reaching safepoint: 453256 ns, At safepoint: 107425 ns, Total: 560681 ns
[2022-05-30T02:45:48.743+0000][7][safepoint   ] Safepoint "Cleanup", Time since last: 1872152103 ns, Reaching safepoint: 15895685 ns, At safepoint: 226713 ns, Total: 16122398 ns
[2022-05-30T02:45:49.758+0000][7][safepoint   ] Safepoint "Cleanup", Time since last: 1013790566 ns, Reaching safepoint: 705707 ns, At safepoint: 34466 ns, Total: 740173 ns
[2022-05-30T02:45:51.031+0000][7][safepoint   ] Safepoint "Cleanup", Time since last: 1272689693 ns, Reaching safepoint: 483574 ns, At safepoint: 137252 ns, Total: 620826 ns
[2022-05-30T02:45:52.033+0000][7][safepoint   ] Safepoint "Cleanup", Time since last: 1002048060 ns, Reaching safepoint: 335981 ns, At safepoint: 70986 ns, Total: 406967 ns
[2022-05-30T02:45:53.042+0000][7][safepoint   ] Safepoint "Cleanup", Time since last: 1007584389 ns, Reaching safepoint: 455345 ns, At safepoint: 51459 ns, Total: 506804 ns
[2022-05-30T02:45:53.499+0000][7][gc,start    ] GC(16) Pause Young (Normal) (G1 Evacuation Pause)
[2022-05-30T02:45:53.509+0000][7][gc,task     ] GC(16) Using 8 workers of 8 for evacuation
[2022-05-30T02:45:53.511+0000][7][gc,age      ] GC(16) Desired survivor size 20971520 bytes, new threshold 3 (max threshold 15)
[2022-05-30T02:45:53.601+0000][7][gc,phases   ] GC(16)   Pre Evacuate Collection Set: 0.4ms
[2022-05-30T02:45:53.606+0000][7][gc,phases   ] GC(16)   Merge Heap Roots: 0.3ms
[2022-05-30T02:45:53.612+0000][7][gc,phases   ] GC(16)   Evacuate Collection Set: 69.9ms
[2022-05-30T02:45:53.614+0000][7][gc,phases   ] GC(16)   Post Evacuate Collection Set: 16.4ms
[2022-05-30T02:45:53.615+0000][7][gc,phases   ] GC(16)   Other: 4.7ms
[2022-05-30T02:45:53.615+0000][7][gc,age      ] GC(16) Age table with threshold 3 (max threshold 15)
[2022-05-30T02:45:53.616+0000][7][gc,age      ] GC(16) - age   1:   14517264 bytes,   14517264 total
[2022-05-30T02:45:53.617+0000][7][gc,age      ] GC(16) - age   2:   12238968 bytes,   26756232 total
[2022-05-30T02:45:53.617+0000][7][gc,age      ] GC(16) - age   3:    5824744 bytes,   32580976 total
[2022-05-30T02:45:53.618+0000][7][gc,heap     ] GC(16) Eden regions: 70->0(67)
[2022-05-30T02:45:53.620+0000][7][gc,heap     ] GC(16) Survivor regions: 6->9(10)
[2022-05-30T02:45:53.621+0000][7][gc,heap     ] GC(16) Old regions: 11->12
[2022-05-30T02:45:53.623+0000][7][gc,heap     ] GC(16) Archive regions: 2->2
[2022-05-30T02:45:53.623+0000][7][gc,heap     ] GC(16) Humongous regions: 2->2
[2022-05-30T02:45:53.624+0000][7][gc,metaspace] GC(16) Metaspace: 115836K(118976K)->115836K(118976K) NonClass: 99910K(101568K)->99910K(101568K) Class: 15925K(17408K)->15925K(17408K)
[2022-05-30T02:45:53.625+0000][7][gc          ] GC(16) Pause Young (Normal) (G1 Evacuation Pause) 357M->91M(512M) 126.141ms
[2022-05-30T02:45:53.625+0000][7][gc,cpu      ] GC(16) User=0.44s Sys=0.06s Real=0.12s
[2022-05-30T02:45:53.628+0000][7][safepoint   ] Safepoint "G1CollectForAllocation", Time since last: 456561811 ns, Reaching safepoint: 341492 ns, At safepoint: 129672074 ns, Total: 130013566 ns
[2022-05-30T02:45:55.545+0000][7][safepoint   ] Safepoint "Cleanup", Time since last: 1010081704 ns, Reaching safepoint: 906461141 ns, At safepoint: 381428 ns, Total: 906842569 ns
[2022-05-30T02:45:56.579+0000][7][safepoint   ] Safepoint "Cleanup", Time since last: 1006177461 ns, Reaching safepoint: 27178425 ns, At safepoint: 182177 ns, Total: 27360602 ns
[2022-05-30T02:45:58.265+0000][7][safepoint   ] Safepoint "Cleanup", Time since last: 1857909548 ns, Reaching safepoint: 8699875 ns, At safepoint: 185705 ns, Total: 8885580 ns
[2022-05-30T02:45:59.770+0000][7][safepoint   ] Safepoint "Cleanup", Time since last: 1504745429 ns, Reaching safepoint: 379484 ns, At safepoint: 22894 ns, Total: 402378 ns
[2022-05-30T02:46:00.852+0000][7][safepoint   ] Safepoint "Cleanup", Time since last: 1081114336 ns, Reaching safepoint: 700217 ns, At safepoint: 82908 ns, Total: 783125 ns
[2022-05-30T02:46:01.945+0000][7][safepoint   ] Safepoint "Cleanup", Time since last: 1092457402 ns, Reaching safepoint: 273542 ns, At safepoint: 64232 ns, Total: 337774 ns
[2022-05-30T02:46:03.455+0000][7][safepoint   ] Safepoint "Cleanup", Time since last: 1509615770 ns, Reaching safepoint: 485820 ns, At safepoint: 63862 ns, Total: 549682 ns
[2022-05-30T02:46:04.471+0000][7][safepoint   ] Safepoint "Cleanup", Time since last: 1015317173 ns, Reaching safepoint: 335741 ns, At safepoint: 29977 ns, Total: 365718 ns
[2022-05-30T02:46:06.023+0000][7][safepoint   ] Safepoint "Cleanup", Time since last: 1551610562 ns, Reaching safepoint: 562223 ns, At safepoint: 43814 ns, Total: 606037 ns
[2022-05-30T02:46:07.172+0000][7][safepoint   ] Safepoint "Cleanup", Time since last: 1148642173 ns, Reaching safepoint: 384434 ns, At safepoint: 20479 ns, Total: 404913 ns
[2022-05-30T02:46:08.612+0000][7][safepoint   ] Safepoint "Cleanup", Time since last: 1439899139 ns, Reaching safepoint: 330551 ns, At safepoint: 20099 ns, Total: 350650 ns
[2022-05-30T02:46:09.894+0000][7][safepoint   ] Safepoint "Cleanup", Time since last: 1281464339 ns, Reaching safepoint: 337455 ns, At safepoint: 84992 ns, Total: 422447 ns
[2022-05-30T02:46:10.896+0000][7][safepoint   ] Safepoint "Cleanup", Time since last: 1001338744 ns, Reaching safepoint: 382540 ns, At safepoint: 17914 ns, Total: 400454 ns
[2022-05-30T02:46:12.097+0000][7][safepoint   ] Safepoint "Cleanup", Time since last: 1181877411 ns, Reaching safepoint: 18869571 ns, At safepoint: 280465 ns, Total: 19150036 ns
[2022-05-30T02:46:13.099+0000][7][safepoint   ] Safepoint "Cleanup", Time since last: 1001711536 ns, Reaching safepoint: 413369 ns, At safepoint: 63762 ns, Total: 477131 ns
[2022-05-30T02:46:14.218+0000][7][safepoint   ] Safepoint "Cleanup", Time since last: 1117944595 ns, Reaching safepoint: 789487 ns, At safepoint: 160026 ns, Total: 949513 ns
[2022-05-30T02:46:15.223+0000][7][safepoint   ] Safepoint "Cleanup", Time since last: 1004295009 ns, Reaching safepoint: 343967 ns, At safepoint: 19337 ns, Total: 363304 ns
[2022-05-30T02:46:16.226+0000][7][safepoint   ] Safepoint "Cleanup", Time since last: 1002919081 ns, Reaching safepoint: 464296 ns, At safepoint: 31420 ns, Total: 495716 ns
[2022-05-30T02:46:17.572+0000][7][safepoint   ] Safepoint "Cleanup", Time since last: 1268160862 ns, Reaching safepoint: 77847401 ns, At safepoint: 209290 ns, Total: 78056691 ns
[2022-05-30T02:46:20.065+0000][7][safepoint   ] Safepoint "Cleanup", Time since last: 1822697400 ns, Reaching safepoint: 669391824 ns, At safepoint: 327926 ns, Total: 669719750 ns
[2022-05-30T02:46:21.085+0000][7][safepoint   ] Safepoint "Cleanup", Time since last: 1005706241 ns, Reaching safepoint: 13869501 ns, At safepoint: 154546 ns, Total: 14024047 ns
[2022-05-30T02:46:23.142+0000][7][safepoint   ] Safepoint "Cleanup", Time since last: 1000995648 ns, Reaching safepoint: 1055867827 ns, At safepoint: 225160 ns, Total: 1056092987 ns
[2022-05-30T02:46:24.145+0000][7][safepoint   ] Safepoint "Cleanup", Time since last: 1001134916 ns, Reaching safepoint: 2413436 ns, At safepoint: 112084 ns, Total: 2525520 ns
[2022-05-30T02:46:26.163+0000][7][safepoint   ] Safepoint "Cleanup", Time since last: 2005500214 ns, Reaching safepoint: 12013690 ns, At safepoint: 165155 ns, Total: 12178845 ns
[2022-05-30T02:46:26.653+0000][7][safepoint   ] Safepoint "Cleanup", Time since last: 1001303582 ns, Reaching safepoint: 3719382 ns, At safepoint: 110030 ns, Total: 3829412 ns
[2022-05-30T02:46:28.540+0000][7][safepoint   ] Safepoint "Cleanup", Time since last: 1001190650 ns, Reaching safepoint: 886126737 ns, At safepoint: 217745 ns, Total: 886344482 ns
[2022-05-30T02:46:29.566+0000][7][safepoint   ] Safepoint "Cleanup", Time since last: 1025554633 ns, Reaching safepoint: 384594 ns, At safepoint: 50476 ns, Total: 435070 ns
[2022-05-30T02:46:30.568+0000][7][safepoint   ] Safepoint "Cleanup", Time since last: 1000836375 ns, Reaching safepoint: 344257 ns, At safepoint: 19247 ns, Total: 363504 ns
[2022-05-30T02:46:31.671+0000][7][safepoint   ] Safepoint "Cleanup", Time since last: 1102817994 ns, Reaching safepoint: 361059 ns, At safepoint: 18465 ns, Total: 379524 ns
[2022-05-30T02:46:32.994+0000][7][safepoint   ] Safepoint "Cleanup", Time since last: 1315857182 ns, Reaching safepoint: 7148929 ns, At safepoint: 102536 ns, Total: 7251465 ns
[2022-05-30T02:46:33.141+0000][7][gc,start    ] GC(17) Pause Young (Normal) (G1 Evacuation Pause)
[2022-05-30T02:46:33.141+0000][7][gc,task     ] GC(17) Using 8 workers of 8 for evacuation
[2022-05-30T02:46:33.142+0000][7][gc,age      ] GC(17) Desired survivor size 20971520 bytes, new threshold 2 (max threshold 15)
[2022-05-30T02:46:33.184+0000][7][gc,phases   ] GC(17)   Pre Evacuate Collection Set: 0.3ms
[2022-05-30T02:46:33.185+0000][7][gc,phases   ] GC(17)   Merge Heap Roots: 0.2ms
[2022-05-30T02:46:33.185+0000][7][gc,phases   ] GC(17)   Evacuate Collection Set: 35.9ms
[2022-05-30T02:46:33.186+0000][7][gc,phases   ] GC(17)   Post Evacuate Collection Set: 5.3ms
[2022-05-30T02:46:33.186+0000][7][gc,phases   ] GC(17)   Other: 1.1ms
[2022-05-30T02:46:33.187+0000][7][gc,age      ] GC(17) Age table with threshold 2 (max threshold 15)
[2022-05-30T02:46:33.187+0000][7][gc,age      ] GC(17) - age   1:   11182072 bytes,   11182072 total
[2022-05-30T02:46:33.188+0000][7][gc,age      ] GC(17) - age   2:   13239440 bytes,   24421512 total
[2022-05-30T02:46:33.188+0000][7][gc,heap     ] GC(17) Eden regions: 67->0(69)
[2022-05-30T02:46:33.188+0000][7][gc,heap     ] GC(17) Survivor regions: 9->7(10)
[2022-05-30T02:46:33.189+0000][7][gc,heap     ] GC(17) Old regions: 12->16
[2022-05-30T02:46:33.189+0000][7][gc,heap     ] GC(17) Archive regions: 2->2
[2022-05-30T02:46:33.190+0000][7][gc,heap     ] GC(17) Humongous regions: 2->2
[2022-05-30T02:46:33.190+0000][7][gc,metaspace] GC(17) Metaspace: 120922K(124160K)->120922K(124160K) NonClass: 104414K(106112K)->104414K(106112K) Class: 16507K(18048K)->16507K(18048K)
[2022-05-30T02:46:33.190+0000][7][gc          ] GC(17) Pause Young (Normal) (G1 Evacuation Pause) 359M->101M(512M) 49.626ms
[2022-05-30T02:46:33.191+0000][7][gc,cpu      ] GC(17) User=0.23s Sys=0.01s Real=0.05s
[2022-05-30T02:46:33.192+0000][7][safepoint   ] Safepoint "G1CollectForAllocation", Time since last: 146370155 ns, Reaching safepoint: 328367 ns, At safepoint: 51106928 ns, Total: 51435295 ns
[2022-05-30T02:46:34.283+0000][7][safepoint   ] Safepoint "Cleanup", Time since last: 1089701309 ns, Reaching safepoint: 1057563 ns, At safepoint: 191996 ns, Total: 1249559 ns
[2022-05-30T02:46:35.699+0000][7][safepoint   ] Safepoint "Cleanup", Time since last: 1416047563 ns, Reaching safepoint: 409001 ns, At safepoint: 80253 ns, Total: 489254 ns
[2022-05-30T02:46:36.850+0000][7][safepoint   ] Safepoint "Cleanup", Time since last: 1149882359 ns, Reaching safepoint: 384084 ns, At safepoint: 46789 ns, Total: 430873 ns
[2022-05-30T02:46:38.061+0000][7][safepoint   ] Safepoint "Cleanup", Time since last: 1211151245 ns, Reaching safepoint: 418399 ns, At safepoint: 45246 ns, Total: 463645 ns
[2022-05-30T02:46:39.033+0000][7][safepoint   ] Safepoint "ICBufferFull", Time since last: 971618127 ns, Reaching safepoint: 314110 ns, At safepoint: 42080 ns, Total: 356190 ns
[2022-05-30T02:46:40.034+0000][7][safepoint   ] Safepoint "Cleanup", Time since last: 1000799613 ns, Reaching safepoint: 325762 ns, At safepoint: 19948 ns, Total: 345710 ns
[2022-05-30T02:46:41.223+0000][7][safepoint   ] Safepoint "Cleanup", Time since last: 1188269840 ns, Reaching safepoint: 605953 ns, At safepoint: 186165 ns, Total: 792118 ns
[2022-05-30T02:46:42.230+0000][7][safepoint   ] Safepoint "Cleanup", Time since last: 1005456375 ns, Reaching safepoint: 640202 ns, At safepoint: 223015 ns, Total: 863217 ns
[2022-05-30T02:46:43.252+0000][7][safepoint   ] Safepoint "Cleanup", Time since last: 1021627516 ns, Reaching safepoint: 322696 ns, At safepoint: 30398 ns, Total: 353094 ns
[2022-05-30T02:46:44.355+0000][7][safepoint   ] Safepoint "Cleanup", Time since last: 1103088034 ns, Reaching safepoint: 373944 ns, At safepoint: 52770 ns, Total: 426714 ns
[2022-05-30T02:46:45.357+0000][7][safepoint   ] Safepoint "Cleanup", Time since last: 1001046629 ns, Reaching safepoint: 379795 ns, At safepoint: 14127 ns, Total: 393922 ns
[2022-05-30T02:46:46.358+0000][7][safepoint   ] Safepoint "Cleanup", Time since last: 1000754917 ns, Reaching safepoint: 407902 ns, At safepoint: 39365 ns, Total: 447267 ns
[2022-05-30T02:46:47.476+0000][7][safepoint   ] Safepoint "Cleanup", Time since last: 1117653847 ns, Reaching safepoint: 393551 ns, At safepoint: 28555 ns, Total: 422106 ns
[2022-05-30T02:46:48.594+0000][7][safepoint   ] Safepoint "Cleanup", Time since last: 1117218559 ns, Reaching safepoint: 405755 ns, At safepoint: 31971 ns, Total: 437726 ns
[2022-05-30T02:46:50.595+0000][7][safepoint   ] Safepoint "Cleanup", Time since last: 2001218141 ns, Reaching safepoint: 360238 ns, At safepoint: 21601 ns, Total: 381839 ns
[2022-05-30T02:46:51.716+0000][7][safepoint   ] Safepoint "Cleanup", Time since last: 1120744050 ns, Reaching safepoint: 362482 ns, At safepoint: 53171 ns, Total: 415653 ns
[2022-05-30T02:46:52.718+0000][7][safepoint   ] Safepoint "Cleanup", Time since last: 1000963788 ns, Reaching safepoint: 420413 ns, At safepoint: 35047 ns, Total: 455460 ns
[2022-05-30T02:46:53.728+0000][7][safepoint   ] Safepoint "Cleanup", Time since last: 1010290506 ns, Reaching safepoint: 326894 ns, At safepoint: 72659 ns, Total: 399553 ns
[2022-05-30T02:46:54.847+0000][7][safepoint   ] Safepoint "Cleanup", Time since last: 1118454236 ns, Reaching safepoint: 491729 ns, At safepoint: 20358 ns, Total: 512087 ns
[2022-05-30T02:46:55.848+0000][7][safepoint   ] Safepoint "Cleanup", Time since last: 1000586196 ns, Reaching safepoint: 429129 ns, At safepoint: 22173 ns, Total: 451302 ns
[2022-05-30T02:46:57.112+0000][7][safepoint   ] Safepoint "Cleanup", Time since last: 1238355892 ns, Reaching safepoint: 359406 ns, At safepoint: 46368 ns, Total: 405774 ns
[2022-05-30T02:46:58.114+0000][7][safepoint   ] Safepoint "Cleanup", Time since last: 1001221923 ns, Reaching safepoint: 347273 ns, At safepoint: 14448 ns, Total: 361721 ns
[2022-05-30T02:46:59.247+0000][7][safepoint   ] Safepoint "Cleanup", Time since last: 1132918398 ns, Reaching safepoint: 501497 ns, At safepoint: 58342 ns, Total: 559839 ns
[2022-05-30T02:47:00.248+0000][7][safepoint   ] Safepoint "Cleanup", Time since last: 1000875588 ns, Reaching safepoint: 440701 ns, At safepoint: 68982 ns, Total: 509683 ns
[2022-05-30T02:47:01.250+0000][7][safepoint   ] Safepoint "Cleanup", Time since last: 1000759832 ns, Reaching safepoint: 354096 ns, At safepoint: 19077 ns, Total: 373173 ns
[2022-05-30T02:47:02.254+0000][7][safepoint   ] Safepoint "Cleanup", Time since last: 1004105643 ns, Reaching safepoint: 321344 ns, At safepoint: 16110 ns, Total: 337454 ns
[2022-05-30T02:47:03.255+0000][7][safepoint   ] Safepoint "Cleanup", Time since last: 1000773395 ns, Reaching safepoint: 314330 ns, At safepoint: 11953 ns, Total: 326283 ns
[2022-05-30T02:47:06.256+0000][7][safepoint   ] Safepoint "Cleanup", Time since last: 3000797416 ns, Reaching safepoint: 341421 ns, At safepoint: 17053 ns, Total: 358474 ns
[2022-05-30T02:47:07.264+0000][7][safepoint   ] Safepoint "Cleanup", Time since last: 1000698430 ns, Reaching safepoint: 7297617 ns, At safepoint: 94190 ns, Total: 7391807 ns
[2022-05-30T02:47:08.429+0000][7][safepoint   ] Safepoint "Cleanup", Time since last: 1163848161 ns, Reaching safepoint: 501668 ns, At safepoint: 41780 ns, Total: 543448 ns
[2022-05-30T02:47:09.431+0000][7][safepoint   ] Safepoint "Cleanup", Time since last: 1001469815 ns, Reaching safepoint: 535042 ns, At safepoint: 22893 ns, Total: 557935 ns
[2022-05-30T02:47:10.432+0000][7][safepoint   ] Safepoint "Cleanup", Time since last: 1000865012 ns, Reaching safepoint: 519752 ns, At safepoint: 34045 ns, Total: 553797 ns
[2022-05-30T02:47:12.539+0000][7][safepoint   ] Safepoint "Cleanup", Time since last: 2106604453 ns, Reaching safepoint: 451853 ns, At safepoint: 12564 ns, Total: 464417 ns
[2022-05-30T02:47:13.541+0000][7][safepoint   ] Safepoint "Cleanup", Time since last: 1000920774 ns, Reaching safepoint: 508150 ns, At safepoint: 34466 ns, Total: 542616 ns
[2022-05-30T02:47:14.654+0000][7][safepoint   ] Safepoint "Cleanup", Time since last: 1112256116 ns, Reaching safepoint: 547105 ns, At safepoint: 31670 ns, Total: 578775 ns
[2022-05-30T02:47:15.655+0000][7][safepoint   ] Safepoint "Cleanup", Time since last: 1000854390 ns, Reaching safepoint: 560240 ns, At safepoint: 24106 ns, Total: 584346 ns
[2022-05-30T02:47:18.449+0000][7][safepoint   ] Safepoint "Cleanup", Time since last: 2793960605 ns, Reaching safepoint: 344113 ns, At safepoint: 55616 ns, Total: 399729 ns
[2022-05-30T02:47:19.450+0000][7][safepoint   ] Safepoint "Cleanup", Time since last: 1000599245 ns, Reaching safepoint: 343696 ns, At safepoint: 14117 ns, Total: 357813 ns
[2022-05-30T02:47:20.468+0000][7][safepoint   ] Safepoint "Cleanup", Time since last: 1017402568 ns, Reaching safepoint: 400374 ns, At safepoint: 15951 ns, Total: 416325 ns
[2022-05-30T02:47:21.469+0000][7][safepoint   ] Safepoint "Cleanup", Time since last: 1000695997 ns, Reaching safepoint: 376418 ns, At safepoint: 27032 ns, Total: 403450 ns
[2022-05-30T02:47:23.587+0000][7][safepoint   ] Safepoint "Cleanup", Time since last: 2117311646 ns, Reaching safepoint: 336102 ns, At safepoint: 12734 ns, Total: 348836 ns
[2022-05-30T02:47:24.588+0000][7][safepoint   ] Safepoint "Cleanup", Time since last: 1000756211 ns, Reaching safepoint: 527176 ns, At safepoint: 17523 ns, Total: 544699 ns
[2022-05-30T02:47:25.589+0000][7][safepoint   ] Safepoint "Cleanup", Time since last: 1000770349 ns, Reaching safepoint: 410454 ns, At safepoint: 22433 ns, Total: 432887 ns
[2022-05-30T02:47:26.733+0000][7][safepoint   ] Safepoint "Cleanup", Time since last: 1143503287 ns, Reaching safepoint: 392960 ns, At safepoint: 30188 ns, Total: 423148 ns
[2022-05-30T02:47:27.709+0000][7][safepoint   ] Safepoint "Cleanup", Time since last: 1000787612 ns, Reaching safepoint: 574476 ns, At safepoint: 29066 ns, Total: 603542 ns
[2022-05-30T02:47:28.710+0000][7][safepoint   ] Safepoint "Cleanup", Time since last: 1000837155 ns, Reaching safepoint: 373793 ns, At safepoint: 20950 ns, Total: 394743 ns
[2022-05-30T02:47:29.792+0000][7][safepoint   ] Safepoint "Cleanup", Time since last: 1081180274 ns, Reaching safepoint: 330190 ns, At safepoint: 19076 ns, Total: 349266 ns
[2022-05-30T02:47:30.793+0000][7][safepoint   ] Safepoint "Cleanup", Time since last: 1000849680 ns, Reaching safepoint: 394723 ns, At safepoint: 19808 ns, Total: 414531 ns
[2022-05-30T02:47:31.795+0000][7][safepoint   ] Safepoint "Cleanup", Time since last: 1001129606 ns, Reaching safepoint: 693574 ns, At safepoint: 40236 ns, Total: 733810 ns
[2022-05-30T02:47:32.916+0000][7][safepoint   ] Safepoint "Cleanup", Time since last: 1121161606 ns, Reaching safepoint: 389754 ns, At safepoint: 15159 ns, Total: 404913 ns
[2022-05-30T02:47:33.917+0000][7][safepoint   ] Safepoint "Cleanup", Time since last: 1000728327 ns, Reaching safepoint: 375456 ns, At safepoint: 35398 ns, Total: 410854 ns
[2022-05-30T02:47:35.971+0000][7][safepoint   ] Safepoint "Cleanup", Time since last: 2053725108 ns, Reaching safepoint: 298701 ns, At safepoint: 18415 ns, Total: 317116 ns
[2022-05-30T02:47:36.973+0000][7][safepoint   ] Safepoint "Cleanup", Time since last: 1001105430 ns, Reaching safepoint: 439489 ns, At safepoint: 21992 ns, Total: 461481 ns
[2022-05-30T02:47:41.975+0000][7][safepoint   ] Safepoint "Cleanup", Time since last: 5001503591 ns, Reaching safepoint: 372031 ns, At safepoint: 16411 ns, Total: 388442 ns
[2022-05-30T02:47:42.976+0000][7][safepoint   ] Safepoint "Cleanup", Time since last: 1000746696 ns, Reaching safepoint: 423629 ns, At safepoint: 51197 ns, Total: 474826 ns
[2022-05-30T02:47:43.977+0000][7][safepoint   ] Safepoint "Cleanup", Time since last: 1000812045 ns, Reaching safepoint: 350880 ns, At safepoint: 24927 ns, Total: 375807 ns
[2022-05-30T02:47:45.094+0000][7][safepoint   ] Safepoint "Cleanup", Time since last: 1116250976 ns, Reaching safepoint: 353445 ns, At safepoint: 15309 ns, Total: 368754 ns
[2022-05-30T02:47:46.106+0000][7][safepoint   ] Safepoint "Cleanup", Time since last: 1011394789 ns, Reaching safepoint: 338155 ns, At safepoint: 25299 ns, Total: 363454 ns
[2022-05-30T02:47:48.167+0000][7][safepoint   ] Safepoint "Cleanup", Time since last: 2061337708 ns, Reaching safepoint: 344207 ns, At safepoint: 17193 ns, Total: 361400 ns
[2022-05-30T02:47:49.169+0000][7][safepoint   ] Safepoint "Cleanup", Time since last: 1000554862 ns, Reaching safepoint: 494674 ns, At safepoint: 41790 ns, Total: 536464 ns
[2022-05-30T02:47:50.170+0000][7][safepoint   ] Safepoint "Cleanup", Time since last: 1000961604 ns, Reaching safepoint: 401867 ns, At safepoint: 29186 ns, Total: 431053 ns
[2022-05-30T02:47:50.712+0000][7][gc,start    ] GC(18) Pause Young (Normal) (G1 Evacuation Pause)
[2022-05-30T02:47:50.713+0000][7][gc,task     ] GC(18) Using 8 workers of 8 for evacuation
[2022-05-30T02:47:50.713+0000][7][gc,age      ] GC(18) Desired survivor size 20971520 bytes, new threshold 2 (max threshold 15)
[2022-05-30T02:47:50.733+0000][7][gc,phases   ] GC(18)   Pre Evacuate Collection Set: 0.3ms
[2022-05-30T02:47:50.733+0000][7][gc,phases   ] GC(18)   Merge Heap Roots: 0.2ms
[2022-05-30T02:47:50.733+0000][7][gc,phases   ] GC(18)   Evacuate Collection Set: 16.5ms
[2022-05-30T02:47:50.734+0000][7][gc,phases   ] GC(18)   Post Evacuate Collection Set: 2.1ms
[2022-05-30T02:47:50.734+0000][7][gc,phases   ] GC(18)   Other: 0.8ms
[2022-05-30T02:47:50.734+0000][7][gc,age      ] GC(18) Age table with threshold 2 (max threshold 15)
[2022-05-30T02:47:50.734+0000][7][gc,age      ] GC(18) - age   1:    5851640 bytes,    5851640 total
[2022-05-30T02:47:50.735+0000][7][gc,age      ] GC(18) - age   2:    9652032 bytes,   15503672 total
[2022-05-30T02:47:50.735+0000][7][gc,heap     ] GC(18) Eden regions: 69->0(70)
[2022-05-30T02:47:50.735+0000][7][gc,heap     ] GC(18) Survivor regions: 7->5(10)
[2022-05-30T02:47:50.736+0000][7][gc,heap     ] GC(18) Old regions: 16->20
[2022-05-30T02:47:50.736+0000][7][gc,heap     ] GC(18) Archive regions: 2->2
[2022-05-30T02:47:50.736+0000][7][gc,heap     ] GC(18) Humongous regions: 2->2
[2022-05-30T02:47:50.736+0000][7][gc,metaspace] GC(18) Metaspace: 124425K(127744K)->124425K(127744K) NonClass: 107642K(109376K)->107642K(109376K) Class: 16783K(18368K)->16783K(18368K)
[2022-05-30T02:47:50.737+0000][7][gc          ] GC(18) Pause Young (Normal) (G1 Evacuation Pause) 377M->107M(512M) 24.477ms
[2022-05-30T02:47:50.737+0000][7][gc,cpu      ] GC(18) User=0.13s Sys=0.00s Real=0.02s
[2022-05-30T02:47:50.738+0000][7][safepoint   ] Safepoint "G1CollectForAllocation", Time since last: 542044617 ns, Reaching safepoint: 313458 ns, At safepoint: 25415987 ns, Total: 25729445 ns
[2022-05-30T02:47:51.891+0000][7][safepoint   ] Safepoint "Cleanup", Time since last: 1152308498 ns, Reaching safepoint: 465729 ns, At safepoint: 33885 ns, Total: 499614 ns
[2022-05-30T02:47:52.917+0000][7][safepoint   ] Safepoint "Cleanup", Time since last: 1025911550 ns, Reaching safepoint: 367191 ns, At safepoint: 27773 ns, Total: 394964 ns
[2022-05-30T02:47:53.925+0000][7][safepoint   ] Safepoint "Cleanup", Time since last: 1007423571 ns, Reaching safepoint: 426474 ns, At safepoint: 56498 ns, Total: 482972 ns
[2022-05-30T02:47:54.926+0000][7][safepoint   ] Safepoint "Cleanup", Time since last: 1000934561 ns, Reaching safepoint: 550442 ns, At safepoint: 42341 ns, Total: 592783 ns
[2022-05-30T02:47:56.070+0000][7][safepoint   ] Safepoint "Cleanup", Time since last: 1143530477 ns, Reaching safepoint: 411997 ns, At safepoint: 13115 ns, Total: 425112 ns
[2022-05-30T02:47:57.071+0000][7][safepoint   ] Safepoint "Cleanup", Time since last: 1000749659 ns, Reaching safepoint: 395455 ns, At safepoint: 24747 ns, Total: 420202 ns
[2022-05-30T02:47:58.074+0000][7][safepoint   ] Safepoint "Cleanup", Time since last: 1002182585 ns, Reaching safepoint: 889419 ns, At safepoint: 78850 ns, Total: 968269 ns
[2022-05-30T02:48:00.076+0000][7][safepoint   ] Safepoint "Cleanup", Time since last: 2001007068 ns, Reaching safepoint: 357673 ns, At safepoint: 26690 ns, Total: 384363 ns
[2022-05-30T02:48:01.077+0000][7][safepoint   ] Safepoint "Cleanup", Time since last: 1000662394 ns, Reaching safepoint: 428989 ns, At safepoint: 49053 ns, Total: 478042 ns
[2022-05-30T02:48:02.182+0000][7][safepoint   ] Safepoint "Cleanup", Time since last: 1105049117 ns, Reaching safepoint: 440291 ns, At safepoint: 26440 ns, Total: 466731 ns
[2022-05-30T02:48:03.185+0000][7][safepoint   ] Safepoint "Cleanup", Time since last: 1001440039 ns, Reaching safepoint: 596849 ns, At safepoint: 27914 ns, Total: 624763 ns
[2022-05-30T02:48:04.186+0000][7][safepoint   ] Safepoint "Cleanup", Time since last: 1000757843 ns, Reaching safepoint: 508481 ns, At safepoint: 24697 ns, Total: 533178 ns
[2022-05-30T02:48:06.288+0000][7][safepoint   ] Safepoint "Cleanup", Time since last: 2101869139 ns, Reaching safepoint: 494470 ns, At safepoint: 171017 ns, Total: 665487 ns
[2022-05-30T02:48:07.289+0000][7][safepoint   ] Safepoint "Cleanup", Time since last: 1000770122 ns, Reaching safepoint: 327385 ns, At safepoint: 20840 ns, Total: 348225 ns
[2022-05-30T02:48:08.316+0000][7][safepoint   ] Safepoint "Cleanup", Time since last: 1026059974 ns, Reaching safepoint: 439188 ns, At safepoint: 46499 ns, Total: 485687 ns
[2022-05-30T02:48:09.317+0000][7][safepoint   ] Safepoint "Cleanup", Time since last: 1000934741 ns, Reaching safepoint: 323728 ns, At safepoint: 15760 ns, Total: 339488 ns
[2022-05-30T02:48:10.318+0000][7][safepoint   ] Safepoint "Cleanup", Time since last: 1000698412 ns, Reaching safepoint: 346231 ns, At safepoint: 16311 ns, Total: 362542 ns
[2022-05-30T02:48:12.447+0000][7][safepoint   ] Safepoint "Cleanup", Time since last: 2128513745 ns, Reaching safepoint: 493652 ns, At safepoint: 20830 ns, Total: 514482 ns
[2022-05-30T02:48:13.449+0000][7][safepoint   ] Safepoint "Cleanup", Time since last: 1000886455 ns, Reaching safepoint: 436273 ns, At safepoint: 23876 ns, Total: 460149 ns
[2022-05-30T02:48:14.609+0000][7][safepoint   ] Safepoint "Cleanup", Time since last: 1159327065 ns, Reaching safepoint: 480757 ns, At safepoint: 15330 ns, Total: 496087 ns
[2022-05-30T02:48:15.610+0000][7][safepoint   ] Safepoint "Cleanup", Time since last: 1000737355 ns, Reaching safepoint: 371119 ns, At safepoint: 12564 ns, Total: 383683 ns
[2022-05-30T02:48:17.611+0000][7][safepoint   ] Safepoint "Cleanup", Time since last: 2001027018 ns, Reaching safepoint: 373293 ns, At safepoint: 16922 ns, Total: 390215 ns
[2022-05-30T02:48:18.612+0000][7][safepoint   ] Safepoint "Cleanup", Time since last: 1000805755 ns, Reaching safepoint: 321524 ns, At safepoint: 15259 ns, Total: 336783 ns
[2022-05-30T02:48:19.613+0000][7][safepoint   ] Safepoint "Cleanup", Time since last: 1000651506 ns, Reaching safepoint: 477783 ns, At safepoint: 68490 ns, Total: 546273 ns
[2022-05-30T02:48:20.766+0000][7][safepoint   ] Safepoint "Cleanup", Time since last: 1149297529 ns, Reaching safepoint: 2709568 ns, At safepoint: 128065 ns, Total: 2837633 ns
[2022-05-30T02:48:21.775+0000][7][safepoint   ] Safepoint "Cleanup", Time since last: 1009406356 ns, Reaching safepoint: 433778 ns, At safepoint: 12855 ns, Total: 446633 ns
[2022-05-30T02:48:22.777+0000][7][safepoint   ] Safepoint "Cleanup", Time since last: 1000922698 ns, Reaching safepoint: 448105 ns, At safepoint: 29066 ns, Total: 477171 ns
[2022-05-30T02:48:23.778+0000][7][safepoint   ] Safepoint "Cleanup", Time since last: 1001023802 ns, Reaching safepoint: 399042 ns, At safepoint: 65515 ns, Total: 464557 ns
[2022-05-30T02:48:24.780+0000][7][safepoint   ] Safepoint "Cleanup", Time since last: 1000833654 ns, Reaching safepoint: 360207 ns, At safepoint: 23666 ns, Total: 383873 ns
[2022-05-30T02:48:25.781+0000][7][safepoint   ] Safepoint "Cleanup", Time since last: 1000619666 ns, Reaching safepoint: 390746 ns, At safepoint: 26901 ns, Total: 417647 ns
[2022-05-30T02:48:26.864+0000][7][safepoint   ] Safepoint "Cleanup", Time since last: 1082815594 ns, Reaching safepoint: 342283 ns, At safepoint: 17483 ns, Total: 359766 ns
[2022-05-30T02:48:28.865+0000][7][safepoint   ] Safepoint "Cleanup", Time since last: 2000778473 ns, Reaching safepoint: 388141 ns, At safepoint: 24977 ns, Total: 413118 ns
[2022-05-30T02:48:29.922+0000][7][safepoint   ] Safepoint "Cleanup", Time since last: 1056333694 ns, Reaching safepoint: 476570 ns, At safepoint: 58893 ns, Total: 535463 ns
[2022-05-30T02:48:30.924+0000][7][safepoint   ] Safepoint "Cleanup", Time since last: 1001002020 ns, Reaching safepoint: 450811 ns, At safepoint: 26721 ns, Total: 477532 ns
[2022-05-30T02:48:32.009+0000][7][safepoint   ] Safepoint "Cleanup", Time since last: 1084847040 ns, Reaching safepoint: 384484 ns, At safepoint: 41890 ns, Total: 426374 ns
[2022-05-30T02:48:33.010+0000][7][safepoint   ] Safepoint "Cleanup", Time since last: 1000869618 ns, Reaching safepoint: 308760 ns, At safepoint: 51999 ns, Total: 360759 ns
[2022-05-30T02:48:34.011+0000][7][safepoint   ] Safepoint "Cleanup", Time since last: 1000808549 ns, Reaching safepoint: 386017 ns, At safepoint: 54153 ns, Total: 440170 ns
[2022-05-30T02:48:36.114+0000][7][safepoint   ] Safepoint "Cleanup", Time since last: 2102745138 ns, Reaching safepoint: 372001 ns, At safepoint: 23524 ns, Total: 395525 ns
[2022-05-30T02:48:37.116+0000][7][safepoint   ] Safepoint "Cleanup", Time since last: 1000826441 ns, Reaching safepoint: 307096 ns, At safepoint: 20759 ns, Total: 327855 ns
[2022-05-30T02:48:38.117+0000][7][safepoint   ] Safepoint "Cleanup", Time since last: 1000822855 ns, Reaching safepoint: 388622 ns, At safepoint: 17814 ns, Total: 406436 ns
[2022-05-30T02:48:39.182+0000][7][safepoint   ] Safepoint "Cleanup", Time since last: 1065398826 ns, Reaching safepoint: 285515 ns, At safepoint: 12544 ns, Total: 298059 ns
[2022-05-30T02:48:40.184+0000][7][safepoint   ] Safepoint "Cleanup", Time since last: 1000702421 ns, Reaching safepoint: 436163 ns, At safepoint: 26250 ns, Total: 462413 ns
[2022-05-30T02:48:41.322+0000][7][safepoint   ] Safepoint "Cleanup", Time since last: 1137851525 ns, Reaching safepoint: 422005 ns, At safepoint: 32402 ns, Total: 454407 ns
[2022-05-30T02:48:42.323+0000][7][safepoint   ] Safepoint "Cleanup", Time since last: 1000885889 ns, Reaching safepoint: 245018 ns, At safepoint: 7615 ns, Total: 252633 ns
[2022-05-30T02:48:43.324+0000][7][safepoint   ] Safepoint "Cleanup", Time since last: 1000626614 ns, Reaching safepoint: 330120 ns, At safepoint: 18255 ns, Total: 348375 ns
[2022-05-30T02:48:44.425+0000][7][safepoint   ] Safepoint "Cleanup", Time since last: 1100510588 ns, Reaching safepoint: 410764 ns, At safepoint: 20369 ns, Total: 431133 ns
[2022-05-30T02:48:45.426+0000][7][safepoint   ] Safepoint "Cleanup", Time since last: 1000747510 ns, Reaching safepoint: 396206 ns, At safepoint: 26341 ns, Total: 422547 ns
[2022-05-30T02:48:46.427+0000][7][safepoint   ] Safepoint "Cleanup", Time since last: 1000791500 ns, Reaching safepoint: 378543 ns, At safepoint: 21651 ns, Total: 400194 ns
[2022-05-30T02:48:47.621+0000][7][safepoint   ] Safepoint "Cleanup", Time since last: 1193548603 ns, Reaching safepoint: 364195 ns, At safepoint: 22293 ns, Total: 386488 ns
[2022-05-30T02:48:48.622+0000][7][safepoint   ] Safepoint "Cleanup", Time since last: 1000757479 ns, Reaching safepoint: 347784 ns, At safepoint: 28685 ns, Total: 376469 ns
[2022-05-30T02:48:49.755+0000][7][safepoint   ] Safepoint "Cleanup", Time since last: 1132051495 ns, Reaching safepoint: 216022 ns, At safepoint: 80454 ns, Total: 296476 ns
[2022-05-30T02:48:50.758+0000][7][safepoint   ] Safepoint "Cleanup", Time since last: 1002620848 ns, Reaching safepoint: 300774 ns, At safepoint: 15990 ns, Total: 316764 ns
[2022-05-30T02:48:51.787+0000][7][safepoint   ] Safepoint "Cleanup", Time since last: 1028605166 ns, Reaching safepoint: 347794 ns, At safepoint: 16571 ns, Total: 364365 ns
[2022-05-30T02:48:52.886+0000][7][gc,heap,exit] Heap
[2022-05-30T02:48:52.886+0000][7][gc,heap,exit]  garbage-first heap   total 524288K, used 342428K [0x00000000e0000000, 0x0000000100000000)
[2022-05-30T02:48:52.887+0000][7][gc,heap,exit]   region size 4096K, 62 young (253952K), 5 survivors (20480K)
[2022-05-30T02:48:52.888+0000][7][gc,heap,exit]  Metaspace       used 125959K, committed 129280K, reserved 1179648K
[2022-05-30T02:48:52.888+0000][7][gc,heap,exit]   class space    used 16915K, committed 18496K, reserved 1048576K
