[2022-05-30T03:23:12.470+0000][7][gc,init] CardTable entry size: 512
[2022-05-30T03:23:12.472+0000][7][gc     ] Using G1
[2022-05-30T03:23:12.613+0000][7][gc,init] Version: 18.0.1.1+2-6 (release)
[2022-05-30T03:23:12.614+0000][7][gc,init] CPUs: 8 total, 8 available
[2022-05-30T03:23:12.614+0000][7][gc,init] Memory: 6914M
[2022-05-30T03:23:12.615+0000][7][gc,init] Large Page Support: Disabled
[2022-05-30T03:23:12.615+0000][7][gc,init] NUMA Support: Disabled
[2022-05-30T03:23:12.616+0000][7][gc,init] Compressed Oops: Enabled (32-bit)
[2022-05-30T03:23:12.616+0000][7][gc,init] Heap Region Size: 4M
[2022-05-30T03:23:12.617+0000][7][gc,init] Heap Min Capacity: 512M
[2022-05-30T03:23:12.618+0000][7][gc,init] Heap Initial Capacity: 512M
[2022-05-30T03:23:12.618+0000][7][gc,init] Heap Max Capacity: 512M
[2022-05-30T03:23:12.619+0000][7][gc,init] Pre-touch: Enabled
[2022-05-30T03:23:12.619+0000][7][gc,init] Parallel Workers: 8
[2022-05-30T03:23:12.620+0000][7][gc,init] Concurrent Workers: 2
[2022-05-30T03:23:12.620+0000][7][gc,init] Concurrent Refinement Workers: 8
[2022-05-30T03:23:12.621+0000][7][gc,init] Periodic GC: Disabled
[2022-05-30T03:23:12.622+0000][7][gc,metaspace] CDS archive(s) mapped at: [0x0000000800000000-0x0000000800baf000-0x0000000800baf000), size 12251136, SharedBaseAddress: 0x0000000800000000, ArchiveRelocationMode: 0.
[2022-05-30T03:23:12.623+0000][7][gc,metaspace] Compressed class space mapped at: 0x0000000800c00000-0x0000000840c00000, reserved size: 1073741824
[2022-05-30T03:23:12.623+0000][7][gc,metaspace] Narrow klass base: 0x0000000800000000, Narrow klass shift: 0, Narrow klass range: 0x100000000
[2022-05-30T03:23:13.749+0000][7][safepoint   ] Safepoint "Cleanup", Time since last: 1113417704 ns, Reaching safepoint: 227564 ns, At safepoint: 9087 ns, Total: 236651 ns
[2022-05-30T03:23:15.024+0000][7][gc,start    ] GC(0) Pause Young (Normal) (G1 Evacuation Pause)
[2022-05-30T03:23:15.025+0000][7][gc,task     ] GC(0) Using 8 workers of 8 for evacuation
[2022-05-30T03:23:15.026+0000][7][gc,age      ] GC(0) Desired survivor size 2097152 bytes, new threshold 15 (max threshold 15)
[2022-05-30T03:23:15.035+0000][7][gc,phases   ] GC(0)   Pre Evacuate Collection Set: 0.2ms
[2022-05-30T03:23:15.035+0000][7][gc,phases   ] GC(0)   Merge Heap Roots: 0.2ms
[2022-05-30T03:23:15.036+0000][7][gc,phases   ] GC(0)   Evacuate Collection Set: 6.4ms
[2022-05-30T03:23:15.036+0000][7][gc,phases   ] GC(0)   Post Evacuate Collection Set: 1.4ms
[2022-05-30T03:23:15.037+0000][7][gc,phases   ] GC(0)   Other: 1.4ms
[2022-05-30T03:23:15.037+0000][7][gc,age      ] GC(0) Age table with threshold 15 (max threshold 15)
[2022-05-30T03:23:15.038+0000][7][gc,age      ] GC(0) - age   1:    4187432 bytes,    4187432 total
[2022-05-30T03:23:15.038+0000][7][gc,heap     ] GC(0) Eden regions: 6->0(5)
[2022-05-30T03:23:15.039+0000][7][gc,heap     ] GC(0) Survivor regions: 0->1(1)
[2022-05-30T03:23:15.039+0000][7][gc,heap     ] GC(0) Old regions: 0->1
[2022-05-30T03:23:15.040+0000][7][gc,heap     ] GC(0) Archive regions: 2->2
[2022-05-30T03:23:15.041+0000][7][gc,heap     ] GC(0) Humongous regions: 0->0
[2022-05-30T03:23:15.041+0000][7][gc,metaspace] GC(0) Metaspace: 8495K(8704K)->8495K(8704K) NonClass: 7557K(7680K)->7557K(7680K) Class: 937K(1024K)->937K(1024K)
[2022-05-30T03:23:15.042+0000][7][gc          ] GC(0) Pause Young (Normal) (G1 Evacuation Pause) 27M->8M(512M) 17.786ms
[2022-05-30T03:23:15.043+0000][7][gc,cpu      ] GC(0) User=0.02s Sys=0.02s Real=0.01s
[2022-05-30T03:23:15.043+0000][7][safepoint   ] Safepoint "G1CollectForAllocation", Time since last: 1275028059 ns, Reaching safepoint: 332196 ns, At safepoint: 19022914 ns, Total: 19355110 ns
[2022-05-30T03:23:16.126+0000][7][safepoint   ] Safepoint "Cleanup", Time since last: 1082786427 ns, Reaching safepoint: 164655 ns, At safepoint: 3707 ns, Total: 168362 ns
[2022-05-30T03:23:16.561+0000][7][gc,start    ] GC(1) Pause Young (Normal) (G1 Evacuation Pause)
[2022-05-30T03:23:16.562+0000][7][gc,task     ] GC(1) Using 8 workers of 8 for evacuation
[2022-05-30T03:23:16.563+0000][7][gc,age      ] GC(1) Desired survivor size 2097152 bytes, new threshold 1 (max threshold 15)
[2022-05-30T03:23:16.586+0000][7][gc,phases   ] GC(1)   Pre Evacuate Collection Set: 0.5ms
[2022-05-30T03:23:16.587+0000][7][gc,phases   ] GC(1)   Merge Heap Roots: 0.1ms
[2022-05-30T03:23:16.588+0000][7][gc,phases   ] GC(1)   Evacuate Collection Set: 18.4ms
[2022-05-30T03:23:16.589+0000][7][gc,phases   ] GC(1)   Post Evacuate Collection Set: 3.3ms
[2022-05-30T03:23:16.589+0000][7][gc,phases   ] GC(1)   Other: 2.1ms
[2022-05-30T03:23:16.590+0000][7][gc,age      ] GC(1) Age table with threshold 1 (max threshold 15)
[2022-05-30T03:23:16.591+0000][7][gc,age      ] GC(1) - age   1:    2074744 bytes,    2074744 total
[2022-05-30T03:23:16.592+0000][7][gc,heap     ] GC(1) Eden regions: 5->0(10)
[2022-05-30T03:23:16.593+0000][7][gc,heap     ] GC(1) Survivor regions: 1->1(1)
[2022-05-30T03:23:16.593+0000][7][gc,heap     ] GC(1) Old regions: 1->2
[2022-05-30T03:23:16.594+0000][7][gc,heap     ] GC(1) Archive regions: 2->2
[2022-05-30T03:23:16.595+0000][7][gc,heap     ] GC(1) Humongous regions: 0->0
[2022-05-30T03:23:16.595+0000][7][gc,metaspace] GC(1) Metaspace: 11806K(12096K)->11806K(12096K) NonClass: 10395K(10560K)->10395K(10560K) Class: 1410K(1536K)->1410K(1536K)
[2022-05-30T03:23:16.597+0000][7][gc          ] GC(1) Pause Young (Normal) (G1 Evacuation Pause) 28M->10M(512M) 35.659ms
[2022-05-30T03:23:16.598+0000][7][gc,cpu      ] GC(1) User=0.05s Sys=0.02s Real=0.04s
[2022-05-30T03:23:16.598+0000][7][safepoint   ] Safepoint "G1CollectForAllocation", Time since last: 434590779 ns, Reaching safepoint: 264313 ns, At safepoint: 37536188 ns, Total: 37800501 ns
[2022-05-30T03:23:17.897+0000][7][safepoint   ] Safepoint "Cleanup", Time since last: 1295834348 ns, Reaching safepoint: 2233746 ns, At safepoint: 32823 ns, Total: 2266569 ns
[2022-05-30T03:23:18.908+0000][7][safepoint   ] Safepoint "Cleanup", Time since last: 1010736182 ns, Reaching safepoint: 272860 ns, At safepoint: 9758 ns, Total: 282618 ns
[2022-05-30T03:23:19.086+0000][7][gc,start    ] GC(2) Pause Young (Normal) (G1 Evacuation Pause)
[2022-05-30T03:23:19.087+0000][7][gc,task     ] GC(2) Using 8 workers of 8 for evacuation
[2022-05-30T03:23:19.087+0000][7][gc,age      ] GC(2) Desired survivor size 4194304 bytes, new threshold 15 (max threshold 15)
[2022-05-30T03:23:19.099+0000][7][gc,phases   ] GC(2)   Pre Evacuate Collection Set: 0.2ms
[2022-05-30T03:23:19.100+0000][7][gc,phases   ] GC(2)   Merge Heap Roots: 0.1ms
[2022-05-30T03:23:19.101+0000][7][gc,phases   ] GC(2)   Evacuate Collection Set: 9.1ms
[2022-05-30T03:23:19.102+0000][7][gc,phases   ] GC(2)   Post Evacuate Collection Set: 1.5ms
[2022-05-30T03:23:19.103+0000][7][gc,phases   ] GC(2)   Other: 1.5ms
[2022-05-30T03:23:19.103+0000][7][gc,age      ] GC(2) Age table with threshold 15 (max threshold 15)
[2022-05-30T03:23:19.104+0000][7][gc,age      ] GC(2) - age   1:    1315488 bytes,    1315488 total
[2022-05-30T03:23:19.105+0000][7][gc,age      ] GC(2) - age   2:    2053496 bytes,    3368984 total
[2022-05-30T03:23:19.105+0000][7][gc,heap     ] GC(2) Eden regions: 10->0(64)
[2022-05-30T03:23:19.105+0000][7][gc,heap     ] GC(2) Survivor regions: 1->1(2)
[2022-05-30T03:23:19.106+0000][7][gc,heap     ] GC(2) Old regions: 2->2
[2022-05-30T03:23:19.106+0000][7][gc,heap     ] GC(2) Archive regions: 2->2
[2022-05-30T03:23:19.107+0000][7][gc,heap     ] GC(2) Humongous regions: 0->0
[2022-05-30T03:23:19.107+0000][7][gc,metaspace] GC(2) Metaspace: 15093K(15488K)->15093K(15488K) NonClass: 13351K(13568K)->13351K(13568K) Class: 1742K(1920K)->1742K(1920K)
[2022-05-30T03:23:19.108+0000][7][gc          ] GC(2) Pause Young (Normal) (G1 Evacuation Pause) 50M->11M(512M) 21.993ms
[2022-05-30T03:23:19.108+0000][7][gc,cpu      ] GC(2) User=0.03s Sys=0.00s Real=0.02s
[2022-05-30T03:23:19.109+0000][7][safepoint   ] Safepoint "G1CollectForAllocation", Time since last: 176170722 ns, Reaching safepoint: 2030240 ns, At safepoint: 23040841 ns, Total: 25071081 ns
[2022-05-30T03:23:20.890+0000][7][safepoint   ] Safepoint "Cleanup", Time since last: 1780799361 ns, Reaching safepoint: 422216 ns, At safepoint: 46859 ns, Total: 469075 ns
[2022-05-30T03:23:22.028+0000][7][safepoint   ] Safepoint "Cleanup", Time since last: 1137553197 ns, Reaching safepoint: 262336 ns, At safepoint: 9569 ns, Total: 271905 ns
[2022-05-30T03:23:22.288+0000][7][gc,start    ] GC(3) Pause Young (Concurrent Start) (Metadata GC Threshold)
[2022-05-30T03:23:22.289+0000][7][gc,task     ] GC(3) Using 8 workers of 8 for evacuation
[2022-05-30T03:23:22.290+0000][7][gc,age      ] GC(3) Desired survivor size 18874368 bytes, new threshold 15 (max threshold 15)
[2022-05-30T03:23:22.309+0000][7][gc,phases   ] GC(3)   Pre Evacuate Collection Set: 0.4ms
[2022-05-30T03:23:22.310+0000][7][gc,phases   ] GC(3)   Merge Heap Roots: 0.1ms
[2022-05-30T03:23:22.310+0000][7][gc,phases   ] GC(3)   Evacuate Collection Set: 16.7ms
[2022-05-30T03:23:22.311+0000][7][gc,phases   ] GC(3)   Post Evacuate Collection Set: 1.3ms
[2022-05-30T03:23:22.311+0000][7][gc,phases   ] GC(3)   Other: 1.6ms
[2022-05-30T03:23:22.312+0000][7][gc,age      ] GC(3) Age table with threshold 15 (max threshold 15)
[2022-05-30T03:23:22.313+0000][7][gc,age      ] GC(3) - age   1:    2909328 bytes,    2909328 total
[2022-05-30T03:23:22.313+0000][7][gc,age      ] GC(3) - age   2:    1251384 bytes,    4160712 total
[2022-05-30T03:23:22.314+0000][7][gc,age      ] GC(3) - age   3:    2037176 bytes,    6197888 total
[2022-05-30T03:23:22.314+0000][7][gc,heap     ] GC(3) Eden regions: 38->0(74)
[2022-05-30T03:23:22.315+0000][7][gc,heap     ] GC(3) Survivor regions: 1->2(9)
[2022-05-30T03:23:22.316+0000][7][gc,heap     ] GC(3) Old regions: 2->2
[2022-05-30T03:23:22.316+0000][7][gc,heap     ] GC(3) Archive regions: 2->2
[2022-05-30T03:23:22.317+0000][7][gc,heap     ] GC(3) Humongous regions: 0->0
[2022-05-30T03:23:22.317+0000][7][gc,metaspace] GC(3) Metaspace: 21115K(21504K)->21115K(21504K) NonClass: 18730K(18944K)->18730K(18944K) Class: 2384K(2560K)->2384K(2560K)
[2022-05-30T03:23:22.317+0000][7][gc          ] GC(3) Pause Young (Concurrent Start) (Metadata GC Threshold) 161M->14M(512M) 29.123ms
[2022-05-30T03:23:22.318+0000][7][gc,cpu      ] GC(3) User=0.03s Sys=0.00s Real=0.03s
[2022-05-30T03:23:22.318+0000][7][gc          ] GC(4) Concurrent Mark Cycle
[2022-05-30T03:23:22.319+0000][7][safepoint   ] Safepoint "CollectForMetadataAllocation", Time since last: 259997868 ns, Reaching safepoint: 370913 ns, At safepoint: 30231064 ns, Total: 30601977 ns
[2022-05-30T03:23:22.319+0000][7][gc,marking  ] GC(4) Concurrent Clear Claimed Marks
[2022-05-30T03:23:22.320+0000][7][gc,marking  ] GC(4) Concurrent Clear Claimed Marks 1.061ms
[2022-05-30T03:23:22.321+0000][7][gc,marking  ] GC(4) Concurrent Scan Root Regions
[2022-05-30T03:23:22.338+0000][7][gc,marking  ] GC(4) Concurrent Scan Root Regions 17.116ms
[2022-05-30T03:23:22.339+0000][7][gc,marking  ] GC(4) Concurrent Mark
[2022-05-30T03:23:22.341+0000][7][gc,marking  ] GC(4) Concurrent Mark From Roots
[2022-05-30T03:23:22.351+0000][7][gc,task     ] GC(4) Using 2 workers of 2 for marking
[2022-05-30T03:23:22.369+0000][7][gc,marking  ] GC(4) Concurrent Mark From Roots 28.811ms
[2022-05-30T03:23:22.372+0000][7][gc,marking  ] GC(4) Concurrent Preclean
[2022-05-30T03:23:22.374+0000][7][gc,marking  ] GC(4) Concurrent Preclean 1.639ms
[2022-05-30T03:23:22.375+0000][7][gc,start    ] GC(4) Pause Remark
[2022-05-30T03:23:22.385+0000][7][gc          ] GC(4) Pause Remark 26M->26M(512M) 10.221ms
[2022-05-30T03:23:22.386+0000][7][gc,cpu      ] GC(4) User=0.03s Sys=0.00s Real=0.01s
[2022-05-30T03:23:22.387+0000][7][safepoint   ] Safepoint "G1Concurrent", Time since last: 56073272 ns, Reaching safepoint: 244677 ns, At safepoint: 11785502 ns, Total: 12030179 ns
[2022-05-30T03:23:22.388+0000][7][gc,marking  ] GC(4) Concurrent Mark 48.664ms
[2022-05-30T03:23:22.390+0000][7][gc,marking  ] GC(4) Concurrent Rebuild Remembered Sets
[2022-05-30T03:23:22.403+0000][7][gc,marking  ] GC(4) Concurrent Rebuild Remembered Sets 13.291ms
[2022-05-30T03:23:22.414+0000][7][gc,start    ] GC(4) Pause Cleanup
[2022-05-30T03:23:22.415+0000][7][gc          ] GC(4) Pause Cleanup 28M->28M(512M) 0.953ms
[2022-05-30T03:23:22.416+0000][7][gc,cpu      ] GC(4) User=0.01s Sys=0.00s Real=0.00s
[2022-05-30T03:23:22.417+0000][7][safepoint   ] Safepoint "G1Concurrent", Time since last: 27126937 ns, Reaching safepoint: 250473 ns, At safepoint: 2539402 ns, Total: 2789875 ns
[2022-05-30T03:23:22.424+0000][7][gc,marking  ] GC(4) Concurrent Cleanup for Next Mark
[2022-05-30T03:23:22.444+0000][7][gc,marking  ] GC(4) Concurrent Cleanup for Next Mark 19.966ms
[2022-05-30T03:23:22.454+0000][7][gc          ] GC(4) Concurrent Mark Cycle 135.815ms
[2022-05-30T03:23:23.455+0000][7][safepoint   ] Safepoint "Cleanup", Time since last: 1036917131 ns, Reaching safepoint: 1888192 ns, At safepoint: 106834 ns, Total: 1995026 ns
[2022-05-30T03:23:24.458+0000][7][safepoint   ] Safepoint "Cleanup", Time since last: 1000990811 ns, Reaching safepoint: 1449311 ns, At safepoint: 62920 ns, Total: 1512231 ns
[2022-05-30T03:23:25.159+0000][7][gc,start    ] GC(5) Pause Young (Normal) (G1 Evacuation Pause)
[2022-05-30T03:23:25.160+0000][7][gc,task     ] GC(5) Using 8 workers of 8 for evacuation
[2022-05-30T03:23:25.160+0000][7][gc,age      ] GC(5) Desired survivor size 20971520 bytes, new threshold 15 (max threshold 15)
[2022-05-30T03:23:25.216+0000][7][gc,phases   ] GC(5)   Pre Evacuate Collection Set: 0.1ms
[2022-05-30T03:23:25.220+0000][7][gc,phases   ] GC(5)   Merge Heap Roots: 0.1ms
[2022-05-30T03:23:25.222+0000][7][gc,phases   ] GC(5)   Evacuate Collection Set: 52.4ms
[2022-05-30T03:23:25.226+0000][7][gc,phases   ] GC(5)   Post Evacuate Collection Set: 2.6ms
[2022-05-30T03:23:25.229+0000][7][gc,phases   ] GC(5)   Other: 1.7ms
[2022-05-30T03:23:25.230+0000][7][gc,age      ] GC(5) Age table with threshold 15 (max threshold 15)
[2022-05-30T03:23:25.231+0000][7][gc,age      ] GC(5) - age   1:    6229184 bytes,    6229184 total
[2022-05-30T03:23:25.231+0000][7][gc,age      ] GC(5) - age   2:    2890376 bytes,    9119560 total
[2022-05-30T03:23:25.232+0000][7][gc,age      ] GC(5) - age   3:    1248320 bytes,   10367880 total
[2022-05-30T03:23:25.237+0000][7][gc,age      ] GC(5) - age   4:    2036168 bytes,   12404048 total
[2022-05-30T03:23:25.238+0000][7][gc,heap     ] GC(5) Eden regions: 74->0(72)
[2022-05-30T03:23:25.239+0000][7][gc,heap     ] GC(5) Survivor regions: 2->4(10)
[2022-05-30T03:23:25.240+0000][7][gc,heap     ] GC(5) Old regions: 2->2
[2022-05-30T03:23:25.241+0000][7][gc,heap     ] GC(5) Archive regions: 2->2
[2022-05-30T03:23:25.242+0000][7][gc,heap     ] GC(5) Humongous regions: 0->0
[2022-05-30T03:23:25.243+0000][7][gc,metaspace] GC(5) Metaspace: 23580K(24128K)->23580K(24128K) NonClass: 20834K(21120K)->20834K(21120K) Class: 2746K(3008K)->2746K(3008K)
[2022-05-30T03:23:25.245+0000][7][gc          ] GC(5) Pause Young (Normal) (G1 Evacuation Pause) 310M->20M(512M) 86.328ms
[2022-05-30T03:23:25.246+0000][7][gc,cpu      ] GC(5) User=0.20s Sys=0.02s Real=0.09s
[2022-05-30T03:23:25.247+0000][7][safepoint   ] Safepoint "G1CollectForAllocation", Time since last: 700637280 ns, Reaching safepoint: 128685 ns, At safepoint: 87820540 ns, Total: 87949225 ns
[2022-05-30T03:23:26.600+0000][7][safepoint   ] Safepoint "Cleanup", Time since last: 1352741032 ns, Reaching safepoint: 514675 ns, At safepoint: 10219 ns, Total: 524894 ns
[2022-05-30T03:23:27.716+0000][7][gc,start    ] GC(6) Pause Young (Normal) (G1 Evacuation Pause)
[2022-05-30T03:23:27.716+0000][7][gc,task     ] GC(6) Using 8 workers of 8 for evacuation
[2022-05-30T03:23:27.717+0000][7][gc,age      ] GC(6) Desired survivor size 20971520 bytes, new threshold 15 (max threshold 15)
[2022-05-30T03:23:27.743+0000][7][gc,phases   ] GC(6)   Pre Evacuate Collection Set: 0.3ms
[2022-05-30T03:23:27.747+0000][7][gc,phases   ] GC(6)   Merge Heap Roots: 0.1ms
[2022-05-30T03:23:27.749+0000][7][gc,phases   ] GC(6)   Evacuate Collection Set: 21.6ms
[2022-05-30T03:23:27.750+0000][7][gc,phases   ] GC(6)   Post Evacuate Collection Set: 2.6ms
[2022-05-30T03:23:27.754+0000][7][gc,phases   ] GC(6)   Other: 1.5ms
[2022-05-30T03:23:27.755+0000][7][gc,age      ] GC(6) Age table with threshold 15 (max threshold 15)
[2022-05-30T03:23:27.755+0000][7][gc,age      ] GC(6) - age   1:    4087880 bytes,    4087880 total
[2022-05-30T03:23:27.756+0000][7][gc,age      ] GC(6) - age   2:    4968208 bytes,    9056088 total
[2022-05-30T03:23:27.757+0000][7][gc,age      ] GC(6) - age   3:    2885848 bytes,   11941936 total
[2022-05-30T03:23:27.758+0000][7][gc,age      ] GC(6) - age   4:    1228128 bytes,   13170064 total
[2022-05-30T03:23:27.758+0000][7][gc,age      ] GC(6) - age   5:    2033888 bytes,   15203952 total
[2022-05-30T03:23:27.759+0000][7][gc,heap     ] GC(6) Eden regions: 72->0(72)
[2022-05-30T03:23:27.760+0000][7][gc,heap     ] GC(6) Survivor regions: 4->4(10)
[2022-05-30T03:23:27.760+0000][7][gc,heap     ] GC(6) Old regions: 2->2
[2022-05-30T03:23:27.762+0000][7][gc,heap     ] GC(6) Archive regions: 2->2
[2022-05-30T03:23:27.763+0000][7][gc,heap     ] GC(6) Humongous regions: 0->0
[2022-05-30T03:23:27.763+0000][7][gc,metaspace] GC(6) Metaspace: 29360K(30016K)->29360K(30016K) NonClass: 25972K(26368K)->25972K(26368K) Class: 3388K(3648K)->3388K(3648K)
[2022-05-30T03:23:27.764+0000][7][gc          ] GC(6) Pause Young (Normal) (G1 Evacuation Pause) 308M->23M(512M) 48.648ms
[2022-05-30T03:23:27.766+0000][7][gc,cpu      ] GC(6) User=0.08s Sys=0.00s Real=0.05s
[2022-05-30T03:23:27.767+0000][7][safepoint   ] Safepoint "G1CollectForAllocation", Time since last: 1115282151 ns, Reaching safepoint: 413790 ns, At safepoint: 51194743 ns, Total: 51608533 ns
[2022-05-30T03:23:28.769+0000][7][safepoint   ] Safepoint "Cleanup", Time since last: 1001613967 ns, Reaching safepoint: 351535 ns, At safepoint: 46328 ns, Total: 397863 ns
[2022-05-30T03:23:29.351+0000][7][gc,start    ] GC(7) Pause Young (Normal) (G1 Evacuation Pause)
[2022-05-30T03:23:29.352+0000][7][gc,task     ] GC(7) Using 8 workers of 8 for evacuation
[2022-05-30T03:23:29.352+0000][7][gc,age      ] GC(7) Desired survivor size 20971520 bytes, new threshold 15 (max threshold 15)
[2022-05-30T03:23:29.372+0000][7][gc,phases   ] GC(7)   Pre Evacuate Collection Set: 0.1ms
[2022-05-30T03:23:29.373+0000][7][gc,phases   ] GC(7)   Merge Heap Roots: 0.1ms
[2022-05-30T03:23:29.373+0000][7][gc,phases   ] GC(7)   Evacuate Collection Set: 15.7ms
[2022-05-30T03:23:29.374+0000][7][gc,phases   ] GC(7)   Post Evacuate Collection Set: 3.0ms
[2022-05-30T03:23:29.375+0000][7][gc,phases   ] GC(7)   Other: 1.4ms
[2022-05-30T03:23:29.375+0000][7][gc,age      ] GC(7) Age table with threshold 15 (max threshold 15)
[2022-05-30T03:23:29.375+0000][7][gc,age      ] GC(7) - age   1:    2699416 bytes,    2699416 total
[2022-05-30T03:23:29.376+0000][7][gc,age      ] GC(7) - age   2:    3766008 bytes,    6465424 total
[2022-05-30T03:23:29.376+0000][7][gc,age      ] GC(7) - age   3:    4966760 bytes,   11432184 total
[2022-05-30T03:23:29.377+0000][7][gc,age      ] GC(7) - age   4:    2885640 bytes,   14317824 total
[2022-05-30T03:23:29.377+0000][7][gc,age      ] GC(7) - age   5:    1227440 bytes,   15545264 total
[2022-05-30T03:23:29.378+0000][7][gc,age      ] GC(7) - age   6:    2033888 bytes,   17579152 total
[2022-05-30T03:23:29.378+0000][7][gc,heap     ] GC(7) Eden regions: 72->0(71)
[2022-05-30T03:23:29.378+0000][7][gc,heap     ] GC(7) Survivor regions: 4->5(10)
[2022-05-30T03:23:29.379+0000][7][gc,heap     ] GC(7) Old regions: 2->2
[2022-05-30T03:23:29.379+0000][7][gc,heap     ] GC(7) Archive regions: 2->2
[2022-05-30T03:23:29.380+0000][7][gc,heap     ] GC(7) Humongous regions: 0->0
[2022-05-30T03:23:29.380+0000][7][gc,metaspace] GC(7) Metaspace: 30873K(31552K)->30873K(31552K) NonClass: 27271K(27648K)->27271K(27648K) Class: 3601K(3904K)->3601K(3904K)
[2022-05-30T03:23:29.381+0000][7][gc          ] GC(7) Pause Young (Normal) (G1 Evacuation Pause) 311M->25M(512M) 30.185ms
[2022-05-30T03:23:29.382+0000][7][gc,cpu      ] GC(7) User=0.06s Sys=0.00s Real=0.03s
[2022-05-30T03:23:29.382+0000][7][safepoint   ] Safepoint "G1CollectForAllocation", Time since last: 581738089 ns, Reaching safepoint: 168403 ns, At safepoint: 31662734 ns, Total: 31831137 ns
[2022-05-30T03:23:30.384+0000][7][safepoint   ] Safepoint "Cleanup", Time since last: 1000941806 ns, Reaching safepoint: 516785 ns, At safepoint: 54965 ns, Total: 571750 ns
[2022-05-30T03:23:30.899+0000][7][gc,start    ] GC(8) Pause Young (Normal) (G1 Evacuation Pause)
[2022-05-30T03:23:30.902+0000][7][gc,task     ] GC(8) Using 8 workers of 8 for evacuation
[2022-05-30T03:23:30.904+0000][7][gc,age      ] GC(8) Desired survivor size 20971520 bytes, new threshold 15 (max threshold 15)
[2022-05-30T03:23:30.943+0000][7][gc,phases   ] GC(8)   Pre Evacuate Collection Set: 0.2ms
[2022-05-30T03:23:30.944+0000][7][gc,phases   ] GC(8)   Merge Heap Roots: 0.1ms
[2022-05-30T03:23:30.944+0000][7][gc,phases   ] GC(8)   Evacuate Collection Set: 22.4ms
[2022-05-30T03:23:30.945+0000][7][gc,phases   ] GC(8)   Post Evacuate Collection Set: 9.1ms
[2022-05-30T03:23:30.946+0000][7][gc,phases   ] GC(8)   Other: 9.4ms
[2022-05-30T03:23:30.946+0000][7][gc,age      ] GC(8) Age table with threshold 15 (max threshold 15)
[2022-05-30T03:23:30.947+0000][7][gc,age      ] GC(8) - age   1:    1296544 bytes,    1296544 total
[2022-05-30T03:23:30.948+0000][7][gc,age      ] GC(8) - age   2:    2673664 bytes,    3970208 total
[2022-05-30T03:23:30.949+0000][7][gc,age      ] GC(8) - age   3:    3754760 bytes,    7724968 total
[2022-05-30T03:23:30.949+0000][7][gc,age      ] GC(8) - age   4:    4955352 bytes,   12680320 total
[2022-05-30T03:23:30.950+0000][7][gc,age      ] GC(8) - age   5:    2805968 bytes,   15486288 total
[2022-05-30T03:23:30.950+0000][7][gc,age      ] GC(8) - age   6:    1226096 bytes,   16712384 total
[2022-05-30T03:23:30.951+0000][7][gc,age      ] GC(8) - age   7:    2028160 bytes,   18740544 total
[2022-05-30T03:23:30.952+0000][7][gc,heap     ] GC(8) Eden regions: 71->0(71)
[2022-05-30T03:23:30.953+0000][7][gc,heap     ] GC(8) Survivor regions: 5->5(10)
[2022-05-30T03:23:30.956+0000][7][gc,heap     ] GC(8) Old regions: 2->2
[2022-05-30T03:23:30.957+0000][7][gc,heap     ] GC(8) Archive regions: 2->2
[2022-05-30T03:23:30.958+0000][7][gc,heap     ] GC(8) Humongous regions: 0->0
[2022-05-30T03:23:30.958+0000][7][gc,metaspace] GC(8) Metaspace: 31562K(32320K)->31562K(32320K) NonClass: 27849K(28288K)->27849K(28288K) Class: 3713K(4032K)->3713K(4032K)
[2022-05-30T03:23:30.959+0000][7][gc          ] GC(8) Pause Young (Normal) (G1 Evacuation Pause) 309M->27M(512M) 60.487ms
[2022-05-30T03:23:30.960+0000][7][gc,cpu      ] GC(8) User=0.12s Sys=0.01s Real=0.06s
[2022-05-30T03:23:30.961+0000][7][safepoint   ] Safepoint "G1CollectForAllocation", Time since last: 514659874 ns, Reaching safepoint: 228937 ns, At safepoint: 62065663 ns, Total: 62294600 ns
[2022-05-30T03:23:31.963+0000][7][safepoint   ] Safepoint "Cleanup", Time since last: 1001364164 ns, Reaching safepoint: 485707 ns, At safepoint: 14769 ns, Total: 500476 ns
[2022-05-30T03:23:38.116+0000][7][safepoint   ] Safepoint "Cleanup", Time since last: 6153305570 ns, Reaching safepoint: 354637 ns, At safepoint: 10901 ns, Total: 365538 ns
[2022-05-30T03:23:39.324+0000][7][safepoint   ] Safepoint "Cleanup", Time since last: 1207618338 ns, Reaching safepoint: 193915 ns, At safepoint: 9819 ns, Total: 203734 ns
[2022-05-30T03:23:40.329+0000][7][safepoint   ] Safepoint "Cleanup", Time since last: 1004415473 ns, Reaching safepoint: 243318 ns, At safepoint: 11271 ns, Total: 254589 ns
[2022-05-30T03:23:41.004+0000][7][gc,start    ] GC(9) Pause Young (Concurrent Start) (Metadata GC Threshold)
[2022-05-30T03:23:41.006+0000][7][gc,task     ] GC(9) Using 8 workers of 8 for evacuation
[2022-05-30T03:23:41.009+0000][7][gc,age      ] GC(9) Desired survivor size 20971520 bytes, new threshold 15 (max threshold 15)
[2022-05-30T03:23:41.084+0000][7][gc,phases   ] GC(9)   Pre Evacuate Collection Set: 0.3ms
[2022-05-30T03:23:41.085+0000][7][gc,phases   ] GC(9)   Merge Heap Roots: 0.2ms
[2022-05-30T03:23:41.085+0000][7][gc,phases   ] GC(9)   Evacuate Collection Set: 68.0ms
[2022-05-30T03:23:41.088+0000][7][gc,phases   ] GC(9)   Post Evacuate Collection Set: 2.9ms
[2022-05-30T03:23:41.093+0000][7][gc,phases   ] GC(9)   Other: 7.0ms
[2022-05-30T03:23:41.099+0000][7][gc,age      ] GC(9) Age table with threshold 15 (max threshold 15)
[2022-05-30T03:23:41.100+0000][7][gc,age      ] GC(9) - age   1:     872360 bytes,     872360 total
[2022-05-30T03:23:41.100+0000][7][gc,age      ] GC(9) - age   2:    1277624 bytes,    2149984 total
[2022-05-30T03:23:41.101+0000][7][gc,age      ] GC(9) - age   3:    2668992 bytes,    4818976 total
[2022-05-30T03:23:41.109+0000][7][gc,age      ] GC(9) - age   4:    3753816 bytes,    8572792 total
[2022-05-30T03:23:41.110+0000][7][gc,age      ] GC(9) - age   5:    4952192 bytes,   13524984 total
[2022-05-30T03:23:41.111+0000][7][gc,age      ] GC(9) - age   6:    2796240 bytes,   16321224 total
[2022-05-30T03:23:41.114+0000][7][gc,age      ] GC(9) - age   7:    1216528 bytes,   17537752 total
[2022-05-30T03:23:41.116+0000][7][gc,age      ] GC(9) - age   8:    2017696 bytes,   19555448 total
[2022-05-30T03:23:41.117+0000][7][gc,heap     ] GC(9) Eden regions: 6->0(71)
[2022-05-30T03:23:41.119+0000][7][gc,heap     ] GC(9) Survivor regions: 5->5(10)
[2022-05-30T03:23:41.122+0000][7][gc,heap     ] GC(9) Old regions: 2->2
[2022-05-30T03:23:41.123+0000][7][gc,heap     ] GC(9) Archive regions: 2->2
[2022-05-30T03:23:41.126+0000][7][gc,heap     ] GC(9) Humongous regions: 0->0
[2022-05-30T03:23:41.127+0000][7][gc,metaspace] GC(9) Metaspace: 35215K(35968K)->35215K(35968K) NonClass: 31071K(31488K)->31071K(31488K) Class: 4144K(4480K)->4144K(4480K)
[2022-05-30T03:23:41.127+0000][7][gc          ] GC(9) Pause Young (Concurrent Start) (Metadata GC Threshold) 49M->28M(512M) 123.350ms
[2022-05-30T03:23:41.128+0000][7][gc,cpu      ] GC(9) User=0.32s Sys=0.06s Real=0.12s
[2022-05-30T03:23:41.132+0000][7][safepoint   ] Safepoint "CollectForMetadataAllocation", Time since last: 625555859 ns, Reaching safepoint: 187838 ns, At safepoint: 127853676 ns, Total: 128041514 ns
[2022-05-30T03:23:41.133+0000][7][gc          ] GC(10) Concurrent Mark Cycle
[2022-05-30T03:23:41.143+0000][7][gc,marking  ] GC(10) Concurrent Clear Claimed Marks
[2022-05-30T03:23:41.146+0000][7][gc,marking  ] GC(10) Concurrent Clear Claimed Marks 2.415ms
[2022-05-30T03:23:41.146+0000][7][gc,marking  ] GC(10) Concurrent Scan Root Regions
[2022-05-30T03:23:41.163+0000][7][gc,marking  ] GC(10) Concurrent Scan Root Regions 16.498ms
[2022-05-30T03:23:41.165+0000][7][gc,marking  ] GC(10) Concurrent Mark
[2022-05-30T03:23:41.166+0000][7][gc,marking  ] GC(10) Concurrent Mark From Roots
[2022-05-30T03:23:41.166+0000][7][gc,task     ] GC(10) Using 2 workers of 2 for marking
[2022-05-30T03:23:41.194+0000][7][gc,marking  ] GC(10) Concurrent Mark From Roots 28.553ms
[2022-05-30T03:23:41.195+0000][7][gc,marking  ] GC(10) Concurrent Preclean
[2022-05-30T03:23:41.196+0000][7][gc,marking  ] GC(10) Concurrent Preclean 0.801ms
[2022-05-30T03:23:41.197+0000][7][gc,start    ] GC(10) Pause Remark
[2022-05-30T03:23:41.234+0000][7][gc          ] GC(10) Pause Remark 30M->30M(512M) 37.054ms
[2022-05-30T03:23:41.235+0000][7][gc,cpu      ] GC(10) User=0.11s Sys=0.01s Real=0.04s
[2022-05-30T03:23:41.236+0000][7][safepoint   ] Safepoint "G1Concurrent", Time since last: 64736153 ns, Reaching safepoint: 265156 ns, At safepoint: 39059010 ns, Total: 39324166 ns
[2022-05-30T03:23:41.244+0000][7][gc,marking  ] GC(10) Concurrent Mark 78.951ms
[2022-05-30T03:23:41.246+0000][7][gc,marking  ] GC(10) Concurrent Rebuild Remembered Sets
[2022-05-30T03:23:41.264+0000][7][gc,marking  ] GC(10) Concurrent Rebuild Remembered Sets 17.935ms
[2022-05-30T03:23:41.280+0000][7][gc,start    ] GC(10) Pause Cleanup
[2022-05-30T03:23:41.284+0000][7][gc          ] GC(10) Pause Cleanup 30M->30M(512M) 3.507ms
[2022-05-30T03:23:41.284+0000][7][gc,cpu      ] GC(10) User=0.02s Sys=0.01s Real=0.01s
[2022-05-30T03:23:41.287+0000][7][safepoint   ] Safepoint "G1Concurrent", Time since last: 44147939 ns, Reaching safepoint: 158733 ns, At safepoint: 7243447 ns, Total: 7402180 ns
[2022-05-30T03:23:41.293+0000][7][gc,marking  ] GC(10) Concurrent Cleanup for Next Mark
[2022-05-30T03:23:41.310+0000][7][gc,marking  ] GC(10) Concurrent Cleanup for Next Mark 16.541ms
[2022-05-30T03:23:41.313+0000][7][gc          ] GC(10) Concurrent Mark Cycle 180.090ms
[2022-05-30T03:23:42.290+0000][7][safepoint   ] Safepoint "Cleanup", Time since last: 1000994077 ns, Reaching safepoint: 1299853 ns, At safepoint: 133655 ns, Total: 1433508 ns
[2022-05-30T03:23:43.810+0000][7][safepoint   ] Safepoint "Cleanup", Time since last: 1514579833 ns, Reaching safepoint: 5338551 ns, At safepoint: 43864 ns, Total: 5382415 ns
[2022-05-30T03:23:44.820+0000][7][safepoint   ] Safepoint "Cleanup", Time since last: 1006011848 ns, Reaching safepoint: 3755787 ns, At safepoint: 27933 ns, Total: 3783720 ns
[2022-05-30T03:23:45.834+0000][7][safepoint   ] Safepoint "Cleanup", Time since last: 1014150060 ns, Reaching safepoint: 420764 ns, At safepoint: 10660 ns, Total: 431424 ns
[2022-05-30T03:23:46.843+0000][7][safepoint   ] Safepoint "Cleanup", Time since last: 1008106719 ns, Reaching safepoint: 368682 ns, At safepoint: 14057 ns, Total: 382739 ns
[2022-05-30T03:23:48.234+0000][7][safepoint   ] Safepoint "Cleanup", Time since last: 1390447413 ns, Reaching safepoint: 493253 ns, At safepoint: 18966 ns, Total: 512219 ns
[2022-05-30T03:23:49.736+0000][7][gc,start    ] GC(11) Pause Young (Normal) (G1 Evacuation Pause)
[2022-05-30T03:23:49.737+0000][7][gc,task     ] GC(11) Using 8 workers of 8 for evacuation
[2022-05-30T03:23:49.737+0000][7][gc,age      ] GC(11) Desired survivor size 20971520 bytes, new threshold 15 (max threshold 15)
[2022-05-30T03:23:49.849+0000][7][gc,phases   ] GC(11)   Pre Evacuate Collection Set: 0.1ms
[2022-05-30T03:23:49.850+0000][7][gc,phases   ] GC(11)   Merge Heap Roots: 0.1ms
[2022-05-30T03:23:49.851+0000][7][gc,phases   ] GC(11)   Evacuate Collection Set: 98.9ms
[2022-05-30T03:23:49.852+0000][7][gc,phases   ] GC(11)   Post Evacuate Collection Set: 11.8ms
[2022-05-30T03:23:49.852+0000][7][gc,phases   ] GC(11)   Other: 1.2ms
[2022-05-30T03:23:49.854+0000][7][gc,age      ] GC(11) Age table with threshold 15 (max threshold 15)
[2022-05-30T03:23:49.855+0000][7][gc,age      ] GC(11) - age   1:   19959584 bytes,   19959584 total
[2022-05-30T03:23:49.857+0000][7][gc,age      ] GC(11) - age   2:     786280 bytes,   20745864 total
[2022-05-30T03:23:49.858+0000][7][gc,age      ] GC(11) - age   3:    1270848 bytes,   22016712 total
[2022-05-30T03:23:49.859+0000][7][gc,age      ] GC(11) - age   4:    2654136 bytes,   24670848 total
[2022-05-30T03:23:49.860+0000][7][gc,age      ] GC(11) - age   5:    3744640 bytes,   28415488 total
[2022-05-30T03:23:49.860+0000][7][gc,age      ] GC(11) - age   6:    4937088 bytes,   33352576 total
[2022-05-30T03:23:49.862+0000][7][gc,age      ] GC(11) - age   7:    2793344 bytes,   36145920 total
[2022-05-30T03:23:49.863+0000][7][gc,age      ] GC(11) - age   8:    1208440 bytes,   37354360 total
[2022-05-30T03:23:49.864+0000][7][gc,age      ] GC(11) - age   9:    2013552 bytes,   39367912 total
[2022-05-30T03:23:49.865+0000][7][gc,heap     ] GC(11) Eden regions: 71->0(66)
[2022-05-30T03:23:49.865+0000][7][gc,heap     ] GC(11) Survivor regions: 5->10(10)
[2022-05-30T03:23:49.866+0000][7][gc,heap     ] GC(11) Old regions: 2->2
[2022-05-30T03:23:49.867+0000][7][gc,heap     ] GC(11) Archive regions: 2->2
[2022-05-30T03:23:49.868+0000][7][gc,heap     ] GC(11) Humongous regions: 0->0
[2022-05-30T03:23:49.869+0000][7][gc,metaspace] GC(11) Metaspace: 47344K(48640K)->47344K(48640K) NonClass: 41480K(42240K)->41480K(42240K) Class: 5863K(6400K)->5863K(6400K)
[2022-05-30T03:23:49.869+0000][7][gc          ] GC(11) Pause Young (Normal) (G1 Evacuation Pause) 312M->47M(512M) 133.456ms
[2022-05-30T03:23:49.870+0000][7][gc,cpu      ] GC(11) User=0.38s Sys=0.02s Real=0.13s
[2022-05-30T03:23:49.893+0000][7][safepoint   ] Safepoint "G1CollectForAllocation", Time since last: 1502177572 ns, Reaching safepoint: 229217 ns, At safepoint: 156535245 ns, Total: 156764462 ns
[2022-05-30T03:23:50.913+0000][7][safepoint   ] Safepoint "Cleanup", Time since last: 1011345744 ns, Reaching safepoint: 9404283 ns, At safepoint: 19868 ns, Total: 9424151 ns
[2022-05-30T03:23:52.263+0000][7][safepoint   ] Safepoint "Cleanup", Time since last: 1349572697 ns, Reaching safepoint: 333405 ns, At safepoint: 17283 ns, Total: 350688 ns
[2022-05-30T03:23:53.266+0000][7][safepoint   ] Safepoint "Cleanup", Time since last: 1002914437 ns, Reaching safepoint: 239486 ns, At safepoint: 42782 ns, Total: 282268 ns
[2022-05-30T03:23:53.286+0000][7][gc,start    ] GC(12) Pause Young (Concurrent Start) (Metadata GC Threshold)
[2022-05-30T03:23:53.287+0000][7][gc,task     ] GC(12) Using 8 workers of 8 for evacuation
[2022-05-30T03:23:53.288+0000][7][gc,age      ] GC(12) Desired survivor size 20971520 bytes, new threshold 3 (max threshold 15)
[2022-05-30T03:23:53.343+0000][7][gc,phases   ] GC(12)   Pre Evacuate Collection Set: 0.6ms
[2022-05-30T03:23:53.344+0000][7][gc,phases   ] GC(12)   Merge Heap Roots: 0.1ms
[2022-05-30T03:23:53.344+0000][7][gc,phases   ] GC(12)   Evacuate Collection Set: 49.5ms
[2022-05-30T03:23:53.345+0000][7][gc,phases   ] GC(12)   Post Evacuate Collection Set: 4.5ms
[2022-05-30T03:23:53.345+0000][7][gc,phases   ] GC(12)   Other: 1.5ms
[2022-05-30T03:23:53.345+0000][7][gc,age      ] GC(12) Age table with threshold 3 (max threshold 15)
[2022-05-30T03:23:53.346+0000][7][gc,age      ] GC(12) - age   1:    4702552 bytes,    4702552 total
[2022-05-30T03:23:53.346+0000][7][gc,age      ] GC(12) - age   2:   19673416 bytes,   24375968 total
[2022-05-30T03:23:53.346+0000][7][gc,age      ] GC(12) - age   3:     771704 bytes,   25147672 total
[2022-05-30T03:23:53.346+0000][7][gc,heap     ] GC(12) Eden regions: 30->0(69)
[2022-05-30T03:23:53.347+0000][7][gc,heap     ] GC(12) Survivor regions: 10->7(10)
[2022-05-30T03:23:53.347+0000][7][gc,heap     ] GC(12) Old regions: 2->6
[2022-05-30T03:23:53.347+0000][7][gc,heap     ] GC(12) Archive regions: 2->2
[2022-05-30T03:23:53.347+0000][7][gc,heap     ] GC(12) Humongous regions: 0->0
[2022-05-30T03:23:53.348+0000][7][gc,metaspace] GC(12) Metaspace: 58671K(60096K)->58671K(60096K) NonClass: 51103K(51904K)->51103K(51904K) Class: 7567K(8192K)->7567K(8192K)
[2022-05-30T03:23:53.348+0000][7][gc          ] GC(12) Pause Young (Concurrent Start) (Metadata GC Threshold) 167M->52M(512M) 61.973ms
[2022-05-30T03:23:53.349+0000][7][gc,cpu      ] GC(12) User=0.21s Sys=0.01s Real=0.06s
[2022-05-30T03:23:53.349+0000][7][gc          ] GC(13) Concurrent Mark Cycle
[2022-05-30T03:23:53.349+0000][7][safepoint   ] Safepoint "CollectForMetadataAllocation", Time since last: 19622876 ns, Reaching safepoint: 134206 ns, At safepoint: 63211452 ns, Total: 63345658 ns
[2022-05-30T03:23:53.349+0000][7][gc,marking  ] GC(13) Concurrent Clear Claimed Marks
[2022-05-30T03:23:53.352+0000][7][gc,marking  ] GC(13) Concurrent Clear Claimed Marks 2.278ms
[2022-05-30T03:23:53.354+0000][7][gc,marking  ] GC(13) Concurrent Scan Root Regions
[2022-05-30T03:23:53.397+0000][7][gc,marking  ] GC(13) Concurrent Scan Root Regions 42.243ms
[2022-05-30T03:23:53.397+0000][7][gc,marking  ] GC(13) Concurrent Mark
[2022-05-30T03:23:53.398+0000][7][gc,marking  ] GC(13) Concurrent Mark From Roots
[2022-05-30T03:23:53.399+0000][7][gc,task     ] GC(13) Using 2 workers of 2 for marking
[2022-05-30T03:23:53.408+0000][7][gc,marking  ] GC(13) Concurrent Mark From Roots 9.799ms
[2022-05-30T03:23:53.409+0000][7][gc,marking  ] GC(13) Concurrent Preclean
[2022-05-30T03:23:53.410+0000][7][gc,marking  ] GC(13) Concurrent Preclean 0.816ms
[2022-05-30T03:23:53.411+0000][7][gc,start    ] GC(13) Pause Remark
[2022-05-30T03:23:53.432+0000][7][gc          ] GC(13) Pause Remark 54M->54M(512M) 20.518ms
[2022-05-30T03:23:53.433+0000][7][gc,cpu      ] GC(13) User=0.04s Sys=0.01s Real=0.02s
[2022-05-30T03:23:53.435+0000][7][safepoint   ] Safepoint "G1Concurrent", Time since last: 61528279 ns, Reaching safepoint: 448779 ns, At safepoint: 23250543 ns, Total: 23699322 ns
[2022-05-30T03:23:53.436+0000][7][gc,marking  ] GC(13) Concurrent Mark 38.328ms
[2022-05-30T03:23:53.437+0000][7][gc,marking  ] GC(13) Concurrent Rebuild Remembered Sets
[2022-05-30T03:23:53.452+0000][7][gc,marking  ] GC(13) Concurrent Rebuild Remembered Sets 15.349ms
[2022-05-30T03:23:53.453+0000][7][gc,start    ] GC(13) Pause Cleanup
[2022-05-30T03:23:53.455+0000][7][gc          ] GC(13) Pause Cleanup 54M->54M(512M) 1.678ms
[2022-05-30T03:23:53.456+0000][7][gc,cpu      ] GC(13) User=0.00s Sys=0.00s Real=0.00s
[2022-05-30T03:23:53.456+0000][7][safepoint   ] Safepoint "G1Concurrent", Time since last: 18293275 ns, Reaching safepoint: 402478 ns, At safepoint: 3088853 ns, Total: 3491331 ns
[2022-05-30T03:23:53.457+0000][7][gc,marking  ] GC(13) Concurrent Cleanup for Next Mark
[2022-05-30T03:23:53.461+0000][7][gc,marking  ] GC(13) Concurrent Cleanup for Next Mark 3.435ms
[2022-05-30T03:23:53.461+0000][7][gc          ] GC(13) Concurrent Mark Cycle 112.879ms
[2022-05-30T03:23:54.464+0000][7][safepoint   ] Safepoint "Cleanup", Time since last: 1007103172 ns, Reaching safepoint: 450738 ns, At safepoint: 36620 ns, Total: 487358 ns
[2022-05-30T03:23:55.473+0000][7][safepoint   ] Safepoint "Cleanup", Time since last: 1000792429 ns, Reaching safepoint: 8425395 ns, At safepoint: 19838 ns, Total: 8445233 ns
[2022-05-30T03:23:56.483+0000][7][safepoint   ] Safepoint "Cleanup", Time since last: 1009546505 ns, Reaching safepoint: 286207 ns, At safepoint: 12654 ns, Total: 298861 ns
[2022-05-30T03:23:57.752+0000][7][safepoint   ] Safepoint "Cleanup", Time since last: 1269210280 ns, Reaching safepoint: 183260 ns, At safepoint: 3216 ns, Total: 186476 ns
[2022-05-30T03:23:58.755+0000][7][safepoint   ] Safepoint "Cleanup", Time since last: 1001842979 ns, Reaching safepoint: 298947 ns, At safepoint: 6793 ns, Total: 305740 ns
[2022-05-30T03:23:59.874+0000][7][safepoint   ] Safepoint "Cleanup", Time since last: 1112672254 ns, Reaching safepoint: 6452065 ns, At safepoint: 25118 ns, Total: 6477183 ns
[2022-05-30T03:24:00.713+0000][7][gc,start    ] GC(14) Pause Young (Normal) (G1 Evacuation Pause)
[2022-05-30T03:24:00.716+0000][7][gc,task     ] GC(14) Using 8 workers of 8 for evacuation
[2022-05-30T03:24:00.718+0000][7][gc,age      ] GC(14) Desired survivor size 20971520 bytes, new threshold 2 (max threshold 15)
[2022-05-30T03:24:00.812+0000][7][gc,phases   ] GC(14)   Pre Evacuate Collection Set: 0.3ms
[2022-05-30T03:24:00.814+0000][7][gc,phases   ] GC(14)   Merge Heap Roots: 0.2ms
[2022-05-30T03:24:00.815+0000][7][gc,phases   ] GC(14)   Evacuate Collection Set: 81.4ms
[2022-05-30T03:24:00.816+0000][7][gc,phases   ] GC(14)   Post Evacuate Collection Set: 8.9ms
[2022-05-30T03:24:00.817+0000][7][gc,phases   ] GC(14)   Other: 5.6ms
[2022-05-30T03:24:00.818+0000][7][gc,age      ] GC(14) Age table with threshold 2 (max threshold 15)
[2022-05-30T03:24:00.819+0000][7][gc,age      ] GC(14) - age   1:    5470832 bytes,    5470832 total
[2022-05-30T03:24:00.820+0000][7][gc,age      ] GC(14) - age   2:    4469504 bytes,    9940336 total
[2022-05-30T03:24:00.821+0000][7][gc,heap     ] GC(14) Eden regions: 69->0(73)
[2022-05-30T03:24:00.825+0000][7][gc,heap     ] GC(14) Survivor regions: 7->3(10)
[2022-05-30T03:24:00.826+0000][7][gc,heap     ] GC(14) Old regions: 6->11
[2022-05-30T03:24:00.827+0000][7][gc,heap     ] GC(14) Archive regions: 2->2
[2022-05-30T03:24:00.827+0000][7][gc,heap     ] GC(14) Humongous regions: 0->0
[2022-05-30T03:24:00.828+0000][7][gc,metaspace] GC(14) Metaspace: 69961K(71488K)->69961K(71488K) NonClass: 60850K(61760K)->60850K(61760K) Class: 9110K(9728K)->9110K(9728K)
[2022-05-30T03:24:00.829+0000][7][gc          ] GC(14) Pause Young (Normal) (G1 Evacuation Pause) 328M->57M(512M) 115.507ms
[2022-05-30T03:24:00.830+0000][7][gc,cpu      ] GC(14) User=0.29s Sys=0.00s Real=0.11s
[2022-05-30T03:24:00.832+0000][7][safepoint   ] Safepoint "G1CollectForAllocation", Time since last: 839311140 ns, Reaching safepoint: 210636 ns, At safepoint: 118804194 ns, Total: 119014830 ns
[2022-05-30T03:24:02.258+0000][7][safepoint   ] Safepoint "Cleanup", Time since last: 1425536242 ns, Reaching safepoint: 447012 ns, At safepoint: 34626 ns, Total: 481638 ns
[2022-05-30T03:24:03.536+0000][7][safepoint   ] Safepoint "Cleanup", Time since last: 1276821176 ns, Reaching safepoint: 951023 ns, At safepoint: 70885 ns, Total: 1021908 ns
[2022-05-30T03:24:04.538+0000][7][safepoint   ] Safepoint "Cleanup", Time since last: 1000858720 ns, Reaching safepoint: 1538664 ns, At safepoint: 82808 ns, Total: 1621472 ns
[2022-05-30T03:24:05.540+0000][7][safepoint   ] Safepoint "Cleanup", Time since last: 1000881232 ns, Reaching safepoint: 624671 ns, At safepoint: 120259 ns, Total: 744930 ns
[2022-05-30T03:24:06.542+0000][7][safepoint   ] Safepoint "Cleanup", Time since last: 1001725895 ns, Reaching safepoint: 324790 ns, At safepoint: 11142 ns, Total: 335932 ns
[2022-05-30T03:24:07.661+0000][7][safepoint   ] Safepoint "Cleanup", Time since last: 1119057387 ns, Reaching safepoint: 283992 ns, At safepoint: 57380 ns, Total: 341372 ns
[2022-05-30T03:24:08.664+0000][7][safepoint   ] Safepoint "Cleanup", Time since last: 1001368932 ns, Reaching safepoint: 810647 ns, At safepoint: 51388 ns, Total: 862035 ns
[2022-05-30T03:24:09.940+0000][7][gc,start    ] GC(15) Pause Young (Concurrent Start) (Metadata GC Threshold)
[2022-05-30T03:24:09.941+0000][7][gc,task     ] GC(15) Using 8 workers of 8 for evacuation
[2022-05-30T03:24:09.943+0000][7][gc,age      ] GC(15) Desired survivor size 20971520 bytes, new threshold 15 (max threshold 15)
[2022-05-30T03:24:10.047+0000][7][gc,phases   ] GC(15)   Pre Evacuate Collection Set: 0.8ms
[2022-05-30T03:24:10.048+0000][7][gc,phases   ] GC(15)   Merge Heap Roots: 0.2ms
[2022-05-30T03:24:10.049+0000][7][gc,phases   ] GC(15)   Evacuate Collection Set: 83.3ms
[2022-05-30T03:24:10.050+0000][7][gc,phases   ] GC(15)   Post Evacuate Collection Set: 18.1ms
[2022-05-30T03:24:10.050+0000][7][gc,phases   ] GC(15)   Other: 3.9ms
[2022-05-30T03:24:10.051+0000][7][gc,age      ] GC(15) Age table with threshold 15 (max threshold 15)
[2022-05-30T03:24:10.054+0000][7][gc,age      ] GC(15) - age   1:   13519896 bytes,   13519896 total
[2022-05-30T03:24:10.055+0000][7][gc,age      ] GC(15) - age   2:    5254728 bytes,   18774624 total
[2022-05-30T03:24:10.056+0000][7][gc,age      ] GC(15) - age   3:    4376736 bytes,   23151360 total
[2022-05-30T03:24:10.057+0000][7][gc,heap     ] GC(15) Eden regions: 73->0(70)
[2022-05-30T03:24:10.058+0000][7][gc,heap     ] GC(15) Survivor regions: 3->6(10)
[2022-05-30T03:24:10.058+0000][7][gc,heap     ] GC(15) Old regions: 11->11
[2022-05-30T03:24:10.059+0000][7][gc,heap     ] GC(15) Archive regions: 2->2
[2022-05-30T03:24:10.059+0000][7][gc,heap     ] GC(15) Humongous regions: 0->0
[2022-05-30T03:24:10.060+0000][7][gc,metaspace] GC(15) Metaspace: 97715K(100480K)->97715K(100480K) NonClass: 84472K(85888K)->84472K(85888K) Class: 13243K(14592K)->13243K(14592K)
[2022-05-30T03:24:10.060+0000][7][gc          ] GC(15) Pause Young (Concurrent Start) (Metadata GC Threshold) 347M->69M(512M) 119.662ms
[2022-05-30T03:24:10.061+0000][7][gc,cpu      ] GC(15) User=0.41s Sys=0.01s Real=0.12s
[2022-05-30T03:24:10.061+0000][7][gc          ] GC(16) Concurrent Mark Cycle
[2022-05-30T03:24:10.063+0000][7][gc,marking  ] GC(16) Concurrent Clear Claimed Marks
[2022-05-30T03:24:10.067+0000][7][gc,marking  ] GC(16) Concurrent Clear Claimed Marks 4.302ms
[2022-05-30T03:24:10.069+0000][7][gc,marking  ] GC(16) Concurrent Scan Root Regions
[2022-05-30T03:24:10.062+0000][7][safepoint   ] Safepoint "CollectForMetadataAllocation", Time since last: 1276158638 ns, Reaching safepoint: 400346 ns, At safepoint: 121816921 ns, Total: 122217267 ns
[2022-05-30T03:24:10.098+0000][7][gc,marking  ] GC(16) Concurrent Scan Root Regions 29.326ms
[2022-05-30T03:24:10.099+0000][7][gc,marking  ] GC(16) Concurrent Mark
[2022-05-30T03:24:10.099+0000][7][gc,marking  ] GC(16) Concurrent Mark From Roots
[2022-05-30T03:24:10.100+0000][7][gc,task     ] GC(16) Using 2 workers of 2 for marking
[2022-05-30T03:24:10.184+0000][7][gc,marking  ] GC(16) Concurrent Mark From Roots 83.605ms
[2022-05-30T03:24:10.185+0000][7][gc,marking  ] GC(16) Concurrent Preclean
[2022-05-30T03:24:10.191+0000][7][gc,marking  ] GC(16) Concurrent Preclean 5.691ms
[2022-05-30T03:24:10.194+0000][7][gc,start    ] GC(16) Pause Remark
[2022-05-30T03:24:10.221+0000][7][gc          ] GC(16) Pause Remark 72M->72M(512M) 27.364ms
[2022-05-30T03:24:10.222+0000][7][gc,cpu      ] GC(16) User=0.08s Sys=0.00s Real=0.02s
[2022-05-30T03:24:10.243+0000][7][safepoint   ] Safepoint "G1Concurrent", Time since last: 130007234 ns, Reaching safepoint: 1536559 ns, At safepoint: 49459890 ns, Total: 50996449 ns
[2022-05-30T03:24:10.245+0000][7][gc,marking  ] GC(16) Concurrent Mark 146.345ms
[2022-05-30T03:24:10.246+0000][7][gc,marking  ] GC(16) Concurrent Rebuild Remembered Sets
[2022-05-30T03:24:10.277+0000][7][gc,marking  ] GC(16) Concurrent Rebuild Remembered Sets 30.902ms
[2022-05-30T03:24:10.279+0000][7][gc,start    ] GC(16) Pause Cleanup
[2022-05-30T03:24:10.280+0000][7][gc          ] GC(16) Pause Cleanup 74M->74M(512M) 0.966ms
[2022-05-30T03:24:10.280+0000][7][gc,cpu      ] GC(16) User=0.01s Sys=0.00s Real=0.00s
[2022-05-30T03:24:10.281+0000][7][safepoint   ] Safepoint "G1Concurrent", Time since last: 34682200 ns, Reaching safepoint: 1151741 ns, At safepoint: 2127832 ns, Total: 3279573 ns
[2022-05-30T03:24:10.282+0000][7][gc,marking  ] GC(16) Concurrent Cleanup for Next Mark
[2022-05-30T03:24:10.284+0000][7][gc,marking  ] GC(16) Concurrent Cleanup for Next Mark 2.448ms
[2022-05-30T03:24:10.285+0000][7][gc          ] GC(16) Concurrent Mark Cycle 224.498ms
[2022-05-30T03:24:11.881+0000][7][safepoint   ] Safepoint "Cleanup", Time since last: 1650823313 ns, Reaching safepoint: 184682 ns, At safepoint: 5701 ns, Total: 190383 ns
[2022-05-30T03:24:12.668+0000][7][safepoint   ] Safepoint "ICBufferFull", Time since last: 786551845 ns, Reaching safepoint: 471770 ns, At safepoint: 64273 ns, Total: 536043 ns
[2022-05-30T03:24:13.389+0000][7][safepoint   ] Safepoint "ICBufferFull", Time since last: 720054308 ns, Reaching safepoint: 406155 ns, At safepoint: 12253 ns, Total: 418408 ns
[2022-05-30T03:24:14.393+0000][7][safepoint   ] Safepoint "Cleanup", Time since last: 1001167618 ns, Reaching safepoint: 3356091 ns, At safepoint: 56298 ns, Total: 3412389 ns
[2022-05-30T03:24:15.396+0000][7][safepoint   ] Safepoint "Cleanup", Time since last: 1002555932 ns, Reaching safepoint: 326183 ns, At safepoint: 9318 ns, Total: 335501 ns
[2022-05-30T03:24:17.109+0000][7][safepoint   ] Safepoint "Cleanup", Time since last: 1712758842 ns, Reaching safepoint: 304321 ns, At safepoint: 45186 ns, Total: 349507 ns
[2022-05-30T03:24:18.223+0000][7][safepoint   ] Safepoint "Cleanup", Time since last: 1113103326 ns, Reaching safepoint: 431059 ns, At safepoint: 63110 ns, Total: 494169 ns
[2022-05-30T03:24:19.283+0000][7][safepoint   ] Safepoint "Cleanup", Time since last: 1059930967 ns, Reaching safepoint: 368283 ns, At safepoint: 50086 ns, Total: 418369 ns
[2022-05-30T03:24:20.557+0000][7][safepoint   ] Safepoint "Cleanup", Time since last: 1273531756 ns, Reaching safepoint: 551683 ns, At safepoint: 75334 ns, Total: 627017 ns
[2022-05-30T03:24:22.135+0000][7][safepoint   ] Safepoint "Cleanup", Time since last: 1576971698 ns, Reaching safepoint: 317298 ns, At safepoint: 12273 ns, Total: 329571 ns
[2022-05-30T03:24:24.355+0000][7][safepoint   ] Safepoint "Cleanup", Time since last: 2219878464 ns, Reaching safepoint: 470949 ns, At safepoint: 18706 ns, Total: 489655 ns
[2022-05-30T03:24:25.356+0000][7][safepoint   ] Safepoint "Cleanup", Time since last: 1000933024 ns, Reaching safepoint: 412584 ns, At safepoint: 58452 ns, Total: 471036 ns
[2022-05-30T03:24:26.358+0000][7][safepoint   ] Safepoint "Cleanup", Time since last: 1000973104 ns, Reaching safepoint: 200534 ns, At safepoint: 12745 ns, Total: 213279 ns
[2022-05-30T03:24:28.113+0000][7][safepoint   ] Safepoint "Cleanup", Time since last: 1752814908 ns, Reaching safepoint: 2558743 ns, At safepoint: 486400 ns, Total: 3045143 ns
[2022-05-30T03:24:29.117+0000][7][safepoint   ] Safepoint "Cleanup", Time since last: 1002625078 ns, Reaching safepoint: 401807 ns, At safepoint: 77578 ns, Total: 479385 ns
[2022-05-30T03:24:30.129+0000][7][safepoint   ] Safepoint "Cleanup", Time since last: 1001152519 ns, Reaching safepoint: 10778506 ns, At safepoint: 169885 ns, Total: 10948391 ns
[2022-05-30T03:24:31.141+0000][7][safepoint   ] Safepoint "Cleanup", Time since last: 1012044273 ns, Reaching safepoint: 427352 ns, At safepoint: 45617 ns, Total: 472969 ns
[2022-05-30T03:24:32.362+0000][7][safepoint   ] Safepoint "Cleanup", Time since last: 1002379771 ns, Reaching safepoint: 217832726 ns, At safepoint: 199471 ns, Total: 218032197 ns
[2022-05-30T03:24:33.610+0000][7][safepoint   ] Safepoint "Cleanup", Time since last: 1247693760 ns, Reaching safepoint: 437605 ns, At safepoint: 17694 ns, Total: 455299 ns
[2022-05-30T03:24:34.707+0000][7][safepoint   ] Safepoint "Cleanup", Time since last: 1096803914 ns, Reaching safepoint: 362131 ns, At safepoint: 19738 ns, Total: 381869 ns
[2022-05-30T03:24:36.109+0000][7][safepoint   ] Safepoint "Cleanup", Time since last: 1401116747 ns, Reaching safepoint: 465669 ns, At safepoint: 23014 ns, Total: 488683 ns
[2022-05-30T03:24:38.115+0000][7][safepoint   ] Safepoint "Cleanup", Time since last: 2005888788 ns, Reaching safepoint: 400985 ns, At safepoint: 27503 ns, Total: 428488 ns
[2022-05-30T03:24:39.520+0000][7][safepoint   ] Safepoint "Cleanup", Time since last: 1001615889 ns, Reaching safepoint: 375993605 ns, At safepoint: 27999956 ns, Total: 403993561 ns
[2022-05-30T03:24:41.167+0000][7][safepoint   ] Safepoint "Cleanup", Time since last: 1544385269 ns, Reaching safepoint: 375276 ns, At safepoint: 54505 ns, Total: 429781 ns
[2022-05-30T03:24:42.189+0000][7][safepoint   ] Safepoint "Cleanup", Time since last: 1017417379 ns, Reaching safepoint: 3976842 ns, At safepoint: 122924 ns, Total: 4099766 ns
[2022-05-30T03:24:43.340+0000][7][safepoint   ] Safepoint "Cleanup", Time since last: 1150422184 ns, Reaching safepoint: 236101 ns, At safepoint: 13185 ns, Total: 249286 ns
[2022-05-30T03:24:44.603+0000][7][safepoint   ] Safepoint "Cleanup", Time since last: 1263005480 ns, Reaching safepoint: 367382 ns, At safepoint: 29456 ns, Total: 396838 ns
[2022-05-30T03:24:44.762+0000][7][gc,start    ] GC(17) Pause Young (Normal) (G1 Evacuation Pause)
[2022-05-30T03:24:44.763+0000][7][gc,task     ] GC(17) Using 8 workers of 8 for evacuation
[2022-05-30T03:24:44.765+0000][7][gc,age      ] GC(17) Desired survivor size 20971520 bytes, new threshold 3 (max threshold 15)
[2022-05-30T03:24:44.861+0000][7][gc,phases   ] GC(17)   Pre Evacuate Collection Set: 0.5ms
[2022-05-30T03:24:44.862+0000][7][gc,phases   ] GC(17)   Merge Heap Roots: 0.2ms
[2022-05-30T03:24:44.862+0000][7][gc,phases   ] GC(17)   Evacuate Collection Set: 68.1ms
[2022-05-30T03:24:44.863+0000][7][gc,phases   ] GC(17)   Post Evacuate Collection Set: 26.5ms
[2022-05-30T03:24:44.864+0000][7][gc,phases   ] GC(17)   Other: 2.2ms
[2022-05-30T03:24:44.865+0000][7][gc,age      ] GC(17) Age table with threshold 3 (max threshold 15)
[2022-05-30T03:24:44.866+0000][7][gc,age      ] GC(17) - age   1:   15345864 bytes,   15345864 total
[2022-05-30T03:24:44.867+0000][7][gc,age      ] GC(17) - age   2:   13039888 bytes,   28385752 total
[2022-05-30T03:24:44.868+0000][7][gc,age      ] GC(17) - age   3:    5218152 bytes,   33603904 total
[2022-05-30T03:24:44.870+0000][7][gc,heap     ] GC(17) Eden regions: 70->0(67)
[2022-05-30T03:24:44.871+0000][7][gc,heap     ] GC(17) Survivor regions: 6->9(10)
[2022-05-30T03:24:44.872+0000][7][gc,heap     ] GC(17) Old regions: 11->12
[2022-05-30T03:24:44.881+0000][7][gc,heap     ] GC(17) Archive regions: 2->2
[2022-05-30T03:24:44.882+0000][7][gc,heap     ] GC(17) Humongous regions: 2->2
[2022-05-30T03:24:44.884+0000][7][gc,metaspace] GC(17) Metaspace: 115550K(118720K)->115550K(118720K) NonClass: 99653K(101312K)->99653K(101312K) Class: 15896K(17408K)->15896K(17408K)
[2022-05-30T03:24:44.888+0000][7][gc          ] GC(17) Pause Young (Normal) (G1 Evacuation Pause) 357M->91M(512M) 125.908ms
[2022-05-30T03:24:44.891+0000][7][gc,cpu      ] GC(17) User=0.47s Sys=0.02s Real=0.13s
[2022-05-30T03:24:44.892+0000][7][safepoint   ] Safepoint "G1CollectForAllocation", Time since last: 159073945 ns, Reaching safepoint: 294088 ns, At safepoint: 129578386 ns, Total: 129872474 ns
[2022-05-30T03:24:45.903+0000][7][safepoint   ] Safepoint "Cleanup", Time since last: 1010284084 ns, Reaching safepoint: 467559 ns, At safepoint: 149014 ns, Total: 616573 ns
[2022-05-30T03:24:47.540+0000][7][safepoint   ] Safepoint "Cleanup", Time since last: 1019091145 ns, Reaching safepoint: 617876620 ns, At safepoint: 379003 ns, Total: 618255623 ns
[2022-05-30T03:24:50.228+0000][7][safepoint   ] Safepoint "Cleanup", Time since last: 1005111216 ns, Reaching safepoint: 1680186574 ns, At safepoint: 2869605 ns, Total: 1683056179 ns
[2022-05-30T03:24:51.890+0000][7][safepoint   ] Safepoint "Cleanup", Time since last: 1322986451 ns, Reaching safepoint: 338761000 ns, At safepoint: 326753 ns, Total: 339087753 ns
[2022-05-30T03:24:52.903+0000][7][safepoint   ] Safepoint "Cleanup", Time since last: 1011667462 ns, Reaching safepoint: 482744 ns, At safepoint: 174052 ns, Total: 656796 ns
[2022-05-30T03:24:54.055+0000][7][safepoint   ] Safepoint "ICBufferFull", Time since last: 1083817632 ns, Reaching safepoint: 68483135 ns, At safepoint: 443917 ns, Total: 68927052 ns
[2022-05-30T03:24:55.416+0000][7][safepoint   ] Safepoint "Cleanup", Time since last: 1360278673 ns, Reaching safepoint: 521265 ns, At safepoint: 94330 ns, Total: 615595 ns
[2022-05-30T03:24:58.765+0000][7][safepoint   ] Safepoint "Cleanup", Time since last: 1463352362 ns, Reaching safepoint: 1884622895 ns, At safepoint: 517678 ns, Total: 1885140573 ns
[2022-05-30T03:24:59.793+0000][7][safepoint   ] Safepoint "Cleanup", Time since last: 1023728787 ns, Reaching safepoint: 3884475 ns, At safepoint: 158513 ns, Total: 4042988 ns
[2022-05-30T03:25:00.794+0000][7][safepoint   ] Safepoint "Cleanup", Time since last: 1000884336 ns, Reaching safepoint: 474095 ns, At safepoint: 26942 ns, Total: 501037 ns
[2022-05-30T03:25:02.097+0000][7][safepoint   ] Safepoint "Cleanup", Time since last: 1301828962 ns, Reaching safepoint: 616797 ns, At safepoint: 104680 ns, Total: 721477 ns
[2022-05-30T03:25:04.665+0000][7][safepoint   ] Safepoint "Cleanup", Time since last: 1232718998 ns, Reaching safepoint: 1335353742 ns, At safepoint: 468193 ns, Total: 1335821935 ns
[2022-05-30T03:25:05.687+0000][7][safepoint   ] Safepoint "Cleanup", Time since last: 1014266351 ns, Reaching safepoint: 6948155 ns, At safepoint: 635593 ns, Total: 7583748 ns
[2022-05-30T03:25:06.694+0000][7][safepoint   ] Safepoint "Cleanup", Time since last: 1001430860 ns, Reaching safepoint: 5824952 ns, At safepoint: 211995 ns, Total: 6036947 ns
[2022-05-30T03:25:08.960+0000][7][safepoint   ] Safepoint "Cleanup", Time since last: 1357466032 ns, Reaching safepoint: 908050555 ns, At safepoint: 360562 ns, Total: 908411117 ns
[2022-05-30T03:25:10.599+0000][7][safepoint   ] Safepoint "Cleanup", Time since last: 1632327857 ns, Reaching safepoint: 5828447 ns, At safepoint: 121381 ns, Total: 5949828 ns
[2022-05-30T03:25:12.392+0000][7][safepoint   ] Safepoint "Cleanup", Time since last: 1000897988 ns, Reaching safepoint: 894579934 ns, At safepoint: 557865 ns, Total: 895137799 ns
[2022-05-30T03:25:14.534+0000][7][safepoint   ] Safepoint "Cleanup", Time since last: 1013463126 ns, Reaching safepoint: 1128020684 ns, At safepoint: 272901 ns, Total: 1128293585 ns
[2022-05-30T03:25:15.687+0000][7][safepoint   ] Safepoint "Cleanup", Time since last: 1151734677 ns, Reaching safepoint: 1318537 ns, At safepoint: 101154 ns, Total: 1419691 ns
[2022-05-30T03:25:15.703+0000][7][gc,start    ] GC(18) Pause Young (Normal) (G1 Evacuation Pause)
[2022-05-30T03:25:15.703+0000][7][gc,task     ] GC(18) Using 8 workers of 8 for evacuation
[2022-05-30T03:25:15.703+0000][7][gc,age      ] GC(18) Desired survivor size 20971520 bytes, new threshold 2 (max threshold 15)
[2022-05-30T03:25:15.735+0000][7][gc,phases   ] GC(18)   Pre Evacuate Collection Set: 0.4ms
[2022-05-30T03:25:15.736+0000][7][gc,phases   ] GC(18)   Merge Heap Roots: 0.3ms
[2022-05-30T03:25:15.736+0000][7][gc,phases   ] GC(18)   Evacuate Collection Set: 27.9ms
[2022-05-30T03:25:15.736+0000][7][gc,phases   ] GC(18)   Post Evacuate Collection Set: 2.9ms
[2022-05-30T03:25:15.736+0000][7][gc,phases   ] GC(18)   Other: 0.7ms
[2022-05-30T03:25:15.737+0000][7][gc,age      ] GC(18) Age table with threshold 2 (max threshold 15)
[2022-05-30T03:25:15.737+0000][7][gc,age      ] GC(18) - age   1:    9004584 bytes,    9004584 total
[2022-05-30T03:25:15.737+0000][7][gc,age      ] GC(18) - age   2:   13017872 bytes,   22022456 total
[2022-05-30T03:25:15.737+0000][7][gc,heap     ] GC(18) Eden regions: 67->0(70)
[2022-05-30T03:25:15.737+0000][7][gc,heap     ] GC(18) Survivor regions: 9->6(10)
[2022-05-30T03:25:15.738+0000][7][gc,heap     ] GC(18) Old regions: 12->17
[2022-05-30T03:25:15.738+0000][7][gc,heap     ] GC(18) Archive regions: 2->2
[2022-05-30T03:25:15.738+0000][7][gc,heap     ] GC(18) Humongous regions: 2->2
[2022-05-30T03:25:15.738+0000][7][gc,metaspace] GC(18) Metaspace: 119601K(122752K)->119601K(122752K) NonClass: 103296K(104896K)->103296K(104896K) Class: 16305K(17856K)->16305K(17856K)
[2022-05-30T03:25:15.738+0000][7][gc          ] GC(18) Pause Young (Normal) (G1 Evacuation Pause) 359M->99M(512M) 35.684ms
[2022-05-30T03:25:15.739+0000][7][gc,cpu      ] GC(18) User=0.21s Sys=0.01s Real=0.03s
[2022-05-30T03:25:15.739+0000][7][safepoint   ] Safepoint "G1CollectForAllocation", Time since last: 15442790 ns, Reaching safepoint: 375547 ns, At safepoint: 36562528 ns, Total: 36938075 ns
[2022-05-30T03:25:16.740+0000][7][safepoint   ] Safepoint "Cleanup", Time since last: 1000829014 ns, Reaching safepoint: 332595 ns, At safepoint: 88158 ns, Total: 420753 ns
[2022-05-30T03:25:17.742+0000][7][safepoint   ] Safepoint "Cleanup", Time since last: 1001025033 ns, Reaching safepoint: 422036 ns, At safepoint: 27462 ns, Total: 449498 ns
[2022-05-30T03:25:19.983+0000][7][safepoint   ] Safepoint "Cleanup", Time since last: 2240804982 ns, Reaching safepoint: 563025 ns, At safepoint: 63772 ns, Total: 626797 ns
[2022-05-30T03:25:20.985+0000][7][safepoint   ] Safepoint "Cleanup", Time since last: 1000990010 ns, Reaching safepoint: 430551 ns, At safepoint: 33084 ns, Total: 463635 ns
[2022-05-30T03:25:26.250+0000][7][safepoint   ] Safepoint "Cleanup", Time since last: 5264697262 ns, Reaching safepoint: 355048 ns, At safepoint: 27883 ns, Total: 382931 ns
[2022-05-30T03:25:28.661+0000][7][safepoint   ] Safepoint "Cleanup", Time since last: 2410535203 ns, Reaching safepoint: 325361 ns, At safepoint: 11552 ns, Total: 336913 ns
[2022-05-30T03:25:29.662+0000][7][safepoint   ] Safepoint "Cleanup", Time since last: 1001017488 ns, Reaching safepoint: 346000 ns, At safepoint: 20880 ns, Total: 366880 ns
[2022-05-30T03:25:31.690+0000][7][safepoint   ] Safepoint "Cleanup", Time since last: 2027563834 ns, Reaching safepoint: 289132 ns, At safepoint: 10480 ns, Total: 299612 ns
[2022-05-30T03:25:32.503+0000][7][safepoint   ] Safepoint "ICBufferFull", Time since last: 811778572 ns, Reaching safepoint: 903676 ns, At safepoint: 208367 ns, Total: 1112043 ns
[2022-05-30T03:25:33.504+0000][7][safepoint   ] Safepoint "Cleanup", Time since last: 1001187316 ns, Reaching safepoint: 380686 ns, At safepoint: 50426 ns, Total: 431112 ns
[2022-05-30T03:25:34.506+0000][7][safepoint   ] Safepoint "Cleanup", Time since last: 1000830287 ns, Reaching safepoint: 393261 ns, At safepoint: 34516 ns, Total: 427777 ns
[2022-05-30T03:25:36.082+0000][7][safepoint   ] Safepoint "Cleanup", Time since last: 1575452789 ns, Reaching safepoint: 615585 ns, At safepoint: 136631 ns, Total: 752216 ns
[2022-05-30T03:25:37.083+0000][7][safepoint   ] Safepoint "Cleanup", Time since last: 1001047326 ns, Reaching safepoint: 395845 ns, At safepoint: 35949 ns, Total: 431794 ns
[2022-05-30T03:25:39.142+0000][7][safepoint   ] Safepoint "Cleanup", Time since last: 2056218188 ns, Reaching safepoint: 2516314 ns, At safepoint: 42411 ns, Total: 2558725 ns
[2022-05-30T03:25:40.145+0000][7][safepoint   ] Safepoint "Cleanup", Time since last: 1002258299 ns, Reaching safepoint: 395014 ns, At safepoint: 53322 ns, Total: 448336 ns
[2022-05-30T03:25:42.979+0000][7][safepoint   ] Safepoint "Cleanup", Time since last: 2361796592 ns, Reaching safepoint: 376018 ns, At safepoint: 20058 ns, Total: 396076 ns
[2022-05-30T03:25:44.202+0000][7][safepoint   ] Safepoint "Cleanup", Time since last: 1222297303 ns, Reaching safepoint: 538749 ns, At safepoint: 50767 ns, Total: 589516 ns
[2022-05-30T03:25:45.204+0000][7][safepoint   ] Safepoint "Cleanup", Time since last: 1001270933 ns, Reaching safepoint: 423578 ns, At safepoint: 34897 ns, Total: 458475 ns
[2022-05-30T03:25:47.404+0000][7][safepoint   ] Safepoint "Cleanup", Time since last: 2199607727 ns, Reaching safepoint: 486579 ns, At safepoint: 25499 ns, Total: 512078 ns
[2022-05-30T03:25:48.410+0000][7][safepoint   ] Safepoint "Cleanup", Time since last: 1006178836 ns, Reaching safepoint: 424060 ns, At safepoint: 29226 ns, Total: 453286 ns
[2022-05-30T03:25:49.534+0000][7][safepoint   ] Safepoint "Cleanup", Time since last: 1123854295 ns, Reaching safepoint: 327085 ns, At safepoint: 14658 ns, Total: 341743 ns
[2022-05-30T03:25:50.550+0000][7][safepoint   ] Safepoint "Cleanup", Time since last: 1014816792 ns, Reaching safepoint: 385556 ns, At safepoint: 16722 ns, Total: 402278 ns
[2022-05-30T03:25:52.733+0000][7][safepoint   ] Safepoint "Cleanup", Time since last: 2183118702 ns, Reaching safepoint: 405835 ns, At safepoint: 60345 ns, Total: 466180 ns
[2022-05-30T03:25:53.734+0000][7][safepoint   ] Safepoint "Cleanup", Time since last: 1000668747 ns, Reaching safepoint: 404622 ns, At safepoint: 10540 ns, Total: 415162 ns
[2022-05-30T03:25:55.736+0000][7][safepoint   ] Safepoint "Cleanup", Time since last: 2000891711 ns, Reaching safepoint: 359216 ns, At safepoint: 24837 ns, Total: 384053 ns
[2022-05-30T03:25:56.747+0000][7][safepoint   ] Safepoint "Cleanup", Time since last: 1011402253 ns, Reaching safepoint: 402779 ns, At safepoint: 31049 ns, Total: 433828 ns
[2022-05-30T03:25:57.871+0000][7][safepoint   ] Safepoint "Cleanup", Time since last: 1122788070 ns, Reaching safepoint: 364506 ns, At safepoint: 22613 ns, Total: 387119 ns
[2022-05-30T03:25:58.872+0000][7][safepoint   ] Safepoint "Cleanup", Time since last: 1001079633 ns, Reaching safepoint: 357232 ns, At safepoint: 19046 ns, Total: 376278 ns
[2022-05-30T03:26:00.069+0000][7][safepoint   ] Safepoint "Cleanup", Time since last: 1196711320 ns, Reaching safepoint: 355879 ns, At safepoint: 19207 ns, Total: 375086 ns
[2022-05-30T03:26:01.140+0000][7][safepoint   ] Safepoint "Cleanup", Time since last: 1070833178 ns, Reaching safepoint: 405164 ns, At safepoint: 22462 ns, Total: 427626 ns
[2022-05-30T03:26:02.142+0000][7][safepoint   ] Safepoint "Cleanup", Time since last: 1000751893 ns, Reaching safepoint: 383172 ns, At safepoint: 20389 ns, Total: 403561 ns
[2022-05-30T03:26:03.186+0000][7][safepoint   ] Safepoint "Cleanup", Time since last: 1044538511 ns, Reaching safepoint: 340320 ns, At safepoint: 15960 ns, Total: 356280 ns
[2022-05-30T03:26:04.189+0000][7][safepoint   ] Safepoint "Cleanup", Time since last: 1001860381 ns, Reaching safepoint: 351160 ns, At safepoint: 25699 ns, Total: 376859 ns
[2022-05-30T03:26:05.246+0000][7][safepoint   ] Safepoint "Cleanup", Time since last: 1056862860 ns, Reaching safepoint: 382300 ns, At safepoint: 26551 ns, Total: 408851 ns
[2022-05-30T03:26:06.247+0000][7][safepoint   ] Safepoint "Cleanup", Time since last: 1000737856 ns, Reaching safepoint: 530973 ns, At safepoint: 22914 ns, Total: 553887 ns
[2022-05-30T03:26:07.249+0000][7][safepoint   ] Safepoint "Cleanup", Time since last: 1000861443 ns, Reaching safepoint: 356451 ns, At safepoint: 50607 ns, Total: 407058 ns
[2022-05-30T03:26:08.453+0000][7][safepoint   ] Safepoint "Cleanup", Time since last: 1203211069 ns, Reaching safepoint: 680830 ns, At safepoint: 67409 ns, Total: 748239 ns
[2022-05-30T03:26:09.454+0000][7][safepoint   ] Safepoint "Cleanup", Time since last: 1001085259 ns, Reaching safepoint: 536744 ns, At safepoint: 26471 ns, Total: 563215 ns
[2022-05-30T03:26:10.455+0000][7][safepoint   ] Safepoint "Cleanup", Time since last: 1000843209 ns, Reaching safepoint: 405624 ns, At safepoint: 21832 ns, Total: 427456 ns
[2022-05-30T03:26:11.464+0000][7][safepoint   ] Safepoint "Cleanup", Time since last: 1007669089 ns, Reaching safepoint: 530613 ns, At safepoint: 63983 ns, Total: 594596 ns
[2022-05-30T03:26:11.994+0000][7][safepoint   ] Safepoint "Cleanup", Time since last: 1001466437 ns, Reaching safepoint: 484004 ns, At safepoint: 20819 ns, Total: 504823 ns
[2022-05-30T03:26:12.995+0000][7][safepoint   ] Safepoint "Cleanup", Time since last: 1000830146 ns, Reaching safepoint: 370136 ns, At safepoint: 18025 ns, Total: 388161 ns
[2022-05-30T03:26:14.215+0000][7][safepoint   ] Safepoint "Cleanup", Time since last: 1219190372 ns, Reaching safepoint: 339838 ns, At safepoint: 47521 ns, Total: 387359 ns
[2022-05-30T03:26:15.218+0000][7][safepoint   ] Safepoint "Cleanup", Time since last: 1002722684 ns, Reaching safepoint: 346622 ns, At safepoint: 23816 ns, Total: 370438 ns
[2022-05-30T03:26:17.326+0000][7][safepoint   ] Safepoint "Cleanup", Time since last: 2107766882 ns, Reaching safepoint: 378032 ns, At safepoint: 26080 ns, Total: 404112 ns
[2022-05-30T03:26:18.327+0000][7][safepoint   ] Safepoint "Cleanup", Time since last: 1001120358 ns, Reaching safepoint: 380506 ns, At safepoint: 17885 ns, Total: 398391 ns
[2022-05-30T03:26:19.486+0000][7][safepoint   ] Safepoint "Cleanup", Time since last: 1157656646 ns, Reaching safepoint: 460659 ns, At safepoint: 31821 ns, Total: 492480 ns
[2022-05-30T03:26:20.489+0000][7][safepoint   ] Safepoint "Cleanup", Time since last: 1002956793 ns, Reaching safepoint: 426554 ns, At safepoint: 12835 ns, Total: 439389 ns
[2022-05-30T03:26:23.426+0000][7][safepoint   ] Safepoint "Cleanup", Time since last: 2936486104 ns, Reaching safepoint: 334648 ns, At safepoint: 75384 ns, Total: 410032 ns
[2022-05-30T03:26:24.427+0000][7][safepoint   ] Safepoint "Cleanup", Time since last: 1000736930 ns, Reaching safepoint: 339538 ns, At safepoint: 59854 ns, Total: 399392 ns
[2022-05-30T03:26:25.428+0000][7][safepoint   ] Safepoint "Cleanup", Time since last: 1000832905 ns, Reaching safepoint: 375437 ns, At safepoint: 17944 ns, Total: 393381 ns
[2022-05-30T03:26:26.539+0000][7][safepoint   ] Safepoint "Cleanup", Time since last: 1110899150 ns, Reaching safepoint: 349928 ns, At safepoint: 25388 ns, Total: 375316 ns
[2022-05-30T03:26:27.551+0000][7][safepoint   ] Safepoint "Cleanup", Time since last: 1011213541 ns, Reaching safepoint: 370718 ns, At safepoint: 24296 ns, Total: 395014 ns
[2022-05-30T03:26:29.715+0000][7][safepoint   ] Safepoint "Cleanup", Time since last: 2163544583 ns, Reaching safepoint: 440972 ns, At safepoint: 10670 ns, Total: 451642 ns
[2022-05-30T03:26:30.716+0000][7][safepoint   ] Safepoint "Cleanup", Time since last: 1000833902 ns, Reaching safepoint: 375767 ns, At safepoint: 27122 ns, Total: 402889 ns
[2022-05-30T03:26:31.855+0000][7][safepoint   ] Safepoint "Cleanup", Time since last: 1137602406 ns, Reaching safepoint: 608812 ns, At safepoint: 96234 ns, Total: 705046 ns
[2022-05-30T03:26:32.248+0000][7][gc,start    ] GC(19) Pause Young (Normal) (G1 Evacuation Pause)
[2022-05-30T03:26:32.553+0000][7][gc,task     ] GC(19) Using 8 workers of 8 for evacuation
[2022-05-30T03:26:32.612+0000][7][gc,age      ] GC(19) Desired survivor size 20971520 bytes, new threshold 2 (max threshold 15)
[2022-05-30T03:26:32.691+0000][7][gc,phases   ] GC(19)   Pre Evacuate Collection Set: 0.5ms
[2022-05-30T03:26:32.694+0000][7][gc,phases   ] GC(19)   Merge Heap Roots: 0.2ms
[2022-05-30T03:26:32.695+0000][7][gc,phases   ] GC(19)   Evacuate Collection Set: 23.5ms
[2022-05-30T03:26:32.698+0000][7][gc,phases   ] GC(19)   Post Evacuate Collection Set: 11.5ms
[2022-05-30T03:26:32.698+0000][7][gc,phases   ] GC(19)   Other: 101.7ms
[2022-05-30T03:26:32.700+0000][7][gc,age      ] GC(19) Age table with threshold 2 (max threshold 15)
[2022-05-30T03:26:32.701+0000][7][gc,age      ] GC(19) - age   1:    8452560 bytes,    8452560 total
[2022-05-30T03:26:32.710+0000][7][gc,age      ] GC(19) - age   2:    7411416 bytes,   15863976 total
[2022-05-30T03:26:32.712+0000][7][gc,heap     ] GC(19) Eden regions: 70->0(70)
[2022-05-30T03:26:32.713+0000][7][gc,heap     ] GC(19) Survivor regions: 6->5(10)
[2022-05-30T03:26:32.714+0000][7][gc,heap     ] GC(19) Old regions: 17->20
[2022-05-30T03:26:32.714+0000][7][gc,heap     ] GC(19) Archive regions: 2->2
[2022-05-30T03:26:32.715+0000][7][gc,heap     ] GC(19) Humongous regions: 2->2
[2022-05-30T03:26:32.716+0000][7][gc,metaspace] GC(19) Metaspace: 124237K(127552K)->124237K(127552K) NonClass: 107451K(109120K)->107451K(109120K) Class: 16786K(18432K)->16786K(18432K)
[2022-05-30T03:26:32.717+0000][7][gc          ] GC(19) Pause Young (Normal) (G1 Evacuation Pause) 379M->107M(512M) 468.534ms
[2022-05-30T03:26:32.718+0000][7][gc,cpu      ] GC(19) User=0.20s Sys=0.00s Real=0.47s
[2022-05-30T03:26:32.720+0000][7][safepoint   ] Safepoint "G1CollectForAllocation", Time since last: 393387930 ns, Reaching safepoint: 404753 ns, At safepoint: 471134254 ns, Total: 471539007 ns
[2022-05-30T03:26:33.735+0000][7][safepoint   ] Safepoint "Cleanup", Time since last: 1014965731 ns, Reaching safepoint: 370958 ns, At safepoint: 24156 ns, Total: 395114 ns
[2022-05-30T03:26:34.740+0000][7][safepoint   ] Safepoint "Cleanup", Time since last: 1004346955 ns, Reaching safepoint: 429049 ns, At safepoint: 22313 ns, Total: 451362 ns
[2022-05-30T03:26:35.879+0000][7][safepoint   ] Safepoint "Cleanup", Time since last: 1138862489 ns, Reaching safepoint: 376899 ns, At safepoint: 15099 ns, Total: 391998 ns
[2022-05-30T03:26:36.988+0000][7][safepoint   ] Safepoint "Cleanup", Time since last: 1108336111 ns, Reaching safepoint: 353856 ns, At safepoint: 68711 ns, Total: 422567 ns
[2022-05-30T03:26:38.990+0000][7][safepoint   ] Safepoint "Cleanup", Time since last: 2002256613 ns, Reaching safepoint: 398471 ns, At safepoint: 26099 ns, Total: 424570 ns
[2022-05-30T03:26:40.000+0000][7][safepoint   ] Safepoint "Cleanup", Time since last: 1008909041 ns, Reaching safepoint: 439319 ns, At safepoint: 21240 ns, Total: 460559 ns
[2022-05-30T03:26:41.130+0000][7][safepoint   ] Safepoint "Cleanup", Time since last: 1130067535 ns, Reaching safepoint: 411465 ns, At safepoint: 21882 ns, Total: 433347 ns
[2022-05-30T03:26:42.223+0000][7][safepoint   ] Safepoint "Cleanup", Time since last: 1091872985 ns, Reaching safepoint: 436416 ns, At safepoint: 45036 ns, Total: 481452 ns
[2022-05-30T03:26:43.226+0000][7][safepoint   ] Safepoint "Cleanup", Time since last: 1002456944 ns, Reaching safepoint: 475366 ns, At safepoint: 82398 ns, Total: 557764 ns
[2022-05-30T03:26:44.227+0000][7][safepoint   ] Safepoint "Cleanup", Time since last: 1000891886 ns, Reaching safepoint: 413649 ns, At safepoint: 32192 ns, Total: 445841 ns
[2022-05-30T03:26:46.542+0000][7][safepoint   ] Safepoint "Cleanup", Time since last: 2314720375 ns, Reaching safepoint: 592471 ns, At safepoint: 41088 ns, Total: 633559 ns
[2022-05-30T03:26:47.543+0000][7][safepoint   ] Safepoint "Cleanup", Time since last: 1000876703 ns, Reaching safepoint: 339979 ns, At safepoint: 15991 ns, Total: 355970 ns
[2022-05-30T03:26:49.657+0000][7][safepoint   ] Safepoint "Cleanup", Time since last: 2113572418 ns, Reaching safepoint: 445060 ns, At safepoint: 18776 ns, Total: 463836 ns
[2022-05-30T03:26:50.757+0000][7][safepoint   ] Safepoint "Cleanup", Time since last: 1098809148 ns, Reaching safepoint: 346261 ns, At safepoint: 23264 ns, Total: 369525 ns
[2022-05-30T03:26:52.768+0000][7][safepoint   ] Safepoint "Cleanup", Time since last: 2010560043 ns, Reaching safepoint: 360859 ns, At safepoint: 19808 ns, Total: 380667 ns
[2022-05-30T03:26:53.870+0000][7][safepoint   ] Safepoint "Cleanup", Time since last: 1102383662 ns, Reaching safepoint: 445490 ns, At safepoint: 23004 ns, Total: 468494 ns
[2022-05-30T03:26:55.872+0000][7][safepoint   ] Safepoint "Cleanup", Time since last: 2001046454 ns, Reaching safepoint: 383813 ns, At safepoint: 92025 ns, Total: 475838 ns
[2022-05-30T03:26:56.873+0000][7][safepoint   ] Safepoint "Cleanup", Time since last: 1000931331 ns, Reaching safepoint: 357182 ns, At safepoint: 44906 ns, Total: 402088 ns
[2022-05-30T03:26:57.874+0000][7][safepoint   ] Safepoint "Cleanup", Time since last: 1000601100 ns, Reaching safepoint: 382531 ns, At safepoint: 21230 ns, Total: 403761 ns
[2022-05-30T03:26:59.180+0000][7][safepoint   ] Safepoint "Cleanup", Time since last: 1305017696 ns, Reaching safepoint: 435082 ns, At safepoint: 89641 ns, Total: 524723 ns
[2022-05-30T03:27:00.181+0000][7][safepoint   ] Safepoint "Cleanup", Time since last: 1000807598 ns, Reaching safepoint: 408320 ns, At safepoint: 26671 ns, Total: 434991 ns
[2022-05-30T03:27:01.498+0000][7][safepoint   ] Safepoint "Cleanup", Time since last: 1315907717 ns, Reaching safepoint: 850635 ns, At safepoint: 89812 ns, Total: 940447 ns
[2022-05-30T03:27:02.694+0000][7][safepoint   ] Safepoint "Cleanup", Time since last: 1195996437 ns, Reaching safepoint: 420292 ns, At safepoint: 41810 ns, Total: 462102 ns
[2022-05-30T03:27:03.696+0000][7][safepoint   ] Safepoint "Cleanup", Time since last: 1000648707 ns, Reaching safepoint: 429590 ns, At safepoint: 26831 ns, Total: 456421 ns
[2022-05-30T03:27:04.913+0000][7][safepoint   ] Safepoint "Cleanup", Time since last: 1216981530 ns, Reaching safepoint: 348906 ns, At safepoint: 25779 ns, Total: 374685 ns
[2022-05-30T03:27:05.730+0000][7][safepoint   ] Safepoint "ICBufferFull", Time since last: 815979859 ns, Reaching safepoint: 783846 ns, At safepoint: 105020 ns, Total: 888866 ns
[2022-05-30T03:27:06.731+0000][7][safepoint   ] Safepoint "Cleanup", Time since last: 1000742175 ns, Reaching safepoint: 428899 ns, At safepoint: 19107 ns, Total: 448006 ns
[2022-05-30T03:27:07.930+0000][7][safepoint   ] Safepoint "Cleanup", Time since last: 1121315099 ns, Reaching safepoint: 77963978 ns, At safepoint: 133635 ns, Total: 78097613 ns
[2022-05-30T03:27:09.073+0000][7][safepoint   ] Safepoint "Cleanup", Time since last: 1141817720 ns, Reaching safepoint: 495737 ns, At safepoint: 44435 ns, Total: 540172 ns
[2022-05-30T03:27:10.074+0000][7][safepoint   ] Safepoint "Cleanup", Time since last: 1000877869 ns, Reaching safepoint: 246751 ns, At safepoint: 9979 ns, Total: 256730 ns
[2022-05-30T03:27:11.272+0000][7][safepoint   ] Safepoint "Cleanup", Time since last: 1197444402 ns, Reaching safepoint: 340610 ns, At safepoint: 23305 ns, Total: 363915 ns
[2022-05-30T03:27:12.273+0000][7][safepoint   ] Safepoint "Cleanup", Time since last: 1000798194 ns, Reaching safepoint: 397309 ns, At safepoint: 29095 ns, Total: 426404 ns
[2022-05-30T03:27:14.399+0000][7][safepoint   ] Safepoint "Cleanup", Time since last: 1313168516 ns, Reaching safepoint: 340340 ns, At safepoint: 24316 ns, Total: 364656 ns
[2022-05-30T03:27:15.545+0000][7][safepoint   ] Safepoint "Cleanup", Time since last: 1146268345 ns, Reaching safepoint: 365218 ns, At safepoint: 33744 ns, Total: 398962 ns
[2022-05-30T03:27:16.721+0000][7][safepoint   ] Safepoint "Cleanup", Time since last: 1174785546 ns, Reaching safepoint: 445680 ns, At safepoint: 39316 ns, Total: 484996 ns
[2022-05-30T03:27:17.724+0000][7][safepoint   ] Safepoint "Cleanup", Time since last: 1003153187 ns, Reaching safepoint: 389684 ns, At safepoint: 23755 ns, Total: 413439 ns
[2022-05-30T03:27:18.839+0000][7][safepoint   ] Safepoint "Cleanup", Time since last: 1114370202 ns, Reaching safepoint: 350660 ns, At safepoint: 18154 ns, Total: 368814 ns
[2022-05-30T03:27:19.840+0000][7][safepoint   ] Safepoint "Cleanup", Time since last: 1000982173 ns, Reaching safepoint: 420823 ns, At safepoint: 40437 ns, Total: 461260 ns
[2022-05-30T03:27:21.012+0000][7][safepoint   ] Safepoint "Cleanup", Time since last: 1171572756 ns, Reaching safepoint: 398701 ns, At safepoint: 32392 ns, Total: 431093 ns
[2022-05-30T03:27:22.022+0000][7][safepoint   ] Safepoint "Cleanup", Time since last: 1009234023 ns, Reaching safepoint: 404241 ns, At safepoint: 54254 ns, Total: 458495 ns
[2022-05-30T03:27:23.092+0000][7][safepoint   ] Safepoint "Cleanup", Time since last: 1069022492 ns, Reaching safepoint: 469776 ns, At safepoint: 38945 ns, Total: 508721 ns
[2022-05-30T03:27:24.488+0000][7][safepoint   ] Safepoint "Cleanup", Time since last: 1395603029 ns, Reaching safepoint: 364015 ns, At safepoint: 23655 ns, Total: 387670 ns
[2022-05-30T03:27:25.576+0000][7][safepoint   ] Safepoint "Cleanup", Time since last: 1087608031 ns, Reaching safepoint: 353765 ns, At safepoint: 24537 ns, Total: 378302 ns
[2022-05-30T03:27:26.721+0000][7][safepoint   ] Safepoint "Cleanup", Time since last: 1144352694 ns, Reaching safepoint: 594950 ns, At safepoint: 155938 ns, Total: 750888 ns
[2022-05-30T03:27:27.757+0000][7][safepoint   ] Safepoint "Cleanup", Time since last: 1035370236 ns, Reaching safepoint: 393360 ns, At safepoint: 96465 ns, Total: 489825 ns
[2022-05-30T03:27:28.761+0000][7][safepoint   ] Safepoint "Cleanup", Time since last: 1003716853 ns, Reaching safepoint: 392329 ns, At safepoint: 17774 ns, Total: 410103 ns
[2022-05-30T03:27:30.641+0000][7][safepoint   ] Safepoint "Cleanup", Time since last: 1879366306 ns, Reaching safepoint: 393160 ns, At safepoint: 22102 ns, Total: 415262 ns
[2022-05-30T03:27:31.648+0000][7][safepoint   ] Safepoint "Cleanup", Time since last: 1007181864 ns, Reaching safepoint: 482302 ns, At safepoint: 67719 ns, Total: 550021 ns
[2022-05-30T03:27:32.650+0000][7][safepoint   ] Safepoint "Cleanup", Time since last: 1000809714 ns, Reaching safepoint: 399747 ns, At safepoint: 105752 ns, Total: 505499 ns
[2022-05-30T03:27:34.049+0000][7][safepoint   ] Safepoint "Cleanup", Time since last: 1000910803 ns, Reaching safepoint: 398086670 ns, At safepoint: 176908 ns, Total: 398263578 ns
[2022-05-30T03:27:35.117+0000][7][safepoint   ] Safepoint "Cleanup", Time since last: 1067526430 ns, Reaching safepoint: 400695 ns, At safepoint: 35598 ns, Total: 436293 ns
[2022-05-30T03:27:36.118+0000][7][safepoint   ] Safepoint "Cleanup", Time since last: 1000770830 ns, Reaching safepoint: 467878 ns, At safepoint: 58933 ns, Total: 526811 ns
[2022-05-30T03:27:37.119+0000][7][safepoint   ] Safepoint "Cleanup", Time since last: 1000817961 ns, Reaching safepoint: 422616 ns, At safepoint: 15390 ns, Total: 438006 ns
[2022-05-30T03:27:38.666+0000][7][safepoint   ] Safepoint "Cleanup", Time since last: 1546240424 ns, Reaching safepoint: 334739 ns, At safepoint: 71526 ns, Total: 406265 ns
[2022-05-30T03:27:39.667+0000][7][safepoint   ] Safepoint "Cleanup", Time since last: 1000908815 ns, Reaching safepoint: 349547 ns, At safepoint: 19197 ns, Total: 368744 ns
[2022-05-30T03:27:40.678+0000][7][safepoint   ] Safepoint "Cleanup", Time since last: 1010028043 ns, Reaching safepoint: 361350 ns, At safepoint: 19397 ns, Total: 380747 ns
[2022-05-30T03:27:41.697+0000][7][safepoint   ] Safepoint "Cleanup", Time since last: 1018768695 ns, Reaching safepoint: 374004 ns, At safepoint: 23054 ns, Total: 397058 ns
[2022-05-30T03:27:42.698+0000][7][safepoint   ] Safepoint "Cleanup", Time since last: 1000561480 ns, Reaching safepoint: 326273 ns, At safepoint: 50596 ns, Total: 376869 ns
[2022-05-30T03:27:43.699+0000][7][safepoint   ] Safepoint "Cleanup", Time since last: 1000733211 ns, Reaching safepoint: 424681 ns, At safepoint: 21040 ns, Total: 445721 ns
[2022-05-30T03:27:44.628+0000][7][safepoint   ] Safepoint "Cleanup", Time since last: 1540561883 ns, Reaching safepoint: 538127 ns, At safepoint: 51629 ns, Total: 589756 ns
[2022-05-30T03:27:45.629+0000][7][safepoint   ] Safepoint "Cleanup", Time since last: 1000811621 ns, Reaching safepoint: 407207 ns, At safepoint: 30018 ns, Total: 437225 ns
[2022-05-30T03:27:49.210+0000][7][safepoint   ] Safepoint "Cleanup", Time since last: 2901129325 ns, Reaching safepoint: 680250002 ns, At safepoint: 188781 ns, Total: 680438783 ns
[2022-05-30T03:27:50.289+0000][7][safepoint   ] Safepoint "Cleanup", Time since last: 1078634453 ns, Reaching safepoint: 430732 ns, At safepoint: 21852 ns, Total: 452584 ns
[2022-05-30T03:27:50.718+0000][7][gc,start    ] GC(20) Pause Young (Normal) (G1 Evacuation Pause)
[2022-05-30T03:27:50.718+0000][7][gc,task     ] GC(20) Using 8 workers of 8 for evacuation
[2022-05-30T03:27:50.719+0000][7][gc,age      ] GC(20) Desired survivor size 20971520 bytes, new threshold 15 (max threshold 15)
[2022-05-30T03:27:50.744+0000][7][gc,phases   ] GC(20)   Pre Evacuate Collection Set: 0.6ms
[2022-05-30T03:27:50.745+0000][7][gc,phases   ] GC(20)   Merge Heap Roots: 0.3ms
[2022-05-30T03:27:50.745+0000][7][gc,phases   ] GC(20)   Evacuate Collection Set: 20.4ms
[2022-05-30T03:27:50.745+0000][7][gc,phases   ] GC(20)   Post Evacuate Collection Set: 3.5ms
[2022-05-30T03:27:50.746+0000][7][gc,phases   ] GC(20)   Other: 1.0ms
[2022-05-30T03:27:50.747+0000][7][gc,age      ] GC(20) Age table with threshold 15 (max threshold 15)
[2022-05-30T03:27:50.748+0000][7][gc,age      ] GC(20) - age   1:     755336 bytes,     755336 total
[2022-05-30T03:27:50.749+0000][7][gc,age      ] GC(20) - age   2:    6976936 bytes,    7732272 total
[2022-05-30T03:27:50.749+0000][7][gc,age      ] GC(20) - age   3:    7403080 bytes,   15135352 total
[2022-05-30T03:27:50.749+0000][7][gc,heap     ] GC(20) Eden regions: 70->0(72)
[2022-05-30T03:27:50.750+0000][7][gc,heap     ] GC(20) Survivor regions: 5->4(10)
[2022-05-30T03:27:50.750+0000][7][gc,heap     ] GC(20) Old regions: 20->20
[2022-05-30T03:27:50.751+0000][7][gc,heap     ] GC(20) Archive regions: 2->2
[2022-05-30T03:27:50.751+0000][7][gc,heap     ] GC(20) Humongous regions: 2->2
[2022-05-30T03:27:50.752+0000][7][gc,metaspace] GC(20) Metaspace: 125257K(128512K)->125257K(128512K) NonClass: 108471K(110080K)->108471K(110080K) Class: 16786K(18432K)->16786K(18432K)
[2022-05-30T03:27:50.752+0000][7][gc          ] GC(20) Pause Young (Normal) (G1 Evacuation Pause) 387M->105M(512M) 34.521ms
[2022-05-30T03:27:50.753+0000][7][gc,cpu      ] GC(20) User=0.14s Sys=0.01s Real=0.04s
[2022-05-30T03:27:50.754+0000][7][safepoint   ] Safepoint "G1CollectForAllocation", Time since last: 427647295 ns, Reaching safepoint: 411716 ns, At safepoint: 36084285 ns, Total: 36496001 ns
[2022-05-30T03:27:51.755+0000][7][safepoint   ] Safepoint "Cleanup", Time since last: 1001053226 ns, Reaching safepoint: 256449 ns, At safepoint: 9789 ns, Total: 266238 ns
[2022-05-30T03:27:53.744+0000][7][safepoint   ] Safepoint "Cleanup", Time since last: 1988361237 ns, Reaching safepoint: 415433 ns, At safepoint: 45897 ns, Total: 461330 ns
[2022-05-30T03:27:56.903+0000][7][safepoint   ] Safepoint "Cleanup", Time since last: 3159149655 ns, Reaching safepoint: 442835 ns, At safepoint: 19588 ns, Total: 462423 ns
[2022-05-30T03:27:57.905+0000][7][safepoint   ] Safepoint "Cleanup", Time since last: 1000800258 ns, Reaching safepoint: 372752 ns, At safepoint: 17794 ns, Total: 390546 ns
[2022-05-30T03:27:59.153+0000][7][safepoint   ] Safepoint "Cleanup", Time since last: 1248227744 ns, Reaching safepoint: 424691 ns, At safepoint: 93208 ns, Total: 517899 ns
[2022-05-30T03:28:00.156+0000][7][safepoint   ] Safepoint "Cleanup", Time since last: 1002130618 ns, Reaching safepoint: 380286 ns, At safepoint: 26941 ns, Total: 407227 ns
[2022-05-30T03:28:02.157+0000][7][safepoint   ] Safepoint "Cleanup", Time since last: 2001136352 ns, Reaching safepoint: 341301 ns, At safepoint: 24687 ns, Total: 365988 ns
[2022-05-30T03:28:03.159+0000][7][safepoint   ] Safepoint "Cleanup", Time since last: 1001083607 ns, Reaching safepoint: 340340 ns, At safepoint: 16792 ns, Total: 357132 ns
[2022-05-30T03:28:04.357+0000][7][safepoint   ] Safepoint "Cleanup", Time since last: 1197482974 ns, Reaching safepoint: 470909 ns, At safepoint: 27813 ns, Total: 498722 ns
[2022-05-30T03:28:06.152+0000][7][safepoint   ] Safepoint "Cleanup", Time since last: 1794734673 ns, Reaching safepoint: 469145 ns, At safepoint: 14729 ns, Total: 483874 ns
[2022-05-30T03:28:09.154+0000][7][safepoint   ] Safepoint "Cleanup", Time since last: 3001071259 ns, Reaching safepoint: 516356 ns, At safepoint: 18505 ns, Total: 534861 ns
[2022-05-30T03:28:10.155+0000][7][safepoint   ] Safepoint "Cleanup", Time since last: 1000837938 ns, Reaching safepoint: 382410 ns, At safepoint: 19217 ns, Total: 401627 ns
[2022-05-30T03:28:11.575+0000][7][safepoint   ] Safepoint "Cleanup", Time since last: 1419923426 ns, Reaching safepoint: 356310 ns, At safepoint: 23575 ns, Total: 379885 ns
[2022-05-30T03:28:12.853+0000][7][safepoint   ] Safepoint "Cleanup", Time since last: 1016505938 ns, Reaching safepoint: 260942424 ns, At safepoint: 204080 ns, Total: 261146504 ns
[2022-05-30T03:28:14.075+0000][7][safepoint   ] Safepoint "Cleanup", Time since last: 1421247690 ns, Reaching safepoint: 406777 ns, At safepoint: 33273 ns, Total: 440050 ns
[2022-05-30T03:28:15.076+0000][7][safepoint   ] Safepoint "Cleanup", Time since last: 1000824645 ns, Reaching safepoint: 376770 ns, At safepoint: 21721 ns, Total: 398491 ns
[2022-05-30T03:28:16.914+0000][7][safepoint   ] Safepoint "Cleanup", Time since last: 1837978081 ns, Reaching safepoint: 313228 ns, At safepoint: 18676 ns, Total: 331904 ns
[2022-05-30T03:28:18.036+0000][7][safepoint   ] Safepoint "Cleanup", Time since last: 1120707590 ns, Reaching safepoint: 629954 ns, At safepoint: 214640 ns, Total: 844594 ns
[2022-05-30T03:28:19.654+0000][7][safepoint   ] Safepoint "Cleanup", Time since last: 1617006026 ns, Reaching safepoint: 617669 ns, At safepoint: 114979 ns, Total: 732648 ns
[2022-05-30T03:28:20.661+0000][7][safepoint   ] Safepoint "Cleanup", Time since last: 1006943479 ns, Reaching safepoint: 467161 ns, At safepoint: 27533 ns, Total: 494694 ns
[2022-05-30T03:28:22.664+0000][7][safepoint   ] Safepoint "Cleanup", Time since last: 2002485381 ns, Reaching safepoint: 320682 ns, At safepoint: 11762 ns, Total: 332444 ns
[2022-05-30T03:28:23.665+0000][7][safepoint   ] Safepoint "Cleanup", Time since last: 1000640050 ns, Reaching safepoint: 341813 ns, At safepoint: 24246 ns, Total: 366059 ns
[2022-05-30T03:28:25.879+0000][7][safepoint   ] Safepoint "Cleanup", Time since last: 2213624934 ns, Reaching safepoint: 394624 ns, At safepoint: 25969 ns, Total: 420593 ns
[2022-05-30T03:28:27.247+0000][7][safepoint   ] Safepoint "Cleanup", Time since last: 1363803326 ns, Reaching safepoint: 3990558 ns, At safepoint: 464697 ns, Total: 4455255 ns
[2022-05-30T03:28:29.345+0000][7][safepoint   ] Safepoint "Cleanup", Time since last: 2096962918 ns, Reaching safepoint: 404983 ns, At safepoint: 22654 ns, Total: 427637 ns
[2022-05-30T03:28:32.355+0000][7][safepoint   ] Safepoint "Cleanup", Time since last: 3009627349 ns, Reaching safepoint: 368233 ns, At safepoint: 17313 ns, Total: 385546 ns
[2022-05-30T03:28:33.519+0000][7][safepoint   ] Safepoint "Cleanup", Time since last: 1163603412 ns, Reaching safepoint: 365528 ns, At safepoint: 23234 ns, Total: 388762 ns
[2022-05-30T03:28:34.521+0000][7][safepoint   ] Safepoint "Cleanup", Time since last: 1001474453 ns, Reaching safepoint: 418840 ns, At safepoint: 27993 ns, Total: 446833 ns
[2022-05-30T03:28:35.522+0000][7][safepoint   ] Safepoint "Cleanup", Time since last: 1000977785 ns, Reaching safepoint: 422937 ns, At safepoint: 43553 ns, Total: 466490 ns
[2022-05-30T03:28:36.800+0000][7][safepoint   ] Safepoint "Cleanup", Time since last: 1277810218 ns, Reaching safepoint: 366109 ns, At safepoint: 26450 ns, Total: 392559 ns
[2022-05-30T03:28:37.802+0000][7][safepoint   ] Safepoint "Cleanup", Time since last: 1000865479 ns, Reaching safepoint: 415283 ns, At safepoint: 29827 ns, Total: 445110 ns
[2022-05-30T03:28:40.177+0000][7][safepoint   ] Safepoint "Cleanup", Time since last: 2374491224 ns, Reaching safepoint: 505696 ns, At safepoint: 87427 ns, Total: 593123 ns
[2022-05-30T03:28:41.179+0000][7][safepoint   ] Safepoint "Cleanup", Time since last: 1001495212 ns, Reaching safepoint: 539640 ns, At safepoint: 83039 ns, Total: 622679 ns
[2022-05-30T03:28:43.181+0000][7][safepoint   ] Safepoint "Cleanup", Time since last: 2001618486 ns, Reaching safepoint: 398060 ns, At safepoint: 52270 ns, Total: 450330 ns
[2022-05-30T03:28:44.185+0000][7][safepoint   ] Safepoint "Cleanup", Time since last: 1001033681 ns, Reaching safepoint: 2606144 ns, At safepoint: 180114 ns, Total: 2786258 ns
[2022-05-30T03:28:45.455+0000][7][safepoint   ] Safepoint "Cleanup", Time since last: 1270343517 ns, Reaching safepoint: 334198 ns, At safepoint: 26721 ns, Total: 360919 ns
[2022-05-30T03:28:47.277+0000][7][safepoint   ] Safepoint "Cleanup", Time since last: 1001170873 ns, Reaching safepoint: 858908 ns, At safepoint: 224179 ns, Total: 1083087 ns
[2022-05-30T03:28:48.278+0000][7][safepoint   ] Safepoint "Cleanup", Time since last: 1001007335 ns, Reaching safepoint: 471530 ns, At safepoint: 29987 ns, Total: 501517 ns
[2022-05-30T03:28:49.534+0000][7][safepoint   ] Safepoint "Cleanup", Time since last: 1255097730 ns, Reaching safepoint: 358975 ns, At safepoint: 28514 ns, Total: 387489 ns
[2022-05-30T03:28:50.536+0000][7][safepoint   ] Safepoint "Cleanup", Time since last: 1001443957 ns, Reaching safepoint: 434069 ns, At safepoint: 41379 ns, Total: 475448 ns
[2022-05-30T03:28:51.785+0000][7][safepoint   ] Safepoint "Cleanup", Time since last: 1249337182 ns, Reaching safepoint: 355910 ns, At safepoint: 26430 ns, Total: 382340 ns
[2022-05-30T03:28:52.787+0000][7][safepoint   ] Safepoint "Cleanup", Time since last: 1000887640 ns, Reaching safepoint: 461922 ns, At safepoint: 58813 ns, Total: 520735 ns
[2022-05-30T03:28:53.788+0000][7][safepoint   ] Safepoint "Cleanup", Time since last: 1000713945 ns, Reaching safepoint: 367532 ns, At safepoint: 24958 ns, Total: 392490 ns
[2022-05-30T03:28:56.972+0000][7][safepoint   ] Safepoint "Cleanup", Time since last: 3183382878 ns, Reaching safepoint: 378282 ns, At safepoint: 38895 ns, Total: 417177 ns
[2022-05-30T03:28:58.056+0000][7][safepoint   ] Safepoint "Cleanup", Time since last: 1084348876 ns, Reaching safepoint: 427135 ns, At safepoint: 35077 ns, Total: 462212 ns
[2022-05-30T03:29:00.208+0000][7][safepoint   ] Safepoint "Cleanup", Time since last: 2150924693 ns, Reaching safepoint: 396577 ns, At safepoint: 77969 ns, Total: 474546 ns
[2022-05-30T03:29:01.209+0000][7][safepoint   ] Safepoint "Cleanup", Time since last: 1000993239 ns, Reaching safepoint: 422095 ns, At safepoint: 33204 ns, Total: 455299 ns
[2022-05-30T03:29:03.211+0000][7][safepoint   ] Safepoint "Cleanup", Time since last: 2001410892 ns, Reaching safepoint: 479314 ns, At safepoint: 83760 ns, Total: 563074 ns
[2022-05-30T03:29:04.219+0000][7][safepoint   ] Safepoint "Cleanup", Time since last: 1006941610 ns, Reaching safepoint: 305322 ns, At safepoint: 16372 ns, Total: 321694 ns
[2022-05-30T03:29:05.490+0000][7][safepoint   ] Safepoint "Cleanup", Time since last: 1271308007 ns, Reaching safepoint: 391978 ns, At safepoint: 18606 ns, Total: 410584 ns
[2022-05-30T03:29:06.658+0000][7][safepoint   ] Safepoint "Cleanup", Time since last: 1167024721 ns, Reaching safepoint: 404081 ns, At safepoint: 44004 ns, Total: 448085 ns
[2022-05-30T03:29:07.659+0000][7][safepoint   ] Safepoint "Cleanup", Time since last: 1000596940 ns, Reaching safepoint: 505936 ns, At safepoint: 42752 ns, Total: 548688 ns
[2022-05-30T03:29:09.767+0000][7][safepoint   ] Safepoint "Cleanup", Time since last: 2107425913 ns, Reaching safepoint: 366720 ns, At safepoint: 17303 ns, Total: 384023 ns
[2022-05-30T03:29:10.963+0000][7][safepoint   ] Safepoint "Cleanup", Time since last: 1196056788 ns, Reaching safepoint: 351191 ns, At safepoint: 19427 ns, Total: 370618 ns
[2022-05-30T03:29:11.964+0000][7][safepoint   ] Safepoint "Cleanup", Time since last: 1000695329 ns, Reaching safepoint: 393381 ns, At safepoint: 15069 ns, Total: 408450 ns
[2022-05-30T03:29:13.252+0000][7][safepoint   ] Safepoint "Cleanup", Time since last: 1287587772 ns, Reaching safepoint: 332565 ns, At safepoint: 17603 ns, Total: 350168 ns
[2022-05-30T03:29:14.255+0000][7][safepoint   ] Safepoint "Cleanup", Time since last: 1002469697 ns, Reaching safepoint: 635142 ns, At safepoint: 34987 ns, Total: 670129 ns
[2022-05-30T03:29:15.257+0000][7][safepoint   ] Safepoint "Cleanup", Time since last: 1000868721 ns, Reaching safepoint: 368053 ns, At safepoint: 25258 ns, Total: 393311 ns
[2022-05-30T03:29:17.736+0000][7][gc,start    ] GC(21) Pause Young (Normal) (G1 Evacuation Pause)
[2022-05-30T03:29:17.737+0000][7][gc,task     ] GC(21) Using 8 workers of 8 for evacuation
[2022-05-30T03:29:17.738+0000][7][gc,age      ] GC(21) Desired survivor size 20971520 bytes, new threshold 15 (max threshold 15)
[2022-05-30T03:29:17.757+0000][7][gc,phases   ] GC(21)   Pre Evacuate Collection Set: 0.5ms
[2022-05-30T03:29:17.758+0000][7][gc,phases   ] GC(21)   Merge Heap Roots: 0.2ms
[2022-05-30T03:29:17.759+0000][7][gc,phases   ] GC(21)   Evacuate Collection Set: 12.6ms
[2022-05-30T03:29:17.759+0000][7][gc,phases   ] GC(21)   Post Evacuate Collection Set: 4.8ms
[2022-05-30T03:29:17.760+0000][7][gc,phases   ] GC(21)   Other: 2.1ms
[2022-05-30T03:29:17.760+0000][7][gc,age      ] GC(21) Age table with threshold 15 (max threshold 15)
[2022-05-30T03:29:17.761+0000][7][gc,age      ] GC(21) - age   1:    1250120 bytes,    1250120 total
[2022-05-30T03:29:17.761+0000][7][gc,age      ] GC(21) - age   2:     104072 bytes,    1354192 total
[2022-05-30T03:29:17.762+0000][7][gc,age      ] GC(21) - age   3:    6785528 bytes,    8139720 total
[2022-05-30T03:29:17.762+0000][7][gc,age      ] GC(21) - age   4:    7402544 bytes,   15542264 total
[2022-05-30T03:29:17.763+0000][7][gc,heap     ] GC(21) Eden regions: 72->0(71)
[2022-05-30T03:29:17.763+0000][7][gc,heap     ] GC(21) Survivor regions: 4->5(10)
[2022-05-30T03:29:17.764+0000][7][gc,heap     ] GC(21) Old regions: 20->20
[2022-05-30T03:29:17.764+0000][7][gc,heap     ] GC(21) Archive regions: 2->2
[2022-05-30T03:29:17.765+0000][7][gc,heap     ] GC(21) Humongous regions: 2->2
[2022-05-30T03:29:17.765+0000][7][gc,metaspace] GC(21) Metaspace: 125854K(129088K)->125854K(129088K) NonClass: 109068K(110656K)->109068K(110656K) Class: 16786K(18432K)->16786K(18432K)
[2022-05-30T03:29:17.766+0000][7][gc          ] GC(21) Pause Young (Normal) (G1 Evacuation Pause) 393M->105M(512M) 29.187ms
[2022-05-30T03:29:17.766+0000][7][gc,cpu      ] GC(21) User=0.09s Sys=0.01s Real=0.03s
[2022-05-30T03:29:17.767+0000][7][safepoint   ] Safepoint "G1CollectForAllocation", Time since last: 2633009421 ns, Reaching safepoint: 384614 ns, At safepoint: 30767185 ns, Total: 31151799 ns
[2022-05-30T03:29:18.768+0000][7][safepoint   ] Safepoint "Cleanup", Time since last: 1000814850 ns, Reaching safepoint: 436633 ns, At safepoint: 23796 ns, Total: 460429 ns
[2022-05-30T03:29:20.915+0000][7][safepoint   ] Safepoint "Cleanup", Time since last: 2146055060 ns, Reaching safepoint: 591690 ns, At safepoint: 37481 ns, Total: 629171 ns
[2022-05-30T03:29:22.919+0000][7][safepoint   ] Safepoint "Cleanup", Time since last: 2003294833 ns, Reaching safepoint: 359686 ns, At safepoint: 15229 ns, Total: 374915 ns
[2022-05-30T03:29:23.986+0000][7][safepoint   ] Safepoint "Cleanup", Time since last: 1066481606 ns, Reaching safepoint: 344398 ns, At safepoint: 24076 ns, Total: 368474 ns
[2022-05-30T03:29:28.116+0000][7][safepoint   ] Safepoint "Cleanup", Time since last: 4129398124 ns, Reaching safepoint: 1160546 ns, At safepoint: 111252 ns, Total: 1271798 ns
[2022-05-30T03:29:29.121+0000][7][safepoint   ] Safepoint "Cleanup", Time since last: 1004766143 ns, Reaching safepoint: 493111 ns, At safepoint: 14789 ns, Total: 507900 ns
[2022-05-30T03:29:33.123+0000][7][safepoint   ] Safepoint "Cleanup", Time since last: 4001338878 ns, Reaching safepoint: 276848 ns, At safepoint: 24306 ns, Total: 301154 ns
[2022-05-30T03:29:34.272+0000][7][safepoint   ] Safepoint "Cleanup", Time since last: 1148827944 ns, Reaching safepoint: 351070 ns, At safepoint: 63582 ns, Total: 414652 ns
[2022-05-30T03:29:36.274+0000][7][safepoint   ] Safepoint "Cleanup", Time since last: 2001008560 ns, Reaching safepoint: 418278 ns, At safepoint: 53462 ns, Total: 471740 ns
[2022-05-30T03:29:37.275+0000][7][safepoint   ] Safepoint "Cleanup", Time since last: 1000935939 ns, Reaching safepoint: 485808 ns, At safepoint: 30378 ns, Total: 516186 ns
[2022-05-30T03:29:39.519+0000][7][safepoint   ] Safepoint "Cleanup", Time since last: 2243256911 ns, Reaching safepoint: 368434 ns, At safepoint: 47380 ns, Total: 415814 ns
[2022-05-30T03:29:40.677+0000][7][safepoint   ] Safepoint "Cleanup", Time since last: 1156834398 ns, Reaching safepoint: 786614 ns, At safepoint: 109168 ns, Total: 895782 ns
[2022-05-30T03:29:42.678+0000][7][safepoint   ] Safepoint "Cleanup", Time since last: 2001110476 ns, Reaching safepoint: 502720 ns, At safepoint: 32001 ns, Total: 534721 ns
[2022-05-30T03:29:44.842+0000][7][safepoint   ] Safepoint "Cleanup", Time since last: 2163719699 ns, Reaching safepoint: 340620 ns, At safepoint: 17503 ns, Total: 358123 ns
[2022-05-30T03:29:46.044+0000][7][safepoint   ] Safepoint "Cleanup", Time since last: 1201527462 ns, Reaching safepoint: 391157 ns, At safepoint: 23835 ns, Total: 414992 ns
[2022-05-30T03:29:47.045+0000][7][safepoint   ] Safepoint "Cleanup", Time since last: 1000788245 ns, Reaching safepoint: 337785 ns, At safepoint: 21190 ns, Total: 358975 ns
[2022-05-30T03:29:48.232+0000][7][safepoint   ] Safepoint "Cleanup", Time since last: 1186352757 ns, Reaching safepoint: 424180 ns, At safepoint: 19858 ns, Total: 444038 ns
[2022-05-30T03:29:49.203+0000][7][safepoint   ] Safepoint "Cleanup", Time since last: 1131604880 ns, Reaching safepoint: 378653 ns, At safepoint: 16551 ns, Total: 395204 ns
[2022-05-30T03:29:51.204+0000][7][safepoint   ] Safepoint "Cleanup", Time since last: 2000971195 ns, Reaching safepoint: 587101 ns, At safepoint: 70735 ns, Total: 657836 ns
[2022-05-30T03:29:52.206+0000][7][safepoint   ] Safepoint "Cleanup", Time since last: 1001245823 ns, Reaching safepoint: 375607 ns, At safepoint: 18445 ns, Total: 394052 ns
[2022-05-30T03:29:54.207+0000][7][safepoint   ] Safepoint "Cleanup", Time since last: 2000818250 ns, Reaching safepoint: 403199 ns, At safepoint: 15660 ns, Total: 418859 ns
[2022-05-30T03:29:55.209+0000][7][safepoint   ] Safepoint "Cleanup", Time since last: 1001788493 ns, Reaching safepoint: 380386 ns, At safepoint: 24066 ns, Total: 404452 ns
[2022-05-30T03:29:57.483+0000][7][safepoint   ] Safepoint "Cleanup", Time since last: 2273296579 ns, Reaching safepoint: 443336 ns, At safepoint: 43794 ns, Total: 487130 ns
[2022-05-30T03:29:58.484+0000][7][safepoint   ] Safepoint "Cleanup", Time since last: 1000733930 ns, Reaching safepoint: 323257 ns, At safepoint: 45437 ns, Total: 368694 ns
[2022-05-30T03:29:59.639+0000][7][safepoint   ] Safepoint "Cleanup", Time since last: 1154031795 ns, Reaching safepoint: 377049 ns, At safepoint: 24958 ns, Total: 402007 ns
[2022-05-30T03:30:00.642+0000][7][safepoint   ] Safepoint "Cleanup", Time since last: 1003072455 ns, Reaching safepoint: 375336 ns, At safepoint: 9899 ns, Total: 385235 ns
[2022-05-30T03:30:02.644+0000][7][safepoint   ] Safepoint "Cleanup", Time since last: 2000914793 ns, Reaching safepoint: 391818 ns, At safepoint: 24907 ns, Total: 416725 ns
[2022-05-30T03:30:03.695+0000][7][safepoint   ] Safepoint "Cleanup", Time since last: 1051171485 ns, Reaching safepoint: 472162 ns, At safepoint: 65775 ns, Total: 537937 ns
[2022-05-30T03:30:05.023+0000][7][safepoint   ] Safepoint "Cleanup", Time since last: 1003993951 ns, Reaching safepoint: 323229493 ns, At safepoint: 176457 ns, Total: 323405950 ns
[2022-05-30T03:30:09.164+0000][7][safepoint   ] Safepoint "Cleanup", Time since last: 4141214823 ns, Reaching safepoint: 386107 ns, At safepoint: 61798 ns, Total: 447905 ns
[2022-05-30T03:30:10.166+0000][7][safepoint   ] Safepoint "Cleanup", Time since last: 1000669245 ns, Reaching safepoint: 543828 ns, At safepoint: 27082 ns, Total: 570910 ns
[2022-05-30T03:30:12.167+0000][7][safepoint   ] Safepoint "Cleanup", Time since last: 2001055428 ns, Reaching safepoint: 511890 ns, At safepoint: 72518 ns, Total: 584408 ns
[2022-05-30T03:30:13.169+0000][7][safepoint   ] Safepoint "Cleanup", Time since last: 1000924872 ns, Reaching safepoint: 416365 ns, At safepoint: 22352 ns, Total: 438717 ns
[2022-05-30T03:30:15.365+0000][7][safepoint   ] Safepoint "Cleanup", Time since last: 2196456456 ns, Reaching safepoint: 475317 ns, At safepoint: 21241 ns, Total: 496558 ns
[2022-05-30T03:30:17.367+0000][7][safepoint   ] Safepoint "Cleanup", Time since last: 2001012906 ns, Reaching safepoint: 344127 ns, At safepoint: 20629 ns, Total: 364756 ns
[2022-05-30T03:30:18.069+0000][7][safepoint   ] Safepoint "Cleanup", Time since last: 1204998993 ns, Reaching safepoint: 511847 ns, At safepoint: 18054 ns, Total: 529901 ns
[2022-05-30T03:30:19.070+0000][7][safepoint   ] Safepoint "Cleanup", Time since last: 1000875842 ns, Reaching safepoint: 386858 ns, At safepoint: 18796 ns, Total: 405654 ns
[2022-05-30T03:30:20.343+0000][7][safepoint   ] Safepoint "Cleanup", Time since last: 1272831406 ns, Reaching safepoint: 442815 ns, At safepoint: 23315 ns, Total: 466130 ns
[2022-05-30T03:30:24.660+0000][7][safepoint   ] Safepoint "Cleanup", Time since last: 4316429738 ns, Reaching safepoint: 378382 ns, At safepoint: 30047 ns, Total: 408429 ns
[2022-05-30T03:30:25.662+0000][7][safepoint   ] Safepoint "Cleanup", Time since last: 1001103215 ns, Reaching safepoint: 368523 ns, At safepoint: 17974 ns, Total: 386497 ns
[2022-05-30T03:30:26.891+0000][7][safepoint   ] Safepoint "Cleanup", Time since last: 1229103042 ns, Reaching safepoint: 375326 ns, At safepoint: 17624 ns, Total: 392950 ns
[2022-05-30T03:30:27.898+0000][7][safepoint   ] Safepoint "Cleanup", Time since last: 1006455984 ns, Reaching safepoint: 538894 ns, At safepoint: 29997 ns, Total: 568891 ns
[2022-05-30T03:30:29.900+0000][7][safepoint   ] Safepoint "Cleanup", Time since last: 2001209548 ns, Reaching safepoint: 439408 ns, At safepoint: 57771 ns, Total: 497179 ns
[2022-05-30T03:30:30.901+0000][7][safepoint   ] Safepoint "Cleanup", Time since last: 1000896607 ns, Reaching safepoint: 430061 ns, At safepoint: 18606 ns, Total: 448667 ns
[2022-05-30T03:30:32.148+0000][7][safepoint   ] Safepoint "Cleanup", Time since last: 1246226690 ns, Reaching safepoint: 366901 ns, At safepoint: 19827 ns, Total: 386728 ns
[2022-05-30T03:30:33.220+0000][7][safepoint   ] Safepoint "Cleanup", Time since last: 1071493782 ns, Reaching safepoint: 428979 ns, At safepoint: 15660 ns, Total: 444639 ns
[2022-05-30T03:30:34.221+0000][7][safepoint   ] Safepoint "Cleanup", Time since last: 1001033696 ns, Reaching safepoint: 530363 ns, At safepoint: 53873 ns, Total: 584236 ns
[2022-05-30T03:30:35.370+0000][7][safepoint   ] Safepoint "Cleanup", Time since last: 1147870658 ns, Reaching safepoint: 373924 ns, At safepoint: 15569 ns, Total: 389493 ns
