[2022-05-30T02:32:58.670+0000][403][gc,init] CardTable entry size: 512
[2022-05-30T02:32:58.672+0000][403][gc     ] Using G1
[2022-05-30T02:32:58.683+0000][403][gc,init] Version: 18.0.1.1+2-6 (release)
[2022-05-30T02:32:58.684+0000][403][gc,init] CPUs: 8 total, 8 available
[2022-05-30T02:32:58.685+0000][403][gc,init] Memory: 6914M
[2022-05-30T02:32:58.685+0000][403][gc,init] Large Page Support: Disabled
[2022-05-30T02:32:58.686+0000][403][gc,init] NUMA Support: Disabled
[2022-05-30T02:32:58.687+0000][403][gc,init] Compressed Oops: Enabled (32-bit)
[2022-05-30T02:32:58.688+0000][403][gc,init] Heap Region Size: 1M
[2022-05-30T02:32:58.689+0000][403][gc,init] Heap Min Capacity: 512M
[2022-05-30T02:32:58.690+0000][403][gc,init] Heap Initial Capacity: 512M
[2022-05-30T02:32:58.691+0000][403][gc,init] Heap Max Capacity: 512M
[2022-05-30T02:32:58.692+0000][403][gc,init] Pre-touch: Disabled
[2022-05-30T02:32:58.693+0000][403][gc,init] Parallel Workers: 8
[2022-05-30T02:32:58.694+0000][403][gc,init] Concurrent Workers: 2
[2022-05-30T02:32:58.695+0000][403][gc,init] Concurrent Refinement Workers: 8
[2022-05-30T02:32:58.696+0000][403][gc,init] Periodic GC: Disabled
[2022-05-30T02:32:58.698+0000][403][gc,metaspace] CDS archive(s) not mapped
[2022-05-30T02:32:58.700+0000][403][gc,metaspace] Compressed class space mapped at: 0x0000000100000000-0x0000000140000000, reserved size: 1073741824
[2022-05-30T02:32:58.701+0000][403][gc,metaspace] Narrow klass base: 0x0000000000000000, Narrow klass shift: 3, Narrow klass range: 0x140000000
[2022-05-30T02:32:58.963+0000][403][gc,heap,exit] Heap
[2022-05-30T02:32:58.964+0000][403][gc,heap,exit]  garbage-first heap   total 524288K, used 2048K [0x00000000e0000000, 0x0000000100000000)
[2022-05-30T02:32:58.964+0000][403][gc,heap,exit]   region size 1024K, 2 young (2048K), 0 survivors (0K)
[2022-05-30T02:32:58.965+0000][403][gc,heap,exit]  Metaspace       used 3527K, committed 3584K, reserved 1114112K
[2022-05-30T02:32:58.965+0000][403][gc,heap,exit]   class space    used 271K, committed 320K, reserved 1048576K
