[2022-05-30T02:53:35.842+0000][7][gc,init] CardTable entry size: 512
[2022-05-30T02:53:35.848+0000][7][gc     ] Using G1
[2022-05-30T02:53:36.073+0000][7][gc,init] Version: 18.0.1.1+2-6 (release)
[2022-05-30T02:53:36.074+0000][7][gc,init] CPUs: 8 total, 8 available
[2022-05-30T02:53:36.075+0000][7][gc,init] Memory: 6914M
[2022-05-30T02:53:36.076+0000][7][gc,init] Large Page Support: Disabled
[2022-05-30T02:53:36.077+0000][7][gc,init] NUMA Support: Disabled
[2022-05-30T02:53:36.078+0000][7][gc,init] Compressed Oops: Enabled (32-bit)
[2022-05-30T02:53:36.079+0000][7][gc,init] Heap Region Size: 4M
[2022-05-30T02:53:36.079+0000][7][gc,init] Heap Min Capacity: 512M
[2022-05-30T02:53:36.080+0000][7][gc,init] Heap Initial Capacity: 512M
[2022-05-30T02:53:36.081+0000][7][gc,init] Heap Max Capacity: 512M
[2022-05-30T02:53:36.082+0000][7][gc,init] Pre-touch: Enabled
[2022-05-30T02:53:36.091+0000][7][gc,init] Parallel Workers: 8
[2022-05-30T02:53:36.092+0000][7][gc,init] Concurrent Workers: 2
[2022-05-30T02:53:36.093+0000][7][gc,init] Concurrent Refinement Workers: 8
[2022-05-30T02:53:36.094+0000][7][gc,init] Periodic GC: Disabled
[2022-05-30T02:53:36.095+0000][7][gc,metaspace] CDS archive(s) mapped at: [0x0000000800000000-0x0000000800baf000-0x0000000800baf000), size 12251136, SharedBaseAddress: 0x0000000800000000, ArchiveRelocationMode: 0.
[2022-05-30T02:53:36.097+0000][7][gc,metaspace] Compressed class space mapped at: 0x0000000800c00000-0x0000000840c00000, reserved size: 1073741824
[2022-05-30T02:53:36.097+0000][7][gc,metaspace] Narrow klass base: 0x0000000800000000, Narrow klass shift: 0, Narrow klass range: 0x100000000
[2022-05-30T02:53:37.344+0000][7][safepoint   ] Safepoint "Cleanup", Time since last: 1236422437 ns, Reaching safepoint: 214359 ns, At safepoint: 6703 ns, Total: 221062 ns
[2022-05-30T02:53:38.722+0000][7][gc,start    ] GC(0) Pause Young (Normal) (G1 Evacuation Pause)
[2022-05-30T02:53:38.723+0000][7][gc,task     ] GC(0) Using 8 workers of 8 for evacuation
[2022-05-30T02:53:38.723+0000][7][gc,age      ] GC(0) Desired survivor size 2097152 bytes, new threshold 15 (max threshold 15)
[2022-05-30T02:53:38.737+0000][7][gc,phases   ] GC(0)   Pre Evacuate Collection Set: 0.2ms
[2022-05-30T02:53:38.738+0000][7][gc,phases   ] GC(0)   Merge Heap Roots: 0.1ms
[2022-05-30T02:53:38.739+0000][7][gc,phases   ] GC(0)   Evacuate Collection Set: 11.7ms
[2022-05-30T02:53:38.740+0000][7][gc,phases   ] GC(0)   Post Evacuate Collection Set: 1.1ms
[2022-05-30T02:53:38.742+0000][7][gc,phases   ] GC(0)   Other: 1.4ms
[2022-05-30T02:53:38.743+0000][7][gc,age      ] GC(0) Age table with threshold 15 (max threshold 15)
[2022-05-30T02:53:38.743+0000][7][gc,age      ] GC(0) - age   1:    4188776 bytes,    4188776 total
[2022-05-30T02:53:38.744+0000][7][gc,heap     ] GC(0) Eden regions: 6->0(5)
[2022-05-30T02:53:38.744+0000][7][gc,heap     ] GC(0) Survivor regions: 0->1(1)
[2022-05-30T02:53:38.745+0000][7][gc,heap     ] GC(0) Old regions: 0->1
[2022-05-30T02:53:38.746+0000][7][gc,heap     ] GC(0) Archive regions: 2->2
[2022-05-30T02:53:38.746+0000][7][gc,heap     ] GC(0) Humongous regions: 0->0
[2022-05-30T02:53:38.747+0000][7][gc,metaspace] GC(0) Metaspace: 8489K(8704K)->8489K(8704K) NonClass: 7547K(7680K)->7547K(7680K) Class: 941K(1024K)->941K(1024K)
[2022-05-30T02:53:38.748+0000][7][gc          ] GC(0) Pause Young (Normal) (G1 Evacuation Pause) 27M->8M(512M) 25.927ms
[2022-05-30T02:53:38.748+0000][7][gc,cpu      ] GC(0) User=0.05s Sys=0.01s Real=0.03s
[2022-05-30T02:53:38.749+0000][7][safepoint   ] Safepoint "G1CollectForAllocation", Time since last: 1377525329 ns, Reaching safepoint: 413780 ns, At safepoint: 27598313 ns, Total: 28012093 ns
[2022-05-30T02:53:39.770+0000][7][safepoint   ] Safepoint "Cleanup", Time since last: 1020156206 ns, Reaching safepoint: 268935 ns, At safepoint: 46919 ns, Total: 315854 ns
[2022-05-30T02:53:39.831+0000][7][gc,start    ] GC(1) Pause Young (Normal) (G1 Evacuation Pause)
[2022-05-30T02:53:39.831+0000][7][gc,task     ] GC(1) Using 8 workers of 8 for evacuation
[2022-05-30T02:53:39.832+0000][7][gc,age      ] GC(1) Desired survivor size 2097152 bytes, new threshold 1 (max threshold 15)
[2022-05-30T02:53:39.843+0000][7][gc,phases   ] GC(1)   Pre Evacuate Collection Set: 0.1ms
[2022-05-30T02:53:39.851+0000][7][gc,phases   ] GC(1)   Merge Heap Roots: 0.1ms
[2022-05-30T02:53:39.854+0000][7][gc,phases   ] GC(1)   Evacuate Collection Set: 8.8ms
[2022-05-30T02:53:39.855+0000][7][gc,phases   ] GC(1)   Post Evacuate Collection Set: 1.1ms
[2022-05-30T02:53:39.872+0000][7][gc,phases   ] GC(1)   Other: 1.9ms
[2022-05-30T02:53:39.878+0000][7][gc,age      ] GC(1) Age table with threshold 1 (max threshold 15)
[2022-05-30T02:53:39.879+0000][7][gc,age      ] GC(1) - age   1:    2143344 bytes,    2143344 total
[2022-05-30T02:53:39.880+0000][7][gc,heap     ] GC(1) Eden regions: 5->0(10)
[2022-05-30T02:53:39.880+0000][7][gc,heap     ] GC(1) Survivor regions: 1->1(1)
[2022-05-30T02:53:39.881+0000][7][gc,heap     ] GC(1) Old regions: 1->2
[2022-05-30T02:53:39.887+0000][7][gc,heap     ] GC(1) Archive regions: 2->2
[2022-05-30T02:53:39.889+0000][7][gc,heap     ] GC(1) Humongous regions: 0->0
[2022-05-30T02:53:39.890+0000][7][gc,metaspace] GC(1) Metaspace: 11801K(12096K)->11801K(12096K) NonClass: 10387K(10560K)->10387K(10560K) Class: 1413K(1536K)->1413K(1536K)
[2022-05-30T02:53:39.891+0000][7][gc          ] GC(1) Pause Young (Normal) (G1 Evacuation Pause) 28M->10M(512M) 60.367ms
[2022-05-30T02:53:39.892+0000][7][gc,cpu      ] GC(1) User=0.13s Sys=0.00s Real=0.07s
[2022-05-30T02:53:39.893+0000][7][safepoint   ] Safepoint "G1CollectForAllocation", Time since last: 60715686 ns, Reaching safepoint: 137624 ns, At safepoint: 62131558 ns, Total: 62269182 ns
[2022-05-30T02:53:41.249+0000][7][safepoint   ] Safepoint "Cleanup", Time since last: 1356262329 ns, Reaching safepoint: 387529 ns, At safepoint: 70695 ns, Total: 458224 ns
[2022-05-30T02:53:41.820+0000][7][gc,start    ] GC(2) Pause Young (Normal) (G1 Evacuation Pause)
[2022-05-30T02:53:41.823+0000][7][gc,task     ] GC(2) Using 8 workers of 8 for evacuation
[2022-05-30T02:53:41.824+0000][7][gc,age      ] GC(2) Desired survivor size 4194304 bytes, new threshold 15 (max threshold 15)
[2022-05-30T02:53:41.836+0000][7][gc,phases   ] GC(2)   Pre Evacuate Collection Set: 0.2ms
[2022-05-30T02:53:41.837+0000][7][gc,phases   ] GC(2)   Merge Heap Roots: 0.1ms
[2022-05-30T02:53:41.838+0000][7][gc,phases   ] GC(2)   Evacuate Collection Set: 9.3ms
[2022-05-30T02:53:41.839+0000][7][gc,phases   ] GC(2)   Post Evacuate Collection Set: 1.9ms
[2022-05-30T02:53:41.839+0000][7][gc,phases   ] GC(2)   Other: 1.6ms
[2022-05-30T02:53:41.840+0000][7][gc,age      ] GC(2) Age table with threshold 15 (max threshold 15)
[2022-05-30T02:53:41.841+0000][7][gc,age      ] GC(2) - age   1:    1329000 bytes,    1329000 total
[2022-05-30T02:53:41.841+0000][7][gc,age      ] GC(2) - age   2:    2053232 bytes,    3382232 total
[2022-05-30T02:53:41.842+0000][7][gc,heap     ] GC(2) Eden regions: 10->0(62)
[2022-05-30T02:53:41.842+0000][7][gc,heap     ] GC(2) Survivor regions: 1->1(2)
[2022-05-30T02:53:41.843+0000][7][gc,heap     ] GC(2) Old regions: 2->2
[2022-05-30T02:53:41.843+0000][7][gc,heap     ] GC(2) Archive regions: 2->2
[2022-05-30T02:53:41.844+0000][7][gc,heap     ] GC(2) Humongous regions: 0->0
[2022-05-30T02:53:41.844+0000][7][gc,metaspace] GC(2) Metaspace: 15160K(15552K)->15160K(15552K) NonClass: 13407K(13632K)->13407K(13632K) Class: 1753K(1920K)->1753K(1920K)
[2022-05-30T02:53:41.845+0000][7][gc          ] GC(2) Pause Young (Normal) (G1 Evacuation Pause) 50M->11M(512M) 24.641ms
[2022-05-30T02:53:41.846+0000][7][gc,cpu      ] GC(2) User=0.06s Sys=0.00s Real=0.03s
[2022-05-30T02:53:41.846+0000][7][safepoint   ] Safepoint "G1CollectForAllocation", Time since last: 570781269 ns, Reaching safepoint: 152281 ns, At safepoint: 26213116 ns, Total: 26365397 ns
[2022-05-30T02:53:43.415+0000][7][safepoint   ] Safepoint "Cleanup", Time since last: 1567946103 ns, Reaching safepoint: 516509 ns, At safepoint: 15199 ns, Total: 531708 ns
[2022-05-30T02:53:44.742+0000][7][safepoint   ] Safepoint "Cleanup", Time since last: 1326860443 ns, Reaching safepoint: 426326 ns, At safepoint: 16722 ns, Total: 443048 ns
[2022-05-30T02:53:45.116+0000][7][gc,start    ] GC(3) Pause Young (Concurrent Start) (Metadata GC Threshold)
[2022-05-30T02:53:45.117+0000][7][gc,task     ] GC(3) Using 8 workers of 8 for evacuation
[2022-05-30T02:53:45.119+0000][7][gc,age      ] GC(3) Desired survivor size 16777216 bytes, new threshold 15 (max threshold 15)
[2022-05-30T02:53:45.138+0000][7][gc,phases   ] GC(3)   Pre Evacuate Collection Set: 0.5ms
[2022-05-30T02:53:45.139+0000][7][gc,phases   ] GC(3)   Merge Heap Roots: 0.2ms
[2022-05-30T02:53:45.140+0000][7][gc,phases   ] GC(3)   Evacuate Collection Set: 16.6ms
[2022-05-30T02:53:45.141+0000][7][gc,phases   ] GC(3)   Post Evacuate Collection Set: 1.1ms
[2022-05-30T02:53:45.141+0000][7][gc,phases   ] GC(3)   Other: 2.9ms
[2022-05-30T02:53:45.142+0000][7][gc,age      ] GC(3) Age table with threshold 15 (max threshold 15)
[2022-05-30T02:53:45.143+0000][7][gc,age      ] GC(3) - age   1:    2843128 bytes,    2843128 total
[2022-05-30T02:53:45.143+0000][7][gc,age      ] GC(3) - age   2:    1273184 bytes,    4116312 total
[2022-05-30T02:53:45.144+0000][7][gc,age      ] GC(3) - age   3:    2037040 bytes,    6153352 total
[2022-05-30T02:53:45.145+0000][7][gc,heap     ] GC(3) Eden regions: 38->0(74)
[2022-05-30T02:53:45.145+0000][7][gc,heap     ] GC(3) Survivor regions: 1->2(8)
[2022-05-30T02:53:45.146+0000][7][gc,heap     ] GC(3) Old regions: 2->2
[2022-05-30T02:53:45.147+0000][7][gc,heap     ] GC(3) Archive regions: 2->2
[2022-05-30T02:53:45.147+0000][7][gc,heap     ] GC(3) Humongous regions: 0->0
[2022-05-30T02:53:45.148+0000][7][gc,metaspace] GC(3) Metaspace: 21097K(21504K)->21097K(21504K) NonClass: 18726K(18944K)->18726K(18944K) Class: 2371K(2560K)->2371K(2560K)
[2022-05-30T02:53:45.149+0000][7][gc          ] GC(3) Pause Young (Concurrent Start) (Metadata GC Threshold) 160M->14M(512M) 32.364ms
[2022-05-30T02:53:45.149+0000][7][gc,cpu      ] GC(3) User=0.04s Sys=0.01s Real=0.03s
[2022-05-30T02:53:45.149+0000][7][gc          ] GC(4) Concurrent Mark Cycle
[2022-05-30T02:53:45.150+0000][7][safepoint   ] Safepoint "CollectForMetadataAllocation", Time since last: 373572714 ns, Reaching safepoint: 345790 ns, At safepoint: 33911018 ns, Total: 34256808 ns
[2022-05-30T02:53:45.151+0000][7][gc,marking  ] GC(4) Concurrent Clear Claimed Marks
[2022-05-30T02:53:45.153+0000][7][gc,marking  ] GC(4) Concurrent Clear Claimed Marks 1.672ms
[2022-05-30T02:53:45.154+0000][7][gc,marking  ] GC(4) Concurrent Scan Root Regions
[2022-05-30T02:53:45.162+0000][7][gc,marking  ] GC(4) Concurrent Scan Root Regions 7.157ms
[2022-05-30T02:53:45.162+0000][7][gc,marking  ] GC(4) Concurrent Mark
[2022-05-30T02:53:45.163+0000][7][gc,marking  ] GC(4) Concurrent Mark From Roots
[2022-05-30T02:53:45.164+0000][7][gc,task     ] GC(4) Using 2 workers of 2 for marking
[2022-05-30T02:53:45.173+0000][7][gc,marking  ] GC(4) Concurrent Mark From Roots 10.116ms
[2022-05-30T02:53:45.174+0000][7][gc,marking  ] GC(4) Concurrent Preclean
[2022-05-30T02:53:45.174+0000][7][gc,marking  ] GC(4) Concurrent Preclean 0.630ms
[2022-05-30T02:53:45.175+0000][7][gc,start    ] GC(4) Pause Remark
[2022-05-30T02:53:45.184+0000][7][gc          ] GC(4) Pause Remark 16M->16M(512M) 8.923ms
[2022-05-30T02:53:45.185+0000][7][gc,cpu      ] GC(4) User=0.02s Sys=0.00s Real=0.01s
[2022-05-30T02:53:45.186+0000][7][safepoint   ] Safepoint "G1Concurrent", Time since last: 25001403 ns, Reaching safepoint: 346172 ns, At safepoint: 10611731 ns, Total: 10957903 ns
[2022-05-30T02:53:45.187+0000][7][gc,marking  ] GC(4) Concurrent Mark 24.635ms
[2022-05-30T02:53:45.188+0000][7][gc,marking  ] GC(4) Concurrent Rebuild Remembered Sets
[2022-05-30T02:53:45.200+0000][7][gc,marking  ] GC(4) Concurrent Rebuild Remembered Sets 12.657ms
[2022-05-30T02:53:45.202+0000][7][gc,start    ] GC(4) Pause Cleanup
[2022-05-30T02:53:45.203+0000][7][gc          ] GC(4) Pause Cleanup 16M->16M(512M) 1.175ms
[2022-05-30T02:53:45.204+0000][7][gc,cpu      ] GC(4) User=0.00s Sys=0.00s Real=0.00s
[2022-05-30T02:53:45.205+0000][7][safepoint   ] Safepoint "G1Concurrent", Time since last: 15450323 ns, Reaching safepoint: 189300 ns, At safepoint: 3160235 ns, Total: 3349535 ns
[2022-05-30T02:53:45.211+0000][7][gc,marking  ] GC(4) Concurrent Cleanup for Next Mark
[2022-05-30T02:53:45.214+0000][7][gc,marking  ] GC(4) Concurrent Cleanup for Next Mark 3.234ms
[2022-05-30T02:53:45.215+0000][7][gc          ] GC(4) Concurrent Mark Cycle 66.026ms
[2022-05-30T02:53:46.352+0000][7][safepoint   ] Safepoint "Cleanup", Time since last: 1146582493 ns, Reaching safepoint: 463294 ns, At safepoint: 55737 ns, Total: 519031 ns
[2022-05-30T02:53:47.188+0000][7][gc,start    ] GC(5) Pause Young (Normal) (G1 Evacuation Pause)
[2022-05-30T02:53:47.190+0000][7][gc,task     ] GC(5) Using 8 workers of 8 for evacuation
[2022-05-30T02:53:47.190+0000][7][gc,age      ] GC(5) Desired survivor size 20971520 bytes, new threshold 15 (max threshold 15)
[2022-05-30T02:53:47.212+0000][7][gc,phases   ] GC(5)   Pre Evacuate Collection Set: 0.1ms
[2022-05-30T02:53:47.212+0000][7][gc,phases   ] GC(5)   Merge Heap Roots: 0.1ms
[2022-05-30T02:53:47.213+0000][7][gc,phases   ] GC(5)   Evacuate Collection Set: 18.1ms
[2022-05-30T02:53:47.214+0000][7][gc,phases   ] GC(5)   Post Evacuate Collection Set: 2.4ms
[2022-05-30T02:53:47.214+0000][7][gc,phases   ] GC(5)   Other: 1.5ms
[2022-05-30T02:53:47.215+0000][7][gc,age      ] GC(5) Age table with threshold 15 (max threshold 15)
[2022-05-30T02:53:47.215+0000][7][gc,age      ] GC(5) - age   1:    5725440 bytes,    5725440 total
[2022-05-30T02:53:47.216+0000][7][gc,age      ] GC(5) - age   2:    2808432 bytes,    8533872 total
[2022-05-30T02:53:47.228+0000][7][gc,age      ] GC(5) - age   3:    1269864 bytes,    9803736 total
[2022-05-30T02:53:47.229+0000][7][gc,age      ] GC(5) - age   4:    2035848 bytes,   11839584 total
[2022-05-30T02:53:47.231+0000][7][gc,heap     ] GC(5) Eden regions: 74->0(73)
[2022-05-30T02:53:47.232+0000][7][gc,heap     ] GC(5) Survivor regions: 2->3(10)
[2022-05-30T02:53:47.232+0000][7][gc,heap     ] GC(5) Old regions: 2->2
[2022-05-30T02:53:47.233+0000][7][gc,heap     ] GC(5) Archive regions: 2->2
[2022-05-30T02:53:47.234+0000][7][gc,heap     ] GC(5) Humongous regions: 0->0
[2022-05-30T02:53:47.236+0000][7][gc,metaspace] GC(5) Metaspace: 23609K(24128K)->23609K(24128K) NonClass: 20860K(21184K)->20860K(21184K) Class: 2748K(2944K)->2748K(2944K)
[2022-05-30T02:53:47.238+0000][7][gc          ] GC(5) Pause Young (Normal) (G1 Evacuation Pause) 310M->19M(512M) 49.756ms
[2022-05-30T02:53:47.238+0000][7][gc,cpu      ] GC(5) User=0.06s Sys=0.00s Real=0.05s
[2022-05-30T02:53:47.239+0000][7][safepoint   ] Safepoint "G1CollectForAllocation", Time since last: 835594146 ns, Reaching safepoint: 305433 ns, At safepoint: 50873452 ns, Total: 51178885 ns
[2022-05-30T02:53:48.867+0000][7][gc,start    ] GC(6) Pause Young (Normal) (G1 Evacuation Pause)
[2022-05-30T02:53:48.867+0000][7][gc,task     ] GC(6) Using 8 workers of 8 for evacuation
[2022-05-30T02:53:48.868+0000][7][gc,age      ] GC(6) Desired survivor size 20971520 bytes, new threshold 15 (max threshold 15)
[2022-05-30T02:53:48.883+0000][7][gc,phases   ] GC(6)   Pre Evacuate Collection Set: 0.2ms
[2022-05-30T02:53:48.884+0000][7][gc,phases   ] GC(6)   Merge Heap Roots: 0.1ms
[2022-05-30T02:53:48.885+0000][7][gc,phases   ] GC(6)   Evacuate Collection Set: 12.3ms
[2022-05-30T02:53:48.885+0000][7][gc,phases   ] GC(6)   Post Evacuate Collection Set: 1.9ms
[2022-05-30T02:53:48.886+0000][7][gc,phases   ] GC(6)   Other: 1.4ms
[2022-05-30T02:53:48.886+0000][7][gc,age      ] GC(6) Age table with threshold 15 (max threshold 15)
[2022-05-30T02:53:48.887+0000][7][gc,age      ] GC(6) - age   1:    4671448 bytes,    4671448 total
[2022-05-30T02:53:48.888+0000][7][gc,age      ] GC(6) - age   2:    5030744 bytes,    9702192 total
[2022-05-30T02:53:48.888+0000][7][gc,age      ] GC(6) - age   3:    2803968 bytes,   12506160 total
[2022-05-30T02:53:48.889+0000][7][gc,age      ] GC(6) - age   4:    1249608 bytes,   13755768 total
[2022-05-30T02:53:48.889+0000][7][gc,age      ] GC(6) - age   5:    2033536 bytes,   15789304 total
[2022-05-30T02:53:48.890+0000][7][gc,heap     ] GC(6) Eden regions: 73->0(72)
[2022-05-30T02:53:48.892+0000][7][gc,heap     ] GC(6) Survivor regions: 3->4(10)
[2022-05-30T02:53:48.893+0000][7][gc,heap     ] GC(6) Old regions: 2->2
[2022-05-30T02:53:48.894+0000][7][gc,heap     ] GC(6) Archive regions: 2->2
[2022-05-30T02:53:48.894+0000][7][gc,heap     ] GC(6) Humongous regions: 0->0
[2022-05-30T02:53:48.895+0000][7][gc,metaspace] GC(6) Metaspace: 29397K(30016K)->29397K(30016K) NonClass: 26006K(26368K)->26006K(26368K) Class: 3391K(3648K)->3391K(3648K)
[2022-05-30T02:53:48.896+0000][7][gc          ] GC(6) Pause Young (Normal) (G1 Evacuation Pause) 311M->23M(512M) 28.818ms
[2022-05-30T02:53:48.896+0000][7][gc,cpu      ] GC(6) User=0.03s Sys=0.02s Real=0.03s
[2022-05-30T02:53:48.897+0000][7][safepoint   ] Safepoint "G1CollectForAllocation", Time since last: 1627648890 ns, Reaching safepoint: 346816 ns, At safepoint: 30196121 ns, Total: 30542937 ns
[2022-05-30T02:53:49.898+0000][7][safepoint   ] Safepoint "Cleanup", Time since last: 1000969058 ns, Reaching safepoint: 358244 ns, At safepoint: 58782 ns, Total: 417026 ns
[2022-05-30T02:53:50.347+0000][7][gc,start    ] GC(7) Pause Young (Normal) (G1 Evacuation Pause)
[2022-05-30T02:53:50.352+0000][7][gc,task     ] GC(7) Using 8 workers of 8 for evacuation
[2022-05-30T02:53:50.361+0000][7][gc,age      ] GC(7) Desired survivor size 20971520 bytes, new threshold 15 (max threshold 15)
[2022-05-30T02:53:50.413+0000][7][gc,phases   ] GC(7)   Pre Evacuate Collection Set: 0.1ms
[2022-05-30T02:53:50.417+0000][7][gc,phases   ] GC(7)   Merge Heap Roots: 0.1ms
[2022-05-30T02:53:50.418+0000][7][gc,phases   ] GC(7)   Evacuate Collection Set: 38.8ms
[2022-05-30T02:53:50.432+0000][7][gc,phases   ] GC(7)   Post Evacuate Collection Set: 2.2ms
[2022-05-30T02:53:50.434+0000][7][gc,phases   ] GC(7)   Other: 20.1ms
[2022-05-30T02:53:50.434+0000][7][gc,age      ] GC(7) Age table with threshold 15 (max threshold 15)
[2022-05-30T02:53:50.436+0000][7][gc,age      ] GC(7) - age   1:    3316368 bytes,    3316368 total
[2022-05-30T02:53:50.445+0000][7][gc,age      ] GC(7) - age   2:    3765832 bytes,    7082200 total
[2022-05-30T02:53:50.453+0000][7][gc,age      ] GC(7) - age   3:    5029296 bytes,   12111496 total
[2022-05-30T02:53:50.454+0000][7][gc,age      ] GC(7) - age   4:    2803760 bytes,   14915256 total
[2022-05-30T02:53:50.455+0000][7][gc,age      ] GC(7) - age   5:    1248920 bytes,   16164176 total
[2022-05-30T02:53:50.456+0000][7][gc,age      ] GC(7) - age   6:    2033536 bytes,   18197712 total
[2022-05-30T02:53:50.457+0000][7][gc,heap     ] GC(7) Eden regions: 72->0(71)
[2022-05-30T02:53:50.458+0000][7][gc,heap     ] GC(7) Survivor regions: 4->5(10)
[2022-05-30T02:53:50.458+0000][7][gc,heap     ] GC(7) Old regions: 2->2
[2022-05-30T02:53:50.459+0000][7][gc,heap     ] GC(7) Archive regions: 2->2
[2022-05-30T02:53:50.460+0000][7][gc,heap     ] GC(7) Humongous regions: 0->0
[2022-05-30T02:53:50.460+0000][7][gc,metaspace] GC(7) Metaspace: 30940K(31680K)->30940K(31680K) NonClass: 27330K(27776K)->27330K(27776K) Class: 3609K(3904K)->3609K(3904K)
[2022-05-30T02:53:50.461+0000][7][gc          ] GC(7) Pause Young (Normal) (G1 Evacuation Pause) 311M->26M(512M) 114.712ms
[2022-05-30T02:53:50.463+0000][7][gc,cpu      ] GC(7) User=0.17s Sys=0.00s Real=0.12s
[2022-05-30T02:53:50.469+0000][7][safepoint   ] Safepoint "G1CollectForAllocation", Time since last: 448146926 ns, Reaching safepoint: 139508 ns, At safepoint: 122451650 ns, Total: 122591158 ns
[2022-05-30T02:53:51.472+0000][7][safepoint   ] Safepoint "Cleanup", Time since last: 1002542534 ns, Reaching safepoint: 489254 ns, At safepoint: 80053 ns, Total: 569307 ns
[2022-05-30T02:53:52.945+0000][7][safepoint   ] Safepoint "Cleanup", Time since last: 1472310906 ns, Reaching safepoint: 282955 ns, At safepoint: 11211 ns, Total: 294166 ns
[2022-05-30T02:53:59.593+0000][7][gc,start    ] GC(8) Pause Young (Normal) (G1 Evacuation Pause)
[2022-05-30T02:53:59.593+0000][7][gc,task     ] GC(8) Using 8 workers of 8 for evacuation
[2022-05-30T02:53:59.597+0000][7][gc,age      ] GC(8) Desired survivor size 20971520 bytes, new threshold 15 (max threshold 15)
[2022-05-30T02:53:59.650+0000][7][gc,phases   ] GC(8)   Pre Evacuate Collection Set: 0.3ms
[2022-05-30T02:53:59.651+0000][7][gc,phases   ] GC(8)   Merge Heap Roots: 0.2ms
[2022-05-30T02:53:59.652+0000][7][gc,phases   ] GC(8)   Evacuate Collection Set: 36.0ms
[2022-05-30T02:53:59.653+0000][7][gc,phases   ] GC(8)   Post Evacuate Collection Set: 13.3ms
[2022-05-30T02:53:59.654+0000][7][gc,phases   ] GC(8)   Other: 7.3ms
[2022-05-30T02:53:59.654+0000][7][gc,age      ] GC(8) Age table with threshold 15 (max threshold 15)
[2022-05-30T02:53:59.657+0000][7][gc,age      ] GC(8) - age   1:    1459544 bytes,    1459544 total
[2022-05-30T02:53:59.657+0000][7][gc,age      ] GC(8) - age   2:    2684808 bytes,    4144352 total
[2022-05-30T02:53:59.658+0000][7][gc,age      ] GC(8) - age   3:    3754600 bytes,    7898952 total
[2022-05-30T02:53:59.659+0000][7][gc,age      ] GC(8) - age   4:    5017688 bytes,   12916640 total
[2022-05-30T02:53:59.659+0000][7][gc,age      ] GC(8) - age   5:    2724088 bytes,   15640728 total
[2022-05-30T02:53:59.660+0000][7][gc,age      ] GC(8) - age   6:    1246712 bytes,   16887440 total
[2022-05-30T02:53:59.660+0000][7][gc,age      ] GC(8) - age   7:    2017520 bytes,   18904960 total
[2022-05-30T02:53:59.661+0000][7][gc,heap     ] GC(8) Eden regions: 71->0(71)
[2022-05-30T02:53:59.662+0000][7][gc,heap     ] GC(8) Survivor regions: 5->5(10)
[2022-05-30T02:53:59.662+0000][7][gc,heap     ] GC(8) Old regions: 2->2
[2022-05-30T02:53:59.663+0000][7][gc,heap     ] GC(8) Archive regions: 2->2
[2022-05-30T02:53:59.663+0000][7][gc,heap     ] GC(8) Humongous regions: 0->0
[2022-05-30T02:53:59.664+0000][7][gc,metaspace] GC(8) Metaspace: 32268K(33024K)->32268K(33024K) NonClass: 28478K(28928K)->28478K(28928K) Class: 3789K(4096K)->3789K(4096K)
[2022-05-30T02:53:59.665+0000][7][gc          ] GC(8) Pause Young (Normal) (G1 Evacuation Pause) 310M->26M(512M) 72.538ms
[2022-05-30T02:53:59.666+0000][7][gc,cpu      ] GC(8) User=0.11s Sys=0.02s Real=0.07s
[2022-05-30T02:53:59.667+0000][7][safepoint   ] Safepoint "G1CollectForAllocation", Time since last: 6871169700 ns, Reaching safepoint: 226583 ns, At safepoint: 74597656 ns, Total: 74824239 ns
[2022-05-30T02:54:00.668+0000][7][safepoint   ] Safepoint "Cleanup", Time since last: 1000876422 ns, Reaching safepoint: 361149 ns, At safepoint: 36179 ns, Total: 397328 ns
[2022-05-30T02:54:01.019+0000][7][gc,start    ] GC(9) Pause Young (Concurrent Start) (Metadata GC Threshold)
[2022-05-30T02:54:01.019+0000][7][gc,task     ] GC(9) Using 8 workers of 8 for evacuation
[2022-05-30T02:54:01.021+0000][7][gc,age      ] GC(9) Desired survivor size 20971520 bytes, new threshold 15 (max threshold 15)
[2022-05-30T02:54:01.048+0000][7][gc,phases   ] GC(9)   Pre Evacuate Collection Set: 0.3ms
[2022-05-30T02:54:01.049+0000][7][gc,phases   ] GC(9)   Merge Heap Roots: 0.1ms
[2022-05-30T02:54:01.050+0000][7][gc,phases   ] GC(9)   Evacuate Collection Set: 23.7ms
[2022-05-30T02:54:01.050+0000][7][gc,phases   ] GC(9)   Post Evacuate Collection Set: 2.5ms
[2022-05-30T02:54:01.051+0000][7][gc,phases   ] GC(9)   Other: 2.4ms
[2022-05-30T02:54:01.053+0000][7][gc,age      ] GC(9) Age table with threshold 15 (max threshold 15)
[2022-05-30T02:54:01.058+0000][7][gc,age      ] GC(9) - age   1:     682072 bytes,     682072 total
[2022-05-30T02:54:01.059+0000][7][gc,age      ] GC(9) - age   2:    1415200 bytes,    2097272 total
[2022-05-30T02:54:01.060+0000][7][gc,age      ] GC(9) - age   3:    2680464 bytes,    4777736 total
[2022-05-30T02:54:01.061+0000][7][gc,age      ] GC(9) - age   4:    3753880 bytes,    8531616 total
[2022-05-30T02:54:01.061+0000][7][gc,age      ] GC(9) - age   5:    5014296 bytes,   13545912 total
[2022-05-30T02:54:01.062+0000][7][gc,age      ] GC(9) - age   6:    2714904 bytes,   16260816 total
[2022-05-30T02:54:01.063+0000][7][gc,age      ] GC(9) - age   7:    1237816 bytes,   17498632 total
[2022-05-30T02:54:01.063+0000][7][gc,age      ] GC(9) - age   8:    2017504 bytes,   19516136 total
[2022-05-30T02:54:01.064+0000][7][gc,heap     ] GC(9) Eden regions: 5->0(70)
[2022-05-30T02:54:01.065+0000][7][gc,heap     ] GC(9) Survivor regions: 5->6(10)
[2022-05-30T02:54:01.066+0000][7][gc,heap     ] GC(9) Old regions: 2->2
[2022-05-30T02:54:01.067+0000][7][gc,heap     ] GC(9) Archive regions: 2->2
[2022-05-30T02:54:01.068+0000][7][gc,heap     ] GC(9) Humongous regions: 0->0
[2022-05-30T02:54:01.068+0000][7][gc,metaspace] GC(9) Metaspace: 35176K(35968K)->35176K(35968K) NonClass: 31038K(31488K)->31038K(31488K) Class: 4137K(4480K)->4137K(4480K)
[2022-05-30T02:54:01.069+0000][7][gc          ] GC(9) Pause Young (Concurrent Start) (Metadata GC Threshold) 46M->28M(512M) 50.496ms
[2022-05-30T02:54:01.070+0000][7][gc,cpu      ] GC(9) User=0.09s Sys=0.01s Real=0.05s
[2022-05-30T02:54:01.070+0000][7][gc          ] GC(10) Concurrent Mark Cycle
[2022-05-30T02:54:01.077+0000][7][gc,marking  ] GC(10) Concurrent Clear Claimed Marks
[2022-05-30T02:54:01.078+0000][7][gc,marking  ] GC(10) Concurrent Clear Claimed Marks 1.376ms
[2022-05-30T02:54:01.083+0000][7][gc,marking  ] GC(10) Concurrent Scan Root Regions
[2022-05-30T02:54:01.082+0000][7][safepoint   ] Safepoint "CollectForMetadataAllocation", Time since last: 349958634 ns, Reaching safepoint: 123025 ns, At safepoint: 63283972 ns, Total: 63406997 ns
[2022-05-30T02:54:01.098+0000][7][gc,marking  ] GC(10) Concurrent Scan Root Regions 14.982ms
[2022-05-30T02:54:01.098+0000][7][gc,marking  ] GC(10) Concurrent Mark
[2022-05-30T02:54:01.099+0000][7][gc,marking  ] GC(10) Concurrent Mark From Roots
[2022-05-30T02:54:01.100+0000][7][gc,task     ] GC(10) Using 2 workers of 2 for marking
[2022-05-30T02:54:01.132+0000][7][gc,marking  ] GC(10) Concurrent Mark From Roots 33.105ms
[2022-05-30T02:54:01.134+0000][7][gc,marking  ] GC(10) Concurrent Preclean
[2022-05-30T02:54:01.135+0000][7][gc,marking  ] GC(10) Concurrent Preclean 0.662ms
[2022-05-30T02:54:01.148+0000][7][gc,start    ] GC(10) Pause Remark
[2022-05-30T02:54:01.163+0000][7][gc          ] GC(10) Pause Remark 30M->30M(512M) 15.422ms
[2022-05-30T02:54:01.166+0000][7][gc,cpu      ] GC(10) User=0.02s Sys=0.01s Real=0.02s
[2022-05-30T02:54:01.167+0000][7][safepoint   ] Safepoint "G1Concurrent", Time since last: 63315938 ns, Reaching safepoint: 2458654 ns, At safepoint: 19729267 ns, Total: 22187921 ns
[2022-05-30T02:54:01.168+0000][7][gc,marking  ] GC(10) Concurrent Mark 69.783ms
[2022-05-30T02:54:01.169+0000][7][gc,marking  ] GC(10) Concurrent Rebuild Remembered Sets
[2022-05-30T02:54:01.174+0000][7][gc,marking  ] GC(10) Concurrent Rebuild Remembered Sets 5.339ms
[2022-05-30T02:54:01.190+0000][7][gc,start    ] GC(10) Pause Cleanup
[2022-05-30T02:54:01.196+0000][7][gc          ] GC(10) Pause Cleanup 30M->30M(512M) 6.468ms
[2022-05-30T02:54:01.197+0000][7][gc,cpu      ] GC(10) User=0.01s Sys=0.00s Real=0.00s
[2022-05-30T02:54:01.199+0000][7][safepoint   ] Safepoint "G1Concurrent", Time since last: 17697842 ns, Reaching safepoint: 4592510 ns, At safepoint: 8956208 ns, Total: 13548718 ns
[2022-05-30T02:54:01.201+0000][7][gc,marking  ] GC(10) Concurrent Cleanup for Next Mark
[2022-05-30T02:54:01.205+0000][7][gc,marking  ] GC(10) Concurrent Cleanup for Next Mark 4.927ms
[2022-05-30T02:54:01.207+0000][7][gc          ] GC(10) Concurrent Mark Cycle 136.759ms
[2022-05-30T02:54:02.200+0000][7][safepoint   ] Safepoint "Cleanup", Time since last: 1001513786 ns, Reaching safepoint: 437203 ns, At safepoint: 11783 ns, Total: 448986 ns
[2022-05-30T02:54:03.476+0000][7][safepoint   ] Safepoint "Cleanup", Time since last: 1273103364 ns, Reaching safepoint: 2305711 ns, At safepoint: 20529 ns, Total: 2326240 ns
[2022-05-30T02:54:04.478+0000][7][safepoint   ] Safepoint "Cleanup", Time since last: 1001531191 ns, Reaching safepoint: 367101 ns, At safepoint: 12444 ns, Total: 379545 ns
[2022-05-30T02:54:05.552+0000][7][safepoint   ] Safepoint "Cleanup", Time since last: 1072595678 ns, Reaching safepoint: 1834232 ns, At safepoint: 21461 ns, Total: 1855693 ns
[2022-05-30T02:54:06.562+0000][7][safepoint   ] Safepoint "Cleanup", Time since last: 1005797514 ns, Reaching safepoint: 3499272 ns, At safepoint: 21080 ns, Total: 3520352 ns
[2022-05-30T02:54:07.573+0000][7][safepoint   ] Safepoint "Cleanup", Time since last: 1009450987 ns, Reaching safepoint: 2377387 ns, At safepoint: 48182 ns, Total: 2425569 ns
[2022-05-30T02:54:08.576+0000][7][safepoint   ] Safepoint "Cleanup", Time since last: 1001669439 ns, Reaching safepoint: 1167678 ns, At safepoint: 77508 ns, Total: 1245186 ns
[2022-05-30T02:54:09.579+0000][7][safepoint   ] Safepoint "Cleanup", Time since last: 1001622262 ns, Reaching safepoint: 595051 ns, At safepoint: 34726 ns, Total: 629777 ns
[2022-05-30T02:54:11.518+0000][7][safepoint   ] Safepoint "Cleanup", Time since last: 1939157697 ns, Reaching safepoint: 372550 ns, At safepoint: 8406 ns, Total: 380956 ns
[2022-05-30T02:54:12.882+0000][7][gc,start    ] GC(11) Pause Young (Normal) (G1 Evacuation Pause)
[2022-05-30T02:54:12.884+0000][7][gc,task     ] GC(11) Using 8 workers of 8 for evacuation
[2022-05-30T02:54:12.884+0000][7][gc,age      ] GC(11) Desired survivor size 20971520 bytes, new threshold 15 (max threshold 15)
[2022-05-30T02:54:12.941+0000][7][gc,phases   ] GC(11)   Pre Evacuate Collection Set: 0.2ms
[2022-05-30T02:54:12.942+0000][7][gc,phases   ] GC(11)   Merge Heap Roots: 0.2ms
[2022-05-30T02:54:12.943+0000][7][gc,phases   ] GC(11)   Evacuate Collection Set: 52.5ms
[2022-05-30T02:54:12.943+0000][7][gc,phases   ] GC(11)   Post Evacuate Collection Set: 3.3ms
[2022-05-30T02:54:12.944+0000][7][gc,phases   ] GC(11)   Other: 1.5ms
[2022-05-30T02:54:12.946+0000][7][gc,age      ] GC(11) Age table with threshold 15 (max threshold 15)
[2022-05-30T02:54:12.947+0000][7][gc,age      ] GC(11) - age   1:   19988096 bytes,   19988096 total
[2022-05-30T02:54:12.947+0000][7][gc,age      ] GC(11) - age   2:     625248 bytes,   20613344 total
[2022-05-30T02:54:12.953+0000][7][gc,age      ] GC(11) - age   3:    1388472 bytes,   22001816 total
[2022-05-30T02:54:12.954+0000][7][gc,age      ] GC(11) - age   4:    2665576 bytes,   24667392 total
[2022-05-30T02:54:12.954+0000][7][gc,age      ] GC(11) - age   5:    3744704 bytes,   28412096 total
[2022-05-30T02:54:12.955+0000][7][gc,age      ] GC(11) - age   6:    4999104 bytes,   33411200 total
[2022-05-30T02:54:12.956+0000][7][gc,age      ] GC(11) - age   7:    2712208 bytes,   36123408 total
[2022-05-30T02:54:12.957+0000][7][gc,age      ] GC(11) - age   8:    1229568 bytes,   37352976 total
[2022-05-30T02:54:12.957+0000][7][gc,age      ] GC(11) - age   9:    2013232 bytes,   39366208 total
[2022-05-30T02:54:12.958+0000][7][gc,heap     ] GC(11) Eden regions: 70->0(66)
[2022-05-30T02:54:12.959+0000][7][gc,heap     ] GC(11) Survivor regions: 6->10(10)
[2022-05-30T02:54:12.959+0000][7][gc,heap     ] GC(11) Old regions: 2->2
[2022-05-30T02:54:12.960+0000][7][gc,heap     ] GC(11) Archive regions: 2->2
[2022-05-30T02:54:12.961+0000][7][gc,heap     ] GC(11) Humongous regions: 0->0
[2022-05-30T02:54:12.962+0000][7][gc,metaspace] GC(11) Metaspace: 47381K(48640K)->47381K(48640K) NonClass: 41513K(42240K)->41513K(42240K) Class: 5867K(6400K)->5867K(6400K)
[2022-05-30T02:54:12.962+0000][7][gc          ] GC(11) Pause Young (Normal) (G1 Evacuation Pause) 308M->47M(512M) 80.380ms
[2022-05-30T02:54:12.963+0000][7][gc,cpu      ] GC(11) User=0.22s Sys=0.00s Real=0.08s
[2022-05-30T02:54:12.964+0000][7][safepoint   ] Safepoint "G1CollectForAllocation", Time since last: 1363525219 ns, Reaching safepoint: 216033 ns, At safepoint: 82448638 ns, Total: 82664671 ns
[2022-05-30T02:54:13.976+0000][7][safepoint   ] Safepoint "Cleanup", Time since last: 1003409588 ns, Reaching safepoint: 8006350 ns, At safepoint: 28174 ns, Total: 8034524 ns
[2022-05-30T02:54:15.715+0000][7][safepoint   ] Safepoint "Cleanup", Time since last: 1738438181 ns, Reaching safepoint: 309983 ns, At safepoint: 63942 ns, Total: 373925 ns
[2022-05-30T02:54:16.486+0000][7][gc,start    ] GC(12) Pause Young (Concurrent Start) (Metadata GC Threshold)
[2022-05-30T02:54:16.487+0000][7][gc,task     ] GC(12) Using 8 workers of 8 for evacuation
[2022-05-30T02:54:16.487+0000][7][gc,age      ] GC(12) Desired survivor size 20971520 bytes, new threshold 3 (max threshold 15)
[2022-05-30T02:54:16.568+0000][7][gc,phases   ] GC(12)   Pre Evacuate Collection Set: 0.4ms
[2022-05-30T02:54:16.569+0000][7][gc,phases   ] GC(12)   Merge Heap Roots: 0.2ms
[2022-05-30T02:54:16.570+0000][7][gc,phases   ] GC(12)   Evacuate Collection Set: 73.7ms
[2022-05-30T02:54:16.571+0000][7][gc,phases   ] GC(12)   Post Evacuate Collection Set: 6.0ms
[2022-05-30T02:54:16.572+0000][7][gc,phases   ] GC(12)   Other: 1.6ms
[2022-05-30T02:54:16.573+0000][7][gc,age      ] GC(12) Age table with threshold 3 (max threshold 15)
[2022-05-30T02:54:16.573+0000][7][gc,age      ] GC(12) - age   1:    4686432 bytes,    4686432 total
[2022-05-30T02:54:16.574+0000][7][gc,age      ] GC(12) - age   2:   19700800 bytes,   24387232 total
[2022-05-30T02:54:16.575+0000][7][gc,age      ] GC(12) - age   3:     613000 bytes,   25000232 total
[2022-05-30T02:54:16.576+0000][7][gc,heap     ] GC(12) Eden regions: 31->0(69)
[2022-05-30T02:54:16.576+0000][7][gc,heap     ] GC(12) Survivor regions: 10->7(10)
[2022-05-30T02:54:16.577+0000][7][gc,heap     ] GC(12) Old regions: 2->6
[2022-05-30T02:54:16.578+0000][7][gc,heap     ] GC(12) Archive regions: 2->2
[2022-05-30T02:54:16.579+0000][7][gc,heap     ] GC(12) Humongous regions: 0->0
[2022-05-30T02:54:16.579+0000][7][gc,metaspace] GC(12) Metaspace: 58742K(60160K)->58742K(60160K) NonClass: 51166K(51968K)->51166K(51968K) Class: 7576K(8192K)->7576K(8192K)
[2022-05-30T02:54:16.580+0000][7][gc          ] GC(12) Pause Young (Concurrent Start) (Metadata GC Threshold) 169M->53M(512M) 94.145ms
[2022-05-30T02:54:16.581+0000][7][gc,cpu      ] GC(12) User=0.30s Sys=0.00s Real=0.10s
[2022-05-30T02:54:16.588+0000][7][gc          ] GC(13) Concurrent Mark Cycle
[2022-05-30T02:54:16.589+0000][7][gc,marking  ] GC(13) Concurrent Clear Claimed Marks
[2022-05-30T02:54:16.589+0000][7][gc,marking  ] GC(13) Concurrent Clear Claimed Marks 0.758ms
[2022-05-30T02:54:16.590+0000][7][gc,marking  ] GC(13) Concurrent Scan Root Regions
[2022-05-30T02:54:16.597+0000][7][safepoint   ] Safepoint "CollectForMetadataAllocation", Time since last: 770903301 ns, Reaching safepoint: 176347 ns, At safepoint: 110979269 ns, Total: 111155616 ns
[2022-05-30T02:54:16.634+0000][7][gc,marking  ] GC(13) Concurrent Scan Root Regions 43.830ms
[2022-05-30T02:54:16.635+0000][7][gc,marking  ] GC(13) Concurrent Mark
[2022-05-30T02:54:16.635+0000][7][gc,marking  ] GC(13) Concurrent Mark From Roots
[2022-05-30T02:54:16.636+0000][7][gc,task     ] GC(13) Using 2 workers of 2 for marking
[2022-05-30T02:54:16.648+0000][7][gc,marking  ] GC(13) Concurrent Mark From Roots 12.424ms
[2022-05-30T02:54:16.648+0000][7][gc,marking  ] GC(13) Concurrent Preclean
[2022-05-30T02:54:16.649+0000][7][gc,marking  ] GC(13) Concurrent Preclean 0.580ms
[2022-05-30T02:54:16.650+0000][7][gc,start    ] GC(13) Pause Remark
[2022-05-30T02:54:16.657+0000][7][gc          ] GC(13) Pause Remark 55M->55M(512M) 6.901ms
[2022-05-30T02:54:16.658+0000][7][gc,cpu      ] GC(13) User=0.01s Sys=0.00s Real=0.00s
[2022-05-30T02:54:16.658+0000][7][safepoint   ] Safepoint "G1Concurrent", Time since last: 53060673 ns, Reaching safepoint: 193820 ns, At safepoint: 8449801 ns, Total: 8643621 ns
[2022-05-30T02:54:16.659+0000][7][gc,marking  ] GC(13) Concurrent Mark 24.608ms
[2022-05-30T02:54:16.661+0000][7][gc,marking  ] GC(13) Concurrent Rebuild Remembered Sets
[2022-05-30T02:54:16.672+0000][7][gc,marking  ] GC(13) Concurrent Rebuild Remembered Sets 11.269ms
[2022-05-30T02:54:16.674+0000][7][gc,start    ] GC(13) Pause Cleanup
[2022-05-30T02:54:16.674+0000][7][gc          ] GC(13) Pause Cleanup 55M->55M(512M) 0.816ms
[2022-05-30T02:54:16.675+0000][7][gc,cpu      ] GC(13) User=0.00s Sys=0.00s Real=0.00s
[2022-05-30T02:54:16.676+0000][7][safepoint   ] Safepoint "G1Concurrent", Time since last: 14921706 ns, Reaching safepoint: 345589 ns, At safepoint: 1959074 ns, Total: 2304663 ns
[2022-05-30T02:54:16.676+0000][7][gc,marking  ] GC(13) Concurrent Cleanup for Next Mark
[2022-05-30T02:54:16.679+0000][7][gc,marking  ] GC(13) Concurrent Cleanup for Next Mark 2.658ms
[2022-05-30T02:54:16.680+0000][7][gc          ] GC(13) Concurrent Mark Cycle 91.912ms
[2022-05-30T02:54:17.677+0000][7][safepoint   ] Safepoint "Cleanup", Time since last: 1000693519 ns, Reaching safepoint: 459880 ns, At safepoint: 15579 ns, Total: 475459 ns
[2022-05-30T02:54:18.700+0000][7][safepoint   ] Safepoint "Cleanup", Time since last: 1001013151 ns, Reaching safepoint: 22055052 ns, At safepoint: 42561 ns, Total: 22097613 ns
[2022-05-30T02:54:20.369+0000][7][safepoint   ] Safepoint "Cleanup", Time since last: 1668603431 ns, Reaching safepoint: 359538 ns, At safepoint: 16181 ns, Total: 375719 ns
[2022-05-30T02:54:21.832+0000][7][safepoint   ] Safepoint "Cleanup", Time since last: 1463006811 ns, Reaching safepoint: 226412 ns, At safepoint: 40748 ns, Total: 267160 ns
[2022-05-30T02:54:22.857+0000][7][safepoint   ] Safepoint "Cleanup", Time since last: 1024275566 ns, Reaching safepoint: 624753 ns, At safepoint: 19818 ns, Total: 644571 ns
[2022-05-30T02:54:23.602+0000][7][gc,start    ] GC(14) Pause Young (Normal) (G1 Evacuation Pause)
[2022-05-30T02:54:23.603+0000][7][gc,task     ] GC(14) Using 8 workers of 8 for evacuation
[2022-05-30T02:54:23.603+0000][7][gc,age      ] GC(14) Desired survivor size 20971520 bytes, new threshold 2 (max threshold 15)
[2022-05-30T02:54:23.763+0000][7][gc,phases   ] GC(14)   Pre Evacuate Collection Set: 0.2ms
[2022-05-30T02:54:23.764+0000][7][gc,phases   ] GC(14)   Merge Heap Roots: 0.1ms
[2022-05-30T02:54:23.766+0000][7][gc,phases   ] GC(14)   Evacuate Collection Set: 134.1ms
[2022-05-30T02:54:23.769+0000][7][gc,phases   ] GC(14)   Post Evacuate Collection Set: 24.0ms
[2022-05-30T02:54:23.771+0000][7][gc,phases   ] GC(14)   Other: 1.4ms
[2022-05-30T02:54:23.773+0000][7][gc,age      ] GC(14) Age table with threshold 2 (max threshold 15)
[2022-05-30T02:54:23.774+0000][7][gc,age      ] GC(14) - age   1:    5779088 bytes,    5779088 total
[2022-05-30T02:54:23.776+0000][7][gc,age      ] GC(14) - age   2:    4475432 bytes,   10254520 total
[2022-05-30T02:54:23.777+0000][7][gc,heap     ] GC(14) Eden regions: 69->0(72)
[2022-05-30T02:54:23.778+0000][7][gc,heap     ] GC(14) Survivor regions: 7->4(10)
[2022-05-30T02:54:23.779+0000][7][gc,heap     ] GC(14) Old regions: 6->11
[2022-05-30T02:54:23.780+0000][7][gc,heap     ] GC(14) Archive regions: 2->2
[2022-05-30T02:54:23.781+0000][7][gc,heap     ] GC(14) Humongous regions: 0->0
[2022-05-30T02:54:23.782+0000][7][gc,metaspace] GC(14) Metaspace: 70130K(71616K)->70130K(71616K) NonClass: 61000K(61824K)->61000K(61824K) Class: 9129K(9792K)->9129K(9792K)
[2022-05-30T02:54:23.783+0000][7][gc          ] GC(14) Pause Young (Normal) (G1 Evacuation Pause) 329M->59M(512M) 180.701ms
[2022-05-30T02:54:23.784+0000][7][gc,cpu      ] GC(14) User=0.36s Sys=0.10s Real=0.18s
[2022-05-30T02:54:23.787+0000][7][safepoint   ] Safepoint "G1CollectForAllocation", Time since last: 744853151 ns, Reaching safepoint: 219359 ns, At safepoint: 185048170 ns, Total: 185267529 ns
[2022-05-30T02:54:25.149+0000][7][safepoint   ] Safepoint "Cleanup", Time since last: 1362040574 ns, Reaching safepoint: 246892 ns, At safepoint: 35197 ns, Total: 282089 ns
[2022-05-30T02:54:26.361+0000][7][safepoint   ] Safepoint "Cleanup", Time since last: 1209736448 ns, Reaching safepoint: 1917180 ns, At safepoint: 68280 ns, Total: 1985460 ns
[2022-05-30T02:54:27.363+0000][7][safepoint   ] Safepoint "Cleanup", Time since last: 1001102843 ns, Reaching safepoint: 863010 ns, At safepoint: 58120 ns, Total: 921130 ns
[2022-05-30T02:54:28.588+0000][7][safepoint   ] Safepoint "Cleanup", Time since last: 1000933277 ns, Reaching safepoint: 589806 ns, At safepoint: 43012 ns, Total: 632818 ns
[2022-05-30T02:54:30.326+0000][7][safepoint   ] Safepoint "Cleanup", Time since last: 1736656621 ns, Reaching safepoint: 1130133 ns, At safepoint: 122885 ns, Total: 1253018 ns
[2022-05-30T02:54:31.328+0000][7][safepoint   ] Safepoint "Cleanup", Time since last: 1001077280 ns, Reaching safepoint: 434231 ns, At safepoint: 66848 ns, Total: 501079 ns
[2022-05-30T02:54:31.766+0000][7][gc,start    ] GC(15) Pause Young (Concurrent Start) (Metadata GC Threshold)
[2022-05-30T02:54:31.767+0000][7][gc,task     ] GC(15) Using 8 workers of 8 for evacuation
[2022-05-30T02:54:31.767+0000][7][gc,age      ] GC(15) Desired survivor size 20971520 bytes, new threshold 15 (max threshold 15)
[2022-05-30T02:54:31.810+0000][7][gc,phases   ] GC(15)   Pre Evacuate Collection Set: 0.8ms
[2022-05-30T02:54:31.811+0000][7][gc,phases   ] GC(15)   Merge Heap Roots: 0.3ms
[2022-05-30T02:54:31.811+0000][7][gc,phases   ] GC(15)   Evacuate Collection Set: 36.4ms
[2022-05-30T02:54:31.812+0000][7][gc,phases   ] GC(15)   Post Evacuate Collection Set: 4.9ms
[2022-05-30T02:54:31.812+0000][7][gc,phases   ] GC(15)   Other: 1.2ms
[2022-05-30T02:54:31.812+0000][7][gc,age      ] GC(15) Age table with threshold 15 (max threshold 15)
[2022-05-30T02:54:31.813+0000][7][gc,age      ] GC(15) - age   1:   13028048 bytes,   13028048 total
[2022-05-30T02:54:31.813+0000][7][gc,age      ] GC(15) - age   2:    5560560 bytes,   18588608 total
[2022-05-30T02:54:31.814+0000][7][gc,age      ] GC(15) - age   3:    4383368 bytes,   22971976 total
[2022-05-30T02:54:31.814+0000][7][gc,heap     ] GC(15) Eden regions: 70->0(70)
[2022-05-30T02:54:31.814+0000][7][gc,heap     ] GC(15) Survivor regions: 4->6(10)
[2022-05-30T02:54:31.815+0000][7][gc,heap     ] GC(15) Old regions: 11->11
[2022-05-30T02:54:31.815+0000][7][gc,heap     ] GC(15) Archive regions: 2->2
[2022-05-30T02:54:31.816+0000][7][gc,heap     ] GC(15) Humongous regions: 0->0
[2022-05-30T02:54:31.816+0000][7][gc,metaspace] GC(15) Metaspace: 97516K(100480K)->97516K(100480K) NonClass: 84311K(85824K)->84311K(85824K) Class: 13205K(14656K)->13205K(14656K)
[2022-05-30T02:54:31.817+0000][7][gc          ] GC(15) Pause Young (Concurrent Start) (Metadata GC Threshold) 339M->68M(512M) 50.664ms
[2022-05-30T02:54:31.817+0000][7][gc,cpu      ] GC(15) User=0.14s Sys=0.00s Real=0.05s
[2022-05-30T02:54:31.817+0000][7][gc          ] GC(16) Concurrent Mark Cycle
[2022-05-30T02:54:31.821+0000][7][gc,marking  ] GC(16) Concurrent Clear Claimed Marks
[2022-05-30T02:54:31.825+0000][7][gc,marking  ] GC(16) Concurrent Clear Claimed Marks 3.767ms
[2022-05-30T02:54:31.828+0000][7][gc,marking  ] GC(16) Concurrent Scan Root Regions
[2022-05-30T02:54:31.818+0000][7][safepoint   ] Safepoint "CollectForMetadataAllocation", Time since last: 437643646 ns, Reaching safepoint: 296316 ns, At safepoint: 52436089 ns, Total: 52732405 ns
[2022-05-30T02:54:31.856+0000][7][gc,marking  ] GC(16) Concurrent Scan Root Regions 28.158ms
[2022-05-30T02:54:31.857+0000][7][gc,marking  ] GC(16) Concurrent Mark
[2022-05-30T02:54:31.857+0000][7][gc,marking  ] GC(16) Concurrent Mark From Roots
[2022-05-30T02:54:31.858+0000][7][gc,task     ] GC(16) Using 2 workers of 2 for marking
[2022-05-30T02:54:31.923+0000][7][gc,marking  ] GC(16) Concurrent Mark From Roots 66.093ms
[2022-05-30T02:54:31.931+0000][7][gc,marking  ] GC(16) Concurrent Preclean
[2022-05-30T02:54:31.933+0000][7][gc,marking  ] GC(16) Concurrent Preclean 1.305ms
[2022-05-30T02:54:31.935+0000][7][gc,start    ] GC(16) Pause Remark
[2022-05-30T02:54:31.955+0000][7][gc          ] GC(16) Pause Remark 70M->70M(512M) 20.353ms
[2022-05-30T02:54:31.956+0000][7][gc,cpu      ] GC(16) User=0.07s Sys=0.00s Real=0.02s
[2022-05-30T02:54:31.956+0000][7][safepoint   ] Safepoint "G1Concurrent", Time since last: 115328673 ns, Reaching safepoint: 999057 ns, At safepoint: 21455422 ns, Total: 22454479 ns
[2022-05-30T02:54:31.961+0000][7][gc,marking  ] GC(16) Concurrent Mark 104.801ms
[2022-05-30T02:54:31.963+0000][7][gc,marking  ] GC(16) Concurrent Rebuild Remembered Sets
[2022-05-30T02:54:32.008+0000][7][gc,marking  ] GC(16) Concurrent Rebuild Remembered Sets 45.824ms
[2022-05-30T02:54:32.010+0000][7][gc,start    ] GC(16) Pause Cleanup
[2022-05-30T02:54:32.011+0000][7][gc          ] GC(16) Pause Cleanup 74M->74M(512M) 1.524ms
[2022-05-30T02:54:32.012+0000][7][gc,cpu      ] GC(16) User=0.00s Sys=0.01s Real=0.01s
[2022-05-30T02:54:32.013+0000][7][safepoint   ] Safepoint "G1Concurrent", Time since last: 53177271 ns, Reaching safepoint: 587181 ns, At safepoint: 3038110 ns, Total: 3625291 ns
[2022-05-30T02:54:32.014+0000][7][gc,marking  ] GC(16) Concurrent Cleanup for Next Mark
[2022-05-30T02:54:32.017+0000][7][gc,marking  ] GC(16) Concurrent Cleanup for Next Mark 3.275ms
[2022-05-30T02:54:32.021+0000][7][gc          ] GC(16) Concurrent Mark Cycle 204.309ms
[2022-05-30T02:54:33.599+0000][7][safepoint   ] Safepoint "Cleanup", Time since last: 1586053138 ns, Reaching safepoint: 222194 ns, At safepoint: 4008 ns, Total: 226202 ns
[2022-05-30T02:54:34.333+0000][7][safepoint   ] Safepoint "ICBufferFull", Time since last: 733285302 ns, Reaching safepoint: 452690 ns, At safepoint: 107295 ns, Total: 559985 ns
[2022-05-30T02:54:35.735+0000][7][safepoint   ] Safepoint "Cleanup", Time since last: 1391698525 ns, Reaching safepoint: 9512597 ns, At safepoint: 324642 ns, Total: 9837239 ns
[2022-05-30T02:54:36.736+0000][7][safepoint   ] Safepoint "Cleanup", Time since last: 1001070320 ns, Reaching safepoint: 204951 ns, At safepoint: 5932 ns, Total: 210883 ns
[2022-05-30T02:54:37.932+0000][7][safepoint   ] Safepoint "Cleanup", Time since last: 1195450064 ns, Reaching safepoint: 372532 ns, At safepoint: 14988 ns, Total: 387520 ns
[2022-05-30T02:54:39.062+0000][7][safepoint   ] Safepoint "Cleanup", Time since last: 1130226826 ns, Reaching safepoint: 412548 ns, At safepoint: 51328 ns, Total: 463876 ns
[2022-05-30T02:54:40.125+0000][7][safepoint   ] Safepoint "Cleanup", Time since last: 1050948108 ns, Reaching safepoint: 11938566 ns, At safepoint: 114398 ns, Total: 12052964 ns
[2022-05-30T02:54:41.657+0000][7][safepoint   ] Safepoint "Cleanup", Time since last: 1531285577 ns, Reaching safepoint: 274845 ns, At safepoint: 43072 ns, Total: 317917 ns
[2022-05-30T02:54:42.661+0000][7][safepoint   ] Safepoint "Cleanup", Time since last: 1003341511 ns, Reaching safepoint: 346632 ns, At safepoint: 22353 ns, Total: 368985 ns
[2022-05-30T02:54:44.140+0000][7][safepoint   ] Safepoint "Cleanup", Time since last: 1479282829 ns, Reaching safepoint: 142882 ns, At safepoint: 7284 ns, Total: 150166 ns
[2022-05-30T02:54:45.702+0000][7][safepoint   ] Safepoint "Cleanup", Time since last: 1556566368 ns, Reaching safepoint: 4927898 ns, At safepoint: 99079 ns, Total: 5026977 ns
[2022-05-30T02:54:47.027+0000][7][safepoint   ] Safepoint "Cleanup", Time since last: 1324433258 ns, Reaching safepoint: 381714 ns, At safepoint: 81586 ns, Total: 463300 ns
[2022-05-30T02:54:48.028+0000][7][safepoint   ] Safepoint "Cleanup", Time since last: 1001412397 ns, Reaching safepoint: 399963 ns, At safepoint: 22032 ns, Total: 421995 ns
[2022-05-30T02:54:49.277+0000][7][safepoint   ] Safepoint "Cleanup", Time since last: 1247634483 ns, Reaching safepoint: 453749 ns, At safepoint: 49455 ns, Total: 503204 ns
[2022-05-30T02:54:50.286+0000][7][safepoint   ] Safepoint "Cleanup", Time since last: 1008666540 ns, Reaching safepoint: 390906 ns, At safepoint: 86155 ns, Total: 477061 ns
[2022-05-30T02:54:51.287+0000][7][safepoint   ] Safepoint "Cleanup", Time since last: 1001176703 ns, Reaching safepoint: 358464 ns, At safepoint: 14738 ns, Total: 373202 ns
[2022-05-30T02:54:52.323+0000][7][safepoint   ] Safepoint "Cleanup", Time since last: 1034976068 ns, Reaching safepoint: 320502 ns, At safepoint: 20429 ns, Total: 340931 ns
[2022-05-30T02:54:53.324+0000][7][safepoint   ] Safepoint "Cleanup", Time since last: 1000786122 ns, Reaching safepoint: 813033 ns, At safepoint: 25929 ns, Total: 838962 ns
[2022-05-30T02:54:54.733+0000][7][safepoint   ] Safepoint "Cleanup", Time since last: 1397212378 ns, Reaching safepoint: 11190882 ns, At safepoint: 89601 ns, Total: 11280483 ns
[2022-05-30T02:54:56.100+0000][7][safepoint   ] Safepoint "Cleanup", Time since last: 1367286855 ns, Reaching safepoint: 316594 ns, At safepoint: 16692 ns, Total: 333286 ns
[2022-05-30T02:54:57.193+0000][7][safepoint   ] Safepoint "Cleanup", Time since last: 1092390813 ns, Reaching safepoint: 495426 ns, At safepoint: 70485 ns, Total: 565911 ns
[2022-05-30T02:54:58.203+0000][7][safepoint   ] Safepoint "Cleanup", Time since last: 1008789293 ns, Reaching safepoint: 1171757 ns, At safepoint: 40557 ns, Total: 1212314 ns
[2022-05-30T02:55:00.083+0000][7][safepoint   ] Safepoint "Cleanup", Time since last: 1230000362 ns, Reaching safepoint: 371860 ns, At safepoint: 17643 ns, Total: 389503 ns
[2022-05-30T02:55:01.087+0000][7][safepoint   ] Safepoint "Cleanup", Time since last: 1003912987 ns, Reaching safepoint: 312206 ns, At safepoint: 105802 ns, Total: 418008 ns
[2022-05-30T02:55:02.092+0000][7][safepoint   ] Safepoint "Cleanup", Time since last: 1004319776 ns, Reaching safepoint: 413069 ns, At safepoint: 88939 ns, Total: 502008 ns
[2022-05-30T02:55:04.117+0000][7][safepoint   ] Safepoint "Cleanup", Time since last: 1368271781 ns, Reaching safepoint: 656265125 ns, At safepoint: 409502 ns, Total: 656674627 ns
[2022-05-30T02:55:04.317+0000][7][gc,start    ] GC(17) Pause Young (Normal) (G1 Evacuation Pause)
[2022-05-30T02:55:04.318+0000][7][gc,task     ] GC(17) Using 8 workers of 8 for evacuation
[2022-05-30T02:55:04.318+0000][7][gc,age      ] GC(17) Desired survivor size 20971520 bytes, new threshold 3 (max threshold 15)
[2022-05-30T02:55:04.418+0000][7][gc,phases   ] GC(17)   Pre Evacuate Collection Set: 0.5ms
[2022-05-30T02:55:04.419+0000][7][gc,phases   ] GC(17)   Merge Heap Roots: 0.2ms
[2022-05-30T02:55:04.423+0000][7][gc,phases   ] GC(17)   Evacuate Collection Set: 73.9ms
[2022-05-30T02:55:04.426+0000][7][gc,phases   ] GC(17)   Post Evacuate Collection Set: 13.1ms
[2022-05-30T02:55:04.427+0000][7][gc,phases   ] GC(17)   Other: 13.1ms
[2022-05-30T02:55:04.428+0000][7][gc,age      ] GC(17) Age table with threshold 3 (max threshold 15)
[2022-05-30T02:55:04.429+0000][7][gc,age      ] GC(17) - age   1:   16192216 bytes,   16192216 total
[2022-05-30T02:55:04.432+0000][7][gc,age      ] GC(17) - age   2:   12564008 bytes,   28756224 total
[2022-05-30T02:55:04.433+0000][7][gc,age      ] GC(17) - age   3:    5522232 bytes,   34278456 total
[2022-05-30T02:55:04.434+0000][7][gc,heap     ] GC(17) Eden regions: 70->0(67)
[2022-05-30T02:55:04.435+0000][7][gc,heap     ] GC(17) Survivor regions: 6->9(10)
[2022-05-30T02:55:04.435+0000][7][gc,heap     ] GC(17) Old regions: 11->12
[2022-05-30T02:55:04.436+0000][7][gc,heap     ] GC(17) Archive regions: 2->2
[2022-05-30T02:55:04.437+0000][7][gc,heap     ] GC(17) Humongous regions: 2->2
[2022-05-30T02:55:04.437+0000][7][gc,metaspace] GC(17) Metaspace: 115841K(118976K)->115841K(118976K) NonClass: 99939K(101568K)->99939K(101568K) Class: 15902K(17408K)->15902K(17408K)
[2022-05-30T02:55:04.438+0000][7][gc          ] GC(17) Pause Young (Normal) (G1 Evacuation Pause) 356M->93M(512M) 121.639ms
[2022-05-30T02:55:04.439+0000][7][gc,cpu      ] GC(17) User=0.63s Sys=0.05s Real=0.12s
[2022-05-30T02:55:04.441+0000][7][safepoint   ] Safepoint "G1CollectForAllocation", Time since last: 22671682 ns, Reaching safepoint: 177467727 ns, At safepoint: 123947427 ns, Total: 301415154 ns
[2022-05-30T02:55:06.477+0000][7][safepoint   ] Safepoint "Cleanup", Time since last: 2011719249 ns, Reaching safepoint: 24023672 ns, At safepoint: 358654 ns, Total: 24382326 ns
[2022-05-30T02:55:08.989+0000][7][safepoint   ] Safepoint "Cleanup", Time since last: 1010836394 ns, Reaching safepoint: 1501490888 ns, At safepoint: 328187 ns, Total: 1501819075 ns
[2022-05-30T02:55:10.058+0000][7][safepoint   ] Safepoint "Cleanup", Time since last: 1045179635 ns, Reaching safepoint: 22670369 ns, At safepoint: 246531 ns, Total: 22916900 ns
[2022-05-30T02:55:11.710+0000][7][safepoint   ] Safepoint "Cleanup", Time since last: 1007555261 ns, Reaching safepoint: 644252602 ns, At safepoint: 248004 ns, Total: 644500606 ns
[2022-05-30T02:55:12.968+0000][7][safepoint   ] Safepoint "Cleanup", Time since last: 1255376033 ns, Reaching safepoint: 2317285 ns, At safepoint: 771984 ns, Total: 3089269 ns
[2022-05-30T02:55:14.757+0000][7][safepoint   ] Safepoint "Cleanup", Time since last: 1078237035 ns, Reaching safepoint: 710063786 ns, At safepoint: 328337 ns, Total: 710392123 ns
[2022-05-30T02:55:15.765+0000][7][safepoint   ] Safepoint "Cleanup", Time since last: 1007164123 ns, Reaching safepoint: 719397 ns, At safepoint: 134858 ns, Total: 854255 ns
[2022-05-30T02:55:16.769+0000][7][safepoint   ] Safepoint "Cleanup", Time since last: 1003939078 ns, Reaching safepoint: 329519 ns, At safepoint: 39064 ns, Total: 368583 ns
[2022-05-30T02:55:18.354+0000][7][safepoint   ] Safepoint "Cleanup", Time since last: 1577340403 ns, Reaching safepoint: 7284309 ns, At safepoint: 233375 ns, Total: 7517684 ns
[2022-05-30T02:55:19.364+0000][7][safepoint   ] Safepoint "Cleanup", Time since last: 1009970302 ns, Reaching safepoint: 402057 ns, At safepoint: 39005 ns, Total: 441062 ns
[2022-05-30T02:55:20.546+0000][7][safepoint   ] Safepoint "Cleanup", Time since last: 1021583901 ns, Reaching safepoint: 160092223 ns, At safepoint: 218117 ns, Total: 160310340 ns
[2022-05-30T02:55:22.066+0000][7][safepoint   ] Safepoint "Cleanup", Time since last: 1518886466 ns, Reaching safepoint: 396297 ns, At safepoint: 35077 ns, Total: 431374 ns
[2022-05-30T02:55:23.177+0000][7][safepoint   ] Safepoint "Cleanup", Time since last: 1103714432 ns, Reaching safepoint: 8023687 ns, At safepoint: 53001 ns, Total: 8076688 ns
[2022-05-30T02:55:24.627+0000][7][safepoint   ] Safepoint "Cleanup", Time since last: 1449429151 ns, Reaching safepoint: 415513 ns, At safepoint: 90523 ns, Total: 506036 ns
[2022-05-30T02:55:26.548+0000][7][safepoint   ] Safepoint "Cleanup", Time since last: 1920394237 ns, Reaching safepoint: 541716 ns, At safepoint: 36459 ns, Total: 578175 ns
[2022-05-30T02:55:27.678+0000][7][safepoint   ] Safepoint "Cleanup", Time since last: 1128400247 ns, Reaching safepoint: 765029 ns, At safepoint: 163732 ns, Total: 928761 ns
[2022-05-30T02:55:28.680+0000][7][safepoint   ] Safepoint "Cleanup", Time since last: 1001729239 ns, Reaching safepoint: 353575 ns, At safepoint: 24567 ns, Total: 378142 ns
[2022-05-30T02:55:30.460+0000][7][safepoint   ] Safepoint "Cleanup", Time since last: 2237055357 ns, Reaching safepoint: 54348089 ns, At safepoint: 252883 ns, Total: 54600972 ns
[2022-05-30T02:55:32.869+0000][7][safepoint   ] Safepoint "Cleanup", Time since last: 1009731627 ns, Reaching safepoint: 1398401083 ns, At safepoint: 724103 ns, Total: 1399125186 ns
[2022-05-30T02:55:34.027+0000][7][safepoint   ] Safepoint "Cleanup", Time since last: 1125585797 ns, Reaching safepoint: 32697410 ns, At safepoint: 189531 ns, Total: 32886941 ns
[2022-05-30T02:55:35.982+0000][7][safepoint   ] Safepoint "Cleanup", Time since last: 1001460109 ns, Reaching safepoint: 953066464 ns, At safepoint: 469145 ns, Total: 953535609 ns
[2022-05-30T02:55:37.024+0000][7][safepoint   ] Safepoint "Cleanup", Time since last: 1035021710 ns, Reaching safepoint: 6146647 ns, At safepoint: 213708 ns, Total: 6360355 ns
[2022-05-30T02:55:39.110+0000][7][safepoint   ] Safepoint "Cleanup", Time since last: 1001348169 ns, Reaching safepoint: 1084745549 ns, At safepoint: 423509 ns, Total: 1085169058 ns
[2022-05-30T02:55:40.166+0000][7][safepoint   ] Safepoint "Cleanup", Time since last: 1036035079 ns, Reaching safepoint: 19612013 ns, At safepoint: 162280 ns, Total: 19774293 ns
[2022-05-30T02:55:41.172+0000][7][safepoint   ] Safepoint "Cleanup", Time since last: 1003752258 ns, Reaching safepoint: 2611749 ns, At safepoint: 85784 ns, Total: 2697533 ns
[2022-05-30T02:55:44.822+0000][7][safepoint   ] Safepoint "Cleanup", Time since last: 1956923111 ns, Reaching safepoint: 1691767997 ns, At safepoint: 452253 ns, Total: 1692220250 ns
[2022-05-30T02:55:46.175+0000][7][safepoint   ] Safepoint "Cleanup", Time since last: 1344863153 ns, Reaching safepoint: 7977901 ns, At safepoint: 163222 ns, Total: 8141123 ns
[2022-05-30T02:55:47.187+0000][7][safepoint   ] Safepoint "Cleanup", Time since last: 1005511080 ns, Reaching safepoint: 7125270 ns, At safepoint: 167469 ns, Total: 7292739 ns
[2022-05-30T02:55:49.708+0000][7][safepoint   ] Safepoint "Cleanup", Time since last: 1001159152 ns, Reaching safepoint: 1519302755 ns, At safepoint: 308770 ns, Total: 1519611525 ns
[2022-05-30T02:55:51.110+0000][7][safepoint   ] Safepoint "Cleanup", Time since last: 1010332593 ns, Reaching safepoint: 390874910 ns, At safepoint: 207866 ns, Total: 391082776 ns
[2022-05-30T02:55:52.160+0000][7][safepoint   ] Safepoint "Cleanup", Time since last: 1049786631 ns, Reaching safepoint: 507402 ns, At safepoint: 157140 ns, Total: 664542 ns
[2022-05-30T02:55:53.184+0000][7][safepoint   ] Safepoint "Cleanup", Time since last: 1008199899 ns, Reaching safepoint: 15819240 ns, At safepoint: 137993 ns, Total: 15957233 ns
[2022-05-30T02:55:55.836+0000][7][safepoint   ] Safepoint "Cleanup", Time since last: 2018887766 ns, Reaching safepoint: 633089984 ns, At safepoint: 213087 ns, Total: 633303071 ns
[2022-05-30T02:55:56.846+0000][7][safepoint   ] Safepoint "Cleanup", Time since last: 1002554773 ns, Reaching safepoint: 7164547 ns, At safepoint: 76115 ns, Total: 7240662 ns
[2022-05-30T02:55:57.848+0000][7][safepoint   ] Safepoint "Cleanup", Time since last: 1001015847 ns, Reaching safepoint: 379043 ns, At safepoint: 36650 ns, Total: 415693 ns
[2022-05-30T02:55:58.849+0000][7][safepoint   ] Safepoint "Cleanup", Time since last: 1000881570 ns, Reaching safepoint: 310172 ns, At safepoint: 93358 ns, Total: 403530 ns
[2022-05-30T02:55:59.850+0000][7][safepoint   ] Safepoint "Cleanup", Time since last: 1000728169 ns, Reaching safepoint: 354557 ns, At safepoint: 33193 ns, Total: 387750 ns
[2022-05-30T02:56:01.658+0000][7][safepoint   ] Safepoint "Cleanup", Time since last: 2217832831 ns, Reaching safepoint: 430202 ns, At safepoint: 61277 ns, Total: 491479 ns
[2022-05-30T02:56:03.673+0000][7][safepoint   ] Safepoint "Cleanup", Time since last: 2014609224 ns, Reaching safepoint: 381660 ns, At safepoint: 38032 ns, Total: 419692 ns
[2022-05-30T02:56:04.838+0000][7][safepoint   ] Safepoint "Cleanup", Time since last: 1164132530 ns, Reaching safepoint: 367311 ns, At safepoint: 28465 ns, Total: 395776 ns
[2022-05-30T02:56:05.909+0000][7][gc,start    ] GC(18) Pause Young (Normal) (G1 Evacuation Pause)
[2022-05-30T02:56:05.929+0000][7][gc,task     ] GC(18) Using 8 workers of 8 for evacuation
[2022-05-30T02:56:05.932+0000][7][gc,age      ] GC(18) Desired survivor size 20971520 bytes, new threshold 2 (max threshold 15)
[2022-05-30T02:56:06.097+0000][7][gc,phases   ] GC(18)   Pre Evacuate Collection Set: 0.5ms
[2022-05-30T02:56:06.099+0000][7][gc,phases   ] GC(18)   Merge Heap Roots: 0.3ms
[2022-05-30T02:56:06.126+0000][7][gc,phases   ] GC(18)   Evacuate Collection Set: 142.1ms
[2022-05-30T02:56:06.128+0000][7][gc,phases   ] GC(18)   Post Evacuate Collection Set: 20.1ms
[2022-05-30T02:56:06.129+0000][7][gc,phases   ] GC(18)   Other: 4.8ms
[2022-05-30T02:56:06.134+0000][7][gc,age      ] GC(18) Age table with threshold 2 (max threshold 15)
[2022-05-30T02:56:06.136+0000][7][gc,age      ] GC(18) - age   1:    8278344 bytes,    8278344 total
[2022-05-30T02:56:06.137+0000][7][gc,age      ] GC(18) - age   2:   12900000 bytes,   21178344 total
[2022-05-30T02:56:06.137+0000][7][gc,heap     ] GC(18) Eden regions: 67->0(70)
[2022-05-30T02:56:06.138+0000][7][gc,heap     ] GC(18) Survivor regions: 9->6(10)
[2022-05-30T02:56:06.139+0000][7][gc,heap     ] GC(18) Old regions: 12->16
[2022-05-30T02:56:06.139+0000][7][gc,heap     ] GC(18) Archive regions: 2->2
[2022-05-30T02:56:06.142+0000][7][gc,heap     ] GC(18) Humongous regions: 2->2
[2022-05-30T02:56:06.143+0000][7][gc,metaspace] GC(18) Metaspace: 119775K(122880K)->119775K(122880K) NonClass: 103484K(105088K)->103484K(105088K) Class: 16290K(17792K)->16290K(17792K)
[2022-05-30T02:56:06.144+0000][7][gc          ] GC(18) Pause Young (Normal) (G1 Evacuation Pause) 361M->98M(512M) 234.700ms
[2022-05-30T02:56:06.145+0000][7][gc,cpu      ] GC(18) User=0.84s Sys=0.06s Real=0.23s
[2022-05-30T02:56:06.147+0000][7][safepoint   ] Safepoint "G1CollectForAllocation", Time since last: 1071350617 ns, Reaching safepoint: 310783 ns, At safepoint: 237648264 ns, Total: 237959047 ns
[2022-05-30T02:56:07.179+0000][7][safepoint   ] Safepoint "Cleanup", Time since last: 1031840370 ns, Reaching safepoint: 424050 ns, At safepoint: 27512 ns, Total: 451562 ns
[2022-05-30T02:56:08.182+0000][7][safepoint   ] Safepoint "Cleanup", Time since last: 1002575694 ns, Reaching safepoint: 480708 ns, At safepoint: 38083 ns, Total: 518791 ns
[2022-05-30T02:56:10.488+0000][7][safepoint   ] Safepoint "Cleanup", Time since last: 1001181375 ns, Reaching safepoint: 1302079311 ns, At safepoint: 2295032 ns, Total: 1304374343 ns
[2022-05-30T02:56:11.530+0000][7][safepoint   ] Safepoint "Cleanup", Time since last: 1027194310 ns, Reaching safepoint: 14943867 ns, At safepoint: 222766 ns, Total: 15166633 ns
[2022-05-30T02:56:12.953+0000][7][safepoint   ] Safepoint "Cleanup", Time since last: 1422264021 ns, Reaching safepoint: 383686 ns, At safepoint: 87627 ns, Total: 471313 ns
[2022-05-30T02:56:14.302+0000][7][safepoint   ] Safepoint "Cleanup", Time since last: 1348255368 ns, Reaching safepoint: 375366 ns, At safepoint: 24948 ns, Total: 400314 ns
[2022-05-30T02:56:15.419+0000][7][safepoint   ] Safepoint "Cleanup", Time since last: 1117055521 ns, Reaching safepoint: 377461 ns, At safepoint: 19657 ns, Total: 397118 ns
[2022-05-30T02:56:16.420+0000][7][safepoint   ] Safepoint "Cleanup", Time since last: 1000660557 ns, Reaching safepoint: 596970 ns, At safepoint: 139556 ns, Total: 736526 ns
[2022-05-30T02:56:17.431+0000][7][safepoint   ] Safepoint "Cleanup", Time since last: 1004120006 ns, Reaching safepoint: 6000224 ns, At safepoint: 195233 ns, Total: 6195457 ns
[2022-05-30T02:56:18.691+0000][7][safepoint   ] Safepoint "Cleanup", Time since last: 1259416715 ns, Reaching safepoint: 432945 ns, At safepoint: 40027 ns, Total: 472972 ns
[2022-05-30T02:56:20.877+0000][7][safepoint   ] Safepoint "Cleanup", Time since last: 2185987451 ns, Reaching safepoint: 693514 ns, At safepoint: 34987 ns, Total: 728501 ns
[2022-05-30T02:56:21.888+0000][7][safepoint   ] Safepoint "Cleanup", Time since last: 1010489440 ns, Reaching safepoint: 510395 ns, At safepoint: 70224 ns, Total: 580619 ns
[2022-05-30T02:56:22.896+0000][7][safepoint   ] Safepoint "Cleanup", Time since last: 1006611627 ns, Reaching safepoint: 482841 ns, At safepoint: 58772 ns, Total: 541613 ns
[2022-05-30T02:56:24.357+0000][7][safepoint   ] Safepoint "Cleanup", Time since last: 1460582915 ns, Reaching safepoint: 537286 ns, At safepoint: 61768 ns, Total: 599054 ns
[2022-05-30T02:56:25.358+0000][7][safepoint   ] Safepoint "Cleanup", Time since last: 1000886014 ns, Reaching safepoint: 355088 ns, At safepoint: 21161 ns, Total: 376249 ns
[2022-05-30T02:56:26.529+0000][7][safepoint   ] Safepoint "Cleanup", Time since last: 1170947588 ns, Reaching safepoint: 397269 ns, At safepoint: 50396 ns, Total: 447665 ns
[2022-05-30T02:56:29.709+0000][7][safepoint   ] Safepoint "Cleanup", Time since last: 3179353558 ns, Reaching safepoint: 301997 ns, At safepoint: 45907 ns, Total: 347904 ns
[2022-05-30T02:56:30.710+0000][7][safepoint   ] Safepoint "Cleanup", Time since last: 1000810056 ns, Reaching safepoint: 393200 ns, At safepoint: 25780 ns, Total: 418980 ns
[2022-05-30T02:56:31.921+0000][7][safepoint   ] Safepoint "Cleanup", Time since last: 1209768758 ns, Reaching safepoint: 403090 ns, At safepoint: 33814 ns, Total: 436904 ns
[2022-05-30T02:56:33.423+0000][7][safepoint   ] Safepoint "Cleanup", Time since last: 1000784007 ns, Reaching safepoint: 273572 ns, At safepoint: 102536 ns, Total: 376108 ns
[2022-05-30T02:56:34.649+0000][7][safepoint   ] Safepoint "Cleanup", Time since last: 1225658111 ns, Reaching safepoint: 349267 ns, At safepoint: 20950 ns, Total: 370217 ns
[2022-05-30T02:56:35.810+0000][7][safepoint   ] Safepoint "Cleanup", Time since last: 1160447440 ns, Reaching safepoint: 306936 ns, At safepoint: 76085 ns, Total: 383021 ns
[2022-05-30T02:56:36.811+0000][7][safepoint   ] Safepoint "Cleanup", Time since last: 1000838358 ns, Reaching safepoint: 368273 ns, At safepoint: 25649 ns, Total: 393922 ns
[2022-05-30T02:56:39.937+0000][7][safepoint   ] Safepoint "Cleanup", Time since last: 3125876034 ns, Reaching safepoint: 399693 ns, At safepoint: 56888 ns, Total: 456581 ns
[2022-05-30T02:56:40.938+0000][7][safepoint   ] Safepoint "Cleanup", Time since last: 1000739844 ns, Reaching safepoint: 401517 ns, At safepoint: 25498 ns, Total: 427015 ns
[2022-05-30T02:56:42.249+0000][7][safepoint   ] Safepoint "Cleanup", Time since last: 1310222092 ns, Reaching safepoint: 440261 ns, At safepoint: 42601 ns, Total: 482862 ns
[2022-05-30T02:56:43.250+0000][7][safepoint   ] Safepoint "Cleanup", Time since last: 1000782780 ns, Reaching safepoint: 344218 ns, At safepoint: 65535 ns, Total: 409753 ns
[2022-05-30T02:56:44.251+0000][7][safepoint   ] Safepoint "Cleanup", Time since last: 1000772605 ns, Reaching safepoint: 394884 ns, At safepoint: 31360 ns, Total: 426244 ns
[2022-05-30T02:56:45.357+0000][7][safepoint   ] Safepoint "Cleanup", Time since last: 1105081409 ns, Reaching safepoint: 404091 ns, At safepoint: 28385 ns, Total: 432476 ns
[2022-05-30T02:56:46.431+0000][7][safepoint   ] Safepoint "Cleanup", Time since last: 1073339243 ns, Reaching safepoint: 420392 ns, At safepoint: 25810 ns, Total: 446202 ns
[2022-05-30T02:56:47.432+0000][7][safepoint   ] Safepoint "Cleanup", Time since last: 1000870727 ns, Reaching safepoint: 365428 ns, At safepoint: 20549 ns, Total: 385977 ns
[2022-05-30T02:56:48.433+0000][7][safepoint   ] Safepoint "Cleanup", Time since last: 1000964541 ns, Reaching safepoint: 450280 ns, At safepoint: 43904 ns, Total: 494184 ns
[2022-05-30T02:56:49.435+0000][7][safepoint   ] Safepoint "Cleanup", Time since last: 1001599191 ns, Reaching safepoint: 435772 ns, At safepoint: 26911 ns, Total: 462683 ns
[2022-05-30T02:56:51.437+0000][7][safepoint   ] Safepoint "Cleanup", Time since last: 2001057984 ns, Reaching safepoint: 357062 ns, At safepoint: 38393 ns, Total: 395455 ns
[2022-05-30T02:56:52.452+0000][7][safepoint   ] Safepoint "Cleanup", Time since last: 1014383538 ns, Reaching safepoint: 333877 ns, At safepoint: 19768 ns, Total: 353645 ns
[2022-05-30T02:56:53.531+0000][7][safepoint   ] Safepoint "Cleanup", Time since last: 1079313312 ns, Reaching safepoint: 350719 ns, At safepoint: 91685 ns, Total: 442404 ns
[2022-05-30T02:56:54.648+0000][7][safepoint   ] Safepoint "Cleanup", Time since last: 1049081125 ns, Reaching safepoint: 67831989 ns, At safepoint: 77869 ns, Total: 67909858 ns
[2022-05-30T02:56:56.813+0000][7][safepoint   ] Safepoint "Cleanup", Time since last: 2163963877 ns, Reaching safepoint: 360187 ns, At safepoint: 83931 ns, Total: 444118 ns
[2022-05-30T02:56:57.816+0000][7][safepoint   ] Safepoint "Cleanup", Time since last: 1003262153 ns, Reaching safepoint: 362883 ns, At safepoint: 35327 ns, Total: 398210 ns
[2022-05-30T02:56:58.956+0000][7][safepoint   ] Safepoint "Cleanup", Time since last: 1139220924 ns, Reaching safepoint: 693404 ns, At safepoint: 33845 ns, Total: 727249 ns
[2022-05-30T02:57:00.097+0000][7][safepoint   ] Safepoint "Cleanup", Time since last: 1140500432 ns, Reaching safepoint: 445310 ns, At safepoint: 40167 ns, Total: 485477 ns
[2022-05-30T02:57:01.099+0000][7][safepoint   ] Safepoint "Cleanup", Time since last: 1000791106 ns, Reaching safepoint: 328377 ns, At safepoint: 45887 ns, Total: 374264 ns
[2022-05-30T02:57:02.100+0000][7][safepoint   ] Safepoint "Cleanup", Time since last: 1000783639 ns, Reaching safepoint: 557394 ns, At safepoint: 33935 ns, Total: 591329 ns
[2022-05-30T02:57:03.226+0000][7][safepoint   ] Safepoint "Cleanup", Time since last: 1269758399 ns, Reaching safepoint: 332044 ns, At safepoint: 54023 ns, Total: 386067 ns
[2022-05-30T02:57:04.227+0000][7][safepoint   ] Safepoint "Cleanup", Time since last: 1000868265 ns, Reaching safepoint: 356431 ns, At safepoint: 30819 ns, Total: 387250 ns
[2022-05-30T02:57:05.394+0000][7][safepoint   ] Safepoint "Cleanup", Time since last: 1166089223 ns, Reaching safepoint: 371470 ns, At safepoint: 33133 ns, Total: 404603 ns
[2022-05-30T02:57:06.487+0000][7][safepoint   ] Safepoint "Cleanup", Time since last: 1092831441 ns, Reaching safepoint: 271829 ns, At safepoint: 17633 ns, Total: 289462 ns
[2022-05-30T02:57:07.488+0000][7][safepoint   ] Safepoint "Cleanup", Time since last: 1000590950 ns, Reaching safepoint: 414361 ns, At safepoint: 24046 ns, Total: 438407 ns
[2022-05-30T02:57:08.659+0000][7][safepoint   ] Safepoint "Cleanup", Time since last: 1170321719 ns, Reaching safepoint: 481519 ns, At safepoint: 41900 ns, Total: 523419 ns
[2022-05-30T02:57:09.660+0000][7][safepoint   ] Safepoint "Cleanup", Time since last: 1001141772 ns, Reaching safepoint: 527487 ns, At safepoint: 35929 ns, Total: 563416 ns
[2022-05-30T02:57:10.665+0000][7][safepoint   ] Safepoint "Cleanup", Time since last: 1004049585 ns, Reaching safepoint: 398892 ns, At safepoint: 18285 ns, Total: 417177 ns
[2022-05-30T02:57:11.666+0000][7][safepoint   ] Safepoint "Cleanup", Time since last: 1000617096 ns, Reaching safepoint: 366429 ns, At safepoint: 27102 ns, Total: 393531 ns
[2022-05-30T02:57:12.824+0000][7][safepoint   ] Safepoint "Cleanup", Time since last: 1157352123 ns, Reaching safepoint: 370728 ns, At safepoint: 30979 ns, Total: 401707 ns
[2022-05-30T02:57:15.825+0000][7][safepoint   ] Safepoint "Cleanup", Time since last: 3001176842 ns, Reaching safepoint: 333817 ns, At safepoint: 28264 ns, Total: 362081 ns
[2022-05-30T02:57:16.828+0000][7][safepoint   ] Safepoint "Cleanup", Time since last: 1002445148 ns, Reaching safepoint: 425602 ns, At safepoint: 36720 ns, Total: 462322 ns
[2022-05-30T02:57:18.934+0000][7][safepoint   ] Safepoint "Cleanup", Time since last: 2104874812 ns, Reaching safepoint: 499433 ns, At safepoint: 33905 ns, Total: 533338 ns
[2022-05-30T02:57:19.935+0000][7][safepoint   ] Safepoint "Cleanup", Time since last: 1000822803 ns, Reaching safepoint: 377801 ns, At safepoint: 73601 ns, Total: 451402 ns
[2022-05-30T02:57:20.997+0000][7][safepoint   ] Safepoint "Cleanup", Time since last: 1061374558 ns, Reaching safepoint: 506167 ns, At safepoint: 67459 ns, Total: 573626 ns
[2022-05-30T02:57:22.141+0000][7][safepoint   ] Safepoint "Cleanup", Time since last: 1143753839 ns, Reaching safepoint: 438036 ns, At safepoint: 34866 ns, Total: 472902 ns
[2022-05-30T02:57:23.144+0000][7][safepoint   ] Safepoint "Cleanup", Time since last: 1002600761 ns, Reaching safepoint: 468314 ns, At safepoint: 23856 ns, Total: 492170 ns
[2022-05-30T02:57:24.463+0000][7][safepoint   ] Safepoint "Cleanup", Time since last: 1318549622 ns, Reaching safepoint: 360217 ns, At safepoint: 39596 ns, Total: 399813 ns
[2022-05-30T02:57:25.989+0000][7][safepoint   ] Safepoint "Cleanup", Time since last: 1525955242 ns, Reaching safepoint: 390736 ns, At safepoint: 70384 ns, Total: 461120 ns
[2022-05-30T02:57:27.119+0000][7][safepoint   ] Safepoint "Cleanup", Time since last: 1128902401 ns, Reaching safepoint: 427305 ns, At safepoint: 23044 ns, Total: 450349 ns
[2022-05-30T02:57:28.264+0000][7][safepoint   ] Safepoint "Cleanup", Time since last: 1144418188 ns, Reaching safepoint: 397509 ns, At safepoint: 88679 ns, Total: 486188 ns
[2022-05-30T02:57:29.060+0000][7][gc,start    ] GC(19) Pause Young (Normal) (G1 Evacuation Pause)
[2022-05-30T02:57:29.315+0000][7][gc,task     ] GC(19) Using 8 workers of 8 for evacuation
[2022-05-30T02:57:29.435+0000][7][gc,age      ] GC(19) Desired survivor size 20971520 bytes, new threshold 2 (max threshold 15)
[2022-05-30T02:57:29.763+0000][7][gc,mmu      ] GC(19) MMU target violated: 201.0ms (200.0ms/201.0ms)
[2022-05-30T02:57:29.859+0000][7][gc,phases   ] GC(19)   Pre Evacuate Collection Set: 0.5ms
[2022-05-30T02:57:29.904+0000][7][gc,phases   ] GC(19)   Merge Heap Roots: 0.3ms
[2022-05-30T02:57:29.933+0000][7][gc,phases   ] GC(19)   Evacuate Collection Set: 251.3ms
[2022-05-30T02:57:29.948+0000][7][gc,phases   ] GC(19)   Post Evacuate Collection Set: 3.1ms
[2022-05-30T02:57:29.963+0000][7][gc,phases   ] GC(19)   Other: 289.0ms
[2022-05-30T02:57:29.965+0000][7][gc,age      ] GC(19) Age table with threshold 2 (max threshold 15)
[2022-05-30T02:57:29.967+0000][7][gc,age      ] GC(19) - age   1:    8186808 bytes,    8186808 total
[2022-05-30T02:57:29.968+0000][7][gc,age      ] GC(19) - age   2:    7444256 bytes,   15631064 total
[2022-05-30T02:57:29.969+0000][7][gc,heap     ] GC(19) Eden regions: 70->0(68)
[2022-05-30T02:57:29.970+0000][7][gc,heap     ] GC(19) Survivor regions: 6->5(10)
[2022-05-30T02:57:29.973+0000][7][gc,heap     ] GC(19) Old regions: 16->20
[2022-05-30T02:57:29.974+0000][7][gc,heap     ] GC(19) Archive regions: 2->2
[2022-05-30T02:57:29.975+0000][7][gc,heap     ] GC(19) Humongous regions: 2->2
[2022-05-30T02:57:29.976+0000][7][gc,metaspace] GC(19) Metaspace: 124242K(127552K)->124242K(127552K) NonClass: 107501K(109248K)->107501K(109248K) Class: 16741K(18304K)->16741K(18304K)
[2022-05-30T02:57:29.979+0000][7][gc          ] GC(19) Pause Young (Normal) (G1 Evacuation Pause) 378M->107M(512M) 919.758ms
[2022-05-30T02:57:29.984+0000][7][gc,cpu      ] GC(19) User=1.67s Sys=0.21s Real=0.92s
[2022-05-30T02:57:29.986+0000][7][safepoint   ] Safepoint "G1CollectForAllocation", Time since last: 795556080 ns, Reaching safepoint: 426675 ns, At safepoint: 926391248 ns, Total: 926817923 ns
[2022-05-30T02:57:30.989+0000][7][safepoint   ] Safepoint "Cleanup", Time since last: 1002542170 ns, Reaching safepoint: 403891 ns, At safepoint: 40117 ns, Total: 444008 ns
[2022-05-30T02:57:32.007+0000][7][safepoint   ] Safepoint "Cleanup", Time since last: 1017752983 ns, Reaching safepoint: 330120 ns, At safepoint: 19287 ns, Total: 349407 ns
[2022-05-30T02:57:33.187+0000][7][safepoint   ] Safepoint "Cleanup", Time since last: 1179628657 ns, Reaching safepoint: 452344 ns, At safepoint: 30247 ns, Total: 482591 ns
[2022-05-30T02:57:34.442+0000][7][safepoint   ] Safepoint "Cleanup", Time since last: 1112525741 ns, Reaching safepoint: 1147414 ns, At safepoint: 54544 ns, Total: 1201958 ns
[2022-05-30T02:57:35.444+0000][7][safepoint   ] Safepoint "Cleanup", Time since last: 1000842426 ns, Reaching safepoint: 464797 ns, At safepoint: 42391 ns, Total: 507188 ns
[2022-05-30T02:57:36.810+0000][7][safepoint   ] Safepoint "Cleanup", Time since last: 1365379451 ns, Reaching safepoint: 360899 ns, At safepoint: 21040 ns, Total: 381939 ns
[2022-05-30T02:57:37.877+0000][7][safepoint   ] Safepoint "Cleanup", Time since last: 1066411839 ns, Reaching safepoint: 509973 ns, At safepoint: 77478 ns, Total: 587451 ns
[2022-05-30T02:57:38.878+0000][7][safepoint   ] Safepoint "Cleanup", Time since last: 1000956462 ns, Reaching safepoint: 406596 ns, At safepoint: 30138 ns, Total: 436734 ns
[2022-05-30T02:57:40.058+0000][7][safepoint   ] Safepoint "Cleanup", Time since last: 1179745756 ns, Reaching safepoint: 569517 ns, At safepoint: 57049 ns, Total: 626566 ns
[2022-05-30T02:57:41.097+0000][7][safepoint   ] Safepoint "Cleanup", Time since last: 1037832541 ns, Reaching safepoint: 372311 ns, At safepoint: 62579 ns, Total: 434890 ns
[2022-05-30T02:57:42.099+0000][7][safepoint   ] Safepoint "Cleanup", Time since last: 1002376863 ns, Reaching safepoint: 451863 ns, At safepoint: 38413 ns, Total: 490276 ns
[2022-05-30T02:57:43.101+0000][7][safepoint   ] Safepoint "Cleanup", Time since last: 1000851284 ns, Reaching safepoint: 348605 ns, At safepoint: 31320 ns, Total: 379925 ns
[2022-05-30T02:57:45.397+0000][7][safepoint   ] Safepoint "Cleanup", Time since last: 2296144417 ns, Reaching safepoint: 502659 ns, At safepoint: 14849 ns, Total: 517508 ns
[2022-05-30T02:57:46.539+0000][7][safepoint   ] Safepoint "Cleanup", Time since last: 1140379493 ns, Reaching safepoint: 1233339 ns, At safepoint: 74662 ns, Total: 1308001 ns
[2022-05-30T02:57:47.541+0000][7][safepoint   ] Safepoint "Cleanup", Time since last: 1001772337 ns, Reaching safepoint: 531324 ns, At safepoint: 61798 ns, Total: 593122 ns
[2022-05-30T02:57:48.543+0000][7][safepoint   ] Safepoint "Cleanup", Time since last: 1000838519 ns, Reaching safepoint: 472602 ns, At safepoint: 42441 ns, Total: 515043 ns
[2022-05-30T02:57:49.756+0000][7][safepoint   ] Safepoint "Cleanup", Time since last: 1212940358 ns, Reaching safepoint: 501953 ns, At safepoint: 36620 ns, Total: 538573 ns
[2022-05-30T02:57:50.758+0000][7][safepoint   ] Safepoint "Cleanup", Time since last: 1001203721 ns, Reaching safepoint: 374104 ns, At safepoint: 24637 ns, Total: 398741 ns
[2022-05-30T02:57:51.900+0000][7][safepoint   ] Safepoint "Cleanup", Time since last: 1141552393 ns, Reaching safepoint: 388422 ns, At safepoint: 32973 ns, Total: 421395 ns
[2022-05-30T02:57:52.901+0000][7][safepoint   ] Safepoint "Cleanup", Time since last: 1000795482 ns, Reaching safepoint: 334889 ns, At safepoint: 24357 ns, Total: 359246 ns
[2022-05-30T02:57:53.902+0000][7][safepoint   ] Safepoint "Cleanup", Time since last: 1000911813 ns, Reaching safepoint: 428789 ns, At safepoint: 26109 ns, Total: 454898 ns
[2022-05-30T02:57:55.034+0000][7][safepoint   ] Safepoint "Cleanup", Time since last: 1131353300 ns, Reaching safepoint: 356220 ns, At safepoint: 23054 ns, Total: 379274 ns
[2022-05-30T02:57:56.039+0000][7][safepoint   ] Safepoint "Cleanup", Time since last: 1004232927 ns, Reaching safepoint: 412508 ns, At safepoint: 21972 ns, Total: 434480 ns
[2022-05-30T02:57:57.183+0000][7][safepoint   ] Safepoint "Cleanup", Time since last: 1141844901 ns, Reaching safepoint: 2741704 ns, At safepoint: 87687 ns, Total: 2829391 ns
[2022-05-30T02:57:58.202+0000][7][safepoint   ] Safepoint "Cleanup", Time since last: 1018380942 ns, Reaching safepoint: 548768 ns, At safepoint: 25649 ns, Total: 574417 ns
[2022-05-30T02:57:59.204+0000][7][safepoint   ] Safepoint "Cleanup", Time since last: 1001004751 ns, Reaching safepoint: 393572 ns, At safepoint: 32131 ns, Total: 425703 ns
[2022-05-30T02:58:00.398+0000][7][safepoint   ] Safepoint "Cleanup", Time since last: 1193872795 ns, Reaching safepoint: 376479 ns, At safepoint: 27603 ns, Total: 404082 ns
[2022-05-30T02:58:01.403+0000][7][safepoint   ] Safepoint "Cleanup", Time since last: 1004975839 ns, Reaching safepoint: 409822 ns, At safepoint: 22022 ns, Total: 431844 ns
[2022-05-30T02:58:02.405+0000][7][safepoint   ] Safepoint "Cleanup", Time since last: 1000789774 ns, Reaching safepoint: 536775 ns, At safepoint: 40657 ns, Total: 577432 ns
[2022-05-30T02:58:03.595+0000][7][safepoint   ] Safepoint "Cleanup", Time since last: 1189284286 ns, Reaching safepoint: 405985 ns, At safepoint: 29536 ns, Total: 435521 ns
[2022-05-30T02:58:04.368+0000][7][safepoint   ] Safepoint "Cleanup", Time since last: 1005043787 ns, Reaching safepoint: 360488 ns, At safepoint: 27663 ns, Total: 388151 ns
[2022-05-30T02:58:05.609+0000][7][safepoint   ] Safepoint "Cleanup", Time since last: 1240507048 ns, Reaching safepoint: 390956 ns, At safepoint: 16311 ns, Total: 407267 ns
[2022-05-30T02:58:06.739+0000][7][safepoint   ] Safepoint "Cleanup", Time since last: 1129813379 ns, Reaching safepoint: 369485 ns, At safepoint: 23896 ns, Total: 393381 ns
[2022-05-30T02:58:07.741+0000][7][safepoint   ] Safepoint "Cleanup", Time since last: 1000848341 ns, Reaching safepoint: 349217 ns, At safepoint: 20559 ns, Total: 369776 ns
[2022-05-30T02:58:09.004+0000][7][safepoint   ] Safepoint "Cleanup", Time since last: 1251596648 ns, Reaching safepoint: 11931044 ns, At safepoint: 113627 ns, Total: 12044671 ns
[2022-05-30T02:58:10.117+0000][7][safepoint   ] Safepoint "Cleanup", Time since last: 1112722897 ns, Reaching safepoint: 408841 ns, At safepoint: 33514 ns, Total: 442355 ns
[2022-05-30T02:58:11.261+0000][7][safepoint   ] Safepoint "Cleanup", Time since last: 1143246269 ns, Reaching safepoint: 369546 ns, At safepoint: 35578 ns, Total: 405124 ns
[2022-05-30T02:58:12.262+0000][7][safepoint   ] Safepoint "Cleanup", Time since last: 1001022217 ns, Reaching safepoint: 291146 ns, At safepoint: 37832 ns, Total: 328978 ns
[2022-05-30T02:58:13.263+0000][7][safepoint   ] Safepoint "Cleanup", Time since last: 1000728678 ns, Reaching safepoint: 356130 ns, At safepoint: 22152 ns, Total: 378282 ns
[2022-05-30T02:58:14.265+0000][7][safepoint   ] Safepoint "Cleanup", Time since last: 1000833197 ns, Reaching safepoint: 356100 ns, At safepoint: 26331 ns, Total: 382431 ns
[2022-05-30T02:58:15.443+0000][7][safepoint   ] Safepoint "Cleanup", Time since last: 1177572405 ns, Reaching safepoint: 609022 ns, At safepoint: 41149 ns, Total: 650171 ns
[2022-05-30T02:58:17.447+0000][7][safepoint   ] Safepoint "Cleanup", Time since last: 2003923848 ns, Reaching safepoint: 360819 ns, At safepoint: 22553 ns, Total: 383372 ns
[2022-05-30T02:58:18.528+0000][7][safepoint   ] Safepoint "Cleanup", Time since last: 1080738838 ns, Reaching safepoint: 355429 ns, At safepoint: 26280 ns, Total: 381709 ns
[2022-05-30T02:58:19.530+0000][7][safepoint   ] Safepoint "Cleanup", Time since last: 1001780708 ns, Reaching safepoint: 338636 ns, At safepoint: 36420 ns, Total: 375056 ns
[2022-05-30T02:58:20.532+0000][7][safepoint   ] Safepoint "Cleanup", Time since last: 1001364182 ns, Reaching safepoint: 355669 ns, At safepoint: 21160 ns, Total: 376829 ns
[2022-05-30T02:58:21.743+0000][7][safepoint   ] Safepoint "Cleanup", Time since last: 1210470128 ns, Reaching safepoint: 429409 ns, At safepoint: 38384 ns, Total: 467793 ns
[2022-05-30T02:58:22.747+0000][7][safepoint   ] Safepoint "Cleanup", Time since last: 1002953409 ns, Reaching safepoint: 470929 ns, At safepoint: 26731 ns, Total: 497660 ns
[2022-05-30T02:58:23.914+0000][7][safepoint   ] Safepoint "Cleanup", Time since last: 1166687693 ns, Reaching safepoint: 348335 ns, At safepoint: 50487 ns, Total: 398822 ns
[2022-05-30T02:58:25.149+0000][7][safepoint   ] Safepoint "Cleanup", Time since last: 1092335867 ns, Reaching safepoint: 142458709 ns, At safepoint: 230009 ns, Total: 142688718 ns
[2022-05-30T02:58:26.217+0000][7][safepoint   ] Safepoint "Cleanup", Time since last: 1068251711 ns, Reaching safepoint: 387820 ns, At safepoint: 24457 ns, Total: 412277 ns
[2022-05-30T02:58:28.596+0000][7][safepoint   ] Safepoint "Cleanup", Time since last: 2377641373 ns, Reaching safepoint: 613275 ns, At safepoint: 40006 ns, Total: 653281 ns
[2022-05-30T02:58:29.597+0000][7][safepoint   ] Safepoint "Cleanup", Time since last: 1000829348 ns, Reaching safepoint: 401175 ns, At safepoint: 28304 ns, Total: 429479 ns
[2022-05-30T02:58:30.785+0000][7][safepoint   ] Safepoint "Cleanup", Time since last: 1187112187 ns, Reaching safepoint: 421625 ns, At safepoint: 41469 ns, Total: 463094 ns
[2022-05-30T02:58:31.981+0000][7][safepoint   ] Safepoint "Cleanup", Time since last: 1196107150 ns, Reaching safepoint: 366530 ns, At safepoint: 29656 ns, Total: 396186 ns
[2022-05-30T02:58:32.987+0000][7][safepoint   ] Safepoint "Cleanup", Time since last: 1005421060 ns, Reaching safepoint: 408069 ns, At safepoint: 21050 ns, Total: 429119 ns
[2022-05-30T02:58:35.762+0000][7][safepoint   ] Safepoint "Cleanup", Time since last: 2155427804 ns, Reaching safepoint: 417678 ns, At safepoint: 37251 ns, Total: 454929 ns
[2022-05-30T02:58:36.764+0000][7][safepoint   ] Safepoint "Cleanup", Time since last: 1000840944 ns, Reaching safepoint: 395595 ns, At safepoint: 60496 ns, Total: 456091 ns
[2022-05-30T02:58:37.765+0000][7][safepoint   ] Safepoint "Cleanup", Time since last: 1000928011 ns, Reaching safepoint: 426955 ns, At safepoint: 54905 ns, Total: 481860 ns
[2022-05-30T02:58:39.925+0000][7][safepoint   ] Safepoint "Cleanup", Time since last: 2159748950 ns, Reaching safepoint: 372641 ns, At safepoint: 17884 ns, Total: 390525 ns
[2022-05-30T02:58:41.127+0000][7][safepoint   ] Safepoint "Cleanup", Time since last: 1201093434 ns, Reaching safepoint: 404622 ns, At safepoint: 28725 ns, Total: 433347 ns
[2022-05-30T02:58:42.128+0000][7][safepoint   ] Safepoint "Cleanup", Time since last: 1000957045 ns, Reaching safepoint: 352282 ns, At safepoint: 31601 ns, Total: 383883 ns
[2022-05-30T02:58:43.298+0000][7][safepoint   ] Safepoint "Cleanup", Time since last: 1169721888 ns, Reaching safepoint: 397559 ns, At safepoint: 34506 ns, Total: 432065 ns
[2022-05-30T02:58:44.304+0000][7][safepoint   ] Safepoint "Cleanup", Time since last: 1004983674 ns, Reaching safepoint: 337604 ns, At safepoint: 23014 ns, Total: 360618 ns
[2022-05-30T02:58:46.305+0000][7][safepoint   ] Safepoint "Cleanup", Time since last: 2000932336 ns, Reaching safepoint: 463815 ns, At safepoint: 57440 ns, Total: 521255 ns
[2022-05-30T02:58:47.306+0000][7][safepoint   ] Safepoint "Cleanup", Time since last: 1000805416 ns, Reaching safepoint: 367732 ns, At safepoint: 26200 ns, Total: 393932 ns
[2022-05-30T02:58:49.356+0000][7][safepoint   ] Safepoint "Cleanup", Time since last: 2049186326 ns, Reaching safepoint: 360688 ns, At safepoint: 40728 ns, Total: 401416 ns
[2022-05-30T02:58:50.357+0000][7][safepoint   ] Safepoint "Cleanup", Time since last: 1000720289 ns, Reaching safepoint: 385326 ns, At safepoint: 23495 ns, Total: 408821 ns
[2022-05-30T02:58:52.460+0000][7][safepoint   ] Safepoint "Cleanup", Time since last: 2102824142 ns, Reaching safepoint: 280736 ns, At safepoint: 8276 ns, Total: 289012 ns
[2022-05-30T02:58:55.462+0000][7][safepoint   ] Safepoint "Cleanup", Time since last: 3001175839 ns, Reaching safepoint: 378492 ns, At safepoint: 25158 ns, Total: 403650 ns
[2022-05-30T02:58:56.773+0000][7][gc,start    ] GC(20) Pause Young (Normal) (G1 Evacuation Pause)
[2022-05-30T02:58:56.774+0000][7][gc,task     ] GC(20) Using 8 workers of 8 for evacuation
[2022-05-30T02:58:56.774+0000][7][gc,age      ] GC(20) Desired survivor size 20971520 bytes, new threshold 15 (max threshold 15)
[2022-05-30T02:58:56.790+0000][7][gc,phases   ] GC(20)   Pre Evacuate Collection Set: 0.5ms
[2022-05-30T02:58:56.790+0000][7][gc,phases   ] GC(20)   Merge Heap Roots: 0.4ms
[2022-05-30T02:58:56.791+0000][7][gc,phases   ] GC(20)   Evacuate Collection Set: 11.4ms
[2022-05-30T02:58:56.792+0000][7][gc,phases   ] GC(20)   Post Evacuate Collection Set: 2.5ms
[2022-05-30T02:58:56.792+0000][7][gc,phases   ] GC(20)   Other: 1.3ms
[2022-05-30T02:58:56.793+0000][7][gc,age      ] GC(20) Age table with threshold 15 (max threshold 15)
[2022-05-30T02:58:56.793+0000][7][gc,age      ] GC(20) - age   1:    1422296 bytes,    1422296 total
[2022-05-30T02:58:56.794+0000][7][gc,age      ] GC(20) - age   2:    7050504 bytes,    8472800 total
[2022-05-30T02:58:56.795+0000][7][gc,age      ] GC(20) - age   3:    7443632 bytes,   15916432 total
[2022-05-30T02:58:56.795+0000][7][gc,heap     ] GC(20) Eden regions: 68->0(71)
[2022-05-30T02:58:56.796+0000][7][gc,heap     ] GC(20) Survivor regions: 5->5(10)
[2022-05-30T02:58:56.796+0000][7][gc,heap     ] GC(20) Old regions: 20->20
[2022-05-30T02:58:56.797+0000][7][gc,heap     ] GC(20) Archive regions: 2->2
[2022-05-30T02:58:56.797+0000][7][gc,heap     ] GC(20) Humongous regions: 2->2
[2022-05-30T02:58:56.798+0000][7][gc,metaspace] GC(20) Metaspace: 125241K(128448K)->125241K(128448K) NonClass: 108495K(110144K)->108495K(110144K) Class: 16746K(18304K)->16746K(18304K)
[2022-05-30T02:58:56.798+0000][7][gc          ] GC(20) Pause Young (Normal) (G1 Evacuation Pause) 379M->107M(512M) 25.160ms
[2022-05-30T02:58:56.799+0000][7][gc,cpu      ] GC(20) User=0.09s Sys=0.02s Real=0.03s
[2022-05-30T02:58:56.799+0000][7][safepoint   ] Safepoint "G1CollectForAllocation", Time since last: 1311007580 ns, Reaching safepoint: 319109 ns, At safepoint: 26457039 ns, Total: 26776148 ns
[2022-05-30T02:58:57.801+0000][7][safepoint   ] Safepoint "Cleanup", Time since last: 1000875201 ns, Reaching safepoint: 399883 ns, At safepoint: 10971 ns, Total: 410854 ns
[2022-05-30T02:58:59.802+0000][7][safepoint   ] Safepoint "Cleanup", Time since last: 2000823540 ns, Reaching safepoint: 425823 ns, At safepoint: 26300 ns, Total: 452123 ns
[2022-05-30T02:59:00.803+0000][7][safepoint   ] Safepoint "Cleanup", Time since last: 1000782341 ns, Reaching safepoint: 338646 ns, At safepoint: 40688 ns, Total: 379334 ns
[2022-05-30T02:59:01.804+0000][7][safepoint   ] Safepoint "Cleanup", Time since last: 1000698481 ns, Reaching safepoint: 362683 ns, At safepoint: 69663 ns, Total: 432346 ns
[2022-05-30T02:59:02.806+0000][7][safepoint   ] Safepoint "Cleanup", Time since last: 1000896836 ns, Reaching safepoint: 414471 ns, At safepoint: 16492 ns, Total: 430963 ns
[2022-05-30T02:59:03.953+0000][7][safepoint   ] Safepoint "Cleanup", Time since last: 1146869354 ns, Reaching safepoint: 450500 ns, At safepoint: 19066 ns, Total: 469566 ns
[2022-05-30T02:59:05.954+0000][7][safepoint   ] Safepoint "Cleanup", Time since last: 2001134511 ns, Reaching safepoint: 384955 ns, At safepoint: 23294 ns, Total: 408249 ns
[2022-05-30T02:59:06.426+0000][7][safepoint   ] Safepoint "Cleanup", Time since last: 1013638015 ns, Reaching safepoint: 358224 ns, At safepoint: 59002 ns, Total: 417226 ns
[2022-05-30T02:59:07.428+0000][7][safepoint   ] Safepoint "Cleanup", Time since last: 1001097796 ns, Reaching safepoint: 377691 ns, At safepoint: 59334 ns, Total: 437025 ns
[2022-05-30T02:59:08.429+0000][7][safepoint   ] Safepoint "Cleanup", Time since last: 1000993074 ns, Reaching safepoint: 374384 ns, At safepoint: 18796 ns, Total: 393180 ns
[2022-05-30T02:59:09.587+0000][7][safepoint   ] Safepoint "Cleanup", Time since last: 1157403661 ns, Reaching safepoint: 566030 ns, At safepoint: 115972 ns, Total: 682002 ns
[2022-05-30T02:59:10.588+0000][7][safepoint   ] Safepoint "Cleanup", Time since last: 1000736063 ns, Reaching safepoint: 450580 ns, At safepoint: 26140 ns, Total: 476720 ns
[2022-05-30T02:59:12.690+0000][7][safepoint   ] Safepoint "Cleanup", Time since last: 2101684292 ns, Reaching safepoint: 365488 ns, At safepoint: 24717 ns, Total: 390205 ns
[2022-05-30T02:59:15.692+0000][7][safepoint   ] Safepoint "Cleanup", Time since last: 3001263509 ns, Reaching safepoint: 333136 ns, At safepoint: 14458 ns, Total: 347594 ns
[2022-05-30T02:59:18.694+0000][7][safepoint   ] Safepoint "Cleanup", Time since last: 3001313419 ns, Reaching safepoint: 522718 ns, At safepoint: 19437 ns, Total: 542155 ns
[2022-05-30T02:59:19.695+0000][7][safepoint   ] Safepoint "Cleanup", Time since last: 1000844970 ns, Reaching safepoint: 374224 ns, At safepoint: 82017 ns, Total: 456241 ns
[2022-05-30T02:59:21.837+0000][7][safepoint   ] Safepoint "Cleanup", Time since last: 2140735904 ns, Reaching safepoint: 640032 ns, At safepoint: 41560 ns, Total: 681592 ns
[2022-05-30T02:59:24.838+0000][7][safepoint   ] Safepoint "Cleanup", Time since last: 3001238971 ns, Reaching safepoint: 390395 ns, At safepoint: 25919 ns, Total: 416314 ns
[2022-05-30T02:59:26.972+0000][7][safepoint   ] Safepoint "Cleanup", Time since last: 2133185298 ns, Reaching safepoint: 352012 ns, At safepoint: 22994 ns, Total: 375006 ns
[2022-05-30T02:59:27.973+0000][7][safepoint   ] Safepoint "Cleanup", Time since last: 1000796786 ns, Reaching safepoint: 362231 ns, At safepoint: 21221 ns, Total: 383452 ns
[2022-05-30T02:59:30.047+0000][7][safepoint   ] Safepoint "Cleanup", Time since last: 2071438493 ns, Reaching safepoint: 2614160 ns, At safepoint: 84812 ns, Total: 2698972 ns
[2022-05-30T02:59:31.230+0000][7][safepoint   ] Safepoint "Cleanup", Time since last: 1182500112 ns, Reaching safepoint: 363334 ns, At safepoint: 30769 ns, Total: 394103 ns
[2022-05-30T02:59:32.232+0000][7][safepoint   ] Safepoint "Cleanup", Time since last: 1001220570 ns, Reaching safepoint: 447154 ns, At safepoint: 16702 ns, Total: 463856 ns
[2022-05-30T02:59:34.233+0000][7][safepoint   ] Safepoint "Cleanup", Time since last: 2000931846 ns, Reaching safepoint: 360809 ns, At safepoint: 22463 ns, Total: 383272 ns
[2022-05-30T02:59:35.234+0000][7][safepoint   ] Safepoint "Cleanup", Time since last: 1000753012 ns, Reaching safepoint: 406406 ns, At safepoint: 21941 ns, Total: 428347 ns
[2022-05-30T02:59:36.472+0000][7][safepoint   ] Safepoint "Cleanup", Time since last: 1156884181 ns, Reaching safepoint: 398591 ns, At safepoint: 74132 ns, Total: 472723 ns
[2022-05-30T02:59:37.473+0000][7][safepoint   ] Safepoint "Cleanup", Time since last: 1001153030 ns, Reaching safepoint: 365739 ns, At safepoint: 35978 ns, Total: 401717 ns
[2022-05-30T02:59:38.589+0000][7][safepoint   ] Safepoint "Cleanup", Time since last: 1114906975 ns, Reaching safepoint: 347093 ns, At safepoint: 56558 ns, Total: 403651 ns
[2022-05-30T02:59:39.590+0000][7][safepoint   ] Safepoint "Cleanup", Time since last: 1000730143 ns, Reaching safepoint: 347914 ns, At safepoint: 58472 ns, Total: 406386 ns
[2022-05-30T02:59:40.591+0000][7][safepoint   ] Safepoint "Cleanup", Time since last: 1001218053 ns, Reaching safepoint: 479308 ns, At safepoint: 38664 ns, Total: 517972 ns
[2022-05-30T02:59:42.814+0000][7][safepoint   ] Safepoint "Cleanup", Time since last: 2124949011 ns, Reaching safepoint: 97166261 ns, At safepoint: 83038 ns, Total: 97249299 ns
[2022-05-30T02:59:45.007+0000][7][safepoint   ] Safepoint "Cleanup", Time since last: 2192971451 ns, Reaching safepoint: 597110 ns, At safepoint: 28825 ns, Total: 625935 ns
[2022-05-30T02:59:46.009+0000][7][safepoint   ] Safepoint "Cleanup", Time since last: 1001636221 ns, Reaching safepoint: 357673 ns, At safepoint: 28955 ns, Total: 386628 ns
[2022-05-30T02:59:47.188+0000][7][safepoint   ] Safepoint "Cleanup", Time since last: 1178166040 ns, Reaching safepoint: 388773 ns, At safepoint: 28213 ns, Total: 416986 ns
[2022-05-30T02:59:48.250+0000][7][safepoint   ] Safepoint "Cleanup", Time since last: 1061333537 ns, Reaching safepoint: 323425 ns, At safepoint: 67750 ns, Total: 391175 ns
[2022-05-30T02:59:49.253+0000][7][safepoint   ] Safepoint "Cleanup", Time since last: 1002930565 ns, Reaching safepoint: 297659 ns, At safepoint: 13596 ns, Total: 311255 ns
[2022-05-30T02:59:51.314+0000][7][safepoint   ] Safepoint "Cleanup", Time since last: 2061071739 ns, Reaching safepoint: 411796 ns, At safepoint: 27041 ns, Total: 438837 ns
[2022-05-30T02:59:52.411+0000][7][safepoint   ] Safepoint "Cleanup", Time since last: 1096204975 ns, Reaching safepoint: 392819 ns, At safepoint: 27152 ns, Total: 419971 ns
[2022-05-30T02:59:53.412+0000][7][safepoint   ] Safepoint "Cleanup", Time since last: 1000844960 ns, Reaching safepoint: 464590 ns, At safepoint: 49745 ns, Total: 514335 ns
[2022-05-30T02:59:54.413+0000][7][safepoint   ] Safepoint "Cleanup", Time since last: 1000790604 ns, Reaching safepoint: 355900 ns, At safepoint: 16281 ns, Total: 372181 ns
[2022-05-30T02:59:55.649+0000][7][safepoint   ] Safepoint "Cleanup", Time since last: 1234588442 ns, Reaching safepoint: 439499 ns, At safepoint: 54093 ns, Total: 493592 ns
[2022-05-30T02:59:57.650+0000][7][safepoint   ] Safepoint "Cleanup", Time since last: 2001108802 ns, Reaching safepoint: 436503 ns, At safepoint: 36510 ns, Total: 473013 ns
[2022-05-30T02:59:58.651+0000][7][safepoint   ] Safepoint "Cleanup", Time since last: 1000802882 ns, Reaching safepoint: 339258 ns, At safepoint: 13696 ns, Total: 352954 ns
[2022-05-30T02:59:59.652+0000][7][safepoint   ] Safepoint "Cleanup", Time since last: 1000817355 ns, Reaching safepoint: 381288 ns, At safepoint: 26932 ns, Total: 408220 ns
[2022-05-30T03:00:01.113+0000][7][safepoint   ] Safepoint "Cleanup", Time since last: 1459555734 ns, Reaching safepoint: 644130 ns, At safepoint: 36249 ns, Total: 680379 ns
[2022-05-30T03:00:02.114+0000][7][safepoint   ] Safepoint "Cleanup", Time since last: 1001153189 ns, Reaching safepoint: 418148 ns, At safepoint: 46409 ns, Total: 464557 ns
[2022-05-30T03:00:03.166+0000][7][safepoint   ] Safepoint "Cleanup", Time since last: 1051559626 ns, Reaching safepoint: 375206 ns, At safepoint: 49454 ns, Total: 424660 ns
[2022-05-30T03:00:04.169+0000][7][safepoint   ] Safepoint "Cleanup", Time since last: 1001884148 ns, Reaching safepoint: 409682 ns, At safepoint: 25379 ns, Total: 435061 ns
[2022-05-30T03:00:07.024+0000][7][safepoint   ] Safepoint "Cleanup", Time since last: 3001424485 ns, Reaching safepoint: 299502 ns, At safepoint: 16711 ns, Total: 316213 ns
[2022-05-30T03:00:09.025+0000][7][safepoint   ] Safepoint "Cleanup", Time since last: 2000996037 ns, Reaching safepoint: 478083 ns, At safepoint: 32011 ns, Total: 510094 ns
[2022-05-30T03:00:10.030+0000][7][safepoint   ] Safepoint "Cleanup", Time since last: 1004026134 ns, Reaching safepoint: 385897 ns, At safepoint: 26701 ns, Total: 412598 ns
[2022-05-30T03:00:12.035+0000][7][safepoint   ] Safepoint "Cleanup", Time since last: 2005402881 ns, Reaching safepoint: 463164 ns, At safepoint: 24587 ns, Total: 487751 ns
[2022-05-30T03:00:15.037+0000][7][safepoint   ] Safepoint "Cleanup", Time since last: 3001117176 ns, Reaching safepoint: 367412 ns, At safepoint: 22583 ns, Total: 389995 ns
[2022-05-30T03:00:16.038+0000][7][safepoint   ] Safepoint "Cleanup", Time since last: 1000929649 ns, Reaching safepoint: 419521 ns, At safepoint: 23204 ns, Total: 442725 ns
[2022-05-30T03:00:18.040+0000][7][safepoint   ] Safepoint "Cleanup", Time since last: 2000931225 ns, Reaching safepoint: 463174 ns, At safepoint: 20860 ns, Total: 484034 ns
[2022-05-30T03:00:20.041+0000][7][safepoint   ] Safepoint "Cleanup", Time since last: 2000977833 ns, Reaching safepoint: 381559 ns, At safepoint: 18555 ns, Total: 400114 ns
[2022-05-30T03:00:21.164+0000][7][safepoint   ] Safepoint "Cleanup", Time since last: 1122503397 ns, Reaching safepoint: 387149 ns, At safepoint: 32913 ns, Total: 420062 ns
[2022-05-30T03:00:22.036+0000][7][gc,start    ] GC(21) Pause Young (Normal) (G1 Evacuation Pause)
[2022-05-30T03:00:22.036+0000][7][gc,task     ] GC(21) Using 8 workers of 8 for evacuation
[2022-05-30T03:00:22.037+0000][7][gc,age      ] GC(21) Desired survivor size 20971520 bytes, new threshold 15 (max threshold 15)
[2022-05-30T03:00:22.049+0000][7][gc,phases   ] GC(21)   Pre Evacuate Collection Set: 0.4ms
[2022-05-30T03:00:22.049+0000][7][gc,phases   ] GC(21)   Merge Heap Roots: 0.3ms
[2022-05-30T03:00:22.050+0000][7][gc,phases   ] GC(21)   Evacuate Collection Set: 8.5ms
[2022-05-30T03:00:22.050+0000][7][gc,phases   ] GC(21)   Post Evacuate Collection Set: 2.5ms
[2022-05-30T03:00:22.050+0000][7][gc,phases   ] GC(21)   Other: 1.0ms
[2022-05-30T03:00:22.051+0000][7][gc,age      ] GC(21) Age table with threshold 15 (max threshold 15)
[2022-05-30T03:00:22.051+0000][7][gc,age      ] GC(21) - age   1:    1498208 bytes,    1498208 total
[2022-05-30T03:00:22.051+0000][7][gc,age      ] GC(21) - age   2:      69688 bytes,    1567896 total
[2022-05-30T03:00:22.052+0000][7][gc,age      ] GC(21) - age   3:    6860568 bytes,    8428464 total
[2022-05-30T03:00:22.052+0000][7][gc,age      ] GC(21) - age   4:    7443552 bytes,   15872016 total
[2022-05-30T03:00:22.053+0000][7][gc,heap     ] GC(21) Eden regions: 71->0(72)
[2022-05-30T03:00:22.053+0000][7][gc,heap     ] GC(21) Survivor regions: 5->4(10)
[2022-05-30T03:00:22.053+0000][7][gc,heap     ] GC(21) Old regions: 20->20
[2022-05-30T03:00:22.053+0000][7][gc,heap     ] GC(21) Archive regions: 2->2
[2022-05-30T03:00:22.054+0000][7][gc,heap     ] GC(21) Humongous regions: 2->2
[2022-05-30T03:00:22.054+0000][7][gc,metaspace] GC(21) Metaspace: 125859K(129088K)->125859K(129088K) NonClass: 109112K(110784K)->109112K(110784K) Class: 16747K(18304K)->16747K(18304K)
[2022-05-30T03:00:22.054+0000][7][gc          ] GC(21) Pause Young (Normal) (G1 Evacuation Pause) 391M->105M(512M) 18.482ms
[2022-05-30T03:00:22.055+0000][7][gc,cpu      ] GC(21) User=0.05s Sys=0.02s Real=0.01s
[2022-05-30T03:00:22.055+0000][7][safepoint   ] Safepoint "G1CollectForAllocation", Time since last: 871505981 ns, Reaching safepoint: 394573 ns, At safepoint: 19487778 ns, Total: 19882351 ns
[2022-05-30T03:00:23.056+0000][7][safepoint   ] Safepoint "Cleanup", Time since last: 1000616271 ns, Reaching safepoint: 410944 ns, At safepoint: 34686 ns, Total: 445630 ns
[2022-05-30T03:00:24.203+0000][7][safepoint   ] Safepoint "Cleanup", Time since last: 1146552232 ns, Reaching safepoint: 388672 ns, At safepoint: 20279 ns, Total: 408951 ns
[2022-05-30T03:00:27.205+0000][7][safepoint   ] Safepoint "Cleanup", Time since last: 3001379162 ns, Reaching safepoint: 455239 ns, At safepoint: 51719 ns, Total: 506958 ns
[2022-05-30T03:00:28.207+0000][7][safepoint   ] Safepoint "Cleanup", Time since last: 1000781381 ns, Reaching safepoint: 620004 ns, At safepoint: 29055 ns, Total: 649059 ns
[2022-05-30T03:00:30.208+0000][7][safepoint   ] Safepoint "Cleanup", Time since last: 2001155786 ns, Reaching safepoint: 398010 ns, At safepoint: 34716 ns, Total: 432726 ns
[2022-05-30T03:00:32.210+0000][7][safepoint   ] Safepoint "Cleanup", Time since last: 2001152086 ns, Reaching safepoint: 326032 ns, At safepoint: 20619 ns, Total: 346651 ns
[2022-05-30T03:00:33.291+0000][7][safepoint   ] Safepoint "Cleanup", Time since last: 1081323285 ns, Reaching safepoint: 330521 ns, At safepoint: 19467 ns, Total: 349988 ns
[2022-05-30T03:00:34.292+0000][7][safepoint   ] Safepoint "Cleanup", Time since last: 1000616373 ns, Reaching safepoint: 307797 ns, At safepoint: 12995 ns, Total: 320792 ns
[2022-05-30T03:00:36.290+0000][7][safepoint   ] Safepoint "Cleanup", Time since last: 2000953397 ns, Reaching safepoint: 378382 ns, At safepoint: 27092 ns, Total: 405474 ns
[2022-05-30T03:00:37.296+0000][7][safepoint   ] Safepoint "Cleanup", Time since last: 1005804148 ns, Reaching safepoint: 439238 ns, At safepoint: 30418 ns, Total: 469656 ns
[2022-05-30T03:00:39.425+0000][7][safepoint   ] Safepoint "Cleanup", Time since last: 2127639809 ns, Reaching safepoint: 652241 ns, At safepoint: 71095 ns, Total: 723336 ns
[2022-05-30T03:00:40.426+0000][7][safepoint   ] Safepoint "Cleanup", Time since last: 1000746150 ns, Reaching safepoint: 410795 ns, At safepoint: 17453 ns, Total: 428248 ns
[2022-05-30T03:00:43.428+0000][7][safepoint   ] Safepoint "Cleanup", Time since last: 3001137816 ns, Reaching safepoint: 431264 ns, At safepoint: 29446 ns, Total: 460710 ns
[2022-05-30T03:00:44.570+0000][7][safepoint   ] Safepoint "Cleanup", Time since last: 1141813780 ns, Reaching safepoint: 372852 ns, At safepoint: 26982 ns, Total: 399834 ns
[2022-05-30T03:00:45.571+0000][7][safepoint   ] Safepoint "Cleanup", Time since last: 1000986314 ns, Reaching safepoint: 310844 ns, At safepoint: 25168 ns, Total: 336012 ns
[2022-05-30T03:00:47.573+0000][7][safepoint   ] Safepoint "Cleanup", Time since last: 2001533551 ns, Reaching safepoint: 464429 ns, At safepoint: 47792 ns, Total: 512221 ns
[2022-05-30T03:00:48.575+0000][7][safepoint   ] Safepoint "Cleanup", Time since last: 1000921583 ns, Reaching safepoint: 386037 ns, At safepoint: 29717 ns, Total: 415754 ns
[2022-05-30T03:00:51.821+0000][7][safepoint   ] Safepoint "Cleanup", Time since last: 3243027840 ns, Reaching safepoint: 3659316 ns, At safepoint: 79892 ns, Total: 3739208 ns
[2022-05-30T03:00:52.829+0000][7][safepoint   ] Safepoint "Cleanup", Time since last: 1007525641 ns, Reaching safepoint: 343366 ns, At safepoint: 18645 ns, Total: 362011 ns
[2022-05-30T03:00:53.955+0000][7][safepoint   ] Safepoint "Cleanup", Time since last: 1125831933 ns, Reaching safepoint: 352462 ns, At safepoint: 19327 ns, Total: 371789 ns
[2022-05-30T03:00:55.402+0000][7][safepoint   ] Safepoint "Cleanup", Time since last: 1446287176 ns, Reaching safepoint: 485767 ns, At safepoint: 67158 ns, Total: 552925 ns
[2022-05-30T03:00:56.636+0000][7][safepoint   ] Safepoint "Cleanup", Time since last: 1233497439 ns, Reaching safepoint: 378964 ns, At safepoint: 20118 ns, Total: 399082 ns
[2022-05-30T03:00:58.836+0000][7][safepoint   ] Safepoint "Cleanup", Time since last: 2199411008 ns, Reaching safepoint: 346762 ns, At safepoint: 18055 ns, Total: 364817 ns
[2022-05-30T03:01:01.842+0000][7][safepoint   ] Safepoint "Cleanup", Time since last: 3005195362 ns, Reaching safepoint: 397749 ns, At safepoint: 34566 ns, Total: 432315 ns
[2022-05-30T03:01:02.843+0000][7][safepoint   ] Safepoint "Cleanup", Time since last: 1000739171 ns, Reaching safepoint: 324209 ns, At safepoint: 27843 ns, Total: 352052 ns
[2022-05-30T03:01:06.894+0000][7][safepoint   ] Safepoint "Cleanup", Time since last: 4051125102 ns, Reaching safepoint: 397880 ns, At safepoint: 28694 ns, Total: 426574 ns
[2022-05-30T03:01:08.138+0000][7][safepoint   ] Safepoint "Cleanup", Time since last: 1244050756 ns, Reaching safepoint: 434399 ns, At safepoint: 27282 ns, Total: 461681 ns
[2022-05-30T03:01:09.140+0000][7][safepoint   ] Safepoint "Cleanup", Time since last: 1001577810 ns, Reaching safepoint: 416996 ns, At safepoint: 25900 ns, Total: 442896 ns
[2022-05-30T03:01:10.338+0000][7][safepoint   ] Safepoint "Cleanup", Time since last: 1197155910 ns, Reaching safepoint: 399032 ns, At safepoint: 52500 ns, Total: 451532 ns
[2022-05-30T03:01:11.342+0000][7][safepoint   ] Safepoint "Cleanup", Time since last: 1003362405 ns, Reaching safepoint: 458645 ns, At safepoint: 38053 ns, Total: 496698 ns
[2022-05-30T03:01:13.463+0000][7][safepoint   ] Safepoint "Cleanup", Time since last: 2121032967 ns, Reaching safepoint: 389062 ns, At safepoint: 37031 ns, Total: 426093 ns
[2022-05-30T03:01:14.465+0000][7][safepoint   ] Safepoint "Cleanup", Time since last: 1001374442 ns, Reaching safepoint: 415012 ns, At safepoint: 47941 ns, Total: 462953 ns
[2022-05-30T03:01:16.653+0000][7][safepoint   ] Safepoint "Cleanup", Time since last: 2188070004 ns, Reaching safepoint: 377280 ns, At safepoint: 30408 ns, Total: 407688 ns
[2022-05-30T03:01:18.658+0000][7][safepoint   ] Safepoint "Cleanup", Time since last: 2003709318 ns, Reaching safepoint: 430061 ns, At safepoint: 31660 ns, Total: 461721 ns
[2022-05-30T03:01:19.659+0000][7][safepoint   ] Safepoint "Cleanup", Time since last: 1000878446 ns, Reaching safepoint: 355699 ns, At safepoint: 24056 ns, Total: 379755 ns
[2022-05-30T03:01:20.951+0000][7][safepoint   ] Safepoint "Cleanup", Time since last: 1291867068 ns, Reaching safepoint: 484852 ns, At safepoint: 79061 ns, Total: 563913 ns
[2022-05-30T03:01:21.953+0000][7][safepoint   ] Safepoint "Cleanup", Time since last: 1000835833 ns, Reaching safepoint: 449779 ns, At safepoint: 24958 ns, Total: 474737 ns
[2022-05-30T03:01:24.031+0000][7][safepoint   ] Safepoint "Cleanup", Time since last: 2078388331 ns, Reaching safepoint: 374786 ns, At safepoint: 33594 ns, Total: 408380 ns
[2022-05-30T03:01:25.033+0000][7][safepoint   ] Safepoint "Cleanup", Time since last: 1000911537 ns, Reaching safepoint: 543227 ns, At safepoint: 24056 ns, Total: 567283 ns
[2022-05-30T03:01:27.035+0000][7][safepoint   ] Safepoint "Cleanup", Time since last: 2001221087 ns, Reaching safepoint: 456571 ns, At safepoint: 35087 ns, Total: 491658 ns
[2022-05-30T03:01:29.023+0000][7][safepoint   ] Safepoint "Cleanup", Time since last: 1988489845 ns, Reaching safepoint: 388742 ns, At safepoint: 17985 ns, Total: 406727 ns
[2022-05-30T03:01:30.252+0000][7][safepoint   ] Safepoint "Cleanup", Time since last: 1227745675 ns, Reaching safepoint: 465198 ns, At safepoint: 77788 ns, Total: 542986 ns
[2022-05-30T03:01:32.253+0000][7][safepoint   ] Safepoint "Cleanup", Time since last: 2001060862 ns, Reaching safepoint: 388011 ns, At safepoint: 19768 ns, Total: 407779 ns
[2022-05-30T03:01:33.339+0000][7][safepoint   ] Safepoint "Cleanup", Time since last: 1085311057 ns, Reaching safepoint: 394743 ns, At safepoint: 76166 ns, Total: 470909 ns
[2022-05-30T03:01:34.341+0000][7][safepoint   ] Safepoint "Cleanup", Time since last: 1001220231 ns, Reaching safepoint: 430950 ns, At safepoint: 38364 ns, Total: 469314 ns
[2022-05-30T03:01:36.302+0000][7][safepoint   ] Safepoint "Cleanup", Time since last: 2001085255 ns, Reaching safepoint: 427757 ns, At safepoint: 26461 ns, Total: 454218 ns
[2022-05-30T03:01:37.313+0000][7][safepoint   ] Safepoint "Cleanup", Time since last: 1010934232 ns, Reaching safepoint: 386558 ns, At safepoint: 27973 ns, Total: 414531 ns
[2022-05-30T03:01:39.418+0000][7][safepoint   ] Safepoint "Cleanup", Time since last: 2104323290 ns, Reaching safepoint: 317737 ns, At safepoint: 42441 ns, Total: 360178 ns
[2022-05-30T03:01:40.419+0000][7][safepoint   ] Safepoint "Cleanup", Time since last: 1000763477 ns, Reaching safepoint: 424801 ns, At safepoint: 10971 ns, Total: 435772 ns
[2022-05-30T03:01:41.420+0000][7][safepoint   ] Safepoint "Cleanup", Time since last: 1000781720 ns, Reaching safepoint: 273211 ns, At safepoint: 14227 ns, Total: 287438 ns
[2022-05-30T03:01:41.532+0000][7][gc,start    ] GC(22) Pause Young (Normal) (G1 Evacuation Pause)
[2022-05-30T03:01:41.532+0000][7][gc,task     ] GC(22) Using 8 workers of 8 for evacuation
[2022-05-30T03:01:41.532+0000][7][gc,age      ] GC(22) Desired survivor size 20971520 bytes, new threshold 15 (max threshold 15)
[2022-05-30T03:01:41.545+0000][7][gc,phases   ] GC(22)   Pre Evacuate Collection Set: 0.3ms
[2022-05-30T03:01:41.546+0000][7][gc,phases   ] GC(22)   Merge Heap Roots: 0.2ms
[2022-05-30T03:01:41.546+0000][7][gc,phases   ] GC(22)   Evacuate Collection Set: 10.2ms
[2022-05-30T03:01:41.547+0000][7][gc,phases   ] GC(22)   Post Evacuate Collection Set: 1.9ms
[2022-05-30T03:01:41.547+0000][7][gc,phases   ] GC(22)   Other: 0.7ms
[2022-05-30T03:01:41.547+0000][7][gc,age      ] GC(22) Age table with threshold 15 (max threshold 15)
[2022-05-30T03:01:41.547+0000][7][gc,age      ] GC(22) - age   1:    1215208 bytes,    1215208 total
[2022-05-30T03:01:41.548+0000][7][gc,age      ] GC(22) - age   2:     228264 bytes,    1443472 total
[2022-05-30T03:01:41.548+0000][7][gc,age      ] GC(22) - age   3:      67480 bytes,    1510952 total
[2022-05-30T03:01:41.548+0000][7][gc,age      ] GC(22) - age   4:    6669584 bytes,    8180536 total
[2022-05-30T03:01:41.548+0000][7][gc,age      ] GC(22) - age   5:    7150200 bytes,   15330736 total
[2022-05-30T03:01:41.549+0000][7][gc,heap     ] GC(22) Eden regions: 72->0(72)
[2022-05-30T03:01:41.549+0000][7][gc,heap     ] GC(22) Survivor regions: 4->4(10)
[2022-05-30T03:01:41.549+0000][7][gc,heap     ] GC(22) Old regions: 20->20
[2022-05-30T03:01:41.550+0000][7][gc,heap     ] GC(22) Archive regions: 2->2
[2022-05-30T03:01:41.550+0000][7][gc,heap     ] GC(22) Humongous regions: 2->2
[2022-05-30T03:01:41.550+0000][7][gc,metaspace] GC(22) Metaspace: 126293K(129600K)->126293K(129600K) NonClass: 109542K(111232K)->109542K(111232K) Class: 16751K(18368K)->16751K(18368K)
[2022-05-30T03:01:41.551+0000][7][gc          ] GC(22) Pause Young (Normal) (G1 Evacuation Pause) 393M->105M(512M) 18.850ms
[2022-05-30T03:01:41.551+0000][7][gc,cpu      ] GC(22) User=0.06s Sys=0.02s Real=0.01s
[2022-05-30T03:01:41.551+0000][7][safepoint   ] Safepoint "G1CollectForAllocation", Time since last: 111170319 ns, Reaching safepoint: 283200 ns, At safepoint: 19644031 ns, Total: 19927231 ns
[2022-05-30T03:01:42.552+0000][7][safepoint   ] Safepoint "Cleanup", Time since last: 1000749213 ns, Reaching safepoint: 436804 ns, At safepoint: 23826 ns, Total: 460630 ns
[2022-05-30T03:01:45.745+0000][7][safepoint   ] Safepoint "Cleanup", Time since last: 3192270111 ns, Reaching safepoint: 324619 ns, At safepoint: 20840 ns, Total: 345459 ns
[2022-05-30T03:01:48.747+0000][7][safepoint   ] Safepoint "Cleanup", Time since last: 3001222760 ns, Reaching safepoint: 389975 ns, At safepoint: 34475 ns, Total: 424450 ns
[2022-05-30T03:01:49.801+0000][7][safepoint   ] Safepoint "Cleanup", Time since last: 1053429919 ns, Reaching safepoint: 349908 ns, At safepoint: 15159 ns, Total: 365067 ns
[2022-05-30T03:01:51.859+0000][7][safepoint   ] Safepoint "Cleanup", Time since last: 2057738209 ns, Reaching safepoint: 434960 ns, At safepoint: 18556 ns, Total: 453516 ns
