[2022-05-30T02:44:10.050+0000][424][gc,init] CardTable entry size: 512
[2022-05-30T02:44:10.053+0000][424][gc     ] Using G1
[2022-05-30T02:44:10.064+0000][424][gc,init] Version: 18.0.1.1+2-6 (release)
[2022-05-30T02:44:10.064+0000][424][gc,init] CPUs: 8 total, 8 available
[2022-05-30T02:44:10.065+0000][424][gc,init] Memory: 6914M
[2022-05-30T02:44:10.066+0000][424][gc,init] Large Page Support: Disabled
[2022-05-30T02:44:10.067+0000][424][gc,init] NUMA Support: Disabled
[2022-05-30T02:44:10.068+0000][424][gc,init] Compressed Oops: Enabled (32-bit)
[2022-05-30T02:44:10.069+0000][424][gc,init] Heap Region Size: 1M
[2022-05-30T02:44:10.070+0000][424][gc,init] Heap Min Capacity: 512M
[2022-05-30T02:44:10.071+0000][424][gc,init] Heap Initial Capacity: 512M
[2022-05-30T02:44:10.071+0000][424][gc,init] Heap Max Capacity: 512M
[2022-05-30T02:44:10.072+0000][424][gc,init] Pre-touch: Disabled
[2022-05-30T02:44:10.073+0000][424][gc,init] Parallel Workers: 8
[2022-05-30T02:44:10.074+0000][424][gc,init] Concurrent Workers: 2
[2022-05-30T02:44:10.074+0000][424][gc,init] Concurrent Refinement Workers: 8
[2022-05-30T02:44:10.075+0000][424][gc,init] Periodic GC: Disabled
[2022-05-30T02:44:10.076+0000][424][gc,metaspace] CDS archive(s) not mapped
[2022-05-30T02:44:10.077+0000][424][gc,metaspace] Compressed class space mapped at: 0x0000000100000000-0x0000000140000000, reserved size: 1073741824
[2022-05-30T02:44:10.077+0000][424][gc,metaspace] Narrow klass base: 0x0000000000000000, Narrow klass shift: 3, Narrow klass range: 0x140000000
[2022-05-30T02:44:10.272+0000][424][gc,heap,exit] Heap
[2022-05-30T02:44:10.272+0000][424][gc,heap,exit]  garbage-first heap   total 524288K, used 2048K [0x00000000e0000000, 0x0000000100000000)
[2022-05-30T02:44:10.273+0000][424][gc,heap,exit]   region size 1024K, 2 young (2048K), 0 survivors (0K)
[2022-05-30T02:44:10.274+0000][424][gc,heap,exit]  Metaspace       used 3520K, committed 3584K, reserved 1114112K
[2022-05-30T02:44:10.275+0000][424][gc,heap,exit]   class space    used 271K, committed 320K, reserved 1048576K
