[2022-05-30T03:15:42.686+0000][8][gc,init] CardTable entry size: 512
[2022-05-30T03:15:42.689+0000][8][gc     ] Using G1
[2022-05-30T03:15:42.896+0000][8][gc,init] Version: 18.0.1.1+2-6 (release)
[2022-05-30T03:15:42.897+0000][8][gc,init] CPUs: 8 total, 8 available
[2022-05-30T03:15:42.899+0000][8][gc,init] Memory: 6914M
[2022-05-30T03:15:42.899+0000][8][gc,init] Large Page Support: Disabled
[2022-05-30T03:15:42.900+0000][8][gc,init] NUMA Support: Disabled
[2022-05-30T03:15:42.902+0000][8][gc,init] Compressed Oops: Enabled (32-bit)
[2022-05-30T03:15:42.902+0000][8][gc,init] Heap Region Size: 4M
[2022-05-30T03:15:42.903+0000][8][gc,init] Heap Min Capacity: 512M
[2022-05-30T03:15:42.904+0000][8][gc,init] Heap Initial Capacity: 512M
[2022-05-30T03:15:42.905+0000][8][gc,init] Heap Max Capacity: 512M
[2022-05-30T03:15:42.906+0000][8][gc,init] Pre-touch: Enabled
[2022-05-30T03:15:42.906+0000][8][gc,init] Parallel Workers: 8
[2022-05-30T03:15:42.907+0000][8][gc,init] Concurrent Workers: 2
[2022-05-30T03:15:42.907+0000][8][gc,init] Concurrent Refinement Workers: 8
[2022-05-30T03:15:42.908+0000][8][gc,init] Periodic GC: Disabled
[2022-05-30T03:15:42.909+0000][8][gc,metaspace] CDS archive(s) mapped at: [0x0000000800000000-0x0000000800baf000-0x0000000800baf000), size 12251136, SharedBaseAddress: 0x0000000800000000, ArchiveRelocationMode: 0.
[2022-05-30T03:15:42.910+0000][8][gc,metaspace] Compressed class space mapped at: 0x0000000800c00000-0x0000000840c00000, reserved size: 1073741824
[2022-05-30T03:15:42.911+0000][8][gc,metaspace] Narrow klass base: 0x0000000800000000, Narrow klass shift: 0, Narrow klass range: 0x100000000
[2022-05-30T03:15:44.432+0000][8][safepoint   ] Safepoint "Cleanup", Time since last: 1492355186 ns, Reaching safepoint: 10018699 ns, At safepoint: 91034 ns, Total: 10109733 ns
[2022-05-30T03:15:45.726+0000][8][safepoint   ] Safepoint "Cleanup", Time since last: 1293290041 ns, Reaching safepoint: 291236 ns, At safepoint: 11572 ns, Total: 302808 ns
[2022-05-30T03:15:46.184+0000][8][gc,start    ] GC(0) Pause Young (Normal) (G1 Evacuation Pause)
[2022-05-30T03:15:46.185+0000][8][gc,task     ] GC(0) Using 8 workers of 8 for evacuation
[2022-05-30T03:15:46.186+0000][8][gc,age      ] GC(0) Desired survivor size 2097152 bytes, new threshold 15 (max threshold 15)
[2022-05-30T03:15:46.221+0000][8][gc,phases   ] GC(0)   Pre Evacuate Collection Set: 0.2ms
[2022-05-30T03:15:46.222+0000][8][gc,phases   ] GC(0)   Merge Heap Roots: 0.1ms
[2022-05-30T03:15:46.224+0000][8][gc,phases   ] GC(0)   Evacuate Collection Set: 25.3ms
[2022-05-30T03:15:46.225+0000][8][gc,phases   ] GC(0)   Post Evacuate Collection Set: 6.3ms
[2022-05-30T03:15:46.229+0000][8][gc,phases   ] GC(0)   Other: 3.2ms
[2022-05-30T03:15:46.229+0000][8][gc,age      ] GC(0) Age table with threshold 15 (max threshold 15)
[2022-05-30T03:15:46.230+0000][8][gc,age      ] GC(0) - age   1:    4140256 bytes,    4140256 total
[2022-05-30T03:15:46.231+0000][8][gc,heap     ] GC(0) Eden regions: 6->0(5)
[2022-05-30T03:15:46.232+0000][8][gc,heap     ] GC(0) Survivor regions: 0->1(1)
[2022-05-30T03:15:46.232+0000][8][gc,heap     ] GC(0) Old regions: 0->1
[2022-05-30T03:15:46.234+0000][8][gc,heap     ] GC(0) Archive regions: 2->2
[2022-05-30T03:15:46.235+0000][8][gc,heap     ] GC(0) Humongous regions: 0->0
[2022-05-30T03:15:46.237+0000][8][gc,metaspace] GC(0) Metaspace: 8490K(8704K)->8490K(8704K) NonClass: 7552K(7680K)->7552K(7680K) Class: 937K(1024K)->937K(1024K)
[2022-05-30T03:15:46.238+0000][8][gc          ] GC(0) Pause Young (Normal) (G1 Evacuation Pause) 27M->8M(512M) 53.366ms
[2022-05-30T03:15:46.238+0000][8][gc,cpu      ] GC(0) User=0.07s Sys=0.01s Real=0.05s
[2022-05-30T03:15:46.239+0000][8][safepoint   ] Safepoint "G1CollectForAllocation", Time since last: 457971429 ns, Reaching safepoint: 385636 ns, At safepoint: 54913503 ns, Total: 55299139 ns
[2022-05-30T03:15:47.322+0000][8][safepoint   ] Safepoint "Cleanup", Time since last: 1073610938 ns, Reaching safepoint: 9745938 ns, At safepoint: 59303 ns, Total: 9805241 ns
[2022-05-30T03:15:47.737+0000][8][gc,heap,exit] Heap
[2022-05-30T03:15:47.738+0000][8][gc,heap,exit]  garbage-first heap   total 524288K, used 28781K [0x00000000e0000000, 0x0000000100000000)
[2022-05-30T03:15:47.739+0000][8][gc,heap,exit]   region size 4096K, 6 young (24576K), 1 survivors (4096K)
[2022-05-30T03:15:47.742+0000][8][gc,heap,exit]  Metaspace       used 11712K, committed 11968K, reserved 1114112K
[2022-05-30T03:15:47.754+0000][8][gc,heap,exit]   class space    used 1401K, committed 1536K, reserved 1048576K
