[2022-05-30T03:31:30.688+0000][7][gc,init] CardTable entry size: 512
[2022-05-30T03:31:30.690+0000][7][gc     ] Using G1
[2022-05-30T03:31:30.860+0000][7][gc,init] Version: 18.0.1.1+2-6 (release)
[2022-05-30T03:31:30.863+0000][7][gc,init] CPUs: 8 total, 8 available
[2022-05-30T03:31:30.865+0000][7][gc,init] Memory: 6914M
[2022-05-30T03:31:30.866+0000][7][gc,init] Large Page Support: Disabled
[2022-05-30T03:31:30.866+0000][7][gc,init] NUMA Support: Disabled
[2022-05-30T03:31:30.867+0000][7][gc,init] Compressed Oops: Enabled (32-bit)
[2022-05-30T03:31:30.869+0000][7][gc,init] Heap Region Size: 4M
[2022-05-30T03:31:30.870+0000][7][gc,init] Heap Min Capacity: 512M
[2022-05-30T03:31:30.871+0000][7][gc,init] Heap Initial Capacity: 512M
[2022-05-30T03:31:30.872+0000][7][gc,init] Heap Max Capacity: 512M
[2022-05-30T03:31:30.872+0000][7][gc,init] Pre-touch: Enabled
[2022-05-30T03:31:30.873+0000][7][gc,init] Parallel Workers: 8
[2022-05-30T03:31:30.874+0000][7][gc,init] Concurrent Workers: 2
[2022-05-30T03:31:30.875+0000][7][gc,init] Concurrent Refinement Workers: 8
[2022-05-30T03:31:30.875+0000][7][gc,init] Periodic GC: Disabled
[2022-05-30T03:31:30.877+0000][7][gc,metaspace] CDS archive(s) mapped at: [0x0000000800000000-0x0000000800baf000-0x0000000800baf000), size 12251136, SharedBaseAddress: 0x0000000800000000, ArchiveRelocationMode: 0.
[2022-05-30T03:31:30.877+0000][7][gc,metaspace] Compressed class space mapped at: 0x0000000800c00000-0x0000000840c00000, reserved size: 1073741824
[2022-05-30T03:31:30.878+0000][7][gc,metaspace] Narrow klass base: 0x0000000800000000, Narrow klass shift: 0, Narrow klass range: 0x100000000
[2022-05-30T03:31:32.329+0000][7][safepoint   ] Safepoint "Cleanup", Time since last: 1440530997 ns, Reaching safepoint: 257151 ns, At safepoint: 3387 ns, Total: 260538 ns
[2022-05-30T03:31:33.720+0000][7][gc,start    ] GC(0) Pause Young (Normal) (G1 Evacuation Pause)
[2022-05-30T03:31:33.720+0000][7][gc,task     ] GC(0) Using 8 workers of 8 for evacuation
[2022-05-30T03:31:33.721+0000][7][gc,age      ] GC(0) Desired survivor size 2097152 bytes, new threshold 15 (max threshold 15)
[2022-05-30T03:31:33.754+0000][7][gc,phases   ] GC(0)   Pre Evacuate Collection Set: 0.1ms
[2022-05-30T03:31:33.755+0000][7][gc,phases   ] GC(0)   Merge Heap Roots: 0.1ms
[2022-05-30T03:31:33.756+0000][7][gc,phases   ] GC(0)   Evacuate Collection Set: 29.0ms
[2022-05-30T03:31:33.756+0000][7][gc,phases   ] GC(0)   Post Evacuate Collection Set: 2.5ms
[2022-05-30T03:31:33.757+0000][7][gc,phases   ] GC(0)   Other: 1.6ms
[2022-05-30T03:31:33.757+0000][7][gc,age      ] GC(0) Age table with threshold 15 (max threshold 15)
[2022-05-30T03:31:33.758+0000][7][gc,age      ] GC(0) - age   1:    4189352 bytes,    4189352 total
[2022-05-30T03:31:33.759+0000][7][gc,heap     ] GC(0) Eden regions: 6->0(5)
[2022-05-30T03:31:33.759+0000][7][gc,heap     ] GC(0) Survivor regions: 0->1(1)
[2022-05-30T03:31:33.760+0000][7][gc,heap     ] GC(0) Old regions: 0->1
[2022-05-30T03:31:33.761+0000][7][gc,heap     ] GC(0) Archive regions: 2->2
[2022-05-30T03:31:33.761+0000][7][gc,heap     ] GC(0) Humongous regions: 0->0
[2022-05-30T03:31:33.762+0000][7][gc,metaspace] GC(0) Metaspace: 8430K(8640K)->8430K(8640K) NonClass: 7495K(7616K)->7495K(7616K) Class: 934K(1024K)->934K(1024K)
[2022-05-30T03:31:33.762+0000][7][gc          ] GC(0) Pause Young (Normal) (G1 Evacuation Pause) 27M->8M(512M) 42.770ms
[2022-05-30T03:31:33.763+0000][7][gc,cpu      ] GC(0) User=0.06s Sys=0.01s Real=0.05s
[2022-05-30T03:31:33.764+0000][7][safepoint   ] Safepoint "G1CollectForAllocation", Time since last: 1390415752 ns, Reaching safepoint: 298811 ns, At safepoint: 44222852 ns, Total: 44521663 ns
[2022-05-30T03:31:34.818+0000][7][safepoint   ] Safepoint "Cleanup", Time since last: 1053606885 ns, Reaching safepoint: 279173 ns, At safepoint: 41629 ns, Total: 320802 ns
[2022-05-30T03:31:34.912+0000][7][gc,start    ] GC(1) Pause Young (Normal) (G1 Evacuation Pause)
[2022-05-30T03:31:34.913+0000][7][gc,task     ] GC(1) Using 8 workers of 8 for evacuation
[2022-05-30T03:31:34.913+0000][7][gc,age      ] GC(1) Desired survivor size 2097152 bytes, new threshold 1 (max threshold 15)
[2022-05-30T03:31:34.968+0000][7][gc,phases   ] GC(1)   Pre Evacuate Collection Set: 0.2ms
[2022-05-30T03:31:34.969+0000][7][gc,phases   ] GC(1)   Merge Heap Roots: 0.1ms
[2022-05-30T03:31:34.969+0000][7][gc,phases   ] GC(1)   Evacuate Collection Set: 51.7ms
[2022-05-30T03:31:34.970+0000][7][gc,phases   ] GC(1)   Post Evacuate Collection Set: 1.5ms
[2022-05-30T03:31:34.970+0000][7][gc,phases   ] GC(1)   Other: 1.7ms
[2022-05-30T03:31:34.971+0000][7][gc,age      ] GC(1) Age table with threshold 1 (max threshold 15)
[2022-05-30T03:31:34.971+0000][7][gc,age      ] GC(1) - age   1:    2090080 bytes,    2090080 total
[2022-05-30T03:31:34.972+0000][7][gc,heap     ] GC(1) Eden regions: 5->0(8)
[2022-05-30T03:31:34.973+0000][7][gc,heap     ] GC(1) Survivor regions: 1->1(1)
[2022-05-30T03:31:34.974+0000][7][gc,heap     ] GC(1) Old regions: 1->2
[2022-05-30T03:31:34.974+0000][7][gc,heap     ] GC(1) Archive regions: 2->2
[2022-05-30T03:31:34.975+0000][7][gc,heap     ] GC(1) Humongous regions: 0->0
[2022-05-30T03:31:34.976+0000][7][gc,metaspace] GC(1) Metaspace: 11729K(12032K)->11729K(12032K) NonClass: 10325K(10496K)->10325K(10496K) Class: 1403K(1536K)->1403K(1536K)
[2022-05-30T03:31:34.976+0000][7][gc          ] GC(1) Pause Young (Normal) (G1 Evacuation Pause) 28M->10M(512M) 64.603ms
[2022-05-30T03:31:34.977+0000][7][gc,cpu      ] GC(1) User=0.10s Sys=0.00s Real=0.06s
[2022-05-30T03:31:34.991+0000][7][safepoint   ] Safepoint "G1CollectForAllocation", Time since last: 93625763 ns, Reaching safepoint: 141590 ns, At safepoint: 79889840 ns, Total: 80031430 ns
[2022-05-30T03:31:36.379+0000][7][safepoint   ] Safepoint "Cleanup", Time since last: 1387174446 ns, Reaching safepoint: 439070 ns, At safepoint: 92026 ns, Total: 531096 ns
[2022-05-30T03:31:36.730+0000][7][gc,start    ] GC(2) Pause Young (Normal) (G1 Evacuation Pause)
[2022-05-30T03:31:36.731+0000][7][gc,task     ] GC(2) Using 8 workers of 8 for evacuation
[2022-05-30T03:31:36.732+0000][7][gc,age      ] GC(2) Desired survivor size 4194304 bytes, new threshold 15 (max threshold 15)
[2022-05-30T03:31:36.739+0000][7][gc,phases   ] GC(2)   Pre Evacuate Collection Set: 0.1ms
[2022-05-30T03:31:36.740+0000][7][gc,phases   ] GC(2)   Merge Heap Roots: 0.1ms
[2022-05-30T03:31:36.741+0000][7][gc,phases   ] GC(2)   Evacuate Collection Set: 4.7ms
[2022-05-30T03:31:36.742+0000][7][gc,phases   ] GC(2)   Post Evacuate Collection Set: 2.2ms
[2022-05-30T03:31:36.742+0000][7][gc,phases   ] GC(2)   Other: 1.6ms
[2022-05-30T03:31:36.743+0000][7][gc,age      ] GC(2) Age table with threshold 15 (max threshold 15)
[2022-05-30T03:31:36.744+0000][7][gc,age      ] GC(2) - age   1:    1091712 bytes,    1091712 total
[2022-05-30T03:31:36.745+0000][7][gc,age      ] GC(2) - age   2:    2054568 bytes,    3146280 total
[2022-05-30T03:31:36.746+0000][7][gc,heap     ] GC(2) Eden regions: 8->0(51)
[2022-05-30T03:31:36.746+0000][7][gc,heap     ] GC(2) Survivor regions: 1->1(2)
[2022-05-30T03:31:36.747+0000][7][gc,heap     ] GC(2) Old regions: 2->2
[2022-05-30T03:31:36.748+0000][7][gc,heap     ] GC(2) Archive regions: 2->2
[2022-05-30T03:31:36.748+0000][7][gc,heap     ] GC(2) Humongous regions: 0->0
[2022-05-30T03:31:36.749+0000][7][gc,metaspace] GC(2) Metaspace: 14982K(15360K)->14982K(15360K) NonClass: 13242K(13440K)->13242K(13440K) Class: 1739K(1920K)->1739K(1920K)
[2022-05-30T03:31:36.750+0000][7][gc          ] GC(2) Pause Young (Normal) (G1 Evacuation Pause) 42M->11M(512M) 19.880ms
[2022-05-30T03:31:36.750+0000][7][gc,cpu      ] GC(2) User=0.05s Sys=0.00s Real=0.02s
[2022-05-30T03:31:36.751+0000][7][safepoint   ] Safepoint "G1CollectForAllocation", Time since last: 350537727 ns, Reaching safepoint: 207867 ns, At safepoint: 21312065 ns, Total: 21519932 ns
[2022-05-30T03:31:37.752+0000][7][safepoint   ] Safepoint "Cleanup", Time since last: 1001092525 ns, Reaching safepoint: 237443 ns, At safepoint: 10540 ns, Total: 247983 ns
[2022-05-30T03:31:39.109+0000][7][safepoint   ] Safepoint "Cleanup", Time since last: 1354301202 ns, Reaching safepoint: 2463065 ns, At safepoint: 44786 ns, Total: 2507851 ns
[2022-05-30T03:31:40.113+0000][7][safepoint   ] Safepoint "Cleanup", Time since last: 1001025385 ns, Reaching safepoint: 3031895 ns, At safepoint: 29516 ns, Total: 3061411 ns
[2022-05-30T03:31:40.340+0000][7][gc,start    ] GC(3) Pause Young (Concurrent Start) (Metadata GC Threshold)
[2022-05-30T03:31:40.341+0000][7][gc,task     ] GC(3) Using 8 workers of 8 for evacuation
[2022-05-30T03:31:40.341+0000][7][gc,age      ] GC(3) Desired survivor size 14680064 bytes, new threshold 15 (max threshold 15)
[2022-05-30T03:31:40.361+0000][7][gc,phases   ] GC(3)   Pre Evacuate Collection Set: 0.3ms
[2022-05-30T03:31:40.362+0000][7][gc,phases   ] GC(3)   Merge Heap Roots: 0.2ms
[2022-05-30T03:31:40.363+0000][7][gc,phases   ] GC(3)   Evacuate Collection Set: 12.5ms
[2022-05-30T03:31:40.363+0000][7][gc,phases   ] GC(3)   Post Evacuate Collection Set: 6.4ms
[2022-05-30T03:31:40.364+0000][7][gc,phases   ] GC(3)   Other: 1.3ms
[2022-05-30T03:31:40.364+0000][7][gc,age      ] GC(3) Age table with threshold 15 (max threshold 15)
[2022-05-30T03:31:40.365+0000][7][gc,age      ] GC(3) - age   1:    3586504 bytes,    3586504 total
[2022-05-30T03:31:40.365+0000][7][gc,age      ] GC(3) - age   2:    1009896 bytes,    4596400 total
[2022-05-30T03:31:40.366+0000][7][gc,age      ] GC(3) - age   3:    2038280 bytes,    6634680 total
[2022-05-30T03:31:40.366+0000][7][gc,heap     ] GC(3) Eden regions: 37->0(74)
[2022-05-30T03:31:40.367+0000][7][gc,heap     ] GC(3) Survivor regions: 1->2(7)
[2022-05-30T03:31:40.367+0000][7][gc,heap     ] GC(3) Old regions: 2->2
[2022-05-30T03:31:40.367+0000][7][gc,heap     ] GC(3) Archive regions: 2->2
[2022-05-30T03:31:40.368+0000][7][gc,heap     ] GC(3) Humongous regions: 0->0
[2022-05-30T03:31:40.368+0000][7][gc,metaspace] GC(3) Metaspace: 21151K(21504K)->21151K(21504K) NonClass: 18767K(18944K)->18767K(18944K) Class: 2383K(2560K)->2383K(2560K)
[2022-05-30T03:31:40.368+0000][7][gc          ] GC(3) Pause Young (Concurrent Start) (Metadata GC Threshold) 158M->14M(512M) 28.253ms
[2022-05-30T03:31:40.369+0000][7][gc,cpu      ] GC(3) User=0.03s Sys=0.01s Real=0.03s
[2022-05-30T03:31:40.369+0000][7][gc          ] GC(4) Concurrent Mark Cycle
[2022-05-30T03:31:40.370+0000][7][gc,marking  ] GC(4) Concurrent Clear Claimed Marks
[2022-05-30T03:31:40.370+0000][7][safepoint   ] Safepoint "CollectForMetadataAllocation", Time since last: 226431995 ns, Reaching safepoint: 377596 ns, At safepoint: 29681772 ns, Total: 30059368 ns
[2022-05-30T03:31:40.371+0000][7][gc,marking  ] GC(4) Concurrent Clear Claimed Marks 0.776ms
[2022-05-30T03:31:40.373+0000][7][gc,marking  ] GC(4) Concurrent Scan Root Regions
[2022-05-30T03:31:40.378+0000][7][gc,marking  ] GC(4) Concurrent Scan Root Regions 4.952ms
[2022-05-30T03:31:40.378+0000][7][gc,marking  ] GC(4) Concurrent Mark
[2022-05-30T03:31:40.379+0000][7][gc,marking  ] GC(4) Concurrent Mark From Roots
[2022-05-30T03:31:40.380+0000][7][gc,task     ] GC(4) Using 2 workers of 2 for marking
[2022-05-30T03:31:40.387+0000][7][gc,marking  ] GC(4) Concurrent Mark From Roots 7.889ms
[2022-05-30T03:31:40.388+0000][7][gc,marking  ] GC(4) Concurrent Preclean
[2022-05-30T03:31:40.389+0000][7][gc,marking  ] GC(4) Concurrent Preclean 0.872ms
[2022-05-30T03:31:40.390+0000][7][gc,start    ] GC(4) Pause Remark
[2022-05-30T03:31:40.396+0000][7][gc          ] GC(4) Pause Remark 16M->16M(512M) 5.565ms
[2022-05-30T03:31:40.397+0000][7][gc,cpu      ] GC(4) User=0.01s Sys=0.01s Real=0.01s
[2022-05-30T03:31:40.397+0000][7][safepoint   ] Safepoint "G1Concurrent", Time since last: 20235382 ns, Reaching safepoint: 280305 ns, At safepoint: 7083000 ns, Total: 7363305 ns
[2022-05-30T03:31:40.398+0000][7][gc,marking  ] GC(4) Concurrent Mark 19.826ms
[2022-05-30T03:31:40.399+0000][7][gc,marking  ] GC(4) Concurrent Rebuild Remembered Sets
[2022-05-30T03:31:40.403+0000][7][gc,marking  ] GC(4) Concurrent Rebuild Remembered Sets 4.372ms
[2022-05-30T03:31:40.405+0000][7][gc,start    ] GC(4) Pause Cleanup
[2022-05-30T03:31:40.406+0000][7][gc          ] GC(4) Pause Cleanup 18M->18M(512M) 1.122ms
[2022-05-30T03:31:40.406+0000][7][gc,cpu      ] GC(4) User=0.01s Sys=0.00s Real=0.00s
[2022-05-30T03:31:40.407+0000][7][safepoint   ] Safepoint "G1Concurrent", Time since last: 6763313 ns, Reaching safepoint: 242843 ns, At safepoint: 2548747 ns, Total: 2791590 ns
[2022-05-30T03:31:40.408+0000][7][gc,marking  ] GC(4) Concurrent Cleanup for Next Mark
[2022-05-30T03:31:40.411+0000][7][gc,marking  ] GC(4) Concurrent Cleanup for Next Mark 3.166ms
[2022-05-30T03:31:40.412+0000][7][gc          ] GC(4) Concurrent Mark Cycle 43.074ms
[2022-05-30T03:31:41.482+0000][7][safepoint   ] Safepoint "Cleanup", Time since last: 1054323619 ns, Reaching safepoint: 20238982 ns, At safepoint: 74071 ns, Total: 20313053 ns
[2022-05-30T03:31:42.485+0000][7][safepoint   ] Safepoint "Cleanup", Time since last: 1003096098 ns, Reaching safepoint: 359517 ns, At safepoint: 51799 ns, Total: 411316 ns
[2022-05-30T03:31:42.802+0000][7][gc,start    ] GC(5) Pause Young (Normal) (G1 Evacuation Pause)
[2022-05-30T03:31:42.803+0000][7][gc,task     ] GC(5) Using 8 workers of 8 for evacuation
[2022-05-30T03:31:42.804+0000][7][gc,age      ] GC(5) Desired survivor size 20971520 bytes, new threshold 15 (max threshold 15)
[2022-05-30T03:31:42.834+0000][7][gc,phases   ] GC(5)   Pre Evacuate Collection Set: 0.3ms
[2022-05-30T03:31:42.834+0000][7][gc,phases   ] GC(5)   Merge Heap Roots: 0.1ms
[2022-05-30T03:31:42.835+0000][7][gc,phases   ] GC(5)   Evacuate Collection Set: 27.1ms
[2022-05-30T03:31:42.836+0000][7][gc,phases   ] GC(5)   Post Evacuate Collection Set: 1.7ms
[2022-05-30T03:31:42.836+0000][7][gc,phases   ] GC(5)   Other: 1.6ms
[2022-05-30T03:31:42.837+0000][7][gc,age      ] GC(5) Age table with threshold 15 (max threshold 15)
[2022-05-30T03:31:42.837+0000][7][gc,age      ] GC(5) - age   1:    5922336 bytes,    5922336 total
[2022-05-30T03:31:42.838+0000][7][gc,age      ] GC(5) - age   2:    3148496 bytes,    9070832 total
[2022-05-30T03:31:42.838+0000][7][gc,age      ] GC(5) - age   3:    1006984 bytes,   10077816 total
[2022-05-30T03:31:42.839+0000][7][gc,age      ] GC(5) - age   4:    2037136 bytes,   12114952 total
[2022-05-30T03:31:42.839+0000][7][gc,heap     ] GC(5) Eden regions: 74->0(73)
[2022-05-30T03:31:42.840+0000][7][gc,heap     ] GC(5) Survivor regions: 2->3(10)
[2022-05-30T03:31:42.840+0000][7][gc,heap     ] GC(5) Old regions: 2->2
[2022-05-30T03:31:42.841+0000][7][gc,heap     ] GC(5) Archive regions: 2->2
[2022-05-30T03:31:42.842+0000][7][gc,heap     ] GC(5) Humongous regions: 0->0
[2022-05-30T03:31:42.843+0000][7][gc,metaspace] GC(5) Metaspace: 23769K(24256K)->23769K(24256K) NonClass: 21002K(21248K)->21002K(21248K) Class: 2766K(3008K)->2766K(3008K)
[2022-05-30T03:31:42.843+0000][7][gc          ] GC(5) Pause Young (Normal) (G1 Evacuation Pause) 310M->20M(512M) 41.295ms
[2022-05-30T03:31:42.844+0000][7][gc,cpu      ] GC(5) User=0.06s Sys=0.01s Real=0.04s
[2022-05-30T03:31:42.845+0000][7][safepoint   ] Safepoint "G1CollectForAllocation", Time since last: 316540936 ns, Reaching safepoint: 351965 ns, At safepoint: 42906825 ns, Total: 43258790 ns
[2022-05-30T03:31:44.572+0000][7][safepoint   ] Safepoint "Cleanup", Time since last: 1716370316 ns, Reaching safepoint: 10331366 ns, At safepoint: 23926 ns, Total: 10355292 ns
[2022-05-30T03:31:44.910+0000][7][gc,start    ] GC(6) Pause Young (Normal) (G1 Evacuation Pause)
[2022-05-30T03:31:44.911+0000][7][gc,task     ] GC(6) Using 8 workers of 8 for evacuation
[2022-05-30T03:31:44.912+0000][7][gc,age      ] GC(6) Desired survivor size 20971520 bytes, new threshold 15 (max threshold 15)
[2022-05-30T03:31:44.947+0000][7][gc,phases   ] GC(6)   Pre Evacuate Collection Set: 0.3ms
[2022-05-30T03:31:44.948+0000][7][gc,phases   ] GC(6)   Merge Heap Roots: 0.7ms
[2022-05-30T03:31:44.948+0000][7][gc,phases   ] GC(6)   Evacuate Collection Set: 30.9ms
[2022-05-30T03:31:44.949+0000][7][gc,phases   ] GC(6)   Post Evacuate Collection Set: 1.7ms
[2022-05-30T03:31:44.949+0000][7][gc,phases   ] GC(6)   Other: 2.1ms
[2022-05-30T03:31:44.950+0000][7][gc,age      ] GC(6) Age table with threshold 15 (max threshold 15)
[2022-05-30T03:31:44.951+0000][7][gc,age      ] GC(6) - age   1:    4290168 bytes,    4290168 total
[2022-05-30T03:31:44.952+0000][7][gc,age      ] GC(6) - age   2:    5697656 bytes,    9987824 total
[2022-05-30T03:31:44.953+0000][7][gc,age      ] GC(6) - age   3:    3144000 bytes,   13131824 total
[2022-05-30T03:31:44.954+0000][7][gc,age      ] GC(6) - age   4:     986760 bytes,   14118584 total
[2022-05-30T03:31:44.955+0000][7][gc,age      ] GC(6) - age   5:    2034824 bytes,   16153408 total
[2022-05-30T03:31:44.956+0000][7][gc,heap     ] GC(6) Eden regions: 73->0(71)
[2022-05-30T03:31:44.956+0000][7][gc,heap     ] GC(6) Survivor regions: 3->5(10)
[2022-05-30T03:31:44.957+0000][7][gc,heap     ] GC(6) Old regions: 2->2
[2022-05-30T03:31:44.958+0000][7][gc,heap     ] GC(6) Archive regions: 2->2
[2022-05-30T03:31:44.959+0000][7][gc,heap     ] GC(6) Humongous regions: 0->0
[2022-05-30T03:31:44.959+0000][7][gc,metaspace] GC(6) Metaspace: 29473K(30208K)->29473K(30208K) NonClass: 26063K(26496K)->26063K(26496K) Class: 3410K(3712K)->3410K(3712K)
[2022-05-30T03:31:44.960+0000][7][gc          ] GC(6) Pause Young (Normal) (G1 Evacuation Pause) 312M->24M(512M) 49.685ms
[2022-05-30T03:31:44.961+0000][7][gc,cpu      ] GC(6) User=0.11s Sys=0.00s Real=0.05s
[2022-05-30T03:31:44.962+0000][7][safepoint   ] Safepoint "G1CollectForAllocation", Time since last: 338443457 ns, Reaching safepoint: 94321 ns, At safepoint: 51477801 ns, Total: 51572122 ns
[2022-05-30T03:31:45.963+0000][7][safepoint   ] Safepoint "Cleanup", Time since last: 1001027564 ns, Reaching safepoint: 285741 ns, At safepoint: 34717 ns, Total: 320458 ns
[2022-05-30T03:31:46.769+0000][7][gc,start    ] GC(7) Pause Young (Normal) (G1 Evacuation Pause)
[2022-05-30T03:31:46.770+0000][7][gc,task     ] GC(7) Using 8 workers of 8 for evacuation
[2022-05-30T03:31:46.770+0000][7][gc,age      ] GC(7) Desired survivor size 20971520 bytes, new threshold 15 (max threshold 15)
[2022-05-30T03:31:46.791+0000][7][gc,phases   ] GC(7)   Pre Evacuate Collection Set: 0.3ms
[2022-05-30T03:31:46.791+0000][7][gc,phases   ] GC(7)   Merge Heap Roots: 0.2ms
[2022-05-30T03:31:46.792+0000][7][gc,phases   ] GC(7)   Evacuate Collection Set: 9.9ms
[2022-05-30T03:31:46.792+0000][7][gc,phases   ] GC(7)   Post Evacuate Collection Set: 9.9ms
[2022-05-30T03:31:46.792+0000][7][gc,phases   ] GC(7)   Other: 0.7ms
[2022-05-30T03:31:46.793+0000][7][gc,age      ] GC(7) Age table with threshold 15 (max threshold 15)
[2022-05-30T03:31:46.793+0000][7][gc,age      ] GC(7) - age   1:    4232848 bytes,    4232848 total
[2022-05-30T03:31:46.793+0000][7][gc,age      ] GC(7) - age   2:    3173056 bytes,    7405904 total
[2022-05-30T03:31:46.794+0000][7][gc,age      ] GC(7) - age   3:    5696384 bytes,   13102288 total
[2022-05-30T03:31:46.794+0000][7][gc,age      ] GC(7) - age   4:    3143792 bytes,   16246080 total
[2022-05-30T03:31:46.794+0000][7][gc,age      ] GC(7) - age   5:     985816 bytes,   17231896 total
[2022-05-30T03:31:46.795+0000][7][gc,age      ] GC(7) - age   6:    2032104 bytes,   19264000 total
[2022-05-30T03:31:46.796+0000][7][gc,heap     ] GC(7) Eden regions: 71->0(71)
[2022-05-30T03:31:46.796+0000][7][gc,heap     ] GC(7) Survivor regions: 5->5(10)
[2022-05-30T03:31:46.797+0000][7][gc,heap     ] GC(7) Old regions: 2->2
[2022-05-30T03:31:46.797+0000][7][gc,heap     ] GC(7) Archive regions: 2->2
[2022-05-30T03:31:46.797+0000][7][gc,heap     ] GC(7) Humongous regions: 0->0
[2022-05-30T03:31:46.798+0000][7][gc,metaspace] GC(7) Metaspace: 31024K(31744K)->31024K(31744K) NonClass: 27395K(27840K)->27395K(27840K) Class: 3628K(3904K)->3628K(3904K)
[2022-05-30T03:31:46.799+0000][7][gc          ] GC(7) Pause Young (Normal) (G1 Evacuation Pause) 308M->27M(512M) 29.223ms
[2022-05-30T03:31:46.799+0000][7][gc,cpu      ] GC(7) User=0.06s Sys=0.01s Real=0.03s
[2022-05-30T03:31:46.800+0000][7][safepoint   ] Safepoint "G1CollectForAllocation", Time since last: 805986699 ns, Reaching safepoint: 237874 ns, At safepoint: 30395561 ns, Total: 30633435 ns
[2022-05-30T03:31:48.169+0000][7][safepoint   ] Safepoint "Cleanup", Time since last: 1368936585 ns, Reaching safepoint: 308545 ns, At safepoint: 10500 ns, Total: 319045 ns
[2022-05-30T03:31:51.172+0000][7][safepoint   ] Safepoint "Cleanup", Time since last: 3002281874 ns, Reaching safepoint: 361706 ns, At safepoint: 10229 ns, Total: 371935 ns
[2022-05-30T03:31:55.253+0000][7][safepoint   ] Safepoint "Cleanup", Time since last: 4080829167 ns, Reaching safepoint: 134808 ns, At safepoint: 7875 ns, Total: 142683 ns
[2022-05-30T03:31:56.258+0000][7][safepoint   ] Safepoint "Cleanup", Time since last: 1004327849 ns, Reaching safepoint: 984413 ns, At safepoint: 53071 ns, Total: 1037484 ns
[2022-05-30T03:31:57.239+0000][7][gc,start    ] GC(8) Pause Young (Concurrent Start) (Metadata GC Threshold)
[2022-05-30T03:31:57.301+0000][7][gc,task     ] GC(8) Using 8 workers of 8 for evacuation
[2022-05-30T03:31:57.331+0000][7][gc,age      ] GC(8) Desired survivor size 20971520 bytes, new threshold 15 (max threshold 15)
[2022-05-30T03:31:57.548+0000][7][gc,mmu      ] GC(8) MMU target violated: 201.0ms (200.0ms/201.0ms)
[2022-05-30T03:31:57.780+0000][7][gc,phases   ] GC(8)   Pre Evacuate Collection Set: 0.3ms
[2022-05-30T03:31:57.939+0000][7][gc,phases   ] GC(8)   Merge Heap Roots: 0.1ms
[2022-05-30T03:31:58.036+0000][7][gc,phases   ] GC(8)   Evacuate Collection Set: 178.1ms
[2022-05-30T03:31:58.084+0000][7][gc,phases   ] GC(8)   Post Evacuate Collection Set: 8.2ms
[2022-05-30T03:31:58.100+0000][7][gc,phases   ] GC(8)   Other: 292.3ms
[2022-05-30T03:31:58.132+0000][7][gc,age      ] GC(8) Age table with threshold 15 (max threshold 15)
[2022-05-30T03:31:58.196+0000][7][gc,age      ] GC(8) - age   1:    1856264 bytes,    1856264 total
[2022-05-30T03:31:58.244+0000][7][gc,age      ] GC(8) - age   2:    2826544 bytes,    4682808 total
[2022-05-30T03:31:58.276+0000][7][gc,age      ] GC(8) - age   3:    3159896 bytes,    7842704 total
[2022-05-30T03:31:58.340+0000][7][gc,age      ] GC(8) - age   4:    5680088 bytes,   13522792 total
[2022-05-30T03:31:58.356+0000][7][gc,age      ] GC(8) - age   5:    3054016 bytes,   16576808 total
[2022-05-30T03:31:58.396+0000][7][gc,age      ] GC(8) - age   6:     974904 bytes,   17551712 total
[2022-05-30T03:31:58.401+0000][7][gc,age      ] GC(8) - age   7:    2018728 bytes,   19570440 total
[2022-05-30T03:31:58.408+0000][7][gc,heap     ] GC(8) Eden regions: 34->0(70)
[2022-05-30T03:31:58.422+0000][7][gc,heap     ] GC(8) Survivor regions: 5->6(10)
[2022-05-30T03:31:58.434+0000][7][gc,heap     ] GC(8) Old regions: 2->2
[2022-05-30T03:31:58.442+0000][7][gc,heap     ] GC(8) Archive regions: 2->2
[2022-05-30T03:31:58.461+0000][7][gc,heap     ] GC(8) Humongous regions: 0->0
[2022-05-30T03:31:58.471+0000][7][gc,metaspace] GC(8) Metaspace: 35153K(35968K)->35153K(35968K) NonClass: 31016K(31488K)->31016K(31488K) Class: 4137K(4480K)->4137K(4480K)
[2022-05-30T03:31:58.483+0000][7][gc          ] GC(8) Pause Young (Concurrent Start) (Metadata GC Threshold) 163M->28M(512M) 1243.926ms
[2022-05-30T03:31:58.503+0000][7][gc,cpu      ] GC(8) User=1.17s Sys=0.08s Real=1.27s
[2022-05-30T03:31:58.503+0000][7][gc          ] GC(9) Concurrent Mark Cycle
[2022-05-30T03:31:58.533+0000][7][gc,marking  ] GC(9) Concurrent Clear Claimed Marks
[2022-05-30T03:31:58.508+0000][7][safepoint   ] Safepoint "CollectForMetadataAllocation", Time since last: 981258220 ns, Reaching safepoint: 232351 ns, At safepoint: 1268386369 ns, Total: 1268618720 ns
[2022-05-30T03:31:58.534+0000][7][gc,marking  ] GC(9) Concurrent Clear Claimed Marks 1.558ms
[2022-05-30T03:31:58.536+0000][7][gc,marking  ] GC(9) Concurrent Scan Root Regions
[2022-05-30T03:31:58.552+0000][7][gc,marking  ] GC(9) Concurrent Scan Root Regions 16.566ms
[2022-05-30T03:31:58.554+0000][7][gc,marking  ] GC(9) Concurrent Mark
[2022-05-30T03:31:58.564+0000][7][gc,marking  ] GC(9) Concurrent Mark From Roots
[2022-05-30T03:31:58.567+0000][7][gc,task     ] GC(9) Using 2 workers of 2 for marking
[2022-05-30T03:31:58.630+0000][7][gc,marking  ] GC(9) Concurrent Mark From Roots 65.950ms
[2022-05-30T03:31:58.636+0000][7][gc,marking  ] GC(9) Concurrent Preclean
[2022-05-30T03:31:58.648+0000][7][gc,marking  ] GC(9) Concurrent Preclean 11.805ms
[2022-05-30T03:31:58.651+0000][7][gc,start    ] GC(9) Pause Remark
[2022-05-30T03:31:58.670+0000][7][gc          ] GC(9) Pause Remark 30M->30M(512M) 19.457ms
[2022-05-30T03:31:58.673+0000][7][gc,cpu      ] GC(9) User=0.04s Sys=0.00s Real=0.04s
[2022-05-30T03:31:58.676+0000][7][safepoint   ] Safepoint "G1Concurrent", Time since last: 142641978 ns, Reaching safepoint: 164885 ns, At safepoint: 25305795 ns, Total: 25470680 ns
[2022-05-30T03:31:58.696+0000][7][gc,marking  ] GC(9) Concurrent Mark 142.520ms
[2022-05-30T03:31:58.711+0000][7][gc,marking  ] GC(9) Concurrent Rebuild Remembered Sets
[2022-05-30T03:31:58.732+0000][7][gc,marking  ] GC(9) Concurrent Rebuild Remembered Sets 20.110ms
[2022-05-30T03:31:58.736+0000][7][gc,start    ] GC(9) Pause Cleanup
[2022-05-30T03:31:58.741+0000][7][gc          ] GC(9) Pause Cleanup 30M->30M(512M) 4.842ms
[2022-05-30T03:31:58.742+0000][7][gc,cpu      ] GC(9) User=0.01s Sys=0.00s Real=0.01s
[2022-05-30T03:31:58.743+0000][7][safepoint   ] Safepoint "G1Concurrent", Time since last: 59963185 ns, Reaching safepoint: 479806 ns, At safepoint: 6480712 ns, Total: 6960518 ns
[2022-05-30T03:31:58.746+0000][7][gc,marking  ] GC(9) Concurrent Cleanup for Next Mark
[2022-05-30T03:31:58.753+0000][7][gc,marking  ] GC(9) Concurrent Cleanup for Next Mark 6.498ms
[2022-05-30T03:31:58.754+0000][7][gc          ] GC(9) Concurrent Mark Cycle 250.574ms
[2022-05-30T03:31:59.747+0000][7][safepoint   ] Safepoint "Cleanup", Time since last: 1003669112 ns, Reaching safepoint: 434938 ns, At safepoint: 136571 ns, Total: 571509 ns
[2022-05-30T03:32:01.350+0000][7][safepoint   ] Safepoint "Cleanup", Time since last: 1602348214 ns, Reaching safepoint: 415914 ns, At safepoint: 19588 ns, Total: 435502 ns
[2022-05-30T03:32:02.362+0000][7][safepoint   ] Safepoint "Cleanup", Time since last: 1001486579 ns, Reaching safepoint: 10180893 ns, At safepoint: 307897 ns, Total: 10488790 ns
[2022-05-30T03:32:03.364+0000][7][safepoint   ] Safepoint "Cleanup", Time since last: 1001375227 ns, Reaching safepoint: 261980 ns, At safepoint: 9298 ns, Total: 271278 ns
[2022-05-30T03:32:05.203+0000][7][safepoint   ] Safepoint "Cleanup", Time since last: 1838537419 ns, Reaching safepoint: 746305 ns, At safepoint: 20990 ns, Total: 767295 ns
[2022-05-30T03:32:06.204+0000][7][safepoint   ] Safepoint "Cleanup", Time since last: 1001334596 ns, Reaching safepoint: 305532 ns, At safepoint: 9569 ns, Total: 315101 ns
[2022-05-30T03:32:07.525+0000][7][gc,start    ] GC(10) Pause Young (Normal) (G1 Evacuation Pause)
[2022-05-30T03:32:07.525+0000][7][gc,task     ] GC(10) Using 8 workers of 8 for evacuation
[2022-05-30T03:32:07.526+0000][7][gc,age      ] GC(10) Desired survivor size 20971520 bytes, new threshold 15 (max threshold 15)
[2022-05-30T03:32:07.599+0000][7][gc,phases   ] GC(10)   Pre Evacuate Collection Set: 0.3ms
[2022-05-30T03:32:07.599+0000][7][gc,phases   ] GC(10)   Merge Heap Roots: 0.3ms
[2022-05-30T03:32:07.600+0000][7][gc,phases   ] GC(10)   Evacuate Collection Set: 63.8ms
[2022-05-30T03:32:07.601+0000][7][gc,phases   ] GC(10)   Post Evacuate Collection Set: 6.9ms
[2022-05-30T03:32:07.601+0000][7][gc,phases   ] GC(10)   Other: 1.8ms
[2022-05-30T03:32:07.602+0000][7][gc,age      ] GC(10) Age table with threshold 15 (max threshold 15)
[2022-05-30T03:32:07.603+0000][7][gc,age      ] GC(10) - age   1:   19955408 bytes,   19955408 total
[2022-05-30T03:32:07.604+0000][7][gc,age      ] GC(10) - age   2:    1747024 bytes,   21702432 total
[2022-05-30T03:32:07.605+0000][7][gc,age      ] GC(10) - age   3:    2813224 bytes,   24515656 total
[2022-05-30T03:32:07.605+0000][7][gc,age      ] GC(10) - age   4:    3148328 bytes,   27663984 total
[2022-05-30T03:32:07.606+0000][7][gc,age      ] GC(10) - age   5:    5665104 bytes,   33329088 total
[2022-05-30T03:32:07.607+0000][7][gc,age      ] GC(10) - age   6:    3050936 bytes,   36380024 total
[2022-05-30T03:32:07.607+0000][7][gc,age      ] GC(10) - age   7:     966912 bytes,   37346936 total
[2022-05-30T03:32:07.608+0000][7][gc,age      ] GC(10) - age   8:    2014520 bytes,   39361456 total
[2022-05-30T03:32:07.608+0000][7][gc,heap     ] GC(10) Eden regions: 70->0(66)
[2022-05-30T03:32:07.609+0000][7][gc,heap     ] GC(10) Survivor regions: 6->10(10)
[2022-05-30T03:32:07.609+0000][7][gc,heap     ] GC(10) Old regions: 2->2
[2022-05-30T03:32:07.610+0000][7][gc,heap     ] GC(10) Archive regions: 2->2
[2022-05-30T03:32:07.610+0000][7][gc,heap     ] GC(10) Humongous regions: 0->0
[2022-05-30T03:32:07.610+0000][7][gc,metaspace] GC(10) Metaspace: 47301K(48576K)->47301K(48576K) NonClass: 41444K(42176K)->41444K(42176K) Class: 5857K(6400K)->5857K(6400K)
[2022-05-30T03:32:07.611+0000][7][gc          ] GC(10) Pause Young (Normal) (G1 Evacuation Pause) 308M->46M(512M) 86.290ms
[2022-05-30T03:32:07.611+0000][7][gc,cpu      ] GC(10) User=0.20s Sys=0.01s Real=0.08s
[2022-05-30T03:32:07.621+0000][7][safepoint   ] Safepoint "G1CollectForAllocation", Time since last: 1319630845 ns, Reaching safepoint: 372170 ns, At safepoint: 96257818 ns, Total: 96629988 ns
[2022-05-30T03:32:08.622+0000][7][safepoint   ] Safepoint "Cleanup", Time since last: 1000664671 ns, Reaching safepoint: 428095 ns, At safepoint: 52911 ns, Total: 481006 ns
[2022-05-30T03:32:09.672+0000][7][safepoint   ] Safepoint "Cleanup", Time since last: 1049547296 ns, Reaching safepoint: 389389 ns, At safepoint: 56278 ns, Total: 445667 ns
[2022-05-30T03:32:10.589+0000][7][gc,start    ] GC(11) Pause Young (Concurrent Start) (Metadata GC Threshold)
[2022-05-30T03:32:10.589+0000][7][gc,task     ] GC(11) Using 8 workers of 8 for evacuation
[2022-05-30T03:32:10.590+0000][7][gc,age      ] GC(11) Desired survivor size 20971520 bytes, new threshold 2 (max threshold 15)
[2022-05-30T03:32:10.663+0000][7][gc,phases   ] GC(11)   Pre Evacuate Collection Set: 2.0ms
[2022-05-30T03:32:10.664+0000][7][gc,phases   ] GC(11)   Merge Heap Roots: 0.4ms
[2022-05-30T03:32:10.665+0000][7][gc,phases   ] GC(11)   Evacuate Collection Set: 65.2ms
[2022-05-30T03:32:10.666+0000][7][gc,phases   ] GC(11)   Post Evacuate Collection Set: 4.3ms
[2022-05-30T03:32:10.667+0000][7][gc,phases   ] GC(11)   Other: 2.0ms
[2022-05-30T03:32:10.669+0000][7][gc,age      ] GC(11) Age table with threshold 2 (max threshold 15)
[2022-05-30T03:32:10.670+0000][7][gc,age      ] GC(11) - age   1:    4809816 bytes,    4809816 total
[2022-05-30T03:32:10.670+0000][7][gc,age      ] GC(11) - age   2:   19669256 bytes,   24479072 total
[2022-05-30T03:32:10.671+0000][7][gc,heap     ] GC(11) Eden regions: 31->0(69)
[2022-05-30T03:32:10.672+0000][7][gc,heap     ] GC(11) Survivor regions: 10->7(10)
[2022-05-30T03:32:10.673+0000][7][gc,heap     ] GC(11) Old regions: 2->6
[2022-05-30T03:32:10.673+0000][7][gc,heap     ] GC(11) Archive regions: 2->2
[2022-05-30T03:32:10.673+0000][7][gc,heap     ] GC(11) Humongous regions: 0->0
[2022-05-30T03:32:10.674+0000][7][gc,metaspace] GC(11) Metaspace: 59016K(60416K)->59016K(60416K) NonClass: 51396K(52224K)->51396K(52224K) Class: 7620K(8192K)->7620K(8192K)
[2022-05-30T03:32:10.675+0000][7][gc          ] GC(11) Pause Young (Concurrent Start) (Metadata GC Threshold) 170M->52M(512M) 86.310ms
[2022-05-30T03:32:10.676+0000][7][gc,cpu      ] GC(11) User=0.19s Sys=0.01s Real=0.09s
[2022-05-30T03:32:10.676+0000][7][gc          ] GC(12) Concurrent Mark Cycle
[2022-05-30T03:32:10.677+0000][7][safepoint   ] Safepoint "CollectForMetadataAllocation", Time since last: 916372457 ns, Reaching safepoint: 286025 ns, At safepoint: 88118035 ns, Total: 88404060 ns
[2022-05-30T03:32:10.677+0000][7][gc,marking  ] GC(12) Concurrent Clear Claimed Marks
[2022-05-30T03:32:10.682+0000][7][gc,marking  ] GC(12) Concurrent Clear Claimed Marks 4.206ms
[2022-05-30T03:32:10.682+0000][7][gc,marking  ] GC(12) Concurrent Scan Root Regions
[2022-05-30T03:32:10.744+0000][7][gc,marking  ] GC(12) Concurrent Scan Root Regions 61.308ms
[2022-05-30T03:32:10.744+0000][7][gc,marking  ] GC(12) Concurrent Mark
[2022-05-30T03:32:10.745+0000][7][gc,marking  ] GC(12) Concurrent Mark From Roots
[2022-05-30T03:32:10.745+0000][7][gc,task     ] GC(12) Using 2 workers of 2 for marking
[2022-05-30T03:32:10.754+0000][7][gc,marking  ] GC(12) Concurrent Mark From Roots 8.970ms
[2022-05-30T03:32:10.755+0000][7][gc,marking  ] GC(12) Concurrent Preclean
[2022-05-30T03:32:10.755+0000][7][gc,marking  ] GC(12) Concurrent Preclean 0.766ms
[2022-05-30T03:32:10.757+0000][7][gc,start    ] GC(12) Pause Remark
[2022-05-30T03:32:10.775+0000][7][gc          ] GC(12) Pause Remark 54M->54M(512M) 17.845ms
[2022-05-30T03:32:10.775+0000][7][gc,cpu      ] GC(12) User=0.03s Sys=0.00s Real=0.02s
[2022-05-30T03:32:10.776+0000][7][safepoint   ] Safepoint "G1Concurrent", Time since last: 79579462 ns, Reaching safepoint: 418916 ns, At safepoint: 19596760 ns, Total: 20015676 ns
[2022-05-30T03:32:10.777+0000][7][gc,marking  ] GC(12) Concurrent Mark 32.861ms
[2022-05-30T03:32:10.778+0000][7][gc,marking  ] GC(12) Concurrent Rebuild Remembered Sets
[2022-05-30T03:32:10.790+0000][7][gc,marking  ] GC(12) Concurrent Rebuild Remembered Sets 12.078ms
[2022-05-30T03:32:10.791+0000][7][gc,start    ] GC(12) Pause Cleanup
[2022-05-30T03:32:10.791+0000][7][gc          ] GC(12) Pause Cleanup 56M->56M(512M) 0.735ms
[2022-05-30T03:32:10.792+0000][7][gc,cpu      ] GC(12) User=0.00s Sys=0.00s Real=0.01s
[2022-05-30T03:32:10.792+0000][7][safepoint   ] Safepoint "G1Concurrent", Time since last: 14195740 ns, Reaching safepoint: 242293 ns, At safepoint: 1408891 ns, Total: 1651184 ns
[2022-05-30T03:32:10.794+0000][7][gc,marking  ] GC(12) Concurrent Cleanup for Next Mark
[2022-05-30T03:32:10.797+0000][7][gc,marking  ] GC(12) Concurrent Cleanup for Next Mark 3.290ms
[2022-05-30T03:32:10.800+0000][7][gc          ] GC(12) Concurrent Mark Cycle 124.027ms
[2022-05-30T03:32:11.800+0000][7][safepoint   ] Safepoint "Cleanup", Time since last: 1007558507 ns, Reaching safepoint: 451930 ns, At safepoint: 20469 ns, Total: 472399 ns
[2022-05-30T03:32:12.904+0000][7][safepoint   ] Safepoint "Cleanup", Time since last: 1103986364 ns, Reaching safepoint: 204210 ns, At safepoint: 11051 ns, Total: 215261 ns
[2022-05-30T03:32:14.030+0000][7][safepoint   ] Safepoint "Cleanup", Time since last: 1117044856 ns, Reaching safepoint: 8170129 ns, At safepoint: 28975 ns, Total: 8199104 ns
[2022-05-30T03:32:15.032+0000][7][safepoint   ] Safepoint "Cleanup", Time since last: 1001807233 ns, Reaching safepoint: 240861 ns, At safepoint: 7464 ns, Total: 248325 ns
[2022-05-30T03:32:16.086+0000][7][safepoint   ] Safepoint "Cleanup", Time since last: 1053744660 ns, Reaching safepoint: 186817 ns, At safepoint: 4499 ns, Total: 191316 ns
[2022-05-30T03:32:17.087+0000][7][safepoint   ] Safepoint "Cleanup", Time since last: 1000853695 ns, Reaching safepoint: 617571 ns, At safepoint: 56518 ns, Total: 674089 ns
[2022-05-30T03:32:17.706+0000][7][gc,start    ] GC(13) Pause Young (Normal) (G1 Evacuation Pause)
[2022-05-30T03:32:17.706+0000][7][gc,task     ] GC(13) Using 8 workers of 8 for evacuation
[2022-05-30T03:32:17.706+0000][7][gc,age      ] GC(13) Desired survivor size 20971520 bytes, new threshold 2 (max threshold 15)
[2022-05-30T03:32:17.728+0000][7][gc,phases   ] GC(13)   Pre Evacuate Collection Set: 0.3ms
[2022-05-30T03:32:17.728+0000][7][gc,phases   ] GC(13)   Merge Heap Roots: 0.2ms
[2022-05-30T03:32:17.729+0000][7][gc,phases   ] GC(13)   Evacuate Collection Set: 17.9ms
[2022-05-30T03:32:17.729+0000][7][gc,phases   ] GC(13)   Post Evacuate Collection Set: 2.6ms
[2022-05-30T03:32:17.729+0000][7][gc,phases   ] GC(13)   Other: 0.6ms
[2022-05-30T03:32:17.729+0000][7][gc,age      ] GC(13) Age table with threshold 2 (max threshold 15)
[2022-05-30T03:32:17.730+0000][7][gc,age      ] GC(13) - age   1:    5423360 bytes,    5423360 total
[2022-05-30T03:32:17.730+0000][7][gc,age      ] GC(13) - age   2:    4574720 bytes,    9998080 total
[2022-05-30T03:32:17.730+0000][7][gc,heap     ] GC(13) Eden regions: 69->0(72)
[2022-05-30T03:32:17.730+0000][7][gc,heap     ] GC(13) Survivor regions: 7->4(10)
[2022-05-30T03:32:17.730+0000][7][gc,heap     ] GC(13) Old regions: 6->11
[2022-05-30T03:32:17.731+0000][7][gc,heap     ] GC(13) Archive regions: 2->2
[2022-05-30T03:32:17.731+0000][7][gc,heap     ] GC(13) Humongous regions: 0->0
[2022-05-30T03:32:17.731+0000][7][gc,metaspace] GC(13) Metaspace: 69988K(71424K)->69988K(71424K) NonClass: 60876K(61760K)->60876K(61760K) Class: 9112K(9664K)->9112K(9664K)
[2022-05-30T03:32:17.732+0000][7][gc          ] GC(13) Pause Young (Normal) (G1 Evacuation Pause) 328M->58M(512M) 25.914ms
[2022-05-30T03:32:17.732+0000][7][gc,cpu      ] GC(13) User=0.14s Sys=0.01s Real=0.03s
[2022-05-30T03:32:17.732+0000][7][safepoint   ] Safepoint "G1CollectForAllocation", Time since last: 618221379 ns, Reaching safepoint: 352412 ns, At safepoint: 26523193 ns, Total: 26875605 ns
[2022-05-30T03:32:19.005+0000][7][safepoint   ] Safepoint "ICBufferFull", Time since last: 1272338281 ns, Reaching safepoint: 502775 ns, At safepoint: 33213 ns, Total: 535988 ns
[2022-05-30T03:32:20.036+0000][7][safepoint   ] Safepoint "Cleanup", Time since last: 1028924330 ns, Reaching safepoint: 1550059 ns, At safepoint: 82046 ns, Total: 1632105 ns
[2022-05-30T03:32:21.079+0000][7][safepoint   ] Safepoint "ICBufferFull", Time since last: 1043531506 ns, Reaching safepoint: 284232 ns, At safepoint: 32593 ns, Total: 316825 ns
[2022-05-30T03:32:22.057+0000][7][gc,start    ] GC(14) Pause Young (Normal) (G1 Evacuation Pause)
[2022-05-30T03:32:22.057+0000][7][gc,task     ] GC(14) Using 8 workers of 8 for evacuation
[2022-05-30T03:32:22.058+0000][7][gc,age      ] GC(14) Desired survivor size 20971520 bytes, new threshold 15 (max threshold 15)
[2022-05-30T03:32:22.079+0000][7][gc,phases   ] GC(14)   Pre Evacuate Collection Set: 0.4ms
[2022-05-30T03:32:22.079+0000][7][gc,phases   ] GC(14)   Merge Heap Roots: 0.4ms
[2022-05-30T03:32:22.080+0000][7][gc,phases   ] GC(14)   Evacuate Collection Set: 16.7ms
[2022-05-30T03:32:22.080+0000][7][gc,phases   ] GC(14)   Post Evacuate Collection Set: 3.3ms
[2022-05-30T03:32:22.080+0000][7][gc,phases   ] GC(14)   Other: 0.8ms
[2022-05-30T03:32:22.080+0000][7][gc,age      ] GC(14) Age table with threshold 15 (max threshold 15)
[2022-05-30T03:32:22.081+0000][7][gc,age      ] GC(14) - age   1:   13240296 bytes,   13240296 total
[2022-05-30T03:32:22.081+0000][7][gc,age      ] GC(14) - age   2:    5216688 bytes,   18456984 total
[2022-05-30T03:32:22.081+0000][7][gc,age      ] GC(14) - age   3:    4479808 bytes,   22936792 total
[2022-05-30T03:32:22.081+0000][7][gc,heap     ] GC(14) Eden regions: 72->0(70)
[2022-05-30T03:32:22.081+0000][7][gc,heap     ] GC(14) Survivor regions: 4->6(10)
[2022-05-30T03:32:22.082+0000][7][gc,heap     ] GC(14) Old regions: 11->11
[2022-05-30T03:32:22.082+0000][7][gc,heap     ] GC(14) Archive regions: 2->2
[2022-05-30T03:32:22.082+0000][7][gc,heap     ] GC(14) Humongous regions: 0->0
[2022-05-30T03:32:22.082+0000][7][gc,metaspace] GC(14) Metaspace: 97408K(100416K)->97408K(100416K) NonClass: 84203K(85760K)->84203K(85760K) Class: 13205K(14656K)->13205K(14656K)
[2022-05-30T03:32:22.082+0000][7][gc          ] GC(14) Pause Young (Normal) (G1 Evacuation Pause) 346M->69M(512M) 25.798ms
[2022-05-30T03:32:22.083+0000][7][gc,cpu      ] GC(14) User=0.14s Sys=0.00s Real=0.03s
[2022-05-30T03:32:22.083+0000][7][safepoint   ] Safepoint "G1CollectForAllocation", Time since last: 976456820 ns, Reaching safepoint: 771172 ns, At safepoint: 26438753 ns, Total: 27209925 ns
[2022-05-30T03:32:22.219+0000][7][gc,start    ] GC(15) Pause Young (Concurrent Start) (Metadata GC Threshold)
[2022-05-30T03:32:22.220+0000][7][gc,task     ] GC(15) Using 8 workers of 8 for evacuation
[2022-05-30T03:32:22.220+0000][7][gc,age      ] GC(15) Desired survivor size 20971520 bytes, new threshold 3 (max threshold 15)
[2022-05-30T03:32:22.242+0000][7][gc,phases   ] GC(15)   Pre Evacuate Collection Set: 0.8ms
[2022-05-30T03:32:22.243+0000][7][gc,phases   ] GC(15)   Merge Heap Roots: 0.5ms
[2022-05-30T03:32:22.243+0000][7][gc,phases   ] GC(15)   Evacuate Collection Set: 17.9ms
[2022-05-30T03:32:22.243+0000][7][gc,phases   ] GC(15)   Post Evacuate Collection Set: 2.8ms
[2022-05-30T03:32:22.244+0000][7][gc,phases   ] GC(15)   Other: 0.7ms
[2022-05-30T03:32:22.244+0000][7][gc,age      ] GC(15) Age table with threshold 3 (max threshold 15)
[2022-05-30T03:32:22.244+0000][7][gc,age      ] GC(15) - age   1:     522992 bytes,     522992 total
[2022-05-30T03:32:22.244+0000][7][gc,age      ] GC(15) - age   2:   12930016 bytes,   13453008 total
[2022-05-30T03:32:22.245+0000][7][gc,age      ] GC(15) - age   3:    5216504 bytes,   18669512 total
[2022-05-30T03:32:22.245+0000][7][gc,heap     ] GC(15) Eden regions: 2->0(70)
[2022-05-30T03:32:22.245+0000][7][gc,heap     ] GC(15) Survivor regions: 6->6(10)
[2022-05-30T03:32:22.245+0000][7][gc,heap     ] GC(15) Old regions: 11->12
[2022-05-30T03:32:22.245+0000][7][gc,heap     ] GC(15) Archive regions: 2->2
[2022-05-30T03:32:22.246+0000][7][gc,heap     ] GC(15) Humongous regions: 0->0
[2022-05-30T03:32:22.246+0000][7][gc,metaspace] GC(15) Metaspace: 98295K(101248K)->98295K(101248K) NonClass: 84955K(86464K)->84955K(86464K) Class: 13339K(14784K)->13339K(14784K)
[2022-05-30T03:32:22.246+0000][7][gc          ] GC(15) Pause Young (Concurrent Start) (Metadata GC Threshold) 75M->71M(512M) 27.195ms
[2022-05-30T03:32:22.247+0000][7][gc,cpu      ] GC(15) User=0.15s Sys=0.01s Real=0.03s
[2022-05-30T03:32:22.247+0000][7][gc          ] GC(16) Concurrent Mark Cycle
[2022-05-30T03:32:22.247+0000][7][gc,marking  ] GC(16) Concurrent Clear Claimed Marks
[2022-05-30T03:32:22.247+0000][7][safepoint   ] Safepoint "CollectForMetadataAllocation", Time since last: 135534066 ns, Reaching safepoint: 458405 ns, At safepoint: 28122787 ns, Total: 28581192 ns
[2022-05-30T03:32:22.248+0000][7][gc,marking  ] GC(16) Concurrent Clear Claimed Marks 0.863ms
[2022-05-30T03:32:22.249+0000][7][gc,marking  ] GC(16) Concurrent Scan Root Regions
[2022-05-30T03:32:22.266+0000][7][gc,marking  ] GC(16) Concurrent Scan Root Regions 17.048ms
[2022-05-30T03:32:22.267+0000][7][gc,marking  ] GC(16) Concurrent Mark
[2022-05-30T03:32:22.267+0000][7][gc,marking  ] GC(16) Concurrent Mark From Roots
[2022-05-30T03:32:22.267+0000][7][gc,task     ] GC(16) Using 2 workers of 2 for marking
[2022-05-30T03:32:22.302+0000][7][safepoint   ] Safepoint "CollectForMetadataAllocation", Time since last: 54671726 ns, Reaching safepoint: 298641 ns, At safepoint: 144185 ns, Total: 442826 ns
[2022-05-30T03:32:22.303+0000][7][gc,marking  ] GC(16) Concurrent Mark From Roots 35.690ms
[2022-05-30T03:32:22.303+0000][7][gc,marking  ] GC(16) Concurrent Preclean
[2022-05-30T03:32:22.304+0000][7][gc,marking  ] GC(16) Concurrent Preclean 0.666ms
[2022-05-30T03:32:22.305+0000][7][gc,start    ] GC(16) Pause Remark
[2022-05-30T03:32:22.318+0000][7][gc          ] GC(16) Pause Remark 75M->75M(512M) 13.563ms
[2022-05-30T03:32:22.319+0000][7][gc,cpu      ] GC(16) User=0.09s Sys=0.00s Real=0.01s
[2022-05-30T03:32:22.319+0000][7][safepoint   ] Safepoint "G1Concurrent", Time since last: 2012023 ns, Reaching safepoint: 385484 ns, At safepoint: 14366586 ns, Total: 14752070 ns
[2022-05-30T03:32:22.320+0000][7][gc,marking  ] GC(16) Concurrent Mark 53.027ms
[2022-05-30T03:32:22.320+0000][7][gc,marking  ] GC(16) Concurrent Rebuild Remembered Sets
[2022-05-30T03:32:22.342+0000][7][gc,marking  ] GC(16) Concurrent Rebuild Remembered Sets 21.302ms
[2022-05-30T03:32:22.343+0000][7][gc,start    ] GC(16) Pause Cleanup
[2022-05-30T03:32:22.344+0000][7][gc          ] GC(16) Pause Cleanup 75M->75M(512M) 0.652ms
[2022-05-30T03:32:22.344+0000][7][gc,cpu      ] GC(16) User=0.00s Sys=0.00s Real=0.00s
[2022-05-30T03:32:22.344+0000][7][safepoint   ] Safepoint "G1Concurrent", Time since last: 23275513 ns, Reaching safepoint: 875854 ns, At safepoint: 1319509 ns, Total: 2195363 ns
[2022-05-30T03:32:22.345+0000][7][gc,marking  ] GC(16) Concurrent Cleanup for Next Mark
[2022-05-30T03:32:22.347+0000][7][gc,marking  ] GC(16) Concurrent Cleanup for Next Mark 1.782ms
[2022-05-30T03:32:22.347+0000][7][gc          ] GC(16) Concurrent Mark Cycle 100.552ms
[2022-05-30T03:32:23.505+0000][7][safepoint   ] Safepoint "ICBufferFull", Time since last: 1159612720 ns, Reaching safepoint: 342694 ns, At safepoint: 77047 ns, Total: 419741 ns
[2022-05-30T03:32:23.745+0000][7][safepoint   ] Safepoint "ICBufferFull", Time since last: 239663903 ns, Reaching safepoint: 372639 ns, At safepoint: 89360 ns, Total: 461999 ns
[2022-05-30T03:32:24.815+0000][7][safepoint   ] Safepoint "Cleanup", Time since last: 1069625523 ns, Reaching safepoint: 364716 ns, At safepoint: 13746 ns, Total: 378462 ns
[2022-05-30T03:32:25.919+0000][7][safepoint   ] Safepoint "Cleanup", Time since last: 1104084527 ns, Reaching safepoint: 327585 ns, At safepoint: 10800 ns, Total: 338385 ns
[2022-05-30T03:32:26.969+0000][7][safepoint   ] Safepoint "Cleanup", Time since last: 1049041538 ns, Reaching safepoint: 377892 ns, At safepoint: 102225 ns, Total: 480117 ns
[2022-05-30T03:32:28.180+0000][7][safepoint   ] Safepoint "Cleanup", Time since last: 1211340331 ns, Reaching safepoint: 458283 ns, At safepoint: 56127 ns, Total: 514410 ns
[2022-05-30T03:32:29.578+0000][7][safepoint   ] Safepoint "Cleanup", Time since last: 1396826497 ns, Reaching safepoint: 353645 ns, At safepoint: 17083 ns, Total: 370728 ns
[2022-05-30T03:32:30.725+0000][7][safepoint   ] Safepoint "Cleanup", Time since last: 1146784802 ns, Reaching safepoint: 370607 ns, At safepoint: 15419 ns, Total: 386026 ns
[2022-05-30T03:32:32.184+0000][7][safepoint   ] Safepoint "Cleanup", Time since last: 1458909408 ns, Reaching safepoint: 400254 ns, At safepoint: 105592 ns, Total: 505846 ns
[2022-05-30T03:32:33.190+0000][7][safepoint   ] Safepoint "Cleanup", Time since last: 1005054038 ns, Reaching safepoint: 391137 ns, At safepoint: 11933 ns, Total: 403070 ns
[2022-05-30T03:32:34.600+0000][7][safepoint   ] Safepoint "Cleanup", Time since last: 1409505887 ns, Reaching safepoint: 348315 ns, At safepoint: 43152 ns, Total: 391467 ns
[2022-05-30T03:32:36.046+0000][7][safepoint   ] Safepoint "Cleanup", Time since last: 1446452818 ns, Reaching safepoint: 397278 ns, At safepoint: 13416 ns, Total: 410694 ns
[2022-05-30T03:32:37.256+0000][7][safepoint   ] Safepoint "Cleanup", Time since last: 1209202537 ns, Reaching safepoint: 351211 ns, At safepoint: 22994 ns, Total: 374205 ns
[2022-05-30T03:32:38.258+0000][7][safepoint   ] Safepoint "Cleanup", Time since last: 1001129796 ns, Reaching safepoint: 588372 ns, At safepoint: 79652 ns, Total: 668024 ns
[2022-05-30T03:32:39.437+0000][7][safepoint   ] Safepoint "Cleanup", Time since last: 1178469088 ns, Reaching safepoint: 358364 ns, At safepoint: 13446 ns, Total: 371810 ns
[2022-05-30T03:32:40.475+0000][7][safepoint   ] Safepoint "Cleanup", Time since last: 1037746308 ns, Reaching safepoint: 479102 ns, At safepoint: 91655 ns, Total: 570757 ns
[2022-05-30T03:32:41.874+0000][7][safepoint   ] Safepoint "Cleanup", Time since last: 1000801897 ns, Reaching safepoint: 398068917 ns, At safepoint: 245568 ns, Total: 398314485 ns
[2022-05-30T03:32:42.985+0000][7][safepoint   ] Safepoint "Cleanup", Time since last: 1110784719 ns, Reaching safepoint: 411646 ns, At safepoint: 10830 ns, Total: 422476 ns
[2022-05-30T03:32:44.073+0000][7][safepoint   ] Safepoint "Cleanup", Time since last: 1087438880 ns, Reaching safepoint: 358955 ns, At safepoint: 22874 ns, Total: 381829 ns
[2022-05-30T03:32:45.078+0000][7][safepoint   ] Safepoint "Cleanup", Time since last: 1004788701 ns, Reaching safepoint: 356361 ns, At safepoint: 48592 ns, Total: 404953 ns
[2022-05-30T03:32:46.283+0000][7][safepoint   ] Safepoint "Cleanup", Time since last: 1194437504 ns, Reaching safepoint: 9613538 ns, At safepoint: 139386 ns, Total: 9752924 ns
[2022-05-30T03:32:47.778+0000][7][safepoint   ] Safepoint "ICBufferFull", Time since last: 1486432102 ns, Reaching safepoint: 8559459 ns, At safepoint: 132212 ns, Total: 8691671 ns
[2022-05-30T03:32:49.183+0000][7][safepoint   ] Safepoint "Cleanup", Time since last: 1404566310 ns, Reaching safepoint: 351340 ns, At safepoint: 14558 ns, Total: 365898 ns
[2022-05-30T03:32:50.919+0000][7][safepoint   ] Safepoint "Cleanup", Time since last: 1029686309 ns, Reaching safepoint: 4299050 ns, At safepoint: 87637 ns, Total: 4386687 ns
[2022-05-30T03:32:51.197+0000][7][gc,start    ] GC(17) Pause Young (Normal) (G1 Evacuation Pause)
[2022-05-30T03:32:51.198+0000][7][gc,task     ] GC(17) Using 8 workers of 8 for evacuation
[2022-05-30T03:32:51.198+0000][7][gc,age      ] GC(17) Desired survivor size 20971520 bytes, new threshold 15 (max threshold 15)
[2022-05-30T03:32:51.236+0000][7][gc,phases   ] GC(17)   Pre Evacuate Collection Set: 0.4ms
[2022-05-30T03:32:51.237+0000][7][gc,phases   ] GC(17)   Merge Heap Roots: 0.2ms
[2022-05-30T03:32:51.238+0000][7][gc,phases   ] GC(17)   Evacuate Collection Set: 32.6ms
[2022-05-30T03:32:51.239+0000][7][gc,phases   ] GC(17)   Post Evacuate Collection Set: 4.6ms
[2022-05-30T03:32:51.239+0000][7][gc,phases   ] GC(17)   Other: 0.9ms
[2022-05-30T03:32:51.240+0000][7][gc,age      ] GC(17) Age table with threshold 15 (max threshold 15)
[2022-05-30T03:32:51.240+0000][7][gc,age      ] GC(17) - age   1:   15810656 bytes,   15810656 total
[2022-05-30T03:32:51.241+0000][7][gc,age      ] GC(17) - age   2:     481696 bytes,   16292352 total
[2022-05-30T03:32:51.242+0000][7][gc,age      ] GC(17) - age   3:   12795104 bytes,   29087456 total
[2022-05-30T03:32:51.243+0000][7][gc,age      ] GC(17) - age   4:    5183520 bytes,   34270976 total
[2022-05-30T03:32:51.243+0000][7][gc,heap     ] GC(17) Eden regions: 70->0(67)
[2022-05-30T03:32:51.244+0000][7][gc,heap     ] GC(17) Survivor regions: 6->9(10)
[2022-05-30T03:32:51.244+0000][7][gc,heap     ] GC(17) Old regions: 12->12
[2022-05-30T03:32:51.245+0000][7][gc,heap     ] GC(17) Archive regions: 2->2
[2022-05-30T03:32:51.245+0000][7][gc,heap     ] GC(17) Humongous regions: 2->2
[2022-05-30T03:32:51.246+0000][7][gc,metaspace] GC(17) Metaspace: 115380K(118592K)->115380K(118592K) NonClass: 99563K(101248K)->99563K(101248K) Class: 15816K(17344K)->15816K(17344K)
[2022-05-30T03:32:51.246+0000][7][gc          ] GC(17) Pause Young (Normal) (G1 Evacuation Pause) 359M->93M(512M) 49.182ms
[2022-05-30T03:32:51.247+0000][7][gc,cpu      ] GC(17) User=0.26s Sys=0.02s Real=0.05s
[2022-05-30T03:32:51.248+0000][7][safepoint   ] Safepoint "G1CollectForAllocation", Time since last: 277629786 ns, Reaching safepoint: 343395 ns, At safepoint: 50718324 ns, Total: 51061719 ns
[2022-05-30T03:32:52.252+0000][7][safepoint   ] Safepoint "Cleanup", Time since last: 1003424896 ns, Reaching safepoint: 457935 ns, At safepoint: 65976 ns, Total: 523911 ns
[2022-05-30T03:32:53.601+0000][7][safepoint   ] Safepoint "Cleanup", Time since last: 1348578081 ns, Reaching safepoint: 467452 ns, At safepoint: 56398 ns, Total: 523850 ns
[2022-05-30T03:32:54.678+0000][7][safepoint   ] Safepoint "ICBufferFull", Time since last: 1076957691 ns, Reaching safepoint: 405264 ns, At safepoint: 14718 ns, Total: 419982 ns
[2022-05-30T03:32:55.998+0000][7][safepoint   ] Safepoint "Cleanup", Time since last: 1319626802 ns, Reaching safepoint: 487481 ns, At safepoint: 89190 ns, Total: 576671 ns
[2022-05-30T03:32:57.491+0000][7][safepoint   ] Safepoint "Cleanup", Time since last: 1491752163 ns, Reaching safepoint: 507339 ns, At safepoint: 91755 ns, Total: 599094 ns
[2022-05-30T03:32:58.493+0000][7][safepoint   ] Safepoint "Cleanup", Time since last: 1001536975 ns, Reaching safepoint: 482701 ns, At safepoint: 65585 ns, Total: 548286 ns
[2022-05-30T03:32:59.819+0000][7][safepoint   ] Safepoint "Cleanup", Time since last: 1325522391 ns, Reaching safepoint: 478247 ns, At safepoint: 103948 ns, Total: 582195 ns
[2022-05-30T03:33:01.017+0000][7][safepoint   ] Safepoint "ICBufferFull", Time since last: 1197128085 ns, Reaching safepoint: 1030606 ns, At safepoint: 120771 ns, Total: 1151377 ns
[2022-05-30T03:33:03.310+0000][7][safepoint   ] Safepoint "Cleanup", Time since last: 1459524386 ns, Reaching safepoint: 833013712 ns, At safepoint: 522087 ns, Total: 833535799 ns
[2022-05-30T03:33:05.959+0000][7][safepoint   ] Safepoint "ICBufferFull", Time since last: 1823240560 ns, Reaching safepoint: 825418628 ns, At safepoint: 333878 ns, Total: 825752506 ns
[2022-05-30T03:33:07.000+0000][7][safepoint   ] Safepoint "Cleanup", Time since last: 1018549227 ns, Reaching safepoint: 10272254 ns, At safepoint: 3500378 ns, Total: 13772632 ns
[2022-05-30T03:33:08.438+0000][7][safepoint   ] Safepoint "Cleanup", Time since last: 1011741583 ns, Reaching safepoint: 434774568 ns, At safepoint: 297678 ns, Total: 435072246 ns
[2022-05-30T03:33:09.729+0000][7][safepoint   ] Safepoint "Cleanup", Time since last: 1116054748 ns, Reaching safepoint: 174061896 ns, At safepoint: 362261 ns, Total: 174424157 ns
[2022-05-30T03:33:10.736+0000][7][safepoint   ] Safepoint "Cleanup", Time since last: 1001079020 ns, Reaching safepoint: 5736854 ns, At safepoint: 259495 ns, Total: 5996349 ns
[2022-05-30T03:33:12.031+0000][7][safepoint   ] Safepoint "Cleanup", Time since last: 1001831794 ns, Reaching safepoint: 293358606 ns, At safepoint: 330060 ns, Total: 293688666 ns
[2022-05-30T03:33:15.072+0000][7][safepoint   ] Safepoint "Cleanup", Time since last: 1886825912 ns, Reaching safepoint: 1153399894 ns, At safepoint: 310803 ns, Total: 1153710697 ns
[2022-05-30T03:33:17.116+0000][7][safepoint   ] Safepoint "Cleanup", Time since last: 1010820204 ns, Reaching safepoint: 1032543510 ns, At safepoint: 284864 ns, Total: 1032828374 ns
[2022-05-30T03:33:18.188+0000][7][safepoint   ] Safepoint "Cleanup", Time since last: 1069417495 ns, Reaching safepoint: 2539942 ns, At safepoint: 173471 ns, Total: 2713413 ns
[2022-05-30T03:33:20.594+0000][7][safepoint   ] Safepoint "Cleanup", Time since last: 1001069082 ns, Reaching safepoint: 1404212068 ns, At safepoint: 812592 ns, Total: 1405024660 ns
[2022-05-30T03:33:20.916+0000][7][gc,start    ] GC(18) Pause Young (Normal) (G1 Evacuation Pause)
[2022-05-30T03:33:20.917+0000][7][gc,task     ] GC(18) Using 8 workers of 8 for evacuation
[2022-05-30T03:33:20.917+0000][7][gc,age      ] GC(18) Desired survivor size 20971520 bytes, new threshold 3 (max threshold 15)
[2022-05-30T03:33:20.968+0000][7][gc,phases   ] GC(18)   Pre Evacuate Collection Set: 0.4ms
[2022-05-30T03:33:20.969+0000][7][gc,phases   ] GC(18)   Merge Heap Roots: 0.3ms
[2022-05-30T03:33:20.970+0000][7][gc,phases   ] GC(18)   Evacuate Collection Set: 39.8ms
[2022-05-30T03:33:20.971+0000][7][gc,phases   ] GC(18)   Post Evacuate Collection Set: 9.6ms
[2022-05-30T03:33:20.971+0000][7][gc,phases   ] GC(18)   Other: 1.3ms
[2022-05-30T03:33:20.972+0000][7][gc,age      ] GC(18) Age table with threshold 3 (max threshold 15)
[2022-05-30T03:33:20.973+0000][7][gc,age      ] GC(18) - age   1:    9802496 bytes,    9802496 total
[2022-05-30T03:33:20.973+0000][7][gc,age      ] GC(18) - age   2:   12127328 bytes,   21929824 total
[2022-05-30T03:33:20.974+0000][7][gc,age      ] GC(18) - age   3:     481600 bytes,   22411424 total
[2022-05-30T03:33:20.974+0000][7][gc,heap     ] GC(18) Eden regions: 67->0(70)
[2022-05-30T03:33:20.974+0000][7][gc,heap     ] GC(18) Survivor regions: 9->6(10)
[2022-05-30T03:33:20.975+0000][7][gc,heap     ] GC(18) Old regions: 12->16
[2022-05-30T03:33:20.975+0000][7][gc,heap     ] GC(18) Archive regions: 2->2
[2022-05-30T03:33:20.976+0000][7][gc,heap     ] GC(18) Humongous regions: 2->2
[2022-05-30T03:33:20.976+0000][7][gc,metaspace] GC(18) Metaspace: 120029K(123200K)->120029K(123200K) NonClass: 103673K(105344K)->103673K(105344K) Class: 16355K(17856K)->16355K(17856K)
[2022-05-30T03:33:20.977+0000][7][gc          ] GC(18) Pause Young (Normal) (G1 Evacuation Pause) 361M->99M(512M) 61.094ms
[2022-05-30T03:33:20.978+0000][7][gc,cpu      ] GC(18) User=0.29s Sys=0.03s Real=0.06s
[2022-05-30T03:33:20.979+0000][7][safepoint   ] Safepoint "G1CollectForAllocation", Time since last: 765577246 ns, Reaching safepoint: 8414853 ns, At safepoint: 63283470 ns, Total: 71698323 ns
[2022-05-30T03:33:22.719+0000][7][safepoint   ] Safepoint "Cleanup", Time since last: 1715106289 ns, Reaching safepoint: 25081100 ns, At safepoint: 137052 ns, Total: 25218152 ns
[2022-05-30T03:33:24.332+0000][7][safepoint   ] Safepoint "Cleanup", Time since last: 1611372835 ns, Reaching safepoint: 1313134 ns, At safepoint: 69152 ns, Total: 1382286 ns
[2022-05-30T03:33:25.333+0000][7][safepoint   ] Safepoint "Cleanup", Time since last: 1000845455 ns, Reaching safepoint: 329158 ns, At safepoint: 48833 ns, Total: 377991 ns
[2022-05-30T03:33:26.474+0000][7][safepoint   ] Safepoint "Cleanup", Time since last: 1140421895 ns, Reaching safepoint: 328016 ns, At safepoint: 41369 ns, Total: 369385 ns
[2022-05-30T03:33:27.475+0000][7][safepoint   ] Safepoint "Cleanup", Time since last: 1000692458 ns, Reaching safepoint: 309621 ns, At safepoint: 18856 ns, Total: 328477 ns
[2022-05-30T03:33:28.477+0000][7][safepoint   ] Safepoint "Cleanup", Time since last: 1000719610 ns, Reaching safepoint: 494835 ns, At safepoint: 124959 ns, Total: 619794 ns
[2022-05-30T03:33:29.478+0000][7][safepoint   ] Safepoint "Cleanup", Time since last: 1000794846 ns, Reaching safepoint: 681123 ns, At safepoint: 134808 ns, Total: 815931 ns
[2022-05-30T03:33:30.480+0000][7][safepoint   ] Safepoint "Cleanup", Time since last: 1001367398 ns, Reaching safepoint: 451712 ns, At safepoint: 55697 ns, Total: 507409 ns
[2022-05-30T03:33:31.728+0000][7][safepoint   ] Safepoint "Cleanup", Time since last: 1246977206 ns, Reaching safepoint: 427817 ns, At safepoint: 69092 ns, Total: 496909 ns
[2022-05-30T03:33:32.731+0000][7][safepoint   ] Safepoint "Cleanup", Time since last: 1003292463 ns, Reaching safepoint: 499964 ns, At safepoint: 18345 ns, Total: 518309 ns
[2022-05-30T03:33:33.733+0000][7][safepoint   ] Safepoint "Cleanup", Time since last: 1000835475 ns, Reaching safepoint: 455550 ns, At safepoint: 21842 ns, Total: 477392 ns
[2022-05-30T03:33:34.857+0000][7][safepoint   ] Safepoint "Cleanup", Time since last: 1123370393 ns, Reaching safepoint: 710469 ns, At safepoint: 200402 ns, Total: 910871 ns
[2022-05-30T03:33:35.378+0000][7][safepoint   ] Safepoint "ICBufferFull", Time since last: 520360342 ns, Reaching safepoint: 792057 ns, At safepoint: 261780 ns, Total: 1053837 ns
[2022-05-30T03:33:36.482+0000][7][safepoint   ] Safepoint "Cleanup", Time since last: 1103332285 ns, Reaching safepoint: 480044 ns, At safepoint: 38243 ns, Total: 518287 ns
[2022-05-30T03:33:37.613+0000][7][safepoint   ] Safepoint "Cleanup", Time since last: 1130566323 ns, Reaching safepoint: 435031 ns, At safepoint: 82998 ns, Total: 518029 ns
[2022-05-30T03:33:38.686+0000][7][safepoint   ] Safepoint "Cleanup", Time since last: 1072403161 ns, Reaching safepoint: 449769 ns, At safepoint: 130529 ns, Total: 580298 ns
[2022-05-30T03:33:39.688+0000][7][safepoint   ] Safepoint "Cleanup", Time since last: 1000848122 ns, Reaching safepoint: 395826 ns, At safepoint: 26671 ns, Total: 422497 ns
[2022-05-30T03:33:41.015+0000][7][safepoint   ] Safepoint "Cleanup", Time since last: 1327237563 ns, Reaching safepoint: 445830 ns, At safepoint: 94971 ns, Total: 540801 ns
[2022-05-30T03:33:42.017+0000][7][safepoint   ] Safepoint "Cleanup", Time since last: 1001369939 ns, Reaching safepoint: 404763 ns, At safepoint: 64112 ns, Total: 468875 ns
[2022-05-30T03:33:43.018+0000][7][safepoint   ] Safepoint "Cleanup", Time since last: 1000953894 ns, Reaching safepoint: 380326 ns, At safepoint: 21381 ns, Total: 401707 ns
[2022-05-30T03:33:44.107+0000][7][safepoint   ] Safepoint "Cleanup", Time since last: 1087526732 ns, Reaching safepoint: 411977 ns, At safepoint: 65094 ns, Total: 477071 ns
[2022-05-30T03:33:45.284+0000][7][safepoint   ] Safepoint "Cleanup", Time since last: 1177579900 ns, Reaching safepoint: 336171 ns, At safepoint: 17283 ns, Total: 353454 ns
[2022-05-30T03:33:46.585+0000][7][safepoint   ] Safepoint "Cleanup", Time since last: 1300113087 ns, Reaching safepoint: 421765 ns, At safepoint: 34987 ns, Total: 456752 ns
[2022-05-30T03:33:47.832+0000][7][safepoint   ] Safepoint "Cleanup", Time since last: 1246325606 ns, Reaching safepoint: 376548 ns, At safepoint: 21281 ns, Total: 397829 ns
[2022-05-30T03:33:48.972+0000][7][safepoint   ] Safepoint "Cleanup", Time since last: 1140177345 ns, Reaching safepoint: 411636 ns, At safepoint: 24257 ns, Total: 435893 ns
[2022-05-30T03:33:50.049+0000][7][safepoint   ] Safepoint "Cleanup", Time since last: 1076191757 ns, Reaching safepoint: 362883 ns, At safepoint: 22663 ns, Total: 385546 ns
[2022-05-30T03:33:50.973+0000][7][safepoint   ] Safepoint "Cleanup", Time since last: 1141248353 ns, Reaching safepoint: 455559 ns, At safepoint: 60515 ns, Total: 516074 ns
[2022-05-30T03:33:51.974+0000][7][safepoint   ] Safepoint "Cleanup", Time since last: 1000651446 ns, Reaching safepoint: 401196 ns, At safepoint: 21992 ns, Total: 423188 ns
[2022-05-30T03:33:53.158+0000][7][safepoint   ] Safepoint "Cleanup", Time since last: 1183423620 ns, Reaching safepoint: 614903 ns, At safepoint: 26000 ns, Total: 640903 ns
[2022-05-30T03:33:54.250+0000][7][safepoint   ] Safepoint "Cleanup", Time since last: 1091704328 ns, Reaching safepoint: 391938 ns, At safepoint: 59994 ns, Total: 451932 ns
[2022-05-30T03:33:55.460+0000][7][safepoint   ] Safepoint "Cleanup", Time since last: 1209256330 ns, Reaching safepoint: 386167 ns, At safepoint: 27482 ns, Total: 413649 ns
[2022-05-30T03:33:56.499+0000][7][safepoint   ] Safepoint "Cleanup", Time since last: 1039084261 ns, Reaching safepoint: 225971 ns, At safepoint: 17403 ns, Total: 243374 ns
[2022-05-30T03:33:57.601+0000][7][safepoint   ] Safepoint "Cleanup", Time since last: 1101310026 ns, Reaching safepoint: 368153 ns, At safepoint: 23846 ns, Total: 391999 ns
[2022-05-30T03:33:58.706+0000][7][safepoint   ] Safepoint "Cleanup", Time since last: 1105072172 ns, Reaching safepoint: 199581 ns, At safepoint: 16933 ns, Total: 216514 ns
[2022-05-30T03:33:59.707+0000][7][safepoint   ] Safepoint "Cleanup", Time since last: 1001082103 ns, Reaching safepoint: 365248 ns, At safepoint: 21030 ns, Total: 386278 ns
[2022-05-30T03:34:00.972+0000][7][safepoint   ] Safepoint "Cleanup", Time since last: 1250963481 ns, Reaching safepoint: 13363411 ns, At safepoint: 243747 ns, Total: 13607158 ns
[2022-05-30T03:34:01.973+0000][7][safepoint   ] Safepoint "Cleanup", Time since last: 1001000688 ns, Reaching safepoint: 359737 ns, At safepoint: 21691 ns, Total: 381428 ns
[2022-05-30T03:34:02.975+0000][7][safepoint   ] Safepoint "Cleanup", Time since last: 1000805974 ns, Reaching safepoint: 354176 ns, At safepoint: 13656 ns, Total: 367832 ns
[2022-05-30T03:34:03.975+0000][7][safepoint   ] Safepoint "Cleanup", Time since last: 1000714141 ns, Reaching safepoint: 257947 ns, At safepoint: 19737 ns, Total: 277684 ns
[2022-05-30T03:34:04.977+0000][7][safepoint   ] Safepoint "Cleanup", Time since last: 1000961624 ns, Reaching safepoint: 411103 ns, At safepoint: 32462 ns, Total: 443565 ns
[2022-05-30T03:34:06.113+0000][7][safepoint   ] Safepoint "Cleanup", Time since last: 1135320086 ns, Reaching safepoint: 412646 ns, At safepoint: 35978 ns, Total: 448624 ns
[2022-05-30T03:34:07.114+0000][7][safepoint   ] Safepoint "Cleanup", Time since last: 1001009446 ns, Reaching safepoint: 204069 ns, At safepoint: 9939 ns, Total: 214008 ns
[2022-05-30T03:34:08.115+0000][7][safepoint   ] Safepoint "Cleanup", Time since last: 1001081143 ns, Reaching safepoint: 294590 ns, At safepoint: 28454 ns, Total: 323044 ns
[2022-05-30T03:34:09.117+0000][7][safepoint   ] Safepoint "Cleanup", Time since last: 1001140946 ns, Reaching safepoint: 312897 ns, At safepoint: 20710 ns, Total: 333607 ns
[2022-05-30T03:34:10.122+0000][7][safepoint   ] Safepoint "Cleanup", Time since last: 1004775335 ns, Reaching safepoint: 382590 ns, At safepoint: 22804 ns, Total: 405394 ns
[2022-05-30T03:34:11.281+0000][7][safepoint   ] Safepoint "Cleanup", Time since last: 1158360048 ns, Reaching safepoint: 236622 ns, At safepoint: 17163 ns, Total: 253785 ns
[2022-05-30T03:34:14.292+0000][7][safepoint   ] Safepoint "Cleanup", Time since last: 3010713487 ns, Reaching safepoint: 303219 ns, At safepoint: 46538 ns, Total: 349757 ns
[2022-05-30T03:34:15.299+0000][7][safepoint   ] Safepoint "Cleanup", Time since last: 1004940482 ns, Reaching safepoint: 2822226 ns, At safepoint: 64614 ns, Total: 2886840 ns
[2022-05-30T03:34:16.312+0000][7][safepoint   ] Safepoint "Cleanup", Time since last: 1012503159 ns, Reaching safepoint: 332535 ns, At safepoint: 28815 ns, Total: 361350 ns
[2022-05-30T03:34:17.075+0000][7][gc,start    ] GC(19) Pause Young (Normal) (G1 Evacuation Pause)
[2022-05-30T03:34:17.236+0000][7][gc,task     ] GC(19) Using 8 workers of 8 for evacuation
[2022-05-30T03:34:17.294+0000][7][gc,age      ] GC(19) Desired survivor size 20971520 bytes, new threshold 2 (max threshold 15)
[2022-05-30T03:34:17.452+0000][7][gc,phases   ] GC(19)   Pre Evacuate Collection Set: 0.4ms
[2022-05-30T03:34:17.543+0000][7][gc,phases   ] GC(19)   Merge Heap Roots: 0.1ms
[2022-05-30T03:34:17.690+0000][7][gc,phases   ] GC(19)   Evacuate Collection Set: 90.2ms
[2022-05-30T03:34:17.795+0000][7][gc,phases   ] GC(19)   Post Evacuate Collection Set: 3.3ms
[2022-05-30T03:34:17.961+0000][7][gc,phases   ] GC(19)   Other: 121.7ms
[2022-05-30T03:34:18.050+0000][7][gc,age      ] GC(19) Age table with threshold 2 (max threshold 15)
[2022-05-30T03:34:18.163+0000][7][gc,age      ] GC(19) - age   1:    9245160 bytes,    9245160 total
[2022-05-30T03:34:18.226+0000][7][gc,age      ] GC(19) - age   2:    7601216 bytes,   16846376 total
[2022-05-30T03:34:18.275+0000][7][gc,heap     ] GC(19) Eden regions: 70->0(68)
[2022-05-30T03:34:18.299+0000][7][gc,heap     ] GC(19) Survivor regions: 6->5(10)
[2022-05-30T03:34:18.385+0000][7][gc,heap     ] GC(19) Old regions: 16->20
[2022-05-30T03:34:18.493+0000][7][gc,heap     ] GC(19) Archive regions: 2->2
[2022-05-30T03:34:18.557+0000][7][gc,heap     ] GC(19) Humongous regions: 2->2
[2022-05-30T03:34:18.612+0000][7][gc,metaspace] GC(19) Metaspace: 124439K(127744K)->124439K(127744K) NonClass: 107582K(109312K)->107582K(109312K) Class: 16857K(18432K)->16857K(18432K)
[2022-05-30T03:34:18.638+0000][7][gc          ] GC(19) Pause Young (Normal) (G1 Evacuation Pause) 379M->107M(512M) 1563.003ms
[2022-05-30T03:34:18.761+0000][7][gc,cpu      ] GC(19) User=0.38s Sys=0.02s Real=1.68s
[2022-05-30T03:34:18.958+0000][7][safepoint   ] Safepoint "G1CollectForAllocation", Time since last: 762290787 ns, Reaching safepoint: 250016 ns, At safepoint: 1883237980 ns, Total: 1883487996 ns
[2022-05-30T03:34:20.241+0000][7][safepoint   ] Safepoint "Cleanup", Time since last: 1314360732 ns, Reaching safepoint: 296335 ns, At safepoint: 19277 ns, Total: 315612 ns
[2022-05-30T03:34:21.246+0000][7][safepoint   ] Safepoint "Cleanup", Time since last: 1004131069 ns, Reaching safepoint: 269545 ns, At safepoint: 10620 ns, Total: 280165 ns
[2022-05-30T03:34:22.311+0000][7][safepoint   ] Safepoint "Cleanup", Time since last: 1064880906 ns, Reaching safepoint: 173712 ns, At safepoint: 9739 ns, Total: 183451 ns
[2022-05-30T03:34:23.505+0000][7][safepoint   ] Safepoint "Cleanup", Time since last: 1194018817 ns, Reaching safepoint: 397499 ns, At safepoint: 14418 ns, Total: 411917 ns
[2022-05-30T03:34:24.853+0000][7][safepoint   ] Safepoint "Cleanup", Time since last: 1347143701 ns, Reaching safepoint: 222505 ns, At safepoint: 9899 ns, Total: 232404 ns
[2022-05-30T03:34:25.911+0000][7][safepoint   ] Safepoint "Cleanup", Time since last: 1058379250 ns, Reaching safepoint: 267932 ns, At safepoint: 19136 ns, Total: 287068 ns
[2022-05-30T03:34:26.932+0000][7][safepoint   ] Safepoint "Cleanup", Time since last: 1020216846 ns, Reaching safepoint: 171926 ns, At safepoint: 13456 ns, Total: 185382 ns
[2022-05-30T03:34:28.088+0000][7][safepoint   ] Safepoint "Cleanup", Time since last: 1155802937 ns, Reaching safepoint: 354857 ns, At safepoint: 27553 ns, Total: 382410 ns
[2022-05-30T03:34:30.302+0000][7][safepoint   ] Safepoint "Cleanup", Time since last: 2213219868 ns, Reaching safepoint: 357493 ns, At safepoint: 27141 ns, Total: 384634 ns
[2022-05-30T03:34:32.332+0000][7][safepoint   ] Safepoint "Cleanup", Time since last: 2029541306 ns, Reaching safepoint: 325371 ns, At safepoint: 12073 ns, Total: 337444 ns
[2022-05-30T03:34:33.339+0000][7][safepoint   ] Safepoint "Cleanup", Time since last: 1007822403 ns, Reaching safepoint: 148984 ns, At safepoint: 7625 ns, Total: 156609 ns
[2022-05-30T03:34:34.341+0000][7][safepoint   ] Safepoint "Cleanup", Time since last: 1000809323 ns, Reaching safepoint: 331924 ns, At safepoint: 18685 ns, Total: 350609 ns
[2022-05-30T03:34:35.426+0000][7][safepoint   ] Safepoint "Cleanup", Time since last: 1085161063 ns, Reaching safepoint: 333587 ns, At safepoint: 18184 ns, Total: 351771 ns
[2022-05-30T03:34:37.505+0000][7][safepoint   ] Safepoint "Cleanup", Time since last: 2078962556 ns, Reaching safepoint: 306325 ns, At safepoint: 27031 ns, Total: 333356 ns
[2022-05-30T03:34:38.507+0000][7][safepoint   ] Safepoint "Cleanup", Time since last: 1001254365 ns, Reaching safepoint: 207357 ns, At safepoint: 15460 ns, Total: 222817 ns
[2022-05-30T03:34:39.599+0000][7][safepoint   ] Safepoint "Cleanup", Time since last: 1091573497 ns, Reaching safepoint: 271438 ns, At safepoint: 16622 ns, Total: 288060 ns
[2022-05-30T03:34:40.653+0000][7][safepoint   ] Safepoint "Cleanup", Time since last: 1053671930 ns, Reaching safepoint: 136330 ns, At safepoint: 7404 ns, Total: 143734 ns
[2022-05-30T03:34:41.898+0000][7][safepoint   ] Safepoint "Cleanup", Time since last: 1244838388 ns, Reaching safepoint: 195025 ns, At safepoint: 14057 ns, Total: 209082 ns
[2022-05-30T03:34:43.013+0000][7][safepoint   ] Safepoint "Cleanup", Time since last: 1115147582 ns, Reaching safepoint: 311124 ns, At safepoint: 17202 ns, Total: 328326 ns
[2022-05-30T03:34:44.018+0000][7][safepoint   ] Safepoint "Cleanup", Time since last: 1004818556 ns, Reaching safepoint: 279774 ns, At safepoint: 23635 ns, Total: 303409 ns
[2022-05-30T03:34:45.030+0000][7][safepoint   ] Safepoint "Cleanup", Time since last: 1011892435 ns, Reaching safepoint: 192428 ns, At safepoint: 57961 ns, Total: 250389 ns
[2022-05-30T03:34:46.033+0000][7][safepoint   ] Safepoint "Cleanup", Time since last: 1001303845 ns, Reaching safepoint: 754190 ns, At safepoint: 50075 ns, Total: 804265 ns
[2022-05-30T03:34:49.156+0000][7][safepoint   ] Safepoint "Cleanup", Time since last: 3123533373 ns, Reaching safepoint: 174423 ns, At safepoint: 9689 ns, Total: 184112 ns
[2022-05-30T03:34:50.165+0000][7][safepoint   ] Safepoint "Cleanup", Time since last: 1009083693 ns, Reaching safepoint: 183696 ns, At safepoint: 12825 ns, Total: 196521 ns
[2022-05-30T03:34:51.264+0000][7][safepoint   ] Safepoint "Cleanup", Time since last: 1098312405 ns, Reaching safepoint: 178470 ns, At safepoint: 9128 ns, Total: 187598 ns
[2022-05-30T03:34:53.467+0000][7][safepoint   ] Safepoint "Cleanup", Time since last: 1179807580 ns, Reaching safepoint: 2669257 ns, At safepoint: 138544 ns, Total: 2807801 ns
[2022-05-30T03:34:54.475+0000][7][safepoint   ] Safepoint "Cleanup", Time since last: 1007474786 ns, Reaching safepoint: 312176 ns, At safepoint: 32833 ns, Total: 345009 ns
[2022-05-30T03:34:55.482+0000][7][safepoint   ] Safepoint "Cleanup", Time since last: 1006706163 ns, Reaching safepoint: 323117 ns, At safepoint: 22453 ns, Total: 345570 ns
[2022-05-30T03:34:56.728+0000][7][safepoint   ] Safepoint "Cleanup", Time since last: 1245192599 ns, Reaching safepoint: 364897 ns, At safepoint: 55185 ns, Total: 420082 ns
[2022-05-30T03:34:57.758+0000][7][safepoint   ] Safepoint "Cleanup", Time since last: 1010044747 ns, Reaching safepoint: 15115552 ns, At safepoint: 5088809 ns, Total: 20204361 ns
[2022-05-30T03:34:58.762+0000][7][safepoint   ] Safepoint "Cleanup", Time since last: 1003977472 ns, Reaching safepoint: 284090 ns, At safepoint: 31360 ns, Total: 315450 ns
[2022-05-30T03:35:01.028+0000][7][safepoint   ] Safepoint "Cleanup", Time since last: 2265234750 ns, Reaching safepoint: 200342 ns, At safepoint: 13396 ns, Total: 213738 ns
[2022-05-30T03:35:02.168+0000][7][safepoint   ] Safepoint "Cleanup", Time since last: 1139898554 ns, Reaching safepoint: 249507 ns, At safepoint: 20669 ns, Total: 270176 ns
[2022-05-30T03:35:03.356+0000][7][safepoint   ] Safepoint "Cleanup", Time since last: 1187433582 ns, Reaching safepoint: 285785 ns, At safepoint: 14578 ns, Total: 300363 ns
[2022-05-30T03:35:04.378+0000][7][safepoint   ] Safepoint "Cleanup", Time since last: 1021619333 ns, Reaching safepoint: 236939 ns, At safepoint: 22382 ns, Total: 259321 ns
[2022-05-30T03:35:05.686+0000][7][safepoint   ] Safepoint "Cleanup", Time since last: 1308021506 ns, Reaching safepoint: 199360 ns, At safepoint: 12284 ns, Total: 211644 ns
[2022-05-30T03:35:06.740+0000][7][safepoint   ] Safepoint "Cleanup", Time since last: 1003239984 ns, Reaching safepoint: 50719053 ns, At safepoint: 123456 ns, Total: 50842509 ns
[2022-05-30T03:35:08.767+0000][7][safepoint   ] Safepoint "Cleanup", Time since last: 2027054650 ns, Reaching safepoint: 369626 ns, At safepoint: 26190 ns, Total: 395816 ns
[2022-05-30T03:35:10.866+0000][7][safepoint   ] Safepoint "Cleanup", Time since last: 2098703032 ns, Reaching safepoint: 233425 ns, At safepoint: 12023 ns, Total: 245448 ns
[2022-05-30T03:35:12.024+0000][7][safepoint   ] Safepoint "Cleanup", Time since last: 1157555394 ns, Reaching safepoint: 177439 ns, At safepoint: 8216 ns, Total: 185655 ns
[2022-05-30T03:35:16.047+0000][7][safepoint   ] Safepoint "Cleanup", Time since last: 4022454229 ns, Reaching safepoint: 357933 ns, At safepoint: 39746 ns, Total: 397679 ns
[2022-05-30T03:35:17.049+0000][7][safepoint   ] Safepoint "Cleanup", Time since last: 1001431417 ns, Reaching safepoint: 213077 ns, At safepoint: 14798 ns, Total: 227875 ns
[2022-05-30T03:35:18.312+0000][7][safepoint   ] Safepoint "Cleanup", Time since last: 1263384613 ns, Reaching safepoint: 258153 ns, At safepoint: 14057 ns, Total: 272210 ns
[2022-05-30T03:35:19.545+0000][7][safepoint   ] Safepoint "Cleanup", Time since last: 1232532296 ns, Reaching safepoint: 185033 ns, At safepoint: 11442 ns, Total: 196475 ns
[2022-05-30T03:35:20.583+0000][7][safepoint   ] Safepoint "Cleanup", Time since last: 1031979645 ns, Reaching safepoint: 6396510 ns, At safepoint: 51088 ns, Total: 6447598 ns
[2022-05-30T03:35:21.587+0000][7][safepoint   ] Safepoint "Cleanup", Time since last: 1003340055 ns, Reaching safepoint: 203918 ns, At safepoint: 80002 ns, Total: 283920 ns
[2022-05-30T03:35:22.608+0000][7][safepoint   ] Safepoint "Cleanup", Time since last: 1020161470 ns, Reaching safepoint: 296523 ns, At safepoint: 20590 ns, Total: 317113 ns
[2022-05-30T03:35:23.994+0000][7][safepoint   ] Safepoint "Cleanup", Time since last: 1385733216 ns, Reaching safepoint: 342163 ns, At safepoint: 22904 ns, Total: 365067 ns
[2022-05-30T03:35:23.649+0000][7][gc,start    ] GC(20) Pause Young (Normal) (G1 Evacuation Pause)
[2022-05-30T03:35:23.667+0000][7][gc,task     ] GC(20) Using 8 workers of 8 for evacuation
[2022-05-30T03:35:23.667+0000][7][gc,age      ] GC(20) Desired survivor size 20971520 bytes, new threshold 15 (max threshold 15)
[2022-05-30T03:35:23.708+0000][7][gc,phases   ] GC(20)   Pre Evacuate Collection Set: 0.5ms
[2022-05-30T03:35:23.716+0000][7][gc,phases   ] GC(20)   Merge Heap Roots: 0.4ms
[2022-05-30T03:35:23.717+0000][7][gc,phases   ] GC(20)   Evacuate Collection Set: 36.5ms
[2022-05-30T03:35:23.718+0000][7][gc,phases   ] GC(20)   Post Evacuate Collection Set: 2.7ms
[2022-05-30T03:35:23.719+0000][7][gc,phases   ] GC(20)   Other: 1.4ms
[2022-05-30T03:35:23.719+0000][7][gc,age      ] GC(20) Age table with threshold 15 (max threshold 15)
[2022-05-30T03:35:23.724+0000][7][gc,age      ] GC(20) - age   1:    2403824 bytes,    2403824 total
[2022-05-30T03:35:23.725+0000][7][gc,age      ] GC(20) - age   2:    7799840 bytes,   10203664 total
[2022-05-30T03:35:23.736+0000][7][gc,age      ] GC(20) - age   3:    7597888 bytes,   17801552 total
[2022-05-30T03:35:23.736+0000][7][gc,heap     ] GC(20) Eden regions: 68->0(70)
[2022-05-30T03:35:23.737+0000][7][gc,heap     ] GC(20) Survivor regions: 5->5(10)
[2022-05-30T03:35:23.738+0000][7][gc,heap     ] GC(20) Old regions: 20->20
[2022-05-30T03:35:23.743+0000][7][gc,heap     ] GC(20) Archive regions: 2->2
[2022-05-30T03:35:23.750+0000][7][gc,heap     ] GC(20) Humongous regions: 2->2
[2022-05-30T03:35:23.757+0000][7][gc,metaspace] GC(20) Metaspace: 125356K(128768K)->125356K(128768K) NonClass: 108422K(110208K)->108422K(110208K) Class: 16933K(18560K)->16933K(18560K)
[2022-05-30T03:35:23.758+0000][7][gc          ] GC(20) Pause Young (Normal) (G1 Evacuation Pause) 379M->108M(512M) 109.032ms
[2022-05-30T03:35:23.759+0000][7][gc,cpu      ] GC(20) User=0.11s Sys=0.05s Real=0.10s
[2022-05-30T03:35:23.760+0000][7][safepoint   ] Safepoint "G1CollectForAllocation", Time since last: 362841477 ns, Reaching safepoint: 221326 ns, At safepoint: 110742418 ns, Total: 110963744 ns
[2022-05-30T03:35:24.769+0000][7][safepoint   ] Safepoint "Cleanup", Time since last: 1008413768 ns, Reaching safepoint: 746163 ns, At safepoint: 48002 ns, Total: 794165 ns
[2022-05-30T03:35:25.790+0000][7][safepoint   ] Safepoint "Cleanup", Time since last: 1020644051 ns, Reaching safepoint: 202287 ns, At safepoint: 10269 ns, Total: 212556 ns
[2022-05-30T03:35:27.094+0000][7][safepoint   ] Safepoint "Cleanup", Time since last: 1303862725 ns, Reaching safepoint: 317292 ns, At safepoint: 30288 ns, Total: 347580 ns
[2022-05-30T03:35:29.112+0000][7][safepoint   ] Safepoint "Cleanup", Time since last: 2005888311 ns, Reaching safepoint: 11915462 ns, At safepoint: 130018 ns, Total: 12045480 ns
[2022-05-30T03:35:30.272+0000][7][safepoint   ] Safepoint "Cleanup", Time since last: 1159335452 ns, Reaching safepoint: 306004 ns, At safepoint: 18135 ns, Total: 324139 ns
[2022-05-30T03:35:32.282+0000][7][safepoint   ] Safepoint "Cleanup", Time since last: 2010309968 ns, Reaching safepoint: 245980 ns, At safepoint: 8846 ns, Total: 254826 ns
[2022-05-30T03:35:33.585+0000][7][safepoint   ] Safepoint "Cleanup", Time since last: 1302759192 ns, Reaching safepoint: 568556 ns, At safepoint: 36519 ns, Total: 605075 ns
[2022-05-30T03:35:34.734+0000][7][safepoint   ] Safepoint "Cleanup", Time since last: 1147733569 ns, Reaching safepoint: 348986 ns, At safepoint: 21081 ns, Total: 370067 ns
[2022-05-30T03:35:35.985+0000][7][safepoint   ] Safepoint "Cleanup", Time since last: 1250868959 ns, Reaching safepoint: 441863 ns, At safepoint: 22774 ns, Total: 464637 ns
[2022-05-30T03:35:37.375+0000][7][safepoint   ] Safepoint "Cleanup", Time since last: 1389373348 ns, Reaching safepoint: 606766 ns, At safepoint: 44696 ns, Total: 651462 ns
[2022-05-30T03:35:38.385+0000][7][safepoint   ] Safepoint "Cleanup", Time since last: 1009327755 ns, Reaching safepoint: 371599 ns, At safepoint: 20299 ns, Total: 391898 ns
[2022-05-30T03:35:39.530+0000][7][safepoint   ] Safepoint "Cleanup", Time since last: 1144712194 ns, Reaching safepoint: 570878 ns, At safepoint: 475001 ns, Total: 1045879 ns
[2022-05-30T03:35:40.547+0000][7][safepoint   ] Safepoint "Cleanup", Time since last: 1016259294 ns, Reaching safepoint: 350900 ns, At safepoint: 23375 ns, Total: 374275 ns
[2022-05-30T03:35:41.927+0000][7][safepoint   ] Safepoint "Cleanup", Time since last: 1379766899 ns, Reaching safepoint: 345108 ns, At safepoint: 16512 ns, Total: 361620 ns
[2022-05-30T03:35:42.931+0000][7][safepoint   ] Safepoint "Cleanup", Time since last: 1003610266 ns, Reaching safepoint: 301756 ns, At safepoint: 17624 ns, Total: 319380 ns
[2022-05-30T03:35:44.349+0000][7][safepoint   ] Safepoint "Cleanup", Time since last: 1417929980 ns, Reaching safepoint: 387700 ns, At safepoint: 25929 ns, Total: 413629 ns
[2022-05-30T03:35:45.501+0000][7][safepoint   ] Safepoint "Cleanup", Time since last: 1151510677 ns, Reaching safepoint: 455710 ns, At safepoint: 36470 ns, Total: 492180 ns
[2022-05-30T03:35:46.503+0000][7][safepoint   ] Safepoint "Cleanup", Time since last: 1000870788 ns, Reaching safepoint: 348315 ns, At safepoint: 22253 ns, Total: 370568 ns
[2022-05-30T03:35:47.504+0000][7][safepoint   ] Safepoint "Cleanup", Time since last: 1001265192 ns, Reaching safepoint: 414571 ns, At safepoint: 25519 ns, Total: 440090 ns
[2022-05-30T03:35:48.756+0000][7][safepoint   ] Safepoint "Cleanup", Time since last: 1251047072 ns, Reaching safepoint: 431695 ns, At safepoint: 37431 ns, Total: 469126 ns
[2022-05-30T03:35:49.757+0000][7][safepoint   ] Safepoint "Cleanup", Time since last: 1000772038 ns, Reaching safepoint: 366931 ns, At safepoint: 24146 ns, Total: 391077 ns
[2022-05-30T03:35:50.934+0000][7][safepoint   ] Safepoint "Cleanup", Time since last: 1176800762 ns, Reaching safepoint: 376178 ns, At safepoint: 30528 ns, Total: 406706 ns
[2022-05-30T03:35:51.941+0000][7][safepoint   ] Safepoint "Cleanup", Time since last: 1006878870 ns, Reaching safepoint: 323939 ns, At safepoint: 18495 ns, Total: 342434 ns
[2022-05-30T03:35:52.943+0000][7][safepoint   ] Safepoint "Cleanup", Time since last: 1000876220 ns, Reaching safepoint: 289142 ns, At safepoint: 11863 ns, Total: 301005 ns
[2022-05-30T03:35:53.944+0000][7][safepoint   ] Safepoint "Cleanup", Time since last: 1000705435 ns, Reaching safepoint: 342855 ns, At safepoint: 18695 ns, Total: 361550 ns
[2022-05-30T03:35:56.439+0000][7][safepoint   ] Safepoint "Cleanup", Time since last: 2154640719 ns, Reaching safepoint: 592572 ns, At safepoint: 40648 ns, Total: 633220 ns
[2022-05-30T03:35:57.440+0000][7][safepoint   ] Safepoint "Cleanup", Time since last: 1000897549 ns, Reaching safepoint: 187969 ns, At safepoint: 7194 ns, Total: 195163 ns
[2022-05-30T03:35:58.442+0000][7][safepoint   ] Safepoint "Cleanup", Time since last: 1000604973 ns, Reaching safepoint: 399412 ns, At safepoint: 24597 ns, Total: 424009 ns
[2022-05-30T03:35:59.616+0000][7][safepoint   ] Safepoint "Cleanup", Time since last: 1174181422 ns, Reaching safepoint: 491248 ns, At safepoint: 16261 ns, Total: 507509 ns
[2022-05-30T03:36:02.618+0000][7][safepoint   ] Safepoint "Cleanup", Time since last: 3001113239 ns, Reaching safepoint: 442766 ns, At safepoint: 59513 ns, Total: 502279 ns
[2022-05-30T03:36:03.619+0000][7][safepoint   ] Safepoint "Cleanup", Time since last: 1000827898 ns, Reaching safepoint: 319529 ns, At safepoint: 41880 ns, Total: 361409 ns
[2022-05-30T03:36:05.620+0000][7][safepoint   ] Safepoint "Cleanup", Time since last: 2000907280 ns, Reaching safepoint: 269825 ns, At safepoint: 18425 ns, Total: 288250 ns
[2022-05-30T03:36:06.622+0000][7][safepoint   ] Safepoint "Cleanup", Time since last: 1001580434 ns, Reaching safepoint: 390997 ns, At safepoint: 23334 ns, Total: 414331 ns
[2022-05-30T03:36:08.735+0000][7][safepoint   ] Safepoint "Cleanup", Time since last: 2112781888 ns, Reaching safepoint: 429039 ns, At safepoint: 59404 ns, Total: 488443 ns
[2022-05-30T03:36:09.737+0000][7][safepoint   ] Safepoint "Cleanup", Time since last: 1000946615 ns, Reaching safepoint: 359897 ns, At safepoint: 22342 ns, Total: 382239 ns
[2022-05-30T03:36:11.741+0000][7][safepoint   ] Safepoint "Cleanup", Time since last: 2003861980 ns, Reaching safepoint: 407097 ns, At safepoint: 28514 ns, Total: 435611 ns
[2022-05-30T03:36:12.742+0000][7][safepoint   ] Safepoint "Cleanup", Time since last: 1000928101 ns, Reaching safepoint: 337885 ns, At safepoint: 15269 ns, Total: 353154 ns
[2022-05-30T03:36:14.793+0000][7][safepoint   ] Safepoint "Cleanup", Time since last: 2050091182 ns, Reaching safepoint: 308799 ns, At safepoint: 12063 ns, Total: 320862 ns
[2022-05-30T03:36:15.794+0000][7][safepoint   ] Safepoint "Cleanup", Time since last: 1000711314 ns, Reaching safepoint: 383432 ns, At safepoint: 24667 ns, Total: 408099 ns
[2022-05-30T03:36:16.933+0000][7][safepoint   ] Safepoint "Cleanup", Time since last: 1138274946 ns, Reaching safepoint: 367512 ns, At safepoint: 21240 ns, Total: 388752 ns
[2022-05-30T03:36:18.037+0000][7][safepoint   ] Safepoint "Cleanup", Time since last: 1104234183 ns, Reaching safepoint: 269384 ns, At safepoint: 7404 ns, Total: 276788 ns
[2022-05-30T03:36:21.039+0000][7][safepoint   ] Safepoint "Cleanup", Time since last: 3000999256 ns, Reaching safepoint: 628019 ns, At safepoint: 23215 ns, Total: 651234 ns
[2022-05-30T03:36:23.040+0000][7][safepoint   ] Safepoint "Cleanup", Time since last: 2001083670 ns, Reaching safepoint: 368373 ns, At safepoint: 19407 ns, Total: 387780 ns
[2022-05-30T03:36:24.123+0000][7][safepoint   ] Safepoint "Cleanup", Time since last: 1082209532 ns, Reaching safepoint: 481258 ns, At safepoint: 18406 ns, Total: 499664 ns
[2022-05-30T03:36:26.780+0000][7][safepoint   ] Safepoint "Cleanup", Time since last: 3001220719 ns, Reaching safepoint: 334118 ns, At safepoint: 19988 ns, Total: 354106 ns
[2022-05-30T03:36:28.061+0000][7][safepoint   ] Safepoint "Cleanup", Time since last: 1279991554 ns, Reaching safepoint: 357042 ns, At safepoint: 28344 ns, Total: 385386 ns
[2022-05-30T03:36:29.062+0000][7][safepoint   ] Safepoint "Cleanup", Time since last: 1000828159 ns, Reaching safepoint: 509874 ns, At safepoint: 18836 ns, Total: 528710 ns
[2022-05-30T03:36:31.064+0000][7][safepoint   ] Safepoint "Cleanup", Time since last: 2000978839 ns, Reaching safepoint: 581199 ns, At safepoint: 16602 ns, Total: 597801 ns
[2022-05-30T03:36:32.065+0000][7][safepoint   ] Safepoint "Cleanup", Time since last: 1000728335 ns, Reaching safepoint: 341222 ns, At safepoint: 18325 ns, Total: 359547 ns
[2022-05-30T03:36:33.066+0000][7][safepoint   ] Safepoint "Cleanup", Time since last: 1000704004 ns, Reaching safepoint: 387219 ns, At safepoint: 50487 ns, Total: 437706 ns
[2022-05-30T03:36:34.067+0000][7][safepoint   ] Safepoint "Cleanup", Time since last: 1000835319 ns, Reaching safepoint: 369355 ns, At safepoint: 23655 ns, Total: 393010 ns
[2022-05-30T03:36:35.210+0000][7][safepoint   ] Safepoint "Cleanup", Time since last: 1142552572 ns, Reaching safepoint: 402098 ns, At safepoint: 19597 ns, Total: 421695 ns
[2022-05-30T03:36:36.212+0000][7][safepoint   ] Safepoint "Cleanup", Time since last: 1000974319 ns, Reaching safepoint: 429651 ns, At safepoint: 22943 ns, Total: 452594 ns
[2022-05-30T03:36:38.305+0000][7][safepoint   ] Safepoint "Cleanup", Time since last: 2093004644 ns, Reaching safepoint: 491158 ns, At safepoint: 53452 ns, Total: 544610 ns
[2022-05-30T03:36:39.307+0000][7][safepoint   ] Safepoint "Cleanup", Time since last: 1000795998 ns, Reaching safepoint: 478583 ns, At safepoint: 16632 ns, Total: 495215 ns
[2022-05-30T03:36:40.926+0000][7][gc,start    ] GC(21) Pause Young (Normal) (G1 Evacuation Pause)
[2022-05-30T03:36:40.926+0000][7][gc,task     ] GC(21) Using 8 workers of 8 for evacuation
[2022-05-30T03:36:40.927+0000][7][gc,age      ] GC(21) Desired survivor size 20971520 bytes, new threshold 15 (max threshold 15)
[2022-05-30T03:36:40.940+0000][7][gc,phases   ] GC(21)   Pre Evacuate Collection Set: 0.3ms
[2022-05-30T03:36:40.940+0000][7][gc,phases   ] GC(21)   Merge Heap Roots: 0.2ms
[2022-05-30T03:36:40.940+0000][7][gc,phases   ] GC(21)   Evacuate Collection Set: 9.2ms
[2022-05-30T03:36:40.941+0000][7][gc,phases   ] GC(21)   Post Evacuate Collection Set: 2.3ms
[2022-05-30T03:36:40.941+0000][7][gc,phases   ] GC(21)   Other: 1.2ms
[2022-05-30T03:36:40.941+0000][7][gc,age      ] GC(21) Age table with threshold 15 (max threshold 15)
[2022-05-30T03:36:40.941+0000][7][gc,age      ] GC(21) - age   1:    1302608 bytes,    1302608 total
[2022-05-30T03:36:40.942+0000][7][gc,age      ] GC(21) - age   2:    1223784 bytes,    2526392 total
[2022-05-30T03:36:40.942+0000][7][gc,age      ] GC(21) - age   3:    7789264 bytes,   10315656 total
[2022-05-30T03:36:40.943+0000][7][gc,age      ] GC(21) - age   4:    7597104 bytes,   17912760 total
[2022-05-30T03:36:40.943+0000][7][gc,heap     ] GC(21) Eden regions: 70->0(71)
[2022-05-30T03:36:40.944+0000][7][gc,heap     ] GC(21) Survivor regions: 5->5(10)
[2022-05-30T03:36:40.944+0000][7][gc,heap     ] GC(21) Old regions: 20->20
[2022-05-30T03:36:40.945+0000][7][gc,heap     ] GC(21) Archive regions: 2->2
[2022-05-30T03:36:40.945+0000][7][gc,heap     ] GC(21) Humongous regions: 2->2
[2022-05-30T03:36:40.945+0000][7][gc,metaspace] GC(21) Metaspace: 126248K(129600K)->126248K(129600K) NonClass: 109304K(111040K)->109304K(111040K) Class: 16943K(18560K)->16943K(18560K)
[2022-05-30T03:36:40.946+0000][7][gc          ] GC(21) Pause Young (Normal) (G1 Evacuation Pause) 388M->108M(512M) 19.964ms
[2022-05-30T03:36:40.946+0000][7][gc,cpu      ] GC(21) User=0.07s Sys=0.00s Real=0.02s
[2022-05-30T03:36:40.947+0000][7][safepoint   ] Safepoint "G1CollectForAllocation", Time since last: 1619016174 ns, Reaching safepoint: 284042 ns, At safepoint: 21185903 ns, Total: 21469945 ns
[2022-05-30T03:36:41.949+0000][7][safepoint   ] Safepoint "Cleanup", Time since last: 1000814022 ns, Reaching safepoint: 560089 ns, At safepoint: 216273 ns, Total: 776362 ns
[2022-05-30T03:36:43.950+0000][7][safepoint   ] Safepoint "Cleanup", Time since last: 2000991230 ns, Reaching safepoint: 395915 ns, At safepoint: 42111 ns, Total: 438026 ns
[2022-05-30T03:36:44.951+0000][7][safepoint   ] Safepoint "Cleanup", Time since last: 1000694056 ns, Reaching safepoint: 584816 ns, At safepoint: 25569 ns, Total: 610385 ns
[2022-05-30T03:36:45.952+0000][7][safepoint   ] Safepoint "Cleanup", Time since last: 1000605234 ns, Reaching safepoint: 335982 ns, At safepoint: 20058 ns, Total: 356040 ns
[2022-05-30T03:36:47.136+0000][7][safepoint   ] Safepoint "Cleanup", Time since last: 1183648701 ns, Reaching safepoint: 432456 ns, At safepoint: 19357 ns, Total: 451813 ns
[2022-05-30T03:36:48.300+0000][7][safepoint   ] Safepoint "Cleanup", Time since last: 1000956738 ns, Reaching safepoint: 162565143 ns, At safepoint: 147311 ns, Total: 162712454 ns
[2022-05-30T03:36:50.415+0000][7][safepoint   ] Safepoint "Cleanup", Time since last: 2114128472 ns, Reaching safepoint: 837318 ns, At safepoint: 68671 ns, Total: 905989 ns
[2022-05-30T03:36:51.418+0000][7][safepoint   ] Safepoint "Cleanup", Time since last: 1002507327 ns, Reaching safepoint: 380456 ns, At safepoint: 26241 ns, Total: 406697 ns
[2022-05-30T03:36:53.578+0000][7][safepoint   ] Safepoint "Cleanup", Time since last: 2159515858 ns, Reaching safepoint: 352984 ns, At safepoint: 27071 ns, Total: 380055 ns
[2022-05-30T03:36:55.430+0000][7][safepoint   ] Safepoint "Cleanup", Time since last: 2159194033 ns, Reaching safepoint: 387450 ns, At safepoint: 22032 ns, Total: 409482 ns
[2022-05-30T03:36:56.530+0000][7][safepoint   ] Safepoint "Cleanup", Time since last: 1099147628 ns, Reaching safepoint: 348556 ns, At safepoint: 48572 ns, Total: 397128 ns
[2022-05-30T03:36:57.538+0000][7][safepoint   ] Safepoint "Cleanup", Time since last: 1007189252 ns, Reaching safepoint: 523990 ns, At safepoint: 23735 ns, Total: 547725 ns
[2022-05-30T03:37:01.540+0000][7][safepoint   ] Safepoint "Cleanup", Time since last: 4001478540 ns, Reaching safepoint: 460900 ns, At safepoint: 19788 ns, Total: 480688 ns
[2022-05-30T03:37:02.541+0000][7][safepoint   ] Safepoint "Cleanup", Time since last: 1000810994 ns, Reaching safepoint: 413710 ns, At safepoint: 16972 ns, Total: 430682 ns
[2022-05-30T03:37:05.542+0000][7][safepoint   ] Safepoint "Cleanup", Time since last: 3001144740 ns, Reaching safepoint: 399903 ns, At safepoint: 45387 ns, Total: 445290 ns
[2022-05-30T03:37:06.702+0000][7][safepoint   ] Safepoint "Cleanup", Time since last: 1158668898 ns, Reaching safepoint: 664559 ns, At safepoint: 52189 ns, Total: 716748 ns
[2022-05-30T03:37:07.703+0000][7][safepoint   ] Safepoint "Cleanup", Time since last: 1001022711 ns, Reaching safepoint: 437245 ns, At safepoint: 67829 ns, Total: 505074 ns
[2022-05-30T03:37:08.705+0000][7][safepoint   ] Safepoint "Cleanup", Time since last: 1000783163 ns, Reaching safepoint: 411325 ns, At safepoint: 29617 ns, Total: 440942 ns
[2022-05-30T03:37:10.996+0000][7][safepoint   ] Safepoint "Cleanup", Time since last: 2291424049 ns, Reaching safepoint: 374856 ns, At safepoint: 27022 ns, Total: 401878 ns
[2022-05-30T03:37:12.075+0000][7][safepoint   ] Safepoint "Cleanup", Time since last: 1078715022 ns, Reaching safepoint: 360718 ns, At safepoint: 19087 ns, Total: 379805 ns
[2022-05-30T03:37:13.246+0000][7][safepoint   ] Safepoint "Cleanup", Time since last: 1169757658 ns, Reaching safepoint: 366189 ns, At safepoint: 12945 ns, Total: 379134 ns
[2022-05-30T03:37:14.247+0000][7][safepoint   ] Safepoint "Cleanup", Time since last: 1000762310 ns, Reaching safepoint: 224018 ns, At safepoint: 16071 ns, Total: 240089 ns
[2022-05-30T03:37:15.248+0000][7][safepoint   ] Safepoint "Cleanup", Time since last: 1001032079 ns, Reaching safepoint: 299232 ns, At safepoint: 18946 ns, Total: 318178 ns
[2022-05-30T03:37:16.502+0000][7][safepoint   ] Safepoint "Cleanup", Time since last: 1253532152 ns, Reaching safepoint: 318909 ns, At safepoint: 8095 ns, Total: 327004 ns
[2022-05-30T03:37:17.503+0000][7][safepoint   ] Safepoint "Cleanup", Time since last: 1000741398 ns, Reaching safepoint: 285275 ns, At safepoint: 15199 ns, Total: 300474 ns
[2022-05-30T03:37:20.686+0000][7][safepoint   ] Safepoint "Cleanup", Time since last: 3182403953 ns, Reaching safepoint: 421434 ns, At safepoint: 32743 ns, Total: 454177 ns
[2022-05-30T03:37:21.687+0000][7][safepoint   ] Safepoint "Cleanup", Time since last: 1001195168 ns, Reaching safepoint: 302778 ns, At safepoint: 23535 ns, Total: 326313 ns
[2022-05-30T03:37:22.874+0000][7][safepoint   ] Safepoint "Cleanup", Time since last: 1185926186 ns, Reaching safepoint: 477098 ns, At safepoint: 91805 ns, Total: 568903 ns
[2022-05-30T03:37:23.875+0000][7][safepoint   ] Safepoint "Cleanup", Time since last: 1000928619 ns, Reaching safepoint: 328788 ns, At safepoint: 38123 ns, Total: 366911 ns
[2022-05-30T03:37:26.169+0000][7][safepoint   ] Safepoint "Cleanup", Time since last: 2000789613 ns, Reaching safepoint: 79331470 ns, At safepoint: 80573 ns, Total: 79412043 ns
[2022-05-30T03:37:28.317+0000][7][safepoint   ] Safepoint "Cleanup", Time since last: 2146881445 ns, Reaching safepoint: 528559 ns, At safepoint: 33894 ns, Total: 562453 ns
[2022-05-30T03:37:29.414+0000][7][safepoint   ] Safepoint "Cleanup", Time since last: 1096611821 ns, Reaching safepoint: 365658 ns, At safepoint: 169604 ns, Total: 535262 ns
[2022-05-30T03:37:35.647+0000][7][safepoint   ] Safepoint "Cleanup", Time since last: 6232643884 ns, Reaching safepoint: 518951 ns, At safepoint: 31009 ns, Total: 549960 ns
[2022-05-30T03:37:37.798+0000][7][safepoint   ] Safepoint "Cleanup", Time since last: 2150582791 ns, Reaching safepoint: 415954 ns, At safepoint: 41670 ns, Total: 457624 ns
[2022-05-30T03:37:39.006+0000][7][safepoint   ] Safepoint "Cleanup", Time since last: 1207489676 ns, Reaching safepoint: 616046 ns, At safepoint: 70915 ns, Total: 686961 ns
[2022-05-30T03:37:40.007+0000][7][safepoint   ] Safepoint "Cleanup", Time since last: 1000940135 ns, Reaching safepoint: 383161 ns, At safepoint: 31250 ns, Total: 414411 ns
[2022-05-30T03:37:41.155+0000][7][safepoint   ] Safepoint "Cleanup", Time since last: 1147165010 ns, Reaching safepoint: 349557 ns, At safepoint: 25098 ns, Total: 374655 ns
[2022-05-30T03:37:42.598+0000][7][safepoint   ] Safepoint "Cleanup", Time since last: 1443013140 ns, Reaching safepoint: 426534 ns, At safepoint: 21591 ns, Total: 448125 ns
[2022-05-30T03:37:43.825+0000][7][safepoint   ] Safepoint "Cleanup", Time since last: 1226385771 ns, Reaching safepoint: 549398 ns, At safepoint: 84942 ns, Total: 634340 ns
[2022-05-30T03:37:45.827+0000][7][safepoint   ] Safepoint "Cleanup", Time since last: 2001168460 ns, Reaching safepoint: 355369 ns, At safepoint: 20329 ns, Total: 375698 ns
[2022-05-30T03:37:47.828+0000][7][safepoint   ] Safepoint "Cleanup", Time since last: 2000972959 ns, Reaching safepoint: 449689 ns, At safepoint: 29616 ns, Total: 479305 ns
[2022-05-30T03:37:48.975+0000][7][safepoint   ] Safepoint "Cleanup", Time since last: 1146453109 ns, Reaching safepoint: 452954 ns, At safepoint: 53793 ns, Total: 506747 ns
[2022-05-30T03:37:50.057+0000][7][safepoint   ] Safepoint "Cleanup", Time since last: 1080883155 ns, Reaching safepoint: 370527 ns, At safepoint: 53633 ns, Total: 424160 ns
[2022-05-30T03:37:51.058+0000][7][safepoint   ] Safepoint "Cleanup", Time since last: 1000682651 ns, Reaching safepoint: 338476 ns, At safepoint: 21321 ns, Total: 359797 ns
[2022-05-30T03:37:52.239+0000][7][safepoint   ] Safepoint "Cleanup", Time since last: 1181177417 ns, Reaching safepoint: 453937 ns, At safepoint: 13415 ns, Total: 467352 ns
[2022-05-30T03:37:53.241+0000][7][safepoint   ] Safepoint "Cleanup", Time since last: 1000806257 ns, Reaching safepoint: 350870 ns, At safepoint: 19117 ns, Total: 369987 ns
[2022-05-30T03:37:54.512+0000][7][safepoint   ] Safepoint "Cleanup", Time since last: 1270930907 ns, Reaching safepoint: 384304 ns, At safepoint: 10340 ns, Total: 394644 ns
[2022-05-30T03:37:55.513+0000][7][safepoint   ] Safepoint "Cleanup", Time since last: 1000693185 ns, Reaching safepoint: 415132 ns, At safepoint: 19838 ns, Total: 434970 ns
[2022-05-30T03:37:56.617+0000][7][safepoint   ] Safepoint "Cleanup", Time since last: 1103047484 ns, Reaching safepoint: 423860 ns, At safepoint: 23625 ns, Total: 447485 ns
[2022-05-30T03:37:58.102+0000][7][safepoint   ] Safepoint "Cleanup", Time since last: 1116607711 ns, Reaching safepoint: 444198 ns, At safepoint: 34416 ns, Total: 478614 ns
[2022-05-30T03:37:59.488+0000][7][gc,start    ] GC(22) Pause Young (Normal) (G1 Evacuation Pause)
[2022-05-30T03:37:59.516+0000][7][gc,task     ] GC(22) Using 8 workers of 8 for evacuation
[2022-05-30T03:37:59.520+0000][7][gc,age      ] GC(22) Desired survivor size 20971520 bytes, new threshold 15 (max threshold 15)
[2022-05-30T03:37:59.551+0000][7][gc,phases   ] GC(22)   Pre Evacuate Collection Set: 0.4ms
[2022-05-30T03:37:59.552+0000][7][gc,phases   ] GC(22)   Merge Heap Roots: 0.2ms
[2022-05-30T03:37:59.552+0000][7][gc,phases   ] GC(22)   Evacuate Collection Set: 23.1ms
[2022-05-30T03:37:59.553+0000][7][gc,phases   ] GC(22)   Post Evacuate Collection Set: 2.7ms
[2022-05-30T03:37:59.554+0000][7][gc,phases   ] GC(22)   Other: 8.5ms
[2022-05-30T03:37:59.554+0000][7][gc,age      ] GC(22) Age table with threshold 15 (max threshold 15)
[2022-05-30T03:37:59.555+0000][7][gc,age      ] GC(22) - age   1:    1767496 bytes,    1767496 total
[2022-05-30T03:37:59.555+0000][7][gc,age      ] GC(22) - age   2:     325664 bytes,    2093160 total
[2022-05-30T03:37:59.556+0000][7][gc,age      ] GC(22) - age   3:    1221592 bytes,    3314752 total
[2022-05-30T03:37:59.556+0000][7][gc,age      ] GC(22) - age   4:    7789000 bytes,   11103752 total
[2022-05-30T03:37:59.557+0000][7][gc,age      ] GC(22) - age   5:    7596976 bytes,   18700728 total
[2022-05-30T03:37:59.557+0000][7][gc,heap     ] GC(22) Eden regions: 71->0(71)
[2022-05-30T03:37:59.558+0000][7][gc,heap     ] GC(22) Survivor regions: 5->5(10)
[2022-05-30T03:37:59.558+0000][7][gc,heap     ] GC(22) Old regions: 20->20
[2022-05-30T03:37:59.559+0000][7][gc,heap     ] GC(22) Archive regions: 2->2
[2022-05-30T03:37:59.560+0000][7][gc,heap     ] GC(22) Humongous regions: 2->2
[2022-05-30T03:37:59.560+0000][7][gc,metaspace] GC(22) Metaspace: 126851K(130240K)->126851K(130240K) NonClass: 109902K(111680K)->109902K(111680K) Class: 16948K(18560K)->16948K(18560K)
[2022-05-30T03:37:59.561+0000][7][gc          ] GC(22) Pause Young (Normal) (G1 Evacuation Pause) 392M->109M(512M) 72.520ms
[2022-05-30T03:37:59.562+0000][7][gc,cpu      ] GC(22) User=0.12s Sys=0.00s Real=0.07s
[2022-05-30T03:37:59.562+0000][7][safepoint   ] Safepoint "G1CollectForAllocation", Time since last: 1386129612 ns, Reaching safepoint: 359276 ns, At safepoint: 74219039 ns, Total: 74578315 ns
[2022-05-30T03:38:00.564+0000][7][safepoint   ] Safepoint "Cleanup", Time since last: 1001244404 ns, Reaching safepoint: 351971 ns, At safepoint: 57751 ns, Total: 409722 ns
[2022-05-30T03:38:02.566+0000][7][safepoint   ] Safepoint "Cleanup", Time since last: 2000973250 ns, Reaching safepoint: 372652 ns, At safepoint: 24627 ns, Total: 397279 ns
[2022-05-30T03:38:03.567+0000][7][safepoint   ] Safepoint "Cleanup", Time since last: 1000881611 ns, Reaching safepoint: 413729 ns, At safepoint: 41740 ns, Total: 455469 ns
[2022-05-30T03:38:05.568+0000][7][safepoint   ] Safepoint "Cleanup", Time since last: 2000814302 ns, Reaching safepoint: 397850 ns, At safepoint: 30989 ns, Total: 428839 ns
[2022-05-30T03:38:08.570+0000][7][safepoint   ] Safepoint "Cleanup", Time since last: 3001306647 ns, Reaching safepoint: 341332 ns, At safepoint: 18155 ns, Total: 359487 ns
[2022-05-30T03:38:09.571+0000][7][safepoint   ] Safepoint "Cleanup", Time since last: 1000631724 ns, Reaching safepoint: 267340 ns, At safepoint: 6903 ns, Total: 274243 ns
[2022-05-30T03:38:11.572+0000][7][safepoint   ] Safepoint "Cleanup", Time since last: 2000724894 ns, Reaching safepoint: 383232 ns, At safepoint: 32792 ns, Total: 416024 ns
[2022-05-30T03:38:12.573+0000][7][safepoint   ] Safepoint "Cleanup", Time since last: 1000912036 ns, Reaching safepoint: 500675 ns, At safepoint: 19257 ns, Total: 519932 ns
[2022-05-30T03:38:14.575+0000][7][safepoint   ] Safepoint "Cleanup", Time since last: 2001088717 ns, Reaching safepoint: 341793 ns, At safepoint: 61948 ns, Total: 403741 ns
[2022-05-30T03:38:15.576+0000][7][safepoint   ] Safepoint "Cleanup", Time since last: 1000781397 ns, Reaching safepoint: 431474 ns, At safepoint: 9598 ns, Total: 441072 ns
[2022-05-30T03:38:17.577+0000][7][safepoint   ] Safepoint "Cleanup", Time since last: 2001062495 ns, Reaching safepoint: 410975 ns, At safepoint: 67308 ns, Total: 478283 ns
[2022-05-30T03:38:19.580+0000][7][safepoint   ] Safepoint "Cleanup", Time since last: 2001786867 ns, Reaching safepoint: 578244 ns, At safepoint: 28384 ns, Total: 606628 ns
[2022-05-30T03:38:20.581+0000][7][safepoint   ] Safepoint "Cleanup", Time since last: 1000867324 ns, Reaching safepoint: 369977 ns, At safepoint: 24546 ns, Total: 394523 ns
[2022-05-30T03:38:22.832+0000][7][safepoint   ] Safepoint "Cleanup", Time since last: 2250052941 ns, Reaching safepoint: 320292 ns, At safepoint: 59904 ns, Total: 380196 ns
[2022-05-30T03:38:25.833+0000][7][safepoint   ] Safepoint "Cleanup", Time since last: 3001173775 ns, Reaching safepoint: 361210 ns, At safepoint: 16461 ns, Total: 377671 ns
[2022-05-30T03:38:29.211+0000][7][safepoint   ] Safepoint "Cleanup", Time since last: 4001306876 ns, Reaching safepoint: 365839 ns, At safepoint: 23274 ns, Total: 389113 ns
[2022-05-30T03:38:30.212+0000][7][safepoint   ] Safepoint "Cleanup", Time since last: 1000656722 ns, Reaching safepoint: 336232 ns, At safepoint: 22754 ns, Total: 358986 ns
[2022-05-30T03:38:32.261+0000][7][safepoint   ] Safepoint "Cleanup", Time since last: 2048299970 ns, Reaching safepoint: 570148 ns, At safepoint: 18956 ns, Total: 589104 ns
[2022-05-30T03:38:35.262+0000][7][safepoint   ] Safepoint "Cleanup", Time since last: 3001188137 ns, Reaching safepoint: 422867 ns, At safepoint: 31510 ns, Total: 454377 ns
[2022-05-30T03:38:37.437+0000][7][safepoint   ] Safepoint "Cleanup", Time since last: 2173884503 ns, Reaching safepoint: 426124 ns, At safepoint: 34816 ns, Total: 460940 ns
[2022-05-30T03:38:38.595+0000][7][safepoint   ] Safepoint "Cleanup", Time since last: 1157734030 ns, Reaching safepoint: 395896 ns, At safepoint: 28935 ns, Total: 424831 ns
[2022-05-30T03:38:39.686+0000][7][safepoint   ] Safepoint "Cleanup", Time since last: 1090889621 ns, Reaching safepoint: 388832 ns, At safepoint: 32382 ns, Total: 421214 ns
[2022-05-30T03:38:40.687+0000][7][safepoint   ] Safepoint "Cleanup", Time since last: 1000876742 ns, Reaching safepoint: 353324 ns, At safepoint: 45638 ns, Total: 398962 ns
[2022-05-30T03:38:41.794+0000][7][safepoint   ] Safepoint "Cleanup", Time since last: 1106308619 ns, Reaching safepoint: 470210 ns, At safepoint: 61147 ns, Total: 531357 ns
[2022-05-30T03:38:42.796+0000][7][safepoint   ] Safepoint "Cleanup", Time since last: 1001511873 ns, Reaching safepoint: 386347 ns, At safepoint: 48002 ns, Total: 434349 ns
[2022-05-30T03:38:43.797+0000][7][safepoint   ] Safepoint "Cleanup", Time since last: 1000708282 ns, Reaching safepoint: 384534 ns, At safepoint: 51668 ns, Total: 436202 ns
[2022-05-30T03:38:44.846+0000][7][safepoint   ] Safepoint "Cleanup", Time since last: 1048192278 ns, Reaching safepoint: 398461 ns, At safepoint: 22523 ns, Total: 420984 ns
[2022-05-30T03:38:45.916+0000][7][safepoint   ] Safepoint "Cleanup", Time since last: 1070116929 ns, Reaching safepoint: 315843 ns, At safepoint: 17182 ns, Total: 333025 ns
[2022-05-30T03:38:46.918+0000][7][safepoint   ] Safepoint "Cleanup", Time since last: 1000848398 ns, Reaching safepoint: 527106 ns, At safepoint: 35027 ns, Total: 562133 ns
[2022-05-30T03:38:48.177+0000][7][safepoint   ] Safepoint "Cleanup", Time since last: 1258701321 ns, Reaching safepoint: 451125 ns, At safepoint: 49755 ns, Total: 500880 ns
[2022-05-30T03:38:50.179+0000][7][safepoint   ] Safepoint "Cleanup", Time since last: 2001155242 ns, Reaching safepoint: 397439 ns, At safepoint: 31760 ns, Total: 429199 ns
[2022-05-30T03:38:53.353+0000][7][safepoint   ] Safepoint "Cleanup", Time since last: 3173535130 ns, Reaching safepoint: 686050 ns, At safepoint: 26650 ns, Total: 712700 ns
[2022-05-30T03:38:54.354+0000][7][safepoint   ] Safepoint "Cleanup", Time since last: 1000750332 ns, Reaching safepoint: 392339 ns, At safepoint: 20048 ns, Total: 412387 ns
[2022-05-30T03:38:55.484+0000][7][safepoint   ] Safepoint "Cleanup", Time since last: 1130070623 ns, Reaching safepoint: 415854 ns, At safepoint: 30839 ns, Total: 446693 ns
[2022-05-30T03:38:56.486+0000][7][safepoint   ] Safepoint "Cleanup", Time since last: 1000831286 ns, Reaching safepoint: 388391 ns, At safepoint: 23816 ns, Total: 412207 ns
[2022-05-30T03:38:58.013+0000][7][safepoint   ] Safepoint "Cleanup", Time since last: 1183136548 ns, Reaching safepoint: 363925 ns, At safepoint: 16872 ns, Total: 380797 ns
[2022-05-30T03:38:59.015+0000][7][safepoint   ] Safepoint "Cleanup", Time since last: 1000694785 ns, Reaching safepoint: 523710 ns, At safepoint: 43232 ns, Total: 566942 ns
[2022-05-30T03:39:00.016+0000][7][safepoint   ] Safepoint "Cleanup", Time since last: 1001320712 ns, Reaching safepoint: 494173 ns, At safepoint: 60215 ns, Total: 554388 ns
[2022-05-30T03:39:01.186+0000][7][safepoint   ] Safepoint "Cleanup", Time since last: 1168926859 ns, Reaching safepoint: 365978 ns, At safepoint: 25008 ns, Total: 390986 ns
[2022-05-30T03:39:02.562+0000][7][safepoint   ] Safepoint "Cleanup", Time since last: 1375659444 ns, Reaching safepoint: 550120 ns, At safepoint: 35247 ns, Total: 585367 ns
[2022-05-30T03:39:03.563+0000][7][safepoint   ] Safepoint "Cleanup", Time since last: 1000712653 ns, Reaching safepoint: 363403 ns, At safepoint: 23936 ns, Total: 387339 ns
[2022-05-30T03:39:05.127+0000][7][gc,start    ] GC(23) Pause Young (Normal) (G1 Evacuation Pause)
[2022-05-30T03:39:05.127+0000][7][gc,task     ] GC(23) Using 8 workers of 8 for evacuation
[2022-05-30T03:39:05.128+0000][7][gc,age      ] GC(23) Desired survivor size 20971520 bytes, new threshold 15 (max threshold 15)
[2022-05-30T03:39:05.142+0000][7][gc,phases   ] GC(23)   Pre Evacuate Collection Set: 0.4ms
[2022-05-30T03:39:05.142+0000][7][gc,phases   ] GC(23)   Merge Heap Roots: 0.3ms
[2022-05-30T03:39:05.143+0000][7][gc,phases   ] GC(23)   Evacuate Collection Set: 10.5ms
[2022-05-30T03:39:05.143+0000][7][gc,phases   ] GC(23)   Post Evacuate Collection Set: 2.2ms
[2022-05-30T03:39:05.143+0000][7][gc,phases   ] GC(23)   Other: 1.1ms
[2022-05-30T03:39:05.143+0000][7][gc,age      ] GC(23) Age table with threshold 15 (max threshold 15)
[2022-05-30T03:39:05.143+0000][7][gc,age      ] GC(23) - age   1:    1516720 bytes,    1516720 total
[2022-05-30T03:39:05.144+0000][7][gc,age      ] GC(23) - age   2:     655768 bytes,    2172488 total
[2022-05-30T03:39:05.144+0000][7][gc,age      ] GC(23) - age   3:     325136 bytes,    2497624 total
[2022-05-30T03:39:05.144+0000][7][gc,age      ] GC(23) - age   4:    1195232 bytes,    3692856 total
[2022-05-30T03:39:05.144+0000][7][gc,age      ] GC(23) - age   5:    7228256 bytes,   10921112 total
[2022-05-30T03:39:05.145+0000][7][gc,age      ] GC(23) - age   6:    7564832 bytes,   18485944 total
[2022-05-30T03:39:05.145+0000][7][gc,heap     ] GC(23) Eden regions: 71->0(71)
[2022-05-30T03:39:05.145+0000][7][gc,heap     ] GC(23) Survivor regions: 5->5(10)
[2022-05-30T03:39:05.145+0000][7][gc,heap     ] GC(23) Old regions: 20->20
[2022-05-30T03:39:05.146+0000][7][gc,heap     ] GC(23) Archive regions: 2->2
[2022-05-30T03:39:05.146+0000][7][gc,heap     ] GC(23) Humongous regions: 2->2
[2022-05-30T03:39:05.146+0000][7][gc,metaspace] GC(23) Metaspace: 127203K(130624K)->127203K(130624K) NonClass: 110254K(112064K)->110254K(112064K) Class: 16948K(18560K)->16948K(18560K)
[2022-05-30T03:39:05.147+0000][7][gc          ] GC(23) Pause Young (Normal) (G1 Evacuation Pause) 393M->108M(512M) 20.428ms
[2022-05-30T03:39:05.148+0000][7][gc,cpu      ] GC(23) User=0.08s Sys=0.00s Real=0.02s
[2022-05-30T03:39:05.148+0000][7][safepoint   ] Safepoint "G1CollectForAllocation", Time since last: 1563257758 ns, Reaching safepoint: 372541 ns, At safepoint: 21414070 ns, Total: 21786611 ns
[2022-05-30T03:39:08.150+0000][7][safepoint   ] Safepoint "Cleanup", Time since last: 3001067924 ns, Reaching safepoint: 830344 ns, At safepoint: 42301 ns, Total: 872645 ns
[2022-05-30T03:39:09.151+0000][7][safepoint   ] Safepoint "Cleanup", Time since last: 1000685650 ns, Reaching safepoint: 395155 ns, At safepoint: 24617 ns, Total: 419772 ns
[2022-05-30T03:39:11.416+0000][7][safepoint   ] Safepoint "Cleanup", Time since last: 2264686412 ns, Reaching safepoint: 385737 ns, At safepoint: 29957 ns, Total: 415694 ns
[2022-05-30T03:39:14.486+0000][7][safepoint   ] Safepoint "Cleanup", Time since last: 3069020896 ns, Reaching safepoint: 318177 ns, At safepoint: 15089 ns, Total: 333266 ns
[2022-05-30T03:39:15.487+0000][7][safepoint   ] Safepoint "Cleanup", Time since last: 1000727877 ns, Reaching safepoint: 432175 ns, At safepoint: 32342 ns, Total: 464517 ns
[2022-05-30T03:39:16.550+0000][7][safepoint   ] Safepoint "Cleanup", Time since last: 1062261869 ns, Reaching safepoint: 433818 ns, At safepoint: 19187 ns, Total: 453005 ns
[2022-05-30T03:39:17.713+0000][7][safepoint   ] Safepoint "Cleanup", Time since last: 1163199394 ns, Reaching safepoint: 321123 ns, At safepoint: 43433 ns, Total: 364556 ns
[2022-05-30T03:39:18.714+0000][7][safepoint   ] Safepoint "Cleanup", Time since last: 1000695627 ns, Reaching safepoint: 404843 ns, At safepoint: 28925 ns, Total: 433768 ns
[2022-05-30T03:39:19.946+0000][7][safepoint   ] Safepoint "Cleanup", Time since last: 1231241198 ns, Reaching safepoint: 333106 ns, At safepoint: 9838 ns, Total: 342944 ns
[2022-05-30T03:39:20.947+0000][7][safepoint   ] Safepoint "Cleanup", Time since last: 1000683273 ns, Reaching safepoint: 314380 ns, At safepoint: 19117 ns, Total: 333497 ns
[2022-05-30T03:39:22.158+0000][7][safepoint   ] Safepoint "Cleanup", Time since last: 1210859973 ns, Reaching safepoint: 506637 ns, At safepoint: 55866 ns, Total: 562503 ns
[2022-05-30T03:39:24.160+0000][7][safepoint   ] Safepoint "Cleanup", Time since last: 2001110857 ns, Reaching safepoint: 358024 ns, At safepoint: 17032 ns, Total: 375056 ns
[2022-05-30T03:39:25.300+0000][7][safepoint   ] Safepoint "Cleanup", Time since last: 1139952591 ns, Reaching safepoint: 534671 ns, At safepoint: 43874 ns, Total: 578545 ns
[2022-05-30T03:39:27.302+0000][7][safepoint   ] Safepoint "Cleanup", Time since last: 2000946289 ns, Reaching safepoint: 531305 ns, At safepoint: 31420 ns, Total: 562725 ns
[2022-05-30T03:39:27.998+0000][7][safepoint   ] Safepoint "Cleanup", Time since last: 1000778987 ns, Reaching safepoint: 382270 ns, At safepoint: 20178 ns, Total: 402448 ns
[2022-05-30T03:39:30.242+0000][7][safepoint   ] Safepoint "Cleanup", Time since last: 2244227990 ns, Reaching safepoint: 353144 ns, At safepoint: 59263 ns, Total: 412407 ns
[2022-05-30T03:39:32.444+0000][7][safepoint   ] Safepoint "Cleanup", Time since last: 2201029909 ns, Reaching safepoint: 307156 ns, At safepoint: 13055 ns, Total: 320211 ns
[2022-05-30T03:39:35.445+0000][7][safepoint   ] Safepoint "Cleanup", Time since last: 3000979003 ns, Reaching safepoint: 463495 ns, At safepoint: 41329 ns, Total: 504824 ns
[2022-05-30T03:39:36.446+0000][7][safepoint   ] Safepoint "Cleanup", Time since last: 1000628331 ns, Reaching safepoint: 379384 ns, At safepoint: 21932 ns, Total: 401316 ns
[2022-05-30T03:39:37.447+0000][7][safepoint   ] Safepoint "Cleanup", Time since last: 1000661538 ns, Reaching safepoint: 349197 ns, At safepoint: 13014 ns, Total: 362211 ns
[2022-05-30T03:39:41.658+0000][7][safepoint   ] Safepoint "Cleanup", Time since last: 4210456429 ns, Reaching safepoint: 562123 ns, At safepoint: 19096 ns, Total: 581219 ns
[2022-05-30T03:39:45.660+0000][7][safepoint   ] Safepoint "Cleanup", Time since last: 4001288292 ns, Reaching safepoint: 439219 ns, At safepoint: 17343 ns, Total: 456562 ns
[2022-05-30T03:39:47.661+0000][7][safepoint   ] Safepoint "Cleanup", Time since last: 2000860417 ns, Reaching safepoint: 219239 ns, At safepoint: 6672 ns, Total: 225911 ns
[2022-05-30T03:39:49.662+0000][7][safepoint   ] Safepoint "Cleanup", Time since last: 2000733797 ns, Reaching safepoint: 295064 ns, At safepoint: 41269 ns, Total: 336333 ns
[2022-05-30T03:39:52.664+0000][7][safepoint   ] Safepoint "Cleanup", Time since last: 3001026003 ns, Reaching safepoint: 362892 ns, At safepoint: 198760 ns, Total: 561652 ns
[2022-05-30T03:39:53.665+0000][7][safepoint   ] Safepoint "Cleanup", Time since last: 1000824425 ns, Reaching safepoint: 408980 ns, At safepoint: 49896 ns, Total: 458876 ns
[2022-05-30T03:39:54.666+0000][7][safepoint   ] Safepoint "Cleanup", Time since last: 1000568679 ns, Reaching safepoint: 349347 ns, At safepoint: 16321 ns, Total: 365668 ns
[2022-05-30T03:39:55.790+0000][7][safepoint   ] Safepoint "Cleanup", Time since last: 1124021752 ns, Reaching safepoint: 310603 ns, At safepoint: 16461 ns, Total: 327064 ns
[2022-05-30T03:39:59.079+0000][7][safepoint   ] Safepoint "Cleanup", Time since last: 3001092875 ns, Reaching safepoint: 392940 ns, At safepoint: 30518 ns, Total: 423458 ns
[2022-05-30T03:40:00.080+0000][7][safepoint   ] Safepoint "Cleanup", Time since last: 1000790308 ns, Reaching safepoint: 501438 ns, At safepoint: 69192 ns, Total: 570630 ns
[2022-05-30T03:40:05.082+0000][7][safepoint   ] Safepoint "Cleanup", Time since last: 5001385866 ns, Reaching safepoint: 324650 ns, At safepoint: 17603 ns, Total: 342253 ns
[2022-05-30T03:40:06.084+0000][7][safepoint   ] Safepoint "Cleanup", Time since last: 1001366700 ns, Reaching safepoint: 533900 ns, At safepoint: 43172 ns, Total: 577072 ns
[2022-05-30T03:40:07.086+0000][7][safepoint   ] Safepoint "Cleanup", Time since last: 1001182232 ns, Reaching safepoint: 356350 ns, At safepoint: 27703 ns, Total: 384053 ns
[2022-05-30T03:40:11.263+0000][7][safepoint   ] Safepoint "Cleanup", Time since last: 4176850933 ns, Reaching safepoint: 767866 ns, At safepoint: 55856 ns, Total: 823722 ns
[2022-05-30T03:40:12.264+0000][7][safepoint   ] Safepoint "Cleanup", Time since last: 1000693232 ns, Reaching safepoint: 327956 ns, At safepoint: 9418 ns, Total: 337374 ns
[2022-05-30T03:40:13.265+0000][7][safepoint   ] Safepoint "Cleanup", Time since last: 1000567022 ns, Reaching safepoint: 352533 ns, At safepoint: 16391 ns, Total: 368924 ns
[2022-05-30T03:40:17.449+0000][7][safepoint   ] Safepoint "Cleanup", Time since last: 4183554549 ns, Reaching safepoint: 464647 ns, At safepoint: 23725 ns, Total: 488372 ns
[2022-05-30T03:40:18.450+0000][7][safepoint   ] Safepoint "Cleanup", Time since last: 1000649952 ns, Reaching safepoint: 346081 ns, At safepoint: 22192 ns, Total: 368273 ns
[2022-05-30T03:40:19.654+0000][7][safepoint   ] Safepoint "Cleanup", Time since last: 1203187561 ns, Reaching safepoint: 467311 ns, At safepoint: 62309 ns, Total: 529620 ns
[2022-05-30T03:40:20.656+0000][7][safepoint   ] Safepoint "Cleanup", Time since last: 1001283862 ns, Reaching safepoint: 359737 ns, At safepoint: 21701 ns, Total: 381438 ns
[2022-05-30T03:40:23.031+0000][7][gc,start    ] GC(24) Pause Young (Normal) (G1 Evacuation Pause)
[2022-05-30T03:40:23.031+0000][7][gc,task     ] GC(24) Using 8 workers of 8 for evacuation
[2022-05-30T03:40:23.032+0000][7][gc,age      ] GC(24) Desired survivor size 20971520 bytes, new threshold 15 (max threshold 15)
[2022-05-30T03:40:23.045+0000][7][gc,phases   ] GC(24)   Pre Evacuate Collection Set: 0.4ms
[2022-05-30T03:40:23.045+0000][7][gc,phases   ] GC(24)   Merge Heap Roots: 0.3ms
[2022-05-30T03:40:23.046+0000][7][gc,phases   ] GC(24)   Evacuate Collection Set: 9.8ms
[2022-05-30T03:40:23.046+0000][7][gc,phases   ] GC(24)   Post Evacuate Collection Set: 2.1ms
[2022-05-30T03:40:23.046+0000][7][gc,phases   ] GC(24)   Other: 0.8ms
[2022-05-30T03:40:23.047+0000][7][gc,age      ] GC(24) Age table with threshold 15 (max threshold 15)
[2022-05-30T03:40:23.047+0000][7][gc,age      ] GC(24) - age   1:     695656 bytes,     695656 total
[2022-05-30T03:40:23.047+0000][7][gc,age      ] GC(24) - age   2:     267368 bytes,     963024 total
[2022-05-30T03:40:23.047+0000][7][gc,age      ] GC(24) - age   3:     653144 bytes,    1616168 total
[2022-05-30T03:40:23.048+0000][7][gc,age      ] GC(24) - age   4:     325096 bytes,    1941264 total
[2022-05-30T03:40:23.048+0000][7][gc,age      ] GC(24) - age   5:    1148256 bytes,    3089520 total
[2022-05-30T03:40:23.048+0000][7][gc,age      ] GC(24) - age   6:    7227792 bytes,   10317312 total
[2022-05-30T03:40:23.049+0000][7][gc,age      ] GC(24) - age   7:    7564832 bytes,   17882144 total
[2022-05-30T03:40:23.049+0000][7][gc,heap     ] GC(24) Eden regions: 71->0(71)
[2022-05-30T03:40:23.050+0000][7][gc,heap     ] GC(24) Survivor regions: 5->5(10)
[2022-05-30T03:40:23.050+0000][7][gc,heap     ] GC(24) Old regions: 20->20
[2022-05-30T03:40:23.050+0000][7][gc,heap     ] GC(24) Archive regions: 2->2
[2022-05-30T03:40:23.051+0000][7][gc,heap     ] GC(24) Humongous regions: 2->2
[2022-05-30T03:40:23.051+0000][7][gc,metaspace] GC(24) Metaspace: 127498K(130880K)->127498K(130880K) NonClass: 110549K(112320K)->110549K(112320K) Class: 16948K(18560K)->16948K(18560K)
[2022-05-30T03:40:23.051+0000][7][gc          ] GC(24) Pause Young (Normal) (G1 Evacuation Pause) 392M->108M(512M) 20.352ms
[2022-05-30T03:40:23.052+0000][7][gc,cpu      ] GC(24) User=0.08s Sys=0.00s Real=0.02s
[2022-05-30T03:40:23.052+0000][7][safepoint   ] Safepoint "G1CollectForAllocation", Time since last: 2374889462 ns, Reaching safepoint: 335861 ns, At safepoint: 21218266 ns, Total: 21554127 ns
[2022-05-30T03:40:24.053+0000][7][safepoint   ] Safepoint "Cleanup", Time since last: 1000687073 ns, Reaching safepoint: 370638 ns, At safepoint: 22513 ns, Total: 393151 ns
[2022-05-30T03:40:26.334+0000][7][safepoint   ] Safepoint "Cleanup", Time since last: 2280226467 ns, Reaching safepoint: 355719 ns, At safepoint: 21852 ns, Total: 377571 ns
[2022-05-30T03:40:29.616+0000][7][safepoint   ] Safepoint "Cleanup", Time since last: 3244100472 ns, Reaching safepoint: 598323 ns, At safepoint: 71927 ns, Total: 670250 ns
[2022-05-30T03:40:31.622+0000][7][safepoint   ] Safepoint "Cleanup", Time since last: 2005628092 ns, Reaching safepoint: 358514 ns, At safepoint: 52310 ns, Total: 410824 ns
[2022-05-30T03:40:32.624+0000][7][safepoint   ] Safepoint "Cleanup", Time since last: 1001821176 ns, Reaching safepoint: 443066 ns, At safepoint: 51979 ns, Total: 495045 ns
[2022-05-30T03:40:35.793+0000][7][safepoint   ] Safepoint "Cleanup", Time since last: 3168653025 ns, Reaching safepoint: 370166 ns, At safepoint: 22193 ns, Total: 392359 ns
[2022-05-30T03:40:36.920+0000][7][safepoint   ] Safepoint "Cleanup", Time since last: 1126334501 ns, Reaching safepoint: 447024 ns, At safepoint: 35237 ns, Total: 482261 ns
[2022-05-30T03:40:38.228+0000][7][safepoint   ] Safepoint "Cleanup", Time since last: 1307997034 ns, Reaching safepoint: 313819 ns, At safepoint: 49565 ns, Total: 363384 ns
[2022-05-30T03:40:39.694+0000][7][safepoint   ] Safepoint "Cleanup", Time since last: 1465795561 ns, Reaching safepoint: 398019 ns, At safepoint: 13526 ns, Total: 411545 ns
[2022-05-30T03:40:41.696+0000][7][safepoint   ] Safepoint "Cleanup", Time since last: 2000831209 ns, Reaching safepoint: 344016 ns, At safepoint: 21802 ns, Total: 365818 ns
[2022-05-30T03:40:42.697+0000][7][safepoint   ] Safepoint "Cleanup", Time since last: 1000613083 ns, Reaching safepoint: 331142 ns, At safepoint: 20790 ns, Total: 351932 ns
[2022-05-30T03:40:44.705+0000][7][safepoint   ] Safepoint "Cleanup", Time since last: 2008228790 ns, Reaching safepoint: 497690 ns, At safepoint: 19728 ns, Total: 517418 ns
[2022-05-30T03:40:47.707+0000][7][safepoint   ] Safepoint "Cleanup", Time since last: 3001239461 ns, Reaching safepoint: 449648 ns, At safepoint: 27663 ns, Total: 477311 ns
[2022-05-30T03:40:48.708+0000][7][safepoint   ] Safepoint "Cleanup", Time since last: 1000740322 ns, Reaching safepoint: 351671 ns, At safepoint: 19207 ns, Total: 370878 ns
[2022-05-30T03:40:50.855+0000][7][safepoint   ] Safepoint "Cleanup", Time since last: 2146705372 ns, Reaching safepoint: 447073 ns, At safepoint: 25469 ns, Total: 472542 ns
[2022-05-30T03:40:54.040+0000][7][safepoint   ] Safepoint "Cleanup", Time since last: 3184445918 ns, Reaching safepoint: 575078 ns, At safepoint: 28634 ns, Total: 603712 ns
[2022-05-30T03:40:58.718+0000][7][safepoint   ] Safepoint "Cleanup", Time since last: 5001483144 ns, Reaching safepoint: 387249 ns, At safepoint: 35077 ns, Total: 422326 ns
[2022-05-30T03:40:59.719+0000][7][safepoint   ] Safepoint "Cleanup", Time since last: 1000532448 ns, Reaching safepoint: 579166 ns, At safepoint: 16692 ns, Total: 595858 ns
[2022-05-30T03:41:00.721+0000][7][safepoint   ] Safepoint "Cleanup", Time since last: 1000803027 ns, Reaching safepoint: 323528 ns, At safepoint: 13335 ns, Total: 336863 ns
[2022-05-30T03:41:04.998+0000][7][safepoint   ] Safepoint "Cleanup", Time since last: 4276540730 ns, Reaching safepoint: 363203 ns, At safepoint: 31881 ns, Total: 395084 ns
[2022-05-30T03:41:06.109+0000][7][safepoint   ] Safepoint "Cleanup", Time since last: 1110846416 ns, Reaching safepoint: 347614 ns, At safepoint: 21611 ns, Total: 369225 ns
[2022-05-30T03:41:08.236+0000][7][safepoint   ] Safepoint "Cleanup", Time since last: 2126533208 ns, Reaching safepoint: 347203 ns, At safepoint: 18886 ns, Total: 366089 ns
[2022-05-30T03:41:09.237+0000][7][safepoint   ] Safepoint "Cleanup", Time since last: 1000740633 ns, Reaching safepoint: 470107 ns, At safepoint: 34266 ns, Total: 504373 ns
[2022-05-30T03:41:12.379+0000][7][safepoint   ] Safepoint "Cleanup", Time since last: 3141252887 ns, Reaching safepoint: 539313 ns, At safepoint: 166889 ns, Total: 706202 ns
[2022-05-30T03:41:13.380+0000][7][safepoint   ] Safepoint "Cleanup", Time since last: 1001250021 ns, Reaching safepoint: 348575 ns, At safepoint: 18545 ns, Total: 367120 ns
[2022-05-30T03:41:15.599+0000][7][safepoint   ] Safepoint "Cleanup", Time since last: 2218448611 ns, Reaching safepoint: 373793 ns, At safepoint: 27463 ns, Total: 401256 ns
[2022-05-30T03:41:17.931+0000][7][safepoint   ] Safepoint "Cleanup", Time since last: 2331604609 ns, Reaching safepoint: 385436 ns, At safepoint: 22603 ns, Total: 408039 ns
[2022-05-30T03:41:20.090+0000][7][safepoint   ] Safepoint "Cleanup", Time since last: 2158167319 ns, Reaching safepoint: 310794 ns, At safepoint: 17142 ns, Total: 327936 ns
[2022-05-30T03:41:23.251+0000][7][safepoint   ] Safepoint "Cleanup", Time since last: 3160973263 ns, Reaching safepoint: 363604 ns, At safepoint: 16832 ns, Total: 380436 ns
[2022-05-30T03:41:24.455+0000][7][safepoint   ] Safepoint "Cleanup", Time since last: 1203406712 ns, Reaching safepoint: 535363 ns, At safepoint: 69543 ns, Total: 604906 ns
[2022-05-30T03:41:27.457+0000][7][safepoint   ] Safepoint "Cleanup", Time since last: 3001248211 ns, Reaching safepoint: 372501 ns, At safepoint: 21100 ns, Total: 393601 ns
[2022-05-30T03:41:29.586+0000][7][safepoint   ] Safepoint "Cleanup", Time since last: 2076208804 ns, Reaching safepoint: 616830 ns, At safepoint: 108527 ns, Total: 725357 ns
[2022-05-30T03:41:30.588+0000][7][safepoint   ] Safepoint "Cleanup", Time since last: 1000868635 ns, Reaching safepoint: 319430 ns, At safepoint: 22222 ns, Total: 341652 ns
[2022-05-30T03:41:31.802+0000][7][safepoint   ] Safepoint "Cleanup", Time since last: 1214289217 ns, Reaching safepoint: 379585 ns, At safepoint: 33714 ns, Total: 413299 ns
[2022-05-30T03:41:32.804+0000][7][safepoint   ] Safepoint "Cleanup", Time since last: 1000980763 ns, Reaching safepoint: 495436 ns, At safepoint: 12544 ns, Total: 507980 ns
[2022-05-30T03:41:34.805+0000][7][safepoint   ] Safepoint "Cleanup", Time since last: 2000975546 ns, Reaching safepoint: 378212 ns, At safepoint: 20519 ns, Total: 398731 ns
[2022-05-30T03:41:37.039+0000][7][safepoint   ] Safepoint "Cleanup", Time since last: 2233121943 ns, Reaching safepoint: 419781 ns, At safepoint: 20399 ns, Total: 440180 ns
[2022-05-30T03:41:41.252+0000][7][safepoint   ] Safepoint "Cleanup", Time since last: 4213234096 ns, Reaching safepoint: 438277 ns, At safepoint: 21130 ns, Total: 459407 ns
[2022-05-30T03:41:42.254+0000][7][safepoint   ] Safepoint "Cleanup", Time since last: 1000715376 ns, Reaching safepoint: 388923 ns, At safepoint: 19788 ns, Total: 408711 ns
[2022-05-30T03:41:43.281+0000][7][gc,start    ] GC(25) Pause Young (Normal) (G1 Evacuation Pause)
[2022-05-30T03:41:43.282+0000][7][gc,task     ] GC(25) Using 8 workers of 8 for evacuation
[2022-05-30T03:41:43.282+0000][7][gc,age      ] GC(25) Desired survivor size 20971520 bytes, new threshold 15 (max threshold 15)
[2022-05-30T03:41:43.295+0000][7][gc,phases   ] GC(25)   Pre Evacuate Collection Set: 0.9ms
[2022-05-30T03:41:43.296+0000][7][gc,phases   ] GC(25)   Merge Heap Roots: 0.3ms
[2022-05-30T03:41:43.296+0000][7][gc,phases   ] GC(25)   Evacuate Collection Set: 9.0ms
[2022-05-30T03:41:43.296+0000][7][gc,phases   ] GC(25)   Post Evacuate Collection Set: 2.2ms
[2022-05-30T03:41:43.297+0000][7][gc,phases   ] GC(25)   Other: 1.1ms
[2022-05-30T03:41:43.297+0000][7][gc,age      ] GC(25) Age table with threshold 15 (max threshold 15)
[2022-05-30T03:41:43.297+0000][7][gc,age      ] GC(25) - age   1:    1322736 bytes,    1322736 total
[2022-05-30T03:41:43.297+0000][7][gc,age      ] GC(25) - age   2:      27328 bytes,    1350064 total
[2022-05-30T03:41:43.298+0000][7][gc,age      ] GC(25) - age   3:     265840 bytes,    1615904 total
[2022-05-30T03:41:43.298+0000][7][gc,age      ] GC(25) - age   4:     653104 bytes,    2269008 total
[2022-05-30T03:41:43.298+0000][7][gc,age      ] GC(25) - age   5:     324800 bytes,    2593808 total
[2022-05-30T03:41:43.299+0000][7][gc,age      ] GC(25) - age   6:    1148000 bytes,    3741808 total
[2022-05-30T03:41:43.299+0000][7][gc,age      ] GC(25) - age   7:    7128592 bytes,   10870400 total
[2022-05-30T03:41:43.299+0000][7][gc,age      ] GC(25) - age   8:    7547736 bytes,   18418136 total
[2022-05-30T03:41:43.300+0000][7][gc,heap     ] GC(25) Eden regions: 71->0(71)
[2022-05-30T03:41:43.300+0000][7][gc,heap     ] GC(25) Survivor regions: 5->5(10)
[2022-05-30T03:41:43.300+0000][7][gc,heap     ] GC(25) Old regions: 20->20
[2022-05-30T03:41:43.301+0000][7][gc,heap     ] GC(25) Archive regions: 2->2
[2022-05-30T03:41:43.301+0000][7][gc,heap     ] GC(25) Humongous regions: 2->2
[2022-05-30T03:41:43.301+0000][7][gc,metaspace] GC(25) Metaspace: 127749K(131136K)->127749K(131136K) NonClass: 110800K(112576K)->110800K(112576K) Class: 16948K(18560K)->16948K(18560K)
[2022-05-30T03:41:43.302+0000][7][gc          ] GC(25) Pause Young (Normal) (G1 Evacuation Pause) 392M->108M(512M) 20.760ms
[2022-05-30T03:41:43.302+0000][7][gc,cpu      ] GC(25) User=0.07s Sys=0.00s Real=0.02s
[2022-05-30T03:41:43.303+0000][7][safepoint   ] Safepoint "G1CollectForAllocation", Time since last: 1027000610 ns, Reaching safepoint: 440761 ns, At safepoint: 21603503 ns, Total: 22044264 ns
[2022-05-30T03:41:44.304+0000][7][safepoint   ] Safepoint "Cleanup", Time since last: 1000667734 ns, Reaching safepoint: 370006 ns, At safepoint: 21721 ns, Total: 391727 ns
[2022-05-30T03:41:45.552+0000][7][safepoint   ] Safepoint "Cleanup", Time since last: 1248129696 ns, Reaching safepoint: 541347 ns, At safepoint: 106573 ns, Total: 647920 ns
[2022-05-30T03:41:46.554+0000][7][safepoint   ] Safepoint "Cleanup", Time since last: 1000710190 ns, Reaching safepoint: 420022 ns, At safepoint: 65094 ns, Total: 485116 ns
[2022-05-30T03:41:47.555+0000][7][safepoint   ] Safepoint "Cleanup", Time since last: 1000827829 ns, Reaching safepoint: 407338 ns, At safepoint: 54424 ns, Total: 461762 ns
[2022-05-30T03:41:49.616+0000][7][safepoint   ] Safepoint "Cleanup", Time since last: 2060522294 ns, Reaching safepoint: 258694 ns, At safepoint: 13215 ns, Total: 271909 ns
[2022-05-30T03:41:50.617+0000][7][safepoint   ] Safepoint "Cleanup", Time since last: 1000652454 ns, Reaching safepoint: 324089 ns, At safepoint: 17173 ns, Total: 341262 ns
[2022-05-30T03:41:52.794+0000][7][safepoint   ] Safepoint "Cleanup", Time since last: 2177244449 ns, Reaching safepoint: 472733 ns, At safepoint: 31219 ns, Total: 503952 ns
[2022-05-30T03:41:55.915+0000][7][safepoint   ] Safepoint "Cleanup", Time since last: 3119910345 ns, Reaching safepoint: 350679 ns, At safepoint: 18205 ns, Total: 368884 ns
[2022-05-30T03:41:57.032+0000][7][safepoint   ] Safepoint "Cleanup", Time since last: 1116835688 ns, Reaching safepoint: 346061 ns, At safepoint: 21040 ns, Total: 367101 ns
[2022-05-30T03:41:58.981+0000][7][safepoint   ] Safepoint "Cleanup", Time since last: 2001104145 ns, Reaching safepoint: 323868 ns, At safepoint: 47080 ns, Total: 370948 ns
[2022-05-30T03:42:01.983+0000][7][safepoint   ] Safepoint "Cleanup", Time since last: 3001389183 ns, Reaching safepoint: 515444 ns, At safepoint: 18615 ns, Total: 534059 ns
[2022-05-30T03:42:04.984+0000][7][safepoint   ] Safepoint "Cleanup", Time since last: 3001183975 ns, Reaching safepoint: 504343 ns, At safepoint: 63531 ns, Total: 567874 ns
[2022-05-30T03:42:05.986+0000][7][safepoint   ] Safepoint "Cleanup", Time since last: 1000807559 ns, Reaching safepoint: 857567 ns, At safepoint: 38393 ns, Total: 895960 ns
[2022-05-30T03:42:07.987+0000][7][safepoint   ] Safepoint "Cleanup", Time since last: 2000867934 ns, Reaching safepoint: 431855 ns, At safepoint: 17222 ns, Total: 449077 ns
[2022-05-30T03:42:11.989+0000][7][safepoint   ] Safepoint "Cleanup", Time since last: 4001498964 ns, Reaching safepoint: 460289 ns, At safepoint: 14217 ns, Total: 474506 ns
[2022-05-30T03:42:13.991+0000][7][safepoint   ] Safepoint "Cleanup", Time since last: 2001058217 ns, Reaching safepoint: 569697 ns, At safepoint: 15069 ns, Total: 584766 ns
[2022-05-30T03:42:14.992+0000][7][safepoint   ] Safepoint "Cleanup", Time since last: 1000775911 ns, Reaching safepoint: 402037 ns, At safepoint: 19678 ns, Total: 421715 ns
[2022-05-30T03:42:16.104+0000][7][safepoint   ] Safepoint "Cleanup", Time since last: 1111546483 ns, Reaching safepoint: 552165 ns, At safepoint: 82437 ns, Total: 634602 ns
[2022-05-30T03:42:17.132+0000][7][safepoint   ] Safepoint "Cleanup", Time since last: 1026649958 ns, Reaching safepoint: 614464 ns, At safepoint: 49465 ns, Total: 663929 ns
[2022-05-30T03:42:18.133+0000][7][safepoint   ] Safepoint "Cleanup", Time since last: 1000842668 ns, Reaching safepoint: 392720 ns, At safepoint: 20679 ns, Total: 413399 ns
[2022-05-30T03:42:19.355+0000][7][safepoint   ] Safepoint "Cleanup", Time since last: 1221142553 ns, Reaching safepoint: 532457 ns, At safepoint: 65104 ns, Total: 597561 ns
[2022-05-30T03:42:20.356+0000][7][safepoint   ] Safepoint "Cleanup", Time since last: 1000819540 ns, Reaching safepoint: 369857 ns, At safepoint: 17583 ns, Total: 387440 ns
[2022-05-30T03:42:23.528+0000][7][safepoint   ] Safepoint "Cleanup", Time since last: 3171323251 ns, Reaching safepoint: 397148 ns, At safepoint: 38503 ns, Total: 435651 ns
[2022-05-30T03:42:27.530+0000][7][safepoint   ] Safepoint "Cleanup", Time since last: 4001746286 ns, Reaching safepoint: 341192 ns, At safepoint: 15960 ns, Total: 357152 ns
[2022-05-30T03:42:28.894+0000][7][safepoint   ] Safepoint "Cleanup", Time since last: 1363240978 ns, Reaching safepoint: 394232 ns, At safepoint: 25299 ns, Total: 419531 ns
[2022-05-30T03:42:29.895+0000][7][safepoint   ] Safepoint "Cleanup", Time since last: 1000736113 ns, Reaching safepoint: 883306 ns, At safepoint: 53102 ns, Total: 936408 ns
[2022-05-30T03:42:31.897+0000][7][safepoint   ] Safepoint "Cleanup", Time since last: 2000930372 ns, Reaching safepoint: 426114 ns, At safepoint: 11512 ns, Total: 437626 ns
[2022-05-30T03:42:34.898+0000][7][safepoint   ] Safepoint "Cleanup", Time since last: 3001261793 ns, Reaching safepoint: 435972 ns, At safepoint: 21361 ns, Total: 457333 ns
[2022-05-30T03:42:35.900+0000][7][safepoint   ] Safepoint "Cleanup", Time since last: 1000506254 ns, Reaching safepoint: 645142 ns, At safepoint: 26160 ns, Total: 671302 ns
[2022-05-30T03:42:40.902+0000][7][safepoint   ] Safepoint "Cleanup", Time since last: 5001497050 ns, Reaching safepoint: 381929 ns, At safepoint: 74823 ns, Total: 456752 ns
[2022-05-30T03:42:42.903+0000][7][safepoint   ] Safepoint "Cleanup", Time since last: 2000917065 ns, Reaching safepoint: 352333 ns, At safepoint: 25739 ns, Total: 378072 ns
[2022-05-30T03:42:44.075+0000][7][safepoint   ] Safepoint "Cleanup", Time since last: 1171957287 ns, Reaching safepoint: 483644 ns, At safepoint: 12554 ns, Total: 496198 ns
[2022-05-30T03:42:47.077+0000][7][safepoint   ] Safepoint "Cleanup", Time since last: 3001078343 ns, Reaching safepoint: 346070 ns, At safepoint: 32713 ns, Total: 378783 ns
[2022-05-30T03:42:48.078+0000][7][safepoint   ] Safepoint "Cleanup", Time since last: 1000632142 ns, Reaching safepoint: 429970 ns, At safepoint: 20960 ns, Total: 450930 ns
[2022-05-30T03:42:50.097+0000][7][safepoint   ] Safepoint "Cleanup", Time since last: 2019074390 ns, Reaching safepoint: 429039 ns, At safepoint: 16682 ns, Total: 445721 ns
[2022-05-30T03:42:53.099+0000][7][safepoint   ] Safepoint "Cleanup", Time since last: 3001513857 ns, Reaching safepoint: 372120 ns, At safepoint: 9799 ns, Total: 381919 ns
[2022-05-30T03:42:59.103+0000][7][safepoint   ] Safepoint "Cleanup", Time since last: 6001580263 ns, Reaching safepoint: 365488 ns, At safepoint: 64523 ns, Total: 430011 ns
[2022-05-30T03:43:00.104+0000][7][safepoint   ] Safepoint "Cleanup", Time since last: 1000793234 ns, Reaching safepoint: 401296 ns, At safepoint: 10780 ns, Total: 412076 ns
[2022-05-30T03:43:02.106+0000][7][safepoint   ] Safepoint "Cleanup", Time since last: 2001054568 ns, Reaching safepoint: 444819 ns, At safepoint: 22032 ns, Total: 466851 ns
[2022-05-30T03:43:05.107+0000][7][safepoint   ] Safepoint "Cleanup", Time since last: 3001198565 ns, Reaching safepoint: 389875 ns, At safepoint: 54944 ns, Total: 444819 ns
[2022-05-30T03:43:06.109+0000][7][safepoint   ] Safepoint "Cleanup", Time since last: 1000759706 ns, Reaching safepoint: 388642 ns, At safepoint: 31480 ns, Total: 420122 ns
[2022-05-30T03:43:07.501+0000][7][gc,start    ] GC(26) Pause Young (Normal) (G1 Evacuation Pause)
[2022-05-30T03:43:07.502+0000][7][gc,task     ] GC(26) Using 8 workers of 8 for evacuation
[2022-05-30T03:43:07.502+0000][7][gc,age      ] GC(26) Desired survivor size 20971520 bytes, new threshold 15 (max threshold 15)
[2022-05-30T03:43:07.515+0000][7][gc,phases   ] GC(26)   Pre Evacuate Collection Set: 0.4ms
[2022-05-30T03:43:07.516+0000][7][gc,phases   ] GC(26)   Merge Heap Roots: 0.3ms
[2022-05-30T03:43:07.516+0000][7][gc,phases   ] GC(26)   Evacuate Collection Set: 9.4ms
[2022-05-30T03:43:07.516+0000][7][gc,phases   ] GC(26)   Post Evacuate Collection Set: 2.3ms
[2022-05-30T03:43:07.517+0000][7][gc,phases   ] GC(26)   Other: 1.0ms
[2022-05-30T03:43:07.517+0000][7][gc,age      ] GC(26) Age table with threshold 15 (max threshold 15)
[2022-05-30T03:43:07.518+0000][7][gc,age      ] GC(26) - age   1:     952408 bytes,     952408 total
[2022-05-30T03:43:07.518+0000][7][gc,age      ] GC(26) - age   2:     156024 bytes,    1108432 total
[2022-05-30T03:43:07.518+0000][7][gc,age      ] GC(26) - age   3:      26304 bytes,    1134736 total
[2022-05-30T03:43:07.519+0000][7][gc,age      ] GC(26) - age   4:     205688 bytes,    1340424 total
[2022-05-30T03:43:07.519+0000][7][gc,age      ] GC(26) - age   5:     527688 bytes,    1868112 total
[2022-05-30T03:43:07.520+0000][7][gc,age      ] GC(26) - age   6:     148088 bytes,    2016200 total
[2022-05-30T03:43:07.520+0000][7][gc,age      ] GC(26) - age   7:    1102296 bytes,    3118496 total
[2022-05-30T03:43:07.520+0000][7][gc,age      ] GC(26) - age   8:    7085616 bytes,   10204112 total
[2022-05-30T03:43:07.521+0000][7][gc,age      ] GC(26) - age   9:    7539544 bytes,   17743656 total
[2022-05-30T03:43:07.521+0000][7][gc,heap     ] GC(26) Eden regions: 71->0(71)
[2022-05-30T03:43:07.522+0000][7][gc,heap     ] GC(26) Survivor regions: 5->5(10)
[2022-05-30T03:43:07.522+0000][7][gc,heap     ] GC(26) Old regions: 20->20
[2022-05-30T03:43:07.522+0000][7][gc,heap     ] GC(26) Archive regions: 2->2
[2022-05-30T03:43:07.523+0000][7][gc,heap     ] GC(26) Humongous regions: 2->2
[2022-05-30T03:43:07.523+0000][7][gc,metaspace] GC(26) Metaspace: 128113K(131584K)->128113K(131584K) NonClass: 111122K(112960K)->111122K(112960K) Class: 16991K(18624K)->16991K(18624K)
[2022-05-30T03:43:07.524+0000][7][gc          ] GC(26) Pause Young (Normal) (G1 Evacuation Pause) 392M->108M(512M) 22.416ms
[2022-05-30T03:43:07.524+0000][7][gc,cpu      ] GC(26) User=0.04s Sys=0.03s Real=0.03s
[2022-05-30T03:43:07.525+0000][7][safepoint   ] Safepoint "G1CollectForAllocation", Time since last: 1392409421 ns, Reaching safepoint: 311605 ns, At safepoint: 23432546 ns, Total: 23744151 ns
[2022-05-30T03:43:08.526+0000][7][safepoint   ] Safepoint "Cleanup", Time since last: 1000804584 ns, Reaching safepoint: 381969 ns, At safepoint: 34586 ns, Total: 416555 ns
[2022-05-30T03:43:11.527+0000][7][safepoint   ] Safepoint "Cleanup", Time since last: 3001025011 ns, Reaching safepoint: 461561 ns, At safepoint: 11933 ns, Total: 473494 ns
[2022-05-30T03:43:14.529+0000][7][safepoint   ] Safepoint "Cleanup", Time since last: 3000924598 ns, Reaching safepoint: 349918 ns, At safepoint: 9268 ns, Total: 359186 ns
[2022-05-30T03:43:17.530+0000][7][safepoint   ] Safepoint "Cleanup", Time since last: 3001112672 ns, Reaching safepoint: 384063 ns, At safepoint: 21591 ns, Total: 405654 ns
[2022-05-30T03:43:18.532+0000][7][safepoint   ] Safepoint "Cleanup", Time since last: 1000948917 ns, Reaching safepoint: 386398 ns, At safepoint: 20209 ns, Total: 406607 ns
[2022-05-30T03:43:19.805+0000][7][safepoint   ] Safepoint "Cleanup", Time since last: 1272402696 ns, Reaching safepoint: 497469 ns, At safepoint: 19237 ns, Total: 516706 ns
[2022-05-30T03:43:22.806+0000][7][safepoint   ] Safepoint "Cleanup", Time since last: 3001068856 ns, Reaching safepoint: 281838 ns, At safepoint: 14448 ns, Total: 296286 ns
[2022-05-30T03:43:23.807+0000][7][safepoint   ] Safepoint "Cleanup", Time since last: 1000515780 ns, Reaching safepoint: 442715 ns, At safepoint: 20339 ns, Total: 463054 ns
[2022-05-30T03:43:27.808+0000][7][safepoint   ] Safepoint "Cleanup", Time since last: 4001193706 ns, Reaching safepoint: 367572 ns, At safepoint: 20950 ns, Total: 388522 ns
[2022-05-30T03:43:28.955+0000][7][safepoint   ] Safepoint "Cleanup", Time since last: 1149040121 ns, Reaching safepoint: 390826 ns, At safepoint: 52420 ns, Total: 443246 ns
[2022-05-30T03:43:34.957+0000][7][safepoint   ] Safepoint "Cleanup", Time since last: 6001663184 ns, Reaching safepoint: 309752 ns, At safepoint: 16701 ns, Total: 326453 ns
[2022-05-30T03:43:35.958+0000][7][safepoint   ] Safepoint "Cleanup", Time since last: 1000564459 ns, Reaching safepoint: 417376 ns, At safepoint: 27072 ns, Total: 444448 ns
[2022-05-30T03:43:37.960+0000][7][safepoint   ] Safepoint "Cleanup", Time since last: 2001656989 ns, Reaching safepoint: 414221 ns, At safepoint: 32873 ns, Total: 447094 ns
[2022-05-30T03:43:38.962+0000][7][safepoint   ] Safepoint "Cleanup", Time since last: 1000997771 ns, Reaching safepoint: 456973 ns, At safepoint: 41830 ns, Total: 498803 ns
[2022-05-30T03:43:41.149+0000][7][safepoint   ] Safepoint "Cleanup", Time since last: 2186556995 ns, Reaching safepoint: 388752 ns, At safepoint: 28655 ns, Total: 417407 ns
[2022-05-30T03:43:43.175+0000][7][safepoint   ] Safepoint "Cleanup", Time since last: 2025563791 ns, Reaching safepoint: 463054 ns, At safepoint: 11272 ns, Total: 474326 ns
[2022-05-30T03:43:45.176+0000][7][safepoint   ] Safepoint "Cleanup", Time since last: 2000994264 ns, Reaching safepoint: 320512 ns, At safepoint: 16792 ns, Total: 337304 ns
[2022-05-30T03:43:46.177+0000][7][safepoint   ] Safepoint "Cleanup", Time since last: 1000709449 ns, Reaching safepoint: 371279 ns, At safepoint: 13626 ns, Total: 384905 ns
[2022-05-30T03:43:47.179+0000][7][safepoint   ] Safepoint "Cleanup", Time since last: 1000844020 ns, Reaching safepoint: 442064 ns, At safepoint: 13035 ns, Total: 455099 ns
[2022-05-30T03:43:48.180+0000][7][safepoint   ] Safepoint "Cleanup", Time since last: 1000821719 ns, Reaching safepoint: 332785 ns, At safepoint: 20289 ns, Total: 353074 ns
[2022-05-30T03:43:50.183+0000][7][safepoint   ] Safepoint "Cleanup", Time since last: 2002730389 ns, Reaching safepoint: 452083 ns, At safepoint: 98357 ns, Total: 550440 ns
[2022-05-30T03:43:51.308+0000][7][safepoint   ] Safepoint "Cleanup", Time since last: 1124470981 ns, Reaching safepoint: 674297 ns, At safepoint: 44495 ns, Total: 718792 ns
[2022-05-30T03:43:53.310+0000][7][safepoint   ] Safepoint "Cleanup", Time since last: 2001032058 ns, Reaching safepoint: 262391 ns, At safepoint: 7424 ns, Total: 269815 ns
[2022-05-30T03:43:54.311+0000][7][safepoint   ] Safepoint "Cleanup", Time since last: 1000671062 ns, Reaching safepoint: 446392 ns, At safepoint: 23915 ns, Total: 470307 ns
[2022-05-30T03:44:00.882+0000][7][safepoint   ] Safepoint "Cleanup", Time since last: 6124470794 ns, Reaching safepoint: 553316 ns, At safepoint: 61808 ns, Total: 615124 ns
[2022-05-30T03:44:01.883+0000][7][safepoint   ] Safepoint "Cleanup", Time since last: 1000798808 ns, Reaching safepoint: 363254 ns, At safepoint: 19587 ns, Total: 382841 ns
[2022-05-30T03:44:03.120+0000][7][safepoint   ] Safepoint "Cleanup", Time since last: 1236906748 ns, Reaching safepoint: 293610 ns, At safepoint: 49305 ns, Total: 342915 ns
[2022-05-30T03:44:06.122+0000][7][safepoint   ] Safepoint "Cleanup", Time since last: 3000898998 ns, Reaching safepoint: 428368 ns, At safepoint: 15940 ns, Total: 444308 ns
[2022-05-30T03:44:08.123+0000][7][safepoint   ] Safepoint "Cleanup", Time since last: 2000998122 ns, Reaching safepoint: 354577 ns, At safepoint: 28213 ns, Total: 382790 ns
[2022-05-30T03:44:09.124+0000][7][safepoint   ] Safepoint "Cleanup", Time since last: 1000888135 ns, Reaching safepoint: 436955 ns, At safepoint: 24927 ns, Total: 461882 ns
[2022-05-30T03:44:11.375+0000][7][safepoint   ] Safepoint "Cleanup", Time since last: 2249672672 ns, Reaching safepoint: 427727 ns, At safepoint: 28885 ns, Total: 456612 ns
[2022-05-30T03:44:15.454+0000][7][safepoint   ] Safepoint "Cleanup", Time since last: 4079086611 ns, Reaching safepoint: 430301 ns, At safepoint: 19107 ns, Total: 449408 ns
[2022-05-30T03:44:16.531+0000][7][safepoint   ] Safepoint "Cleanup", Time since last: 1076066479 ns, Reaching safepoint: 379114 ns, At safepoint: 25298 ns, Total: 404412 ns
[2022-05-30T03:44:21.533+0000][7][safepoint   ] Safepoint "Cleanup", Time since last: 5002228654 ns, Reaching safepoint: 417717 ns, At safepoint: 60666 ns, Total: 478383 ns
[2022-05-30T03:44:22.316+0000][7][gc,start    ] GC(27) Pause Young (Normal) (G1 Evacuation Pause)
[2022-05-30T03:44:22.317+0000][7][gc,task     ] GC(27) Using 8 workers of 8 for evacuation
[2022-05-30T03:44:22.317+0000][7][gc,age      ] GC(27) Desired survivor size 20971520 bytes, new threshold 15 (max threshold 15)
[2022-05-30T03:44:22.335+0000][7][gc,phases   ] GC(27)   Pre Evacuate Collection Set: 0.5ms
[2022-05-30T03:44:22.336+0000][7][gc,phases   ] GC(27)   Merge Heap Roots: 0.4ms
[2022-05-30T03:44:22.336+0000][7][gc,phases   ] GC(27)   Evacuate Collection Set: 13.3ms
[2022-05-30T03:44:22.337+0000][7][gc,phases   ] GC(27)   Post Evacuate Collection Set: 3.1ms
[2022-05-30T03:44:22.337+0000][7][gc,phases   ] GC(27)   Other: 1.3ms
[2022-05-30T03:44:22.338+0000][7][gc,age      ] GC(27) Age table with threshold 15 (max threshold 15)
[2022-05-30T03:44:22.338+0000][7][gc,age      ] GC(27) - age   1:    2162640 bytes,    2162640 total
[2022-05-30T03:44:22.339+0000][7][gc,age      ] GC(27) - age   2:     243688 bytes,    2406328 total
[2022-05-30T03:44:22.340+0000][7][gc,age      ] GC(27) - age   3:       7888 bytes,    2414216 total
[2022-05-30T03:44:22.340+0000][7][gc,age      ] GC(27) - age   4:      25880 bytes,    2440096 total
[2022-05-30T03:44:22.340+0000][7][gc,age      ] GC(27) - age   5:     205200 bytes,    2645296 total
[2022-05-30T03:44:22.341+0000][7][gc,age      ] GC(27) - age   6:     527560 bytes,    3172856 total
[2022-05-30T03:44:22.341+0000][7][gc,age      ] GC(27) - age   7:     147896 bytes,    3320752 total
[2022-05-30T03:44:22.341+0000][7][gc,age      ] GC(27) - age   8:    1102296 bytes,    4423048 total
[2022-05-30T03:44:22.342+0000][7][gc,age      ] GC(27) - age   9:    7085384 bytes,   11508432 total
[2022-05-30T03:44:22.342+0000][7][gc,age      ] GC(27) - age  10:    7539016 bytes,   19047448 total
[2022-05-30T03:44:22.343+0000][7][gc,heap     ] GC(27) Eden regions: 71->0(71)
[2022-05-30T03:44:22.343+0000][7][gc,heap     ] GC(27) Survivor regions: 5->5(10)
[2022-05-30T03:44:22.343+0000][7][gc,heap     ] GC(27) Old regions: 20->20
[2022-05-30T03:44:22.344+0000][7][gc,heap     ] GC(27) Archive regions: 2->2
[2022-05-30T03:44:22.344+0000][7][gc,heap     ] GC(27) Humongous regions: 2->2
[2022-05-30T03:44:22.345+0000][7][gc,metaspace] GC(27) Metaspace: 128337K(131776K)->128337K(131776K) NonClass: 111344K(113152K)->111344K(113152K) Class: 16992K(18624K)->16992K(18624K)
[2022-05-30T03:44:22.345+0000][7][gc          ] GC(27) Pause Young (Normal) (G1 Evacuation Pause) 392M->109M(512M) 29.398ms
[2022-05-30T03:44:22.346+0000][7][gc,cpu      ] GC(27) User=0.12s Sys=0.00s Real=0.03s
[2022-05-30T03:44:22.346+0000][7][safepoint   ] Safepoint "G1CollectForAllocation", Time since last: 781756545 ns, Reaching safepoint: 520513 ns, At safepoint: 30503140 ns, Total: 31023653 ns
[2022-05-30T03:44:25.348+0000][7][safepoint   ] Safepoint "Cleanup", Time since last: 3001389948 ns, Reaching safepoint: 357603 ns, At safepoint: 23033 ns, Total: 380636 ns
[2022-05-30T03:44:26.518+0000][7][safepoint   ] Safepoint "Cleanup", Time since last: 1169457873 ns, Reaching safepoint: 345599 ns, At safepoint: 25008 ns, Total: 370607 ns
[2022-05-30T03:44:29.519+0000][7][safepoint   ] Safepoint "Cleanup", Time since last: 3001434593 ns, Reaching safepoint: 347003 ns, At safepoint: 18244 ns, Total: 365247 ns
[2022-05-30T03:44:30.400+0000][7][safepoint   ] Safepoint "Cleanup", Time since last: 1254519852 ns, Reaching safepoint: 422647 ns, At safepoint: 22774 ns, Total: 445421 ns
[2022-05-30T03:44:35.402+0000][7][safepoint   ] Safepoint "Cleanup", Time since last: 5001485641 ns, Reaching safepoint: 530697 ns, At safepoint: 88990 ns, Total: 619687 ns
[2022-05-30T03:44:36.403+0000][7][safepoint   ] Safepoint "Cleanup", Time since last: 1000869679 ns, Reaching safepoint: 344848 ns, At safepoint: 25358 ns, Total: 370206 ns
[2022-05-30T03:44:41.528+0000][7][safepoint   ] Safepoint "Cleanup", Time since last: 5124551000 ns, Reaching safepoint: 429570 ns, At safepoint: 14448 ns, Total: 444018 ns
[2022-05-30T03:44:47.531+0000][7][safepoint   ] Safepoint "Cleanup", Time since last: 6001645177 ns, Reaching safepoint: 417607 ns, At safepoint: 21000 ns, Total: 438607 ns
[2022-05-30T03:44:56.534+0000][7][safepoint   ] Safepoint "Cleanup", Time since last: 9002628955 ns, Reaching safepoint: 439208 ns, At safepoint: 34536 ns, Total: 473744 ns
[2022-05-30T03:44:59.535+0000][7][safepoint   ] Safepoint "Cleanup", Time since last: 3001445461 ns, Reaching safepoint: 368153 ns, At safepoint: 26019 ns, Total: 394172 ns
[2022-05-30T03:45:06.651+0000][7][safepoint   ] Safepoint "Cleanup", Time since last: 6001755167 ns, Reaching safepoint: 383983 ns, At safepoint: 26521 ns, Total: 410504 ns
[2022-05-30T03:45:12.654+0000][7][safepoint   ] Safepoint "Cleanup", Time since last: 6001810828 ns, Reaching safepoint: 525914 ns, At safepoint: 13997 ns, Total: 539911 ns
[2022-05-30T03:45:18.656+0000][7][safepoint   ] Safepoint "Cleanup", Time since last: 6001683965 ns, Reaching safepoint: 413238 ns, At safepoint: 20139 ns, Total: 433377 ns
[2022-05-30T03:45:21.795+0000][7][safepoint   ] Safepoint "Cleanup", Time since last: 3138884903 ns, Reaching safepoint: 467903 ns, At safepoint: 31089 ns, Total: 498992 ns
[2022-05-30T03:45:31.300+0000][7][safepoint   ] Safepoint "Cleanup", Time since last: 9504343349 ns, Reaching safepoint: 406175 ns, At safepoint: 31050 ns, Total: 437225 ns
[2022-05-30T03:45:35.181+0000][7][safepoint   ] Safepoint "Cleanup", Time since last: 5067215895 ns, Reaching safepoint: 397199 ns, At safepoint: 28684 ns, Total: 425883 ns
[2022-05-30T03:45:36.183+0000][7][safepoint   ] Safepoint "Cleanup", Time since last: 1000797154 ns, Reaching safepoint: 358885 ns, At safepoint: 27392 ns, Total: 386277 ns
[2022-05-30T03:45:38.302+0000][7][safepoint   ] Safepoint "Cleanup", Time since last: 2119505644 ns, Reaching safepoint: 408666 ns, At safepoint: 51418 ns, Total: 460084 ns
[2022-05-30T03:45:44.305+0000][7][safepoint   ] Safepoint "Cleanup", Time since last: 6001653049 ns, Reaching safepoint: 421344 ns, At safepoint: 11131 ns, Total: 432475 ns
[2022-05-30T03:45:46.769+0000][7][gc,start    ] GC(28) Pause Young (Normal) (G1 Evacuation Pause)
[2022-05-30T03:45:46.769+0000][7][gc,task     ] GC(28) Using 8 workers of 8 for evacuation
[2022-05-30T03:45:46.770+0000][7][gc,age      ] GC(28) Desired survivor size 20971520 bytes, new threshold 15 (max threshold 15)
[2022-05-30T03:45:46.783+0000][7][gc,phases   ] GC(28)   Pre Evacuate Collection Set: 0.3ms
[2022-05-30T03:45:46.784+0000][7][gc,phases   ] GC(28)   Merge Heap Roots: 0.2ms
[2022-05-30T03:45:46.784+0000][7][gc,phases   ] GC(28)   Evacuate Collection Set: 10.4ms
[2022-05-30T03:45:46.784+0000][7][gc,phases   ] GC(28)   Post Evacuate Collection Set: 2.1ms
[2022-05-30T03:45:46.785+0000][7][gc,phases   ] GC(28)   Other: 0.8ms
[2022-05-30T03:45:46.785+0000][7][gc,age      ] GC(28) Age table with threshold 15 (max threshold 15)
[2022-05-30T03:45:46.785+0000][7][gc,age      ] GC(28) - age   1:    1336448 bytes,    1336448 total
[2022-05-30T03:45:46.786+0000][7][gc,age      ] GC(28) - age   2:      36168 bytes,    1372616 total
[2022-05-30T03:45:46.786+0000][7][gc,age      ] GC(28) - age   3:     242720 bytes,    1615336 total
[2022-05-30T03:45:46.786+0000][7][gc,age      ] GC(28) - age   4:       7728 bytes,    1623064 total
[2022-05-30T03:45:46.786+0000][7][gc,age      ] GC(28) - age   5:      25368 bytes,    1648432 total
[2022-05-30T03:45:46.787+0000][7][gc,age      ] GC(28) - age   6:     198584 bytes,    1847016 total
[2022-05-30T03:45:46.787+0000][7][gc,age      ] GC(28) - age   7:     527560 bytes,    2374576 total
[2022-05-30T03:45:46.787+0000][7][gc,age      ] GC(28) - age   8:     136464 bytes,    2511040 total
[2022-05-30T03:45:46.787+0000][7][gc,age      ] GC(28) - age   9:    1102296 bytes,    3613336 total
[2022-05-30T03:45:46.788+0000][7][gc,age      ] GC(28) - age  10:    7069232 bytes,   10682568 total
[2022-05-30T03:45:46.788+0000][7][gc,age      ] GC(28) - age  11:    7539016 bytes,   18221584 total
[2022-05-30T03:45:46.788+0000][7][gc,heap     ] GC(28) Eden regions: 71->0(71)
[2022-05-30T03:45:46.789+0000][7][gc,heap     ] GC(28) Survivor regions: 5->5(10)
[2022-05-30T03:45:46.789+0000][7][gc,heap     ] GC(28) Old regions: 20->20
[2022-05-30T03:45:46.789+0000][7][gc,heap     ] GC(28) Archive regions: 2->2
[2022-05-30T03:45:46.789+0000][7][gc,heap     ] GC(28) Humongous regions: 2->2
[2022-05-30T03:45:46.790+0000][7][gc,metaspace] GC(28) Metaspace: 128438K(131840K)->128438K(131840K) NonClass: 111445K(113216K)->111445K(113216K) Class: 16992K(18624K)->16992K(18624K)
[2022-05-30T03:45:46.790+0000][7][gc          ] GC(28) Pause Young (Normal) (G1 Evacuation Pause) 393M->109M(512M) 21.175ms
[2022-05-30T03:45:46.791+0000][7][gc,cpu      ] GC(28) User=0.07s Sys=0.01s Real=0.03s
[2022-05-30T03:45:46.791+0000][7][safepoint   ] Safepoint "G1CollectForAllocation", Time since last: 2464045614 ns, Reaching safepoint: 335791 ns, At safepoint: 22108844 ns, Total: 22444635 ns
[2022-05-30T03:45:47.792+0000][7][safepoint   ] Safepoint "Cleanup", Time since last: 1000637934 ns, Reaching safepoint: 355859 ns, At safepoint: 15149 ns, Total: 371008 ns
[2022-05-30T03:45:49.037+0000][7][safepoint   ] Safepoint "Cleanup", Time since last: 1244229836 ns, Reaching safepoint: 511066 ns, At safepoint: 16692 ns, Total: 527758 ns
[2022-05-30T03:45:52.039+0000][7][safepoint   ] Safepoint "Cleanup", Time since last: 3001249219 ns, Reaching safepoint: 558105 ns, At safepoint: 39165 ns, Total: 597270 ns
[2022-05-30T03:45:58.041+0000][7][safepoint   ] Safepoint "Cleanup", Time since last: 6001612066 ns, Reaching safepoint: 607830 ns, At safepoint: 25158 ns, Total: 632988 ns
[2022-05-30T03:45:59.042+0000][7][safepoint   ] Safepoint "Cleanup", Time since last: 1000718310 ns, Reaching safepoint: 252041 ns, At safepoint: 7324 ns, Total: 259365 ns
[2022-05-30T03:46:00.043+0000][7][safepoint   ] Safepoint "Cleanup", Time since last: 1000610286 ns, Reaching safepoint: 644280 ns, At safepoint: 66477 ns, Total: 710757 ns
[2022-05-30T03:46:02.045+0000][7][safepoint   ] Safepoint "Cleanup", Time since last: 2001248971 ns, Reaching safepoint: 465979 ns, At safepoint: 11272 ns, Total: 477251 ns
[2022-05-30T03:46:05.048+0000][7][safepoint   ] Safepoint "Cleanup", Time since last: 3001292909 ns, Reaching safepoint: 306324 ns, At safepoint: 9338 ns, Total: 315662 ns
[2022-05-30T03:46:06.049+0000][7][safepoint   ] Safepoint "Cleanup", Time since last: 1000649518 ns, Reaching safepoint: 382961 ns, At safepoint: 47080 ns, Total: 430041 ns
[2022-05-30T03:46:19.052+0000][7][safepoint   ] Safepoint "Cleanup", Time since last: 13002680534 ns, Reaching safepoint: 414902 ns, At safepoint: 16732 ns, Total: 431634 ns
[2022-05-30T03:46:20.054+0000][7][safepoint   ] Safepoint "Cleanup", Time since last: 1000660659 ns, Reaching safepoint: 465359 ns, At safepoint: 32532 ns, Total: 497891 ns
[2022-05-30T03:46:22.055+0000][7][safepoint   ] Safepoint "Cleanup", Time since last: 2000910734 ns, Reaching safepoint: 413078 ns, At safepoint: 14277 ns, Total: 427355 ns
[2022-05-30T03:46:23.056+0000][7][safepoint   ] Safepoint "Cleanup", Time since last: 1000902733 ns, Reaching safepoint: 373603 ns, At safepoint: 23785 ns, Total: 397388 ns
[2022-05-30T03:46:24.058+0000][7][safepoint   ] Safepoint "Cleanup", Time since last: 1000907709 ns, Reaching safepoint: 365889 ns, At safepoint: 20980 ns, Total: 386869 ns
[2022-05-30T03:46:35.260+0000][7][safepoint   ] Safepoint "Cleanup", Time since last: 11201998878 ns, Reaching safepoint: 344809 ns, At safepoint: 13435 ns, Total: 358244 ns
[2022-05-30T03:46:36.261+0000][7][safepoint   ] Safepoint "Cleanup", Time since last: 1000717217 ns, Reaching safepoint: 379183 ns, At safepoint: 20870 ns, Total: 400053 ns
[2022-05-30T03:46:38.450+0000][7][safepoint   ] Safepoint "Cleanup", Time since last: 2188809056 ns, Reaching safepoint: 418949 ns, At safepoint: 24287 ns, Total: 443236 ns
[2022-05-30T03:46:44.452+0000][7][safepoint   ] Safepoint "Cleanup", Time since last: 6001810728 ns, Reaching safepoint: 320662 ns, At safepoint: 19337 ns, Total: 339999 ns
[2022-05-30T03:46:45.453+0000][7][safepoint   ] Safepoint "Cleanup", Time since last: 1000799383 ns, Reaching safepoint: 357532 ns, At safepoint: 20069 ns, Total: 377601 ns
[2022-05-30T03:46:46.797+0000][7][safepoint   ] Safepoint "Cleanup", Time since last: 1343555627 ns, Reaching safepoint: 369245 ns, At safepoint: 31029 ns, Total: 400274 ns
[2022-05-30T03:46:47.798+0000][7][safepoint   ] Safepoint "Cleanup", Time since last: 1000776762 ns, Reaching safepoint: 409201 ns, At safepoint: 22363 ns, Total: 431564 ns
[2022-05-30T03:46:49.945+0000][7][safepoint   ] Safepoint "Cleanup", Time since last: 2146185783 ns, Reaching safepoint: 609554 ns, At safepoint: 14167 ns, Total: 623721 ns
[2022-05-30T03:46:52.947+0000][7][safepoint   ] Safepoint "Cleanup", Time since last: 3001169531 ns, Reaching safepoint: 480447 ns, At safepoint: 50597 ns, Total: 531044 ns
[2022-05-30T03:47:04.953+0000][7][safepoint   ] Safepoint "Cleanup", Time since last: 12005689455 ns, Reaching safepoint: 326474 ns, At safepoint: 17523 ns, Total: 343997 ns
[2022-05-30T03:47:05.954+0000][7][safepoint   ] Safepoint "Cleanup", Time since last: 1000628906 ns, Reaching safepoint: 316254 ns, At safepoint: 33634 ns, Total: 349888 ns
[2022-05-30T03:47:11.134+0000][7][gc,start    ] GC(29) Pause Young (Normal) (G1 Evacuation Pause)
[2022-05-30T03:47:11.135+0000][7][gc,task     ] GC(29) Using 8 workers of 8 for evacuation
[2022-05-30T03:47:11.135+0000][7][gc,age      ] GC(29) Desired survivor size 20971520 bytes, new threshold 15 (max threshold 15)
[2022-05-30T03:47:11.150+0000][7][gc,phases   ] GC(29)   Pre Evacuate Collection Set: 0.3ms
[2022-05-30T03:47:11.150+0000][7][gc,phases   ] GC(29)   Merge Heap Roots: 0.2ms
[2022-05-30T03:47:11.151+0000][7][gc,phases   ] GC(29)   Evacuate Collection Set: 11.5ms
[2022-05-30T03:47:11.151+0000][7][gc,phases   ] GC(29)   Post Evacuate Collection Set: 2.1ms
[2022-05-30T03:47:11.151+0000][7][gc,phases   ] GC(29)   Other: 1.3ms
[2022-05-30T03:47:11.151+0000][7][gc,age      ] GC(29) Age table with threshold 15 (max threshold 15)
[2022-05-30T03:47:11.152+0000][7][gc,age      ] GC(29) - age   1:    2125112 bytes,    2125112 total
[2022-05-30T03:47:11.152+0000][7][gc,age      ] GC(29) - age   2:       8568 bytes,    2133680 total
[2022-05-30T03:47:11.152+0000][7][gc,age      ] GC(29) - age   3:      33800 bytes,    2167480 total
[2022-05-30T03:47:11.153+0000][7][gc,age      ] GC(29) - age   4:     242384 bytes,    2409864 total
[2022-05-30T03:47:11.153+0000][7][gc,age      ] GC(29) - age   5:       7728 bytes,    2417592 total
[2022-05-30T03:47:11.153+0000][7][gc,age      ] GC(29) - age   6:      25368 bytes,    2442960 total
[2022-05-30T03:47:11.153+0000][7][gc,age      ] GC(29) - age   7:     198560 bytes,    2641520 total
[2022-05-30T03:47:11.154+0000][7][gc,age      ] GC(29) - age   8:     527560 bytes,    3169080 total
[2022-05-30T03:47:11.154+0000][7][gc,age      ] GC(29) - age   9:     136464 bytes,    3305544 total
[2022-05-30T03:47:11.154+0000][7][gc,age      ] GC(29) - age  10:    1102296 bytes,    4407840 total
[2022-05-30T03:47:11.154+0000][7][gc,age      ] GC(29) - age  11:    7069232 bytes,   11477072 total
[2022-05-30T03:47:11.155+0000][7][gc,age      ] GC(29) - age  12:    7539016 bytes,   19016088 total
[2022-05-30T03:47:11.155+0000][7][gc,heap     ] GC(29) Eden regions: 71->0(71)
[2022-05-30T03:47:11.155+0000][7][gc,heap     ] GC(29) Survivor regions: 5->5(10)
[2022-05-30T03:47:11.155+0000][7][gc,heap     ] GC(29) Old regions: 20->20
[2022-05-30T03:47:11.156+0000][7][gc,heap     ] GC(29) Archive regions: 2->2
[2022-05-30T03:47:11.156+0000][7][gc,heap     ] GC(29) Humongous regions: 2->2
[2022-05-30T03:47:11.156+0000][7][gc,metaspace] GC(29) Metaspace: 128519K(131904K)->128519K(131904K) NonClass: 111526K(113280K)->111526K(113280K) Class: 16992K(18624K)->16992K(18624K)
[2022-05-30T03:47:11.157+0000][7][gc          ] GC(29) Pause Young (Normal) (G1 Evacuation Pause) 393M->109M(512M) 22.677ms
[2022-05-30T03:47:11.157+0000][7][gc,cpu      ] GC(29) User=0.07s Sys=0.01s Real=0.02s
[2022-05-30T03:47:11.157+0000][7][safepoint   ] Safepoint "G1CollectForAllocation", Time since last: 5179424317 ns, Reaching safepoint: 343937 ns, At safepoint: 23558452 ns, Total: 23902389 ns
[2022-05-30T03:47:12.158+0000][7][safepoint   ] Safepoint "Cleanup", Time since last: 1000623776 ns, Reaching safepoint: 448646 ns, At safepoint: 41159 ns, Total: 489805 ns
[2022-05-30T03:47:16.160+0000][7][safepoint   ] Safepoint "Cleanup", Time since last: 4001259292 ns, Reaching safepoint: 387189 ns, At safepoint: 22302 ns, Total: 409491 ns
[2022-05-30T03:47:22.166+0000][7][safepoint   ] Safepoint "Cleanup", Time since last: 6005085635 ns, Reaching safepoint: 419190 ns, At safepoint: 14288 ns, Total: 433478 ns
[2022-05-30T03:47:23.167+0000][7][safepoint   ] Safepoint "Cleanup", Time since last: 1000819372 ns, Reaching safepoint: 339278 ns, At safepoint: 18435 ns, Total: 357713 ns
[2022-05-30T03:47:24.168+0000][7][safepoint   ] Safepoint "Cleanup", Time since last: 1000777434 ns, Reaching safepoint: 336493 ns, At safepoint: 17433 ns, Total: 353926 ns
[2022-05-30T03:47:26.426+0000][7][safepoint   ] Safepoint "Cleanup", Time since last: 2257601736 ns, Reaching safepoint: 356691 ns, At safepoint: 22243 ns, Total: 378934 ns
[2022-05-30T03:47:27.644+0000][7][safepoint   ] Safepoint "Cleanup", Time since last: 1217800783 ns, Reaching safepoint: 393872 ns, At safepoint: 19236 ns, Total: 413108 ns
[2022-05-30T03:47:29.646+0000][7][safepoint   ] Safepoint "Cleanup", Time since last: 2000937486 ns, Reaching safepoint: 475508 ns, At safepoint: 15059 ns, Total: 490567 ns
[2022-05-30T03:47:30.647+0000][7][safepoint   ] Safepoint "Cleanup", Time since last: 1000669869 ns, Reaching safepoint: 314180 ns, At safepoint: 20138 ns, Total: 334318 ns
[2022-05-30T03:47:34.774+0000][7][safepoint   ] Safepoint "Cleanup", Time since last: 4127867352 ns, Reaching safepoint: 364396 ns, At safepoint: 32081 ns, Total: 396477 ns
[2022-05-30T03:47:35.775+0000][7][safepoint   ] Safepoint "Cleanup", Time since last: 1000544885 ns, Reaching safepoint: 408180 ns, At safepoint: 25839 ns, Total: 434019 ns
[2022-05-30T03:47:36.776+0000][7][safepoint   ] Safepoint "Cleanup", Time since last: 1000578011 ns, Reaching safepoint: 363434 ns, At safepoint: 16251 ns, Total: 379685 ns
[2022-05-30T03:47:38.966+0000][7][safepoint   ] Safepoint "Cleanup", Time since last: 2188805728 ns, Reaching safepoint: 379494 ns, At safepoint: 28735 ns, Total: 408229 ns
[2022-05-30T03:47:41.158+0000][7][safepoint   ] Safepoint "Cleanup", Time since last: 2191423517 ns, Reaching safepoint: 958169 ns, At safepoint: 33003 ns, Total: 991172 ns
[2022-05-30T03:47:47.161+0000][7][safepoint   ] Safepoint "Cleanup", Time since last: 6001776758 ns, Reaching safepoint: 688053 ns, At safepoint: 35688 ns, Total: 723741 ns
[2022-05-30T03:48:00.164+0000][7][safepoint   ] Safepoint "Cleanup", Time since last: 13002907609 ns, Reaching safepoint: 307818 ns, At safepoint: 21551 ns, Total: 329369 ns
[2022-05-30T03:48:05.360+0000][7][safepoint   ] Safepoint "Cleanup", Time since last: 5195521410 ns, Reaching safepoint: 382480 ns, At safepoint: 37541 ns, Total: 420021 ns
[2022-05-30T03:48:06.361+0000][7][safepoint   ] Safepoint "Cleanup", Time since last: 1000784581 ns, Reaching safepoint: 369145 ns, At safepoint: 22763 ns, Total: 391908 ns
[2022-05-30T03:48:08.362+0000][7][safepoint   ] Safepoint "Cleanup", Time since last: 2000966359 ns, Reaching safepoint: 403681 ns, At safepoint: 9327 ns, Total: 413008 ns
[2022-05-30T03:48:17.365+0000][7][safepoint   ] Safepoint "Cleanup", Time since last: 9002291906 ns, Reaching safepoint: 519923 ns, At safepoint: 20499 ns, Total: 540422 ns
[2022-05-30T03:48:23.368+0000][7][safepoint   ] Safepoint "Cleanup", Time since last: 6001801901 ns, Reaching safepoint: 578484 ns, At safepoint: 21962 ns, Total: 600446 ns
[2022-05-30T03:48:24.369+0000][7][safepoint   ] Safepoint "Cleanup", Time since last: 1000940263 ns, Reaching safepoint: 349878 ns, At safepoint: 21391 ns, Total: 371269 ns
[2022-05-30T03:48:26.589+0000][7][safepoint   ] Safepoint "Cleanup", Time since last: 2219923901 ns, Reaching safepoint: 359176 ns, At safepoint: 27002 ns, Total: 386178 ns
[2022-05-30T03:48:28.812+0000][7][safepoint   ] Safepoint "Cleanup", Time since last: 2222197122 ns, Reaching safepoint: 394844 ns, At safepoint: 30068 ns, Total: 424912 ns
[2022-05-30T03:48:29.813+0000][7][safepoint   ] Safepoint "Cleanup", Time since last: 1000633026 ns, Reaching safepoint: 529941 ns, At safepoint: 60135 ns, Total: 590076 ns
[2022-05-30T03:48:30.814+0000][7][safepoint   ] Safepoint "Cleanup", Time since last: 1000882988 ns, Reaching safepoint: 416795 ns, At safepoint: 24908 ns, Total: 441703 ns
[2022-05-30T03:48:34.670+0000][7][gc,start    ] GC(30) Pause Young (Normal) (G1 Evacuation Pause)
[2022-05-30T03:48:34.671+0000][7][gc,task     ] GC(30) Using 8 workers of 8 for evacuation
[2022-05-30T03:48:34.671+0000][7][gc,age      ] GC(30) Desired survivor size 20971520 bytes, new threshold 15 (max threshold 15)
[2022-05-30T03:48:34.684+0000][7][gc,phases   ] GC(30)   Pre Evacuate Collection Set: 0.4ms
[2022-05-30T03:48:34.684+0000][7][gc,phases   ] GC(30)   Merge Heap Roots: 0.3ms
[2022-05-30T03:48:34.685+0000][7][gc,phases   ] GC(30)   Evacuate Collection Set: 9.8ms
[2022-05-30T03:48:34.685+0000][7][gc,phases   ] GC(30)   Post Evacuate Collection Set: 2.1ms
[2022-05-30T03:48:34.685+0000][7][gc,phases   ] GC(30)   Other: 0.8ms
[2022-05-30T03:48:34.685+0000][7][gc,age      ] GC(30) Age table with threshold 15 (max threshold 15)
[2022-05-30T03:48:34.686+0000][7][gc,age      ] GC(30) - age   1:     856136 bytes,     856136 total
[2022-05-30T03:48:34.686+0000][7][gc,age      ] GC(30) - age   2:      19968 bytes,     876104 total
[2022-05-30T03:48:34.686+0000][7][gc,age      ] GC(30) - age   3:       7640 bytes,     883744 total
[2022-05-30T03:48:34.686+0000][7][gc,age      ] GC(30) - age   4:      33504 bytes,     917248 total
[2022-05-30T03:48:34.686+0000][7][gc,age      ] GC(30) - age   5:     237736 bytes,    1154984 total
[2022-05-30T03:48:34.687+0000][7][gc,age      ] GC(30) - age   6:       7728 bytes,    1162712 total
[2022-05-30T03:48:34.687+0000][7][gc,age      ] GC(30) - age   7:      25368 bytes,    1188080 total
[2022-05-30T03:48:34.687+0000][7][gc,age      ] GC(30) - age   8:     198560 bytes,    1386640 total
[2022-05-30T03:48:34.687+0000][7][gc,age      ] GC(30) - age   9:     527560 bytes,    1914200 total
[2022-05-30T03:48:34.688+0000][7][gc,age      ] GC(30) - age  10:     136464 bytes,    2050664 total
[2022-05-30T03:48:34.688+0000][7][gc,age      ] GC(30) - age  11:    1102296 bytes,    3152960 total
[2022-05-30T03:48:34.688+0000][7][gc,age      ] GC(30) - age  12:    7068960 bytes,   10221920 total
[2022-05-30T03:48:34.688+0000][7][gc,age      ] GC(30) - age  13:    7538752 bytes,   17760672 total
[2022-05-30T03:48:34.689+0000][7][gc,heap     ] GC(30) Eden regions: 71->0(71)
[2022-05-30T03:48:34.689+0000][7][gc,heap     ] GC(30) Survivor regions: 5->5(10)
[2022-05-30T03:48:34.689+0000][7][gc,heap     ] GC(30) Old regions: 20->20
[2022-05-30T03:48:34.689+0000][7][gc,heap     ] GC(30) Archive regions: 2->2
[2022-05-30T03:48:34.690+0000][7][gc,heap     ] GC(30) Humongous regions: 2->2
[2022-05-30T03:48:34.690+0000][7][gc,metaspace] GC(30) Metaspace: 128613K(132032K)->128613K(132032K) NonClass: 111619K(113408K)->111619K(113408K) Class: 16994K(18624K)->16994K(18624K)
[2022-05-30T03:48:34.690+0000][7][gc          ] GC(30) Pause Young (Normal) (G1 Evacuation Pause) 393M->107M(512M) 20.153ms
[2022-05-30T03:48:34.690+0000][7][gc,cpu      ] GC(30) User=0.05s Sys=0.02s Real=0.02s
[2022-05-30T03:48:34.691+0000][7][safepoint   ] Safepoint "G1CollectForAllocation", Time since last: 3854328832 ns, Reaching safepoint: 473183 ns, At safepoint: 20856394 ns, Total: 21329577 ns
[2022-05-30T03:48:47.694+0000][7][safepoint   ] Safepoint "Cleanup", Time since last: 13002485991 ns, Reaching safepoint: 488573 ns, At safepoint: 20389 ns, Total: 508962 ns
[2022-05-30T03:48:49.841+0000][7][safepoint   ] Safepoint "Cleanup", Time since last: 2147145612 ns, Reaching safepoint: 404913 ns, At safepoint: 39906 ns, Total: 444819 ns
[2022-05-30T03:48:52.843+0000][7][safepoint   ] Safepoint "Cleanup", Time since last: 3001070874 ns, Reaching safepoint: 362873 ns, At safepoint: 39094 ns, Total: 401967 ns
[2022-05-30T03:48:54.844+0000][7][safepoint   ] Safepoint "Cleanup", Time since last: 2001059623 ns, Reaching safepoint: 383152 ns, At safepoint: 29897 ns, Total: 413049 ns
[2022-05-30T03:48:56.108+0000][7][safepoint   ] Safepoint "Cleanup", Time since last: 1263092724 ns, Reaching safepoint: 367031 ns, At safepoint: 23434 ns, Total: 390465 ns
[2022-05-30T03:49:00.295+0000][7][safepoint   ] Safepoint "Cleanup", Time since last: 4186528615 ns, Reaching safepoint: 441733 ns, At safepoint: 28464 ns, Total: 470197 ns
[2022-05-30T03:49:06.524+0000][7][safepoint   ] Safepoint "Cleanup", Time since last: 6001710033 ns, Reaching safepoint: 489975 ns, At safepoint: 18886 ns, Total: 508861 ns
[2022-05-30T03:49:11.526+0000][7][safepoint   ] Safepoint "Cleanup", Time since last: 5001595727 ns, Reaching safepoint: 370928 ns, At safepoint: 8356 ns, Total: 379284 ns
[2022-05-30T03:49:12.527+0000][7][safepoint   ] Safepoint "Cleanup", Time since last: 1000782290 ns, Reaching safepoint: 349397 ns, At safepoint: 23235 ns, Total: 372632 ns
[2022-05-30T03:49:17.663+0000][7][safepoint   ] Safepoint "Cleanup", Time since last: 5135178949 ns, Reaching safepoint: 377250 ns, At safepoint: 21751 ns, Total: 399001 ns
[2022-05-30T03:49:18.664+0000][7][safepoint   ] Safepoint "Cleanup", Time since last: 1000791783 ns, Reaching safepoint: 366951 ns, At safepoint: 14988 ns, Total: 381939 ns
[2022-05-30T03:49:20.732+0000][7][safepoint   ] Safepoint "Cleanup", Time since last: 2067849198 ns, Reaching safepoint: 352993 ns, At safepoint: 34797 ns, Total: 387790 ns
[2022-05-30T03:49:29.784+0000][7][safepoint   ] Safepoint "Cleanup", Time since last: 9051251005 ns, Reaching safepoint: 354687 ns, At safepoint: 25219 ns, Total: 379906 ns
[2022-05-30T03:49:30.785+0000][7][safepoint   ] Safepoint "Cleanup", Time since last: 1000830324 ns, Reaching safepoint: 373653 ns, At safepoint: 62249 ns, Total: 435902 ns
[2022-05-30T03:49:34.740+0000][7][safepoint   ] Safepoint "Cleanup", Time since last: 4182180736 ns, Reaching safepoint: 410955 ns, At safepoint: 62699 ns, Total: 473654 ns
[2022-05-30T03:49:38.742+0000][7][safepoint   ] Safepoint "Cleanup", Time since last: 4001336301 ns, Reaching safepoint: 465021 ns, At safepoint: 80694 ns, Total: 545715 ns
[2022-05-30T03:49:40.743+0000][7][safepoint   ] Safepoint "Cleanup", Time since last: 2000904713 ns, Reaching safepoint: 390696 ns, At safepoint: 35207 ns, Total: 425903 ns
[2022-05-30T03:49:41.747+0000][7][safepoint   ] Safepoint "Cleanup", Time since last: 1003123326 ns, Reaching safepoint: 325181 ns, At safepoint: 10810 ns, Total: 335991 ns
[2022-05-30T03:49:42.748+0000][7][safepoint   ] Safepoint "Cleanup", Time since last: 1000775318 ns, Reaching safepoint: 375026 ns, At safepoint: 16662 ns, Total: 391688 ns
[2022-05-30T03:49:43.912+0000][7][safepoint   ] Safepoint "Cleanup", Time since last: 1163600966 ns, Reaching safepoint: 427046 ns, At safepoint: 24607 ns, Total: 451653 ns
[2022-05-30T03:49:44.913+0000][7][safepoint   ] Safepoint "Cleanup", Time since last: 1000798462 ns, Reaching safepoint: 384945 ns, At safepoint: 12363 ns, Total: 397308 ns
[2022-05-30T03:49:45.914+0000][7][safepoint   ] Safepoint "Cleanup", Time since last: 1000702991 ns, Reaching safepoint: 431724 ns, At safepoint: 19787 ns, Total: 451511 ns
[2022-05-30T03:49:47.916+0000][7][safepoint   ] Safepoint "Cleanup", Time since last: 2000898782 ns, Reaching safepoint: 421575 ns, At safepoint: 12464 ns, Total: 434039 ns
[2022-05-30T03:49:48.917+0000][7][safepoint   ] Safepoint "Cleanup", Time since last: 1000794868 ns, Reaching safepoint: 466150 ns, At safepoint: 30668 ns, Total: 496818 ns
[2022-05-30T03:49:53.086+0000][7][safepoint   ] Safepoint "Cleanup", Time since last: 4168385450 ns, Reaching safepoint: 484495 ns, At safepoint: 20298 ns, Total: 504793 ns
[2022-05-30T03:49:54.087+0000][7][safepoint   ] Safepoint "Cleanup", Time since last: 1000822467 ns, Reaching safepoint: 398060 ns, At safepoint: 23485 ns, Total: 421545 ns
[2022-05-30T03:49:55.821+0000][7][gc,start    ] GC(31) Pause Young (Normal) (G1 Evacuation Pause)
[2022-05-30T03:49:55.821+0000][7][gc,task     ] GC(31) Using 8 workers of 8 for evacuation
[2022-05-30T03:49:55.821+0000][7][gc,age      ] GC(31) Desired survivor size 20971520 bytes, new threshold 15 (max threshold 15)
[2022-05-30T03:49:55.834+0000][7][gc,phases   ] GC(31)   Pre Evacuate Collection Set: 0.4ms
[2022-05-30T03:49:55.835+0000][7][gc,phases   ] GC(31)   Merge Heap Roots: 0.3ms
[2022-05-30T03:49:55.835+0000][7][gc,phases   ] GC(31)   Evacuate Collection Set: 9.6ms
[2022-05-30T03:49:55.835+0000][7][gc,phases   ] GC(31)   Post Evacuate Collection Set: 2.0ms
[2022-05-30T03:49:55.835+0000][7][gc,phases   ] GC(31)   Other: 0.7ms
[2022-05-30T03:49:55.836+0000][7][gc,age      ] GC(31) Age table with threshold 15 (max threshold 15)
[2022-05-30T03:49:55.836+0000][7][gc,age      ] GC(31) - age   1:    1687528 bytes,    1687528 total
[2022-05-30T03:49:55.836+0000][7][gc,age      ] GC(31) - age   2:      17848 bytes,    1705376 total
[2022-05-30T03:49:55.836+0000][7][gc,age      ] GC(31) - age   3:      17576 bytes,    1722952 total
[2022-05-30T03:49:55.836+0000][7][gc,age      ] GC(31) - age   4:       7280 bytes,    1730232 total
[2022-05-30T03:49:55.837+0000][7][gc,age      ] GC(31) - age   5:      33440 bytes,    1763672 total
[2022-05-30T03:49:55.837+0000][7][gc,age      ] GC(31) - age   6:     237608 bytes,    2001280 total
[2022-05-30T03:49:55.837+0000][7][gc,age      ] GC(31) - age   7:       7728 bytes,    2009008 total
[2022-05-30T03:49:55.838+0000][7][gc,age      ] GC(31) - age   8:      25368 bytes,    2034376 total
[2022-05-30T03:49:55.838+0000][7][gc,age      ] GC(31) - age   9:     198560 bytes,    2232936 total
[2022-05-30T03:49:55.838+0000][7][gc,age      ] GC(31) - age  10:     527560 bytes,    2760496 total
[2022-05-30T03:49:55.838+0000][7][gc,age      ] GC(31) - age  11:     136464 bytes,    2896960 total
[2022-05-30T03:49:55.838+0000][7][gc,age      ] GC(31) - age  12:    1102296 bytes,    3999256 total
[2022-05-30T03:49:55.839+0000][7][gc,age      ] GC(31) - age  13:    7060944 bytes,   11060200 total
[2022-05-30T03:49:55.839+0000][7][gc,age      ] GC(31) - age  14:    7530320 bytes,   18590520 total
[2022-05-30T03:49:55.839+0000][7][gc,heap     ] GC(31) Eden regions: 71->0(71)
[2022-05-30T03:49:55.839+0000][7][gc,heap     ] GC(31) Survivor regions: 5->5(10)
[2022-05-30T03:49:55.839+0000][7][gc,heap     ] GC(31) Old regions: 20->20
[2022-05-30T03:49:55.840+0000][7][gc,heap     ] GC(31) Archive regions: 2->2
[2022-05-30T03:49:55.840+0000][7][gc,heap     ] GC(31) Humongous regions: 2->2
[2022-05-30T03:49:55.840+0000][7][gc,metaspace] GC(31) Metaspace: 128707K(132096K)->128707K(132096K) NonClass: 111712K(113472K)->111712K(113472K) Class: 16994K(18624K)->16994K(18624K)
[2022-05-30T03:49:55.840+0000][7][gc          ] GC(31) Pause Young (Normal) (G1 Evacuation Pause) 391M->108M(512M) 19.714ms
[2022-05-30T03:49:55.841+0000][7][gc,cpu      ] GC(31) User=0.06s Sys=0.01s Real=0.02s
[2022-05-30T03:49:55.841+0000][7][safepoint   ] Safepoint "G1CollectForAllocation", Time since last: 1733349101 ns, Reaching safepoint: 291106 ns, At safepoint: 20423083 ns, Total: 20714189 ns
[2022-05-30T03:49:56.842+0000][7][safepoint   ] Safepoint "Cleanup", Time since last: 1000579485 ns, Reaching safepoint: 422928 ns, At safepoint: 17653 ns, Total: 440581 ns
[2022-05-30T03:50:06.050+0000][7][safepoint   ] Safepoint "Cleanup", Time since last: 9206565838 ns, Reaching safepoint: 353285 ns, At safepoint: 15209 ns, Total: 368494 ns
[2022-05-30T03:50:08.051+0000][7][safepoint   ] Safepoint "Cleanup", Time since last: 2000909647 ns, Reaching safepoint: 381458 ns, At safepoint: 10400 ns, Total: 391858 ns
[2022-05-30T03:50:12.053+0000][7][safepoint   ] Safepoint "Cleanup", Time since last: 4001243621 ns, Reaching safepoint: 398862 ns, At safepoint: 140078 ns, Total: 538940 ns
[2022-05-30T03:50:14.054+0000][7][safepoint   ] Safepoint "Cleanup", Time since last: 2001128001 ns, Reaching safepoint: 506757 ns, At safepoint: 20099 ns, Total: 526856 ns
[2022-05-30T03:50:16.056+0000][7][safepoint   ] Safepoint "Cleanup", Time since last: 2001530971 ns, Reaching safepoint: 353745 ns, At safepoint: 17494 ns, Total: 371239 ns
[2022-05-30T03:50:17.106+0000][7][safepoint   ] Safepoint "Cleanup", Time since last: 1049135808 ns, Reaching safepoint: 331523 ns, At safepoint: 47461 ns, Total: 378984 ns
[2022-05-30T03:50:18.107+0000][7][safepoint   ] Safepoint "Cleanup", Time since last: 1000609091 ns, Reaching safepoint: 336873 ns, At safepoint: 15580 ns, Total: 352453 ns
[2022-05-30T03:50:19.359+0000][7][safepoint   ] Safepoint "Cleanup", Time since last: 1251349617 ns, Reaching safepoint: 478614 ns, At safepoint: 23274 ns, Total: 501888 ns
[2022-05-30T03:50:20.360+0000][7][safepoint   ] Safepoint "Cleanup", Time since last: 1000938299 ns, Reaching safepoint: 373282 ns, At safepoint: 30438 ns, Total: 403720 ns
[2022-05-30T03:50:23.545+0000][7][safepoint   ] Safepoint "Cleanup", Time since last: 3184945874 ns, Reaching safepoint: 377150 ns, At safepoint: 18305 ns, Total: 395455 ns
[2022-05-30T03:50:24.547+0000][7][safepoint   ] Safepoint "Cleanup", Time since last: 1000976392 ns, Reaching safepoint: 457223 ns, At safepoint: 14728 ns, Total: 471951 ns
[2022-05-30T03:50:27.548+0000][7][safepoint   ] Safepoint "Cleanup", Time since last: 3001211437 ns, Reaching safepoint: 342314 ns, At safepoint: 17182 ns, Total: 359496 ns
[2022-05-30T03:50:28.785+0000][7][safepoint   ] Safepoint "Cleanup", Time since last: 1236237141 ns, Reaching safepoint: 368002 ns, At safepoint: 25289 ns, Total: 393291 ns
[2022-05-30T03:50:29.787+0000][7][safepoint   ] Safepoint "Cleanup", Time since last: 1001254068 ns, Reaching safepoint: 406967 ns, At safepoint: 23385 ns, Total: 430352 ns
[2022-05-30T03:50:31.950+0000][7][safepoint   ] Safepoint "Cleanup", Time since last: 2162583331 ns, Reaching safepoint: 385306 ns, At safepoint: 23444 ns, Total: 408750 ns
[2022-05-30T03:50:32.951+0000][7][safepoint   ] Safepoint "Cleanup", Time since last: 1000626734 ns, Reaching safepoint: 296476 ns, At safepoint: 16712 ns, Total: 313188 ns
[2022-05-30T03:50:35.401+0000][7][safepoint   ] Safepoint "Cleanup", Time since last: 2095454067 ns, Reaching safepoint: 235319 ns, At safepoint: 11873 ns, Total: 247192 ns
[2022-05-30T03:50:38.669+0000][7][safepoint   ] Safepoint "Cleanup", Time since last: 3267829394 ns, Reaching safepoint: 362181 ns, At safepoint: 24046 ns, Total: 386227 ns
[2022-05-30T03:50:40.672+0000][7][safepoint   ] Safepoint "Cleanup", Time since last: 2002327612 ns, Reaching safepoint: 392810 ns, At safepoint: 29006 ns, Total: 421816 ns
[2022-05-30T03:50:41.673+0000][7][safepoint   ] Safepoint "Cleanup", Time since last: 1000847103 ns, Reaching safepoint: 373594 ns, At safepoint: 19437 ns, Total: 393031 ns
[2022-05-30T03:50:44.040+0000][7][safepoint   ] Safepoint "Cleanup", Time since last: 2366017706 ns, Reaching safepoint: 427224 ns, At safepoint: 123245 ns, Total: 550469 ns
[2022-05-30T03:50:45.409+0000][7][safepoint   ] Safepoint "Cleanup", Time since last: 1368796223 ns, Reaching safepoint: 320031 ns, At safepoint: 19988 ns, Total: 340019 ns
[2022-05-30T03:50:46.410+0000][7][safepoint   ] Safepoint "Cleanup", Time since last: 1000923176 ns, Reaching safepoint: 377220 ns, At safepoint: 27242 ns, Total: 404462 ns
[2022-05-30T03:50:47.520+0000][7][safepoint   ] Safepoint "Cleanup", Time since last: 1109092754 ns, Reaching safepoint: 422346 ns, At safepoint: 13275 ns, Total: 435621 ns
[2022-05-30T03:50:49.521+0000][7][safepoint   ] Safepoint "Cleanup", Time since last: 2001017272 ns, Reaching safepoint: 347724 ns, At safepoint: 21881 ns, Total: 369605 ns
[2022-05-30T03:50:50.651+0000][7][safepoint   ] Safepoint "Cleanup", Time since last: 1129644461 ns, Reaching safepoint: 353094 ns, At safepoint: 19477 ns, Total: 372571 ns
[2022-05-30T03:50:51.652+0000][7][safepoint   ] Safepoint "Cleanup", Time since last: 1000788892 ns, Reaching safepoint: 368884 ns, At safepoint: 31370 ns, Total: 400254 ns
[2022-05-30T03:50:53.775+0000][7][safepoint   ] Safepoint "Cleanup", Time since last: 2122285773 ns, Reaching safepoint: 516035 ns, At safepoint: 17654 ns, Total: 533689 ns
[2022-05-30T03:51:02.778+0000][7][safepoint   ] Safepoint "Cleanup", Time since last: 9002347784 ns, Reaching safepoint: 431834 ns, At safepoint: 68291 ns, Total: 500125 ns
[2022-05-30T03:51:03.779+0000][7][safepoint   ] Safepoint "Cleanup", Time since last: 1000878012 ns, Reaching safepoint: 515655 ns, At safepoint: 13616 ns, Total: 529271 ns
[2022-05-30T03:51:08.426+0000][7][safepoint   ] Safepoint "Cleanup", Time since last: 5001554267 ns, Reaching safepoint: 279623 ns, At safepoint: 8166 ns, Total: 287789 ns
[2022-05-30T03:51:13.428+0000][7][safepoint   ] Safepoint "Cleanup", Time since last: 5001509439 ns, Reaching safepoint: 451943 ns, At safepoint: 31901 ns, Total: 483844 ns
[2022-05-30T03:51:14.430+0000][7][safepoint   ] Safepoint "Cleanup", Time since last: 1001072758 ns, Reaching safepoint: 476379 ns, At safepoint: 20870 ns, Total: 497249 ns
[2022-05-30T03:51:16.703+0000][7][gc,start    ] GC(32) Pause Young (Normal) (G1 Evacuation Pause)
[2022-05-30T03:51:16.704+0000][7][gc,task     ] GC(32) Using 8 workers of 8 for evacuation
[2022-05-30T03:51:16.705+0000][7][gc,age      ] GC(32) Desired survivor size 20971520 bytes, new threshold 15 (max threshold 15)
[2022-05-30T03:51:16.731+0000][7][gc,phases   ] GC(32)   Pre Evacuate Collection Set: 0.4ms
[2022-05-30T03:51:16.732+0000][7][gc,phases   ] GC(32)   Merge Heap Roots: 0.4ms
[2022-05-30T03:51:16.732+0000][7][gc,phases   ] GC(32)   Evacuate Collection Set: 19.6ms
[2022-05-30T03:51:16.733+0000][7][gc,phases   ] GC(32)   Post Evacuate Collection Set: 4.7ms
[2022-05-30T03:51:16.733+0000][7][gc,phases   ] GC(32)   Other: 1.8ms
[2022-05-30T03:51:16.734+0000][7][gc,age      ] GC(32) Age table with threshold 15 (max threshold 15)
[2022-05-30T03:51:16.734+0000][7][gc,age      ] GC(32) - age   1:    1092336 bytes,    1092336 total
[2022-05-30T03:51:16.735+0000][7][gc,age      ] GC(32) - age   2:      13368 bytes,    1105704 total
[2022-05-30T03:51:16.735+0000][7][gc,age      ] GC(32) - age   3:      16304 bytes,    1122008 total
[2022-05-30T03:51:16.736+0000][7][gc,age      ] GC(32) - age   4:       8912 bytes,    1130920 total
[2022-05-30T03:51:16.736+0000][7][gc,age      ] GC(32) - age   5:       7280 bytes,    1138200 total
[2022-05-30T03:51:16.737+0000][7][gc,age      ] GC(32) - age   6:      33440 bytes,    1171640 total
[2022-05-30T03:51:16.737+0000][7][gc,age      ] GC(32) - age   7:     237608 bytes,    1409248 total
[2022-05-30T03:51:16.738+0000][7][gc,age      ] GC(32) - age   8:       7728 bytes,    1416976 total
[2022-05-30T03:51:16.738+0000][7][gc,age      ] GC(32) - age   9:      25352 bytes,    1442328 total
[2022-05-30T03:51:16.739+0000][7][gc,age      ] GC(32) - age  10:     198560 bytes,    1640888 total
[2022-05-30T03:51:16.740+0000][7][gc,age      ] GC(32) - age  11:     527376 bytes,    2168264 total
[2022-05-30T03:51:16.740+0000][7][gc,age      ] GC(32) - age  12:     136464 bytes,    2304728 total
[2022-05-30T03:51:16.741+0000][7][gc,age      ] GC(32) - age  13:    1102160 bytes,    3406888 total
[2022-05-30T03:51:16.741+0000][7][gc,age      ] GC(32) - age  14:    7060944 bytes,   10467832 total
[2022-05-30T03:51:16.742+0000][7][gc,age      ] GC(32) - age  15:    7530320 bytes,   17998152 total
[2022-05-30T03:51:16.742+0000][7][gc,heap     ] GC(32) Eden regions: 71->0(71)
[2022-05-30T03:51:16.743+0000][7][gc,heap     ] GC(32) Survivor regions: 5->5(10)
[2022-05-30T03:51:16.744+0000][7][gc,heap     ] GC(32) Old regions: 20->20
[2022-05-30T03:51:16.744+0000][7][gc,heap     ] GC(32) Archive regions: 2->2
[2022-05-30T03:51:16.745+0000][7][gc,heap     ] GC(32) Humongous regions: 2->2
[2022-05-30T03:51:16.745+0000][7][gc,metaspace] GC(32) Metaspace: 128738K(132160K)->128738K(132160K) NonClass: 111744K(113536K)->111744K(113536K) Class: 16994K(18624K)->16994K(18624K)
[2022-05-30T03:51:16.746+0000][7][gc          ] GC(32) Pause Young (Normal) (G1 Evacuation Pause) 392M->108M(512M) 42.720ms
[2022-05-30T03:51:16.747+0000][7][gc,cpu      ] GC(32) User=0.13s Sys=0.00s Real=0.04s
[2022-05-30T03:51:16.747+0000][7][safepoint   ] Safepoint "G1CollectForAllocation", Time since last: 2273374159 ns, Reaching safepoint: 408731 ns, At safepoint: 44083458 ns, Total: 44492189 ns
[2022-05-30T03:51:20.749+0000][7][safepoint   ] Safepoint "Cleanup", Time since last: 4001212213 ns, Reaching safepoint: 625123 ns, At safepoint: 50627 ns, Total: 675750 ns
[2022-05-30T03:51:23.751+0000][7][safepoint   ] Safepoint "Cleanup", Time since last: 3001167042 ns, Reaching safepoint: 309030 ns, At safepoint: 16321 ns, Total: 325351 ns
[2022-05-30T03:51:26.753+0000][7][safepoint   ] Safepoint "Cleanup", Time since last: 3001329425 ns, Reaching safepoint: 462443 ns, At safepoint: 19748 ns, Total: 482191 ns
[2022-05-30T03:51:28.754+0000][7][safepoint   ] Safepoint "Cleanup", Time since last: 2001089526 ns, Reaching safepoint: 466661 ns, At safepoint: 30788 ns, Total: 497449 ns
[2022-05-30T03:51:29.765+0000][7][safepoint   ] Safepoint "Cleanup", Time since last: 1010760228 ns, Reaching safepoint: 464987 ns, At safepoint: 19037 ns, Total: 484024 ns
[2022-05-30T03:51:35.257+0000][7][safepoint   ] Safepoint "Cleanup", Time since last: 5001548366 ns, Reaching safepoint: 467973 ns, At safepoint: 45437 ns, Total: 513410 ns
[2022-05-30T03:51:38.259+0000][7][safepoint   ] Safepoint "Cleanup", Time since last: 3001201427 ns, Reaching safepoint: 302978 ns, At safepoint: 81756 ns, Total: 384734 ns
[2022-05-30T03:51:40.260+0000][7][safepoint   ] Safepoint "Cleanup", Time since last: 2000980289 ns, Reaching safepoint: 432596 ns, At safepoint: 41459 ns, Total: 474055 ns
[2022-05-30T03:51:43.262+0000][7][safepoint   ] Safepoint "Cleanup", Time since last: 3001351398 ns, Reaching safepoint: 548758 ns, At safepoint: 21942 ns, Total: 570700 ns
[2022-05-30T03:51:44.264+0000][7][safepoint   ] Safepoint "Cleanup", Time since last: 1000909769 ns, Reaching safepoint: 342544 ns, At safepoint: 25920 ns, Total: 368464 ns
[2022-05-30T03:51:51.396+0000][7][safepoint   ] Safepoint "Cleanup", Time since last: 7132490304 ns, Reaching safepoint: 334608 ns, At safepoint: 43383 ns, Total: 377991 ns
[2022-05-30T03:51:53.398+0000][7][safepoint   ] Safepoint "Cleanup", Time since last: 2000980276 ns, Reaching safepoint: 441332 ns, At safepoint: 34817 ns, Total: 476149 ns
[2022-05-30T03:52:05.996+0000][7][safepoint   ] Safepoint "Cleanup", Time since last: 13003170559 ns, Reaching safepoint: 440431 ns, At safepoint: 30227 ns, Total: 470658 ns
[2022-05-30T03:52:08.140+0000][7][safepoint   ] Safepoint "Cleanup", Time since last: 2144043085 ns, Reaching safepoint: 329058 ns, At safepoint: 7384 ns, Total: 336442 ns
[2022-05-30T03:52:11.142+0000][7][safepoint   ] Safepoint "Cleanup", Time since last: 3001122029 ns, Reaching safepoint: 436540 ns, At safepoint: 52150 ns, Total: 488690 ns
[2022-05-30T03:52:12.143+0000][7][safepoint   ] Safepoint "Cleanup", Time since last: 1000699066 ns, Reaching safepoint: 527086 ns, At safepoint: 21952 ns, Total: 549038 ns
[2022-05-30T03:52:14.144+0000][7][safepoint   ] Safepoint "Cleanup", Time since last: 2000914912 ns, Reaching safepoint: 294583 ns, At safepoint: 11602 ns, Total: 306185 ns
[2022-05-30T03:52:17.146+0000][7][safepoint   ] Safepoint "Cleanup", Time since last: 3001014300 ns, Reaching safepoint: 558546 ns, At safepoint: 33304 ns, Total: 591850 ns
[2022-05-30T03:52:20.147+0000][7][safepoint   ] Safepoint "Cleanup", Time since last: 3001121857 ns, Reaching safepoint: 273141 ns, At safepoint: 65755 ns, Total: 338896 ns
[2022-05-30T03:52:23.149+0000][7][safepoint   ] Safepoint "Cleanup", Time since last: 3001143618 ns, Reaching safepoint: 414960 ns, At safepoint: 28554 ns, Total: 443514 ns
[2022-05-30T03:52:24.150+0000][7][safepoint   ] Safepoint "Cleanup", Time since last: 1000843530 ns, Reaching safepoint: 361580 ns, At safepoint: 14578 ns, Total: 376158 ns
[2022-05-30T03:52:25.153+0000][7][safepoint   ] Safepoint "Cleanup", Time since last: 1002528970 ns, Reaching safepoint: 330561 ns, At safepoint: 18365 ns, Total: 348926 ns
[2022-05-30T03:52:26.375+0000][7][safepoint   ] Safepoint "Cleanup", Time since last: 1221707524 ns, Reaching safepoint: 419972 ns, At safepoint: 12714 ns, Total: 432686 ns
[2022-05-30T03:52:27.377+0000][7][safepoint   ] Safepoint "Cleanup", Time since last: 1000828826 ns, Reaching safepoint: 363043 ns, At safepoint: 18164 ns, Total: 381207 ns
[2022-05-30T03:52:29.512+0000][7][safepoint   ] Safepoint "Cleanup", Time since last: 2135253554 ns, Reaching safepoint: 341382 ns, At safepoint: 89872 ns, Total: 431254 ns
[2022-05-30T03:52:32.002+0000][7][gc,start    ] GC(33) Pause Young (Normal) (G1 Evacuation Pause)
[2022-05-30T03:52:32.003+0000][7][gc,task     ] GC(33) Using 8 workers of 8 for evacuation
[2022-05-30T03:52:32.003+0000][7][gc,age      ] GC(33) Desired survivor size 20971520 bytes, new threshold 15 (max threshold 15)
[2022-05-30T03:52:32.019+0000][7][gc,phases   ] GC(33)   Pre Evacuate Collection Set: 0.3ms
[2022-05-30T03:52:32.019+0000][7][gc,phases   ] GC(33)   Merge Heap Roots: 0.3ms
[2022-05-30T03:52:32.020+0000][7][gc,phases   ] GC(33)   Evacuate Collection Set: 11.3ms
[2022-05-30T03:52:32.020+0000][7][gc,phases   ] GC(33)   Post Evacuate Collection Set: 2.5ms
[2022-05-30T03:52:32.021+0000][7][gc,phases   ] GC(33)   Other: 1.3ms
[2022-05-30T03:52:32.021+0000][7][gc,age      ] GC(33) Age table with threshold 15 (max threshold 15)
[2022-05-30T03:52:32.021+0000][7][gc,age      ] GC(33) - age   1:     687112 bytes,     687112 total
[2022-05-30T03:52:32.022+0000][7][gc,age      ] GC(33) - age   2:      17808 bytes,     704920 total
[2022-05-30T03:52:32.022+0000][7][gc,age      ] GC(33) - age   3:      11320 bytes,     716240 total
[2022-05-30T03:52:32.023+0000][7][gc,age      ] GC(33) - age   4:      15984 bytes,     732224 total
[2022-05-30T03:52:32.023+0000][7][gc,age      ] GC(33) - age   5:       8704 bytes,     740928 total
[2022-05-30T03:52:32.023+0000][7][gc,age      ] GC(33) - age   6:       7256 bytes,     748184 total
[2022-05-30T03:52:32.024+0000][7][gc,age      ] GC(33) - age   7:      33440 bytes,     781624 total
[2022-05-30T03:52:32.024+0000][7][gc,age      ] GC(33) - age   8:     237368 bytes,    1018992 total
[2022-05-30T03:52:32.025+0000][7][gc,age      ] GC(33) - age   9:       7728 bytes,    1026720 total
[2022-05-30T03:52:32.025+0000][7][gc,age      ] GC(33) - age  10:      25352 bytes,    1052072 total
[2022-05-30T03:52:32.026+0000][7][gc,age      ] GC(33) - age  11:     198560 bytes,    1250632 total
[2022-05-30T03:52:32.026+0000][7][gc,age      ] GC(33) - age  12:     527376 bytes,    1778008 total
[2022-05-30T03:52:32.026+0000][7][gc,age      ] GC(33) - age  13:     136464 bytes,    1914472 total
[2022-05-30T03:52:32.027+0000][7][gc,age      ] GC(33) - age  14:    1102160 bytes,    3016632 total
[2022-05-30T03:52:32.027+0000][7][gc,age      ] GC(33) - age  15:    7060912 bytes,   10077544 total
[2022-05-30T03:52:32.027+0000][7][gc,heap     ] GC(33) Eden regions: 71->0(73)
[2022-05-30T03:52:32.028+0000][7][gc,heap     ] GC(33) Survivor regions: 5->3(10)
[2022-05-30T03:52:32.028+0000][7][gc,heap     ] GC(33) Old regions: 20->22
[2022-05-30T03:52:32.029+0000][7][gc,heap     ] GC(33) Archive regions: 2->2
[2022-05-30T03:52:32.029+0000][7][gc,heap     ] GC(33) Humongous regions: 2->2
[2022-05-30T03:52:32.029+0000][7][gc,metaspace] GC(33) Metaspace: 128768K(132160K)->128768K(132160K) NonClass: 111774K(113536K)->111774K(113536K) Class: 16994K(18624K)->16994K(18624K)
[2022-05-30T03:52:32.030+0000][7][gc          ] GC(33) Pause Young (Normal) (G1 Evacuation Pause) 392M->108M(512M) 27.366ms
[2022-05-30T03:52:32.030+0000][7][gc,cpu      ] GC(33) User=0.09s Sys=0.00s Real=0.03s
[2022-05-30T03:52:32.031+0000][7][safepoint   ] Safepoint "G1CollectForAllocation", Time since last: 2489660970 ns, Reaching safepoint: 402478 ns, At safepoint: 28376542 ns, Total: 28779020 ns
[2022-05-30T03:52:34.948+0000][7][safepoint   ] Safepoint "Cleanup", Time since last: 3001291362 ns, Reaching safepoint: 403791 ns, At safepoint: 25879 ns, Total: 429670 ns
[2022-05-30T03:52:35.950+0000][7][safepoint   ] Safepoint "Cleanup", Time since last: 1000927728 ns, Reaching safepoint: 452283 ns, At safepoint: 19718 ns, Total: 472001 ns
[2022-05-30T03:52:42.957+0000][7][safepoint   ] Safepoint "Cleanup", Time since last: 7006679550 ns, Reaching safepoint: 398120 ns, At safepoint: 24667 ns, Total: 422787 ns
[2022-05-30T03:52:46.238+0000][7][safepoint   ] Safepoint "Cleanup", Time since last: 3280909193 ns, Reaching safepoint: 641875 ns, At safepoint: 48653 ns, Total: 690528 ns
[2022-05-30T03:52:47.240+0000][7][safepoint   ] Safepoint "Cleanup", Time since last: 1001484121 ns, Reaching safepoint: 504052 ns, At safepoint: 36740 ns, Total: 540792 ns
[2022-05-30T03:52:50.453+0000][7][safepoint   ] Safepoint "Cleanup", Time since last: 3212652359 ns, Reaching safepoint: 360579 ns, At safepoint: 23695 ns, Total: 384274 ns
[2022-05-30T03:52:53.613+0000][7][safepoint   ] Safepoint "Cleanup", Time since last: 3159492878 ns, Reaching safepoint: 412818 ns, At safepoint: 22873 ns, Total: 435691 ns
[2022-05-30T03:52:56.802+0000][7][safepoint   ] Safepoint "Cleanup", Time since last: 3188641138 ns, Reaching safepoint: 380146 ns, At safepoint: 39375 ns, Total: 419521 ns
[2022-05-30T03:53:00.999+0000][7][safepoint   ] Safepoint "Cleanup", Time since last: 4195753668 ns, Reaching safepoint: 478383 ns, At safepoint: 26421 ns, Total: 504804 ns
[2022-05-30T03:53:02.115+0000][7][safepoint   ] Safepoint "Cleanup", Time since last: 1115645888 ns, Reaching safepoint: 401928 ns, At safepoint: 66366 ns, Total: 468294 ns
[2022-05-30T03:53:05.116+0000][7][safepoint   ] Safepoint "Cleanup", Time since last: 3001261732 ns, Reaching safepoint: 333677 ns, At safepoint: 14578 ns, Total: 348255 ns
[2022-05-30T03:53:09.118+0000][7][safepoint   ] Safepoint "Cleanup", Time since last: 4001322149 ns, Reaching safepoint: 412187 ns, At safepoint: 19056 ns, Total: 431243 ns
[2022-05-30T03:53:11.287+0000][7][safepoint   ] Safepoint "Cleanup", Time since last: 2168567540 ns, Reaching safepoint: 461691 ns, At safepoint: 25138 ns, Total: 486829 ns
[2022-05-30T03:53:17.470+0000][7][safepoint   ] Safepoint "Cleanup", Time since last: 6182292386 ns, Reaching safepoint: 375427 ns, At safepoint: 24928 ns, Total: 400355 ns
[2022-05-30T03:53:23.617+0000][7][safepoint   ] Safepoint "Cleanup", Time since last: 6147330725 ns, Reaching safepoint: 363284 ns, At safepoint: 12444 ns, Total: 375728 ns
[2022-05-30T03:53:29.620+0000][7][safepoint   ] Safepoint "Cleanup", Time since last: 6001653906 ns, Reaching safepoint: 395044 ns, At safepoint: 36770 ns, Total: 431814 ns
[2022-05-30T03:53:30.621+0000][7][safepoint   ] Safepoint "Cleanup", Time since last: 1001038560 ns, Reaching safepoint: 400575 ns, At safepoint: 22953 ns, Total: 423528 ns
[2022-05-30T03:53:34.761+0000][7][safepoint   ] Safepoint "Cleanup", Time since last: 4139892959 ns, Reaching safepoint: 320853 ns, At safepoint: 16661 ns, Total: 337514 ns
[2022-05-30T03:53:35.762+0000][7][safepoint   ] Safepoint "Cleanup", Time since last: 1000661135 ns, Reaching safepoint: 554399 ns, At safepoint: 20739 ns, Total: 575138 ns
[2022-05-30T03:53:37.764+0000][7][safepoint   ] Safepoint "Cleanup", Time since last: 2000928988 ns, Reaching safepoint: 449648 ns, At safepoint: 15880 ns, Total: 465528 ns
[2022-05-30T03:53:46.766+0000][7][safepoint   ] Safepoint "Cleanup", Time since last: 9002224778 ns, Reaching safepoint: 437405 ns, At safepoint: 28124 ns, Total: 465529 ns
[2022-05-30T03:53:47.768+0000][7][safepoint   ] Safepoint "Cleanup", Time since last: 1000795618 ns, Reaching safepoint: 318448 ns, At safepoint: 14908 ns, Total: 333356 ns
[2022-05-30T03:53:48.847+0000][7][safepoint   ] Safepoint "Cleanup", Time since last: 1079214489 ns, Reaching safepoint: 352834 ns, At safepoint: 22353 ns, Total: 375187 ns
[2022-05-30T03:53:49.850+0000][7][safepoint   ] Safepoint "Cleanup", Time since last: 1002054764 ns, Reaching safepoint: 361771 ns, At safepoint: 18956 ns, Total: 380727 ns
[2022-05-30T03:53:52.851+0000][7][safepoint   ] Safepoint "Cleanup", Time since last: 3001260838 ns, Reaching safepoint: 523008 ns, At safepoint: 21391 ns, Total: 544399 ns
[2022-05-30T03:53:53.853+0000][7][safepoint   ] Safepoint "Cleanup", Time since last: 1000649802 ns, Reaching safepoint: 648949 ns, At safepoint: 22854 ns, Total: 671803 ns
[2022-05-30T03:53:55.943+0000][7][gc,start    ] GC(34) Pause Young (Normal) (G1 Evacuation Pause)
[2022-05-30T03:53:55.944+0000][7][gc,task     ] GC(34) Using 8 workers of 8 for evacuation
[2022-05-30T03:53:55.944+0000][7][gc,age      ] GC(34) Desired survivor size 20971520 bytes, new threshold 15 (max threshold 15)
[2022-05-30T03:53:55.954+0000][7][gc,phases   ] GC(34)   Pre Evacuate Collection Set: 0.3ms
[2022-05-30T03:53:55.955+0000][7][gc,phases   ] GC(34)   Merge Heap Roots: 0.3ms
[2022-05-30T03:53:55.955+0000][7][gc,phases   ] GC(34)   Evacuate Collection Set: 7.7ms
[2022-05-30T03:53:55.955+0000][7][gc,phases   ] GC(34)   Post Evacuate Collection Set: 1.6ms
[2022-05-30T03:53:55.956+0000][7][gc,phases   ] GC(34)   Other: 0.8ms
[2022-05-30T03:53:55.956+0000][7][gc,age      ] GC(34) Age table with threshold 15 (max threshold 15)
[2022-05-30T03:53:55.956+0000][7][gc,age      ] GC(34) - age   1:    1919264 bytes,    1919264 total
[2022-05-30T03:53:55.956+0000][7][gc,age      ] GC(34) - age   2:      12880 bytes,    1932144 total
[2022-05-30T03:53:55.957+0000][7][gc,age      ] GC(34) - age   3:      16208 bytes,    1948352 total
[2022-05-30T03:53:55.957+0000][7][gc,age      ] GC(34) - age   4:      11128 bytes,    1959480 total
[2022-05-30T03:53:55.957+0000][7][gc,age      ] GC(34) - age   5:      15856 bytes,    1975336 total
[2022-05-30T03:53:55.958+0000][7][gc,age      ] GC(34) - age   6:       8704 bytes,    1984040 total
[2022-05-30T03:53:55.958+0000][7][gc,age      ] GC(34) - age   7:       7256 bytes,    1991296 total
[2022-05-30T03:53:55.958+0000][7][gc,age      ] GC(34) - age   8:      33440 bytes,    2024736 total
[2022-05-30T03:53:55.958+0000][7][gc,age      ] GC(34) - age   9:     234824 bytes,    2259560 total
[2022-05-30T03:53:55.959+0000][7][gc,age      ] GC(34) - age  10:       7728 bytes,    2267288 total
[2022-05-30T03:53:55.959+0000][7][gc,age      ] GC(34) - age  11:      25352 bytes,    2292640 total
[2022-05-30T03:53:55.959+0000][7][gc,age      ] GC(34) - age  12:     198560 bytes,    2491200 total
[2022-05-30T03:53:55.959+0000][7][gc,age      ] GC(34) - age  13:     527280 bytes,    3018480 total
[2022-05-30T03:53:55.960+0000][7][gc,age      ] GC(34) - age  14:     136464 bytes,    3154944 total
[2022-05-30T03:53:55.960+0000][7][gc,age      ] GC(34) - age  15:    1101848 bytes,    4256792 total
[2022-05-30T03:53:55.960+0000][7][gc,heap     ] GC(34) Eden regions: 73->0(74)
[2022-05-30T03:53:55.961+0000][7][gc,heap     ] GC(34) Survivor regions: 3->2(10)
[2022-05-30T03:53:55.961+0000][7][gc,heap     ] GC(34) Old regions: 22->23
[2022-05-30T03:53:55.961+0000][7][gc,heap     ] GC(34) Archive regions: 2->2
[2022-05-30T03:53:55.962+0000][7][gc,heap     ] GC(34) Humongous regions: 2->2
[2022-05-30T03:53:55.962+0000][7][gc,metaspace] GC(34) Metaspace: 128791K(132160K)->128791K(132160K) NonClass: 111796K(113536K)->111796K(113536K) Class: 16995K(18624K)->16995K(18624K)
[2022-05-30T03:53:55.962+0000][7][gc          ] GC(34) Pause Young (Normal) (G1 Evacuation Pause) 400M->108M(512M) 19.109ms
[2022-05-30T03:53:55.962+0000][7][gc,cpu      ] GC(34) User=0.05s Sys=0.00s Real=0.02s
[2022-05-30T03:53:55.963+0000][7][safepoint   ] Safepoint "G1CollectForAllocation", Time since last: 2089884922 ns, Reaching safepoint: 387259 ns, At safepoint: 19874285 ns, Total: 20261544 ns
[2022-05-30T03:54:00.965+0000][7][safepoint   ] Safepoint "Cleanup", Time since last: 5001522885 ns, Reaching safepoint: 534150 ns, At safepoint: 26220 ns, Total: 560370 ns
[2022-05-30T03:54:01.966+0000][7][safepoint   ] Safepoint "Cleanup", Time since last: 1000845381 ns, Reaching safepoint: 375467 ns, At safepoint: 19407 ns, Total: 394874 ns
[2022-05-30T03:54:11.696+0000][7][safepoint   ] Safepoint "Cleanup", Time since last: 9214354721 ns, Reaching safepoint: 414802 ns, At safepoint: 51698 ns, Total: 466500 ns
[2022-05-30T03:54:14.697+0000][7][safepoint   ] Safepoint "Cleanup", Time since last: 3001171161 ns, Reaching safepoint: 355538 ns, At safepoint: 18235 ns, Total: 373773 ns
[2022-05-30T03:54:15.698+0000][7][safepoint   ] Safepoint "Cleanup", Time since last: 1000678641 ns, Reaching safepoint: 396547 ns, At safepoint: 35989 ns, Total: 432536 ns
[2022-05-30T03:54:17.700+0000][7][safepoint   ] Safepoint "Cleanup", Time since last: 2000842014 ns, Reaching safepoint: 420873 ns, At safepoint: 56228 ns, Total: 477101 ns
[2022-05-30T03:54:23.702+0000][7][safepoint   ] Safepoint "Cleanup", Time since last: 6001646804 ns, Reaching safepoint: 380727 ns, At safepoint: 9839 ns, Total: 390566 ns
[2022-05-30T03:54:35.705+0000][7][safepoint   ] Safepoint "Cleanup", Time since last: 12002850026 ns, Reaching safepoint: 342734 ns, At safepoint: 22724 ns, Total: 365458 ns
[2022-05-30T03:54:38.430+0000][7][safepoint   ] Safepoint "Cleanup", Time since last: 3186499765 ns, Reaching safepoint: 392098 ns, At safepoint: 22173 ns, Total: 414271 ns
[2022-05-30T03:54:44.539+0000][7][safepoint   ] Safepoint "Cleanup", Time since last: 6108534882 ns, Reaching safepoint: 416676 ns, At safepoint: 21501 ns, Total: 438177 ns
[2022-05-30T03:54:45.540+0000][7][safepoint   ] Safepoint "Cleanup", Time since last: 1000784921 ns, Reaching safepoint: 416355 ns, At safepoint: 30108 ns, Total: 446463 ns
[2022-05-30T03:54:47.708+0000][7][safepoint   ] Safepoint "Cleanup", Time since last: 2167531169 ns, Reaching safepoint: 334539 ns, At safepoint: 38604 ns, Total: 373143 ns
[2022-05-30T03:54:54.711+0000][7][safepoint   ] Safepoint "Cleanup", Time since last: 7001911021 ns, Reaching safepoint: 324109 ns, At safepoint: 16702 ns, Total: 340811 ns
[2022-05-30T03:54:55.712+0000][7][safepoint   ] Safepoint "Cleanup", Time since last: 1000826337 ns, Reaching safepoint: 375567 ns, At safepoint: 24737 ns, Total: 400304 ns
[2022-05-30T03:54:56.946+0000][7][safepoint   ] Safepoint "Cleanup", Time since last: 1233709789 ns, Reaching safepoint: 365387 ns, At safepoint: 18426 ns, Total: 383813 ns
[2022-05-30T03:54:57.947+0000][7][safepoint   ] Safepoint "Cleanup", Time since last: 1000585976 ns, Reaching safepoint: 360839 ns, At safepoint: 29186 ns, Total: 390025 ns
[2022-05-30T03:55:10.232+0000][7][safepoint   ] Safepoint "Cleanup", Time since last: 12193698330 ns, Reaching safepoint: 232075 ns, At safepoint: 15639 ns, Total: 247714 ns
[2022-05-30T03:55:14.462+0000][7][gc,start    ] GC(35) Pause Young (Normal) (G1 Evacuation Pause)
[2022-05-30T03:55:14.462+0000][7][gc,task     ] GC(35) Using 8 workers of 8 for evacuation
[2022-05-30T03:55:14.463+0000][7][gc,age      ] GC(35) Desired survivor size 20971520 bytes, new threshold 15 (max threshold 15)
[2022-05-30T03:55:14.471+0000][7][gc,phases   ] GC(35)   Pre Evacuate Collection Set: 0.4ms
[2022-05-30T03:55:14.471+0000][7][gc,phases   ] GC(35)   Merge Heap Roots: 0.3ms
[2022-05-30T03:55:14.472+0000][7][gc,phases   ] GC(35)   Evacuate Collection Set: 4.7ms
[2022-05-30T03:55:14.472+0000][7][gc,phases   ] GC(35)   Post Evacuate Collection Set: 1.9ms
[2022-05-30T03:55:14.472+0000][7][gc,phases   ] GC(35)   Other: 0.9ms
[2022-05-30T03:55:14.473+0000][7][gc,age      ] GC(35) Age table with threshold 15 (max threshold 15)
[2022-05-30T03:55:14.473+0000][7][gc,age      ] GC(35) - age   1:    1566176 bytes,    1566176 total
[2022-05-30T03:55:14.473+0000][7][gc,age      ] GC(35) - age   2:      52056 bytes,    1618232 total
[2022-05-30T03:55:14.474+0000][7][gc,age      ] GC(35) - age   3:      12120 bytes,    1630352 total
[2022-05-30T03:55:14.474+0000][7][gc,age      ] GC(35) - age   4:      15704 bytes,    1646056 total
[2022-05-30T03:55:14.475+0000][7][gc,age      ] GC(35) - age   5:      11128 bytes,    1657184 total
[2022-05-30T03:55:14.475+0000][7][gc,age      ] GC(35) - age   6:      15856 bytes,    1673040 total
[2022-05-30T03:55:14.475+0000][7][gc,age      ] GC(35) - age   7:       8704 bytes,    1681744 total
[2022-05-30T03:55:14.476+0000][7][gc,age      ] GC(35) - age   8:       7256 bytes,    1689000 total
[2022-05-30T03:55:14.476+0000][7][gc,age      ] GC(35) - age   9:      33440 bytes,    1722440 total
[2022-05-30T03:55:14.476+0000][7][gc,age      ] GC(35) - age  10:     234824 bytes,    1957264 total
[2022-05-30T03:55:14.477+0000][7][gc,age      ] GC(35) - age  11:       7728 bytes,    1964992 total
[2022-05-30T03:55:14.477+0000][7][gc,age      ] GC(35) - age  12:      25352 bytes,    1990344 total
[2022-05-30T03:55:14.477+0000][7][gc,age      ] GC(35) - age  13:     198560 bytes,    2188904 total
[2022-05-30T03:55:14.478+0000][7][gc,age      ] GC(35) - age  14:     527280 bytes,    2716184 total
[2022-05-30T03:55:14.478+0000][7][gc,age      ] GC(35) - age  15:     136464 bytes,    2852648 total
[2022-05-30T03:55:14.478+0000][7][gc,heap     ] GC(35) Eden regions: 74->0(75)
[2022-05-30T03:55:14.479+0000][7][gc,heap     ] GC(35) Survivor regions: 2->1(10)
[2022-05-30T03:55:14.479+0000][7][gc,heap     ] GC(35) Old regions: 23->24
[2022-05-30T03:55:14.480+0000][7][gc,heap     ] GC(35) Archive regions: 2->2
[2022-05-30T03:55:14.480+0000][7][gc,heap     ] GC(35) Humongous regions: 2->2
[2022-05-30T03:55:14.480+0000][7][gc,metaspace] GC(35) Metaspace: 128835K(132224K)->128835K(132224K) NonClass: 111840K(113600K)->111840K(113600K) Class: 16995K(18624K)->16995K(18624K)
[2022-05-30T03:55:14.481+0000][7][gc          ] GC(35) Pause Young (Normal) (G1 Evacuation Pause) 404M->108M(512M) 18.691ms
[2022-05-30T03:55:14.481+0000][7][gc,cpu      ] GC(35) User=0.04s Sys=0.00s Real=0.02s
[2022-05-30T03:55:14.481+0000][7][safepoint   ] Safepoint "G1CollectForAllocation", Time since last: 4229547238 ns, Reaching safepoint: 347283 ns, At safepoint: 19621071 ns, Total: 19968354 ns
[2022-05-30T03:55:15.482+0000][7][safepoint   ] Safepoint "Cleanup", Time since last: 1000588188 ns, Reaching safepoint: 334979 ns, At safepoint: 87177 ns, Total: 422156 ns
[2022-05-30T03:55:23.622+0000][7][safepoint   ] Safepoint "Cleanup", Time since last: 8139164319 ns, Reaching safepoint: 295344 ns, At safepoint: 8687 ns, Total: 304031 ns
[2022-05-30T03:55:29.624+0000][7][safepoint   ] Safepoint "Cleanup", Time since last: 6001844660 ns, Reaching safepoint: 380517 ns, At safepoint: 20338 ns, Total: 400855 ns
[2022-05-30T03:55:32.626+0000][7][safepoint   ] Safepoint "Cleanup", Time since last: 3001186339 ns, Reaching safepoint: 684968 ns, At safepoint: 22693 ns, Total: 707661 ns
[2022-05-30T03:55:35.628+0000][7][safepoint   ] Safepoint "Cleanup", Time since last: 3001201718 ns, Reaching safepoint: 346652 ns, At safepoint: 27954 ns, Total: 374606 ns
[2022-05-30T03:55:38.797+0000][7][safepoint   ] Safepoint "Cleanup", Time since last: 3133109092 ns, Reaching safepoint: 378553 ns, At safepoint: 36510 ns, Total: 415063 ns
[2022-05-30T03:55:44.799+0000][7][safepoint   ] Safepoint "Cleanup", Time since last: 6001440406 ns, Reaching safepoint: 455319 ns, At safepoint: 46299 ns, Total: 501618 ns
[2022-05-30T03:55:47.801+0000][7][safepoint   ] Safepoint "Cleanup", Time since last: 3001091012 ns, Reaching safepoint: 510424 ns, At safepoint: 20620 ns, Total: 531044 ns
[2022-05-30T03:55:51.803+0000][7][safepoint   ] Safepoint "Cleanup", Time since last: 4001394680 ns, Reaching safepoint: 417056 ns, At safepoint: 38082 ns, Total: 455138 ns
[2022-05-30T03:55:52.931+0000][7][safepoint   ] Safepoint "Cleanup", Time since last: 1127762079 ns, Reaching safepoint: 340029 ns, At safepoint: 28945 ns, Total: 368974 ns
[2022-05-30T03:55:56.934+0000][7][safepoint   ] Safepoint "Cleanup", Time since last: 4002097335 ns, Reaching safepoint: 579276 ns, At safepoint: 30117 ns, Total: 609393 ns
[2022-05-30T03:56:04.936+0000][7][safepoint   ] Safepoint "Cleanup", Time since last: 8002239140 ns, Reaching safepoint: 505901 ns, At safepoint: 18906 ns, Total: 524807 ns
[2022-05-30T03:56:26.849+0000][7][safepoint   ] Safepoint "Cleanup", Time since last: 22004583895 ns, Reaching safepoint: 418349 ns, At safepoint: 150778 ns, Total: 569127 ns
[2022-05-30T03:56:34.851+0000][7][safepoint   ] Safepoint "Cleanup", Time since last: 8002071179 ns, Reaching safepoint: 306836 ns, At safepoint: 13916 ns, Total: 320752 ns
[2022-05-30T03:56:40.468+0000][7][gc,start    ] GC(36) Pause Young (Normal) (G1 Evacuation Pause)
[2022-05-30T03:56:40.551+0000][7][gc,task     ] GC(36) Using 8 workers of 8 for evacuation
[2022-05-30T03:56:40.657+0000][7][gc,age      ] GC(36) Desired survivor size 20971520 bytes, new threshold 15 (max threshold 15)
[2022-05-30T03:56:40.685+0000][7][gc,phases   ] GC(36)   Pre Evacuate Collection Set: 0.4ms
[2022-05-30T03:56:40.698+0000][7][gc,phases   ] GC(36)   Merge Heap Roots: 0.3ms
[2022-05-30T03:56:40.725+0000][7][gc,phases   ] GC(36)   Evacuate Collection Set: 18.8ms
[2022-05-30T03:56:40.755+0000][7][gc,phases   ] GC(36)   Post Evacuate Collection Set: 1.6ms
[2022-05-30T03:56:40.757+0000][7][gc,phases   ] GC(36)   Other: 113.1ms
[2022-05-30T03:56:40.758+0000][7][gc,age      ] GC(36) Age table with threshold 15 (max threshold 15)
[2022-05-30T03:56:40.759+0000][7][gc,age      ] GC(36) - age   1:     980216 bytes,     980216 total
[2022-05-30T03:56:40.761+0000][7][gc,age      ] GC(36) - age   2:      32448 bytes,    1012664 total
[2022-05-30T03:56:40.766+0000][7][gc,age      ] GC(36) - age   3:      50496 bytes,    1063160 total
[2022-05-30T03:56:40.767+0000][7][gc,age      ] GC(36) - age   4:      11416 bytes,    1074576 total
[2022-05-30T03:56:40.768+0000][7][gc,age      ] GC(36) - age   5:      15704 bytes,    1090280 total
[2022-05-30T03:56:40.769+0000][7][gc,age      ] GC(36) - age   6:      11000 bytes,    1101280 total
[2022-05-30T03:56:40.769+0000][7][gc,age      ] GC(36) - age   7:      15856 bytes,    1117136 total
[2022-05-30T03:56:40.770+0000][7][gc,age      ] GC(36) - age   8:       8704 bytes,    1125840 total
[2022-05-30T03:56:40.770+0000][7][gc,age      ] GC(36) - age   9:       7256 bytes,    1133096 total
[2022-05-30T03:56:40.771+0000][7][gc,age      ] GC(36) - age  10:      33440 bytes,    1166536 total
[2022-05-30T03:56:40.772+0000][7][gc,age      ] GC(36) - age  11:     234824 bytes,    1401360 total
[2022-05-30T03:56:40.772+0000][7][gc,age      ] GC(36) - age  12:       7544 bytes,    1408904 total
[2022-05-30T03:56:40.773+0000][7][gc,age      ] GC(36) - age  13:      25352 bytes,    1434256 total
[2022-05-30T03:56:40.774+0000][7][gc,age      ] GC(36) - age  14:     198560 bytes,    1632816 total
[2022-05-30T03:56:40.775+0000][7][gc,age      ] GC(36) - age  15:     527280 bytes,    2160096 total
[2022-05-30T03:56:40.776+0000][7][gc,heap     ] GC(36) Eden regions: 75->0(75)
[2022-05-30T03:56:40.776+0000][7][gc,heap     ] GC(36) Survivor regions: 1->1(10)
[2022-05-30T03:56:40.777+0000][7][gc,heap     ] GC(36) Old regions: 24->24
[2022-05-30T03:56:40.778+0000][7][gc,heap     ] GC(36) Archive regions: 2->2
[2022-05-30T03:56:40.779+0000][7][gc,heap     ] GC(36) Humongous regions: 2->2
[2022-05-30T03:56:40.779+0000][7][gc,metaspace] GC(36) Metaspace: 128902K(132352K)->128902K(132352K) NonClass: 111907K(113728K)->111907K(113728K) Class: 16995K(18624K)->16995K(18624K)
[2022-05-30T03:56:40.780+0000][7][gc          ] GC(36) Pause Young (Normal) (G1 Evacuation Pause) 408M->107M(512M) 312.157ms
[2022-05-30T03:56:40.781+0000][7][gc,cpu      ] GC(36) User=0.05s Sys=0.00s Real=0.31s
[2022-05-30T03:56:40.782+0000][7][safepoint   ] Safepoint "G1CollectForAllocation", Time since last: 5579909392 ns, Reaching safepoint: 362212 ns, At safepoint: 313746013 ns, Total: 314108225 ns
[2022-05-30T03:56:41.783+0000][7][safepoint   ] Safepoint "Cleanup", Time since last: 1001170211 ns, Reaching safepoint: 462884 ns, At safepoint: 14748 ns, Total: 477632 ns
[2022-05-30T03:56:48.786+0000][7][safepoint   ] Safepoint "Cleanup", Time since last: 7001783787 ns, Reaching safepoint: 385205 ns, At safepoint: 16963 ns, Total: 402168 ns
[2022-05-30T03:56:50.986+0000][7][safepoint   ] Safepoint "Cleanup", Time since last: 2200399365 ns, Reaching safepoint: 528459 ns, At safepoint: 17503 ns, Total: 545962 ns
[2022-05-30T03:57:01.989+0000][7][safepoint   ] Safepoint "Cleanup", Time since last: 11002498813 ns, Reaching safepoint: 396887 ns, At safepoint: 32743 ns, Total: 429630 ns
[2022-05-30T03:57:04.991+0000][7][safepoint   ] Safepoint "Cleanup", Time since last: 3001347174 ns, Reaching safepoint: 427516 ns, At safepoint: 12894 ns, Total: 440410 ns
[2022-05-30T03:57:08.890+0000][7][safepoint   ] Safepoint "Cleanup", Time since last: 4001344659 ns, Reaching safepoint: 295063 ns, At safepoint: 17534 ns, Total: 312597 ns
[2022-05-30T03:57:14.893+0000][7][safepoint   ] Safepoint "Cleanup", Time since last: 6002538164 ns, Reaching safepoint: 584676 ns, At safepoint: 22083 ns, Total: 606759 ns
[2022-05-30T03:57:16.895+0000][7][safepoint   ] Safepoint "Cleanup", Time since last: 2001038249 ns, Reaching safepoint: 466371 ns, At safepoint: 51468 ns, Total: 517839 ns
[2022-05-30T03:57:20.896+0000][7][safepoint   ] Safepoint "Cleanup", Time since last: 4001286948 ns, Reaching safepoint: 532156 ns, At safepoint: 19817 ns, Total: 551973 ns
[2022-05-30T03:57:21.898+0000][7][safepoint   ] Safepoint "Cleanup", Time since last: 1000870060 ns, Reaching safepoint: 455249 ns, At safepoint: 28394 ns, Total: 483643 ns
[2022-05-30T03:57:35.133+0000][7][safepoint   ] Safepoint "Cleanup", Time since last: 13234711321 ns, Reaching safepoint: 388842 ns, At safepoint: 13326 ns, Total: 402168 ns
[2022-05-30T03:57:38.157+0000][7][safepoint   ] Safepoint "Cleanup", Time since last: 3001162764 ns, Reaching safepoint: 434970 ns, At safepoint: 31510 ns, Total: 466480 ns
[2022-05-30T03:57:44.159+0000][7][safepoint   ] Safepoint "Cleanup", Time since last: 6001955632 ns, Reaching safepoint: 336522 ns, At safepoint: 52611 ns, Total: 389133 ns
[2022-05-30T03:57:49.161+0000][7][safepoint   ] Safepoint "Cleanup", Time since last: 5001498090 ns, Reaching safepoint: 366069 ns, At safepoint: 24236 ns, Total: 390305 ns
[2022-05-30T03:57:54.216+0000][7][safepoint   ] Safepoint "Cleanup", Time since last: 5054666820 ns, Reaching safepoint: 342725 ns, At safepoint: 19407 ns, Total: 362132 ns
[2022-05-30T03:57:55.527+0000][7][safepoint   ] Safepoint "Cleanup", Time since last: 1310296829 ns, Reaching safepoint: 338677 ns, At safepoint: 17634 ns, Total: 356311 ns
[2022-05-30T03:57:58.528+0000][7][safepoint   ] Safepoint "Cleanup", Time since last: 3001164414 ns, Reaching safepoint: 411947 ns, At safepoint: 31179 ns, Total: 443126 ns
[2022-05-30T03:58:02.712+0000][7][safepoint   ] Safepoint "Cleanup", Time since last: 4182686563 ns, Reaching safepoint: 378673 ns, At safepoint: 28394 ns, Total: 407067 ns
[2022-05-30T03:58:08.083+0000][7][safepoint   ] Safepoint "Cleanup", Time since last: 5147975316 ns, Reaching safepoint: 548467 ns, At safepoint: 43092 ns, Total: 591559 ns
[2022-05-30T03:58:08.708+0000][7][gc,start    ] GC(37) Pause Young (Normal) (G1 Evacuation Pause)
[2022-05-30T03:58:08.708+0000][7][gc,task     ] GC(37) Using 8 workers of 8 for evacuation
[2022-05-30T03:58:08.709+0000][7][gc,age      ] GC(37) Desired survivor size 20971520 bytes, new threshold 15 (max threshold 15)
[2022-05-30T03:58:08.716+0000][7][gc,phases   ] GC(37)   Pre Evacuate Collection Set: 0.4ms
[2022-05-30T03:58:08.716+0000][7][gc,phases   ] GC(37)   Merge Heap Roots: 0.3ms
[2022-05-30T03:58:08.716+0000][7][gc,phases   ] GC(37)   Evacuate Collection Set: 4.1ms
[2022-05-30T03:58:08.716+0000][7][gc,phases   ] GC(37)   Post Evacuate Collection Set: 1.5ms
[2022-05-30T03:58:08.717+0000][7][gc,phases   ] GC(37)   Other: 0.7ms
[2022-05-30T03:58:08.717+0000][7][gc,age      ] GC(37) Age table with threshold 15 (max threshold 15)
[2022-05-30T03:58:08.718+0000][7][gc,age      ] GC(37) - age   1:    1971968 bytes,    1971968 total
[2022-05-30T03:58:08.719+0000][7][gc,age      ] GC(37) - age   2:       7632 bytes,    1979600 total
[2022-05-30T03:58:08.719+0000][7][gc,age      ] GC(37) - age   3:      30376 bytes,    2009976 total
[2022-05-30T03:58:08.720+0000][7][gc,age      ] GC(37) - age   4:      41968 bytes,    2051944 total
[2022-05-30T03:58:08.720+0000][7][gc,age      ] GC(37) - age   5:      11352 bytes,    2063296 total
[2022-05-30T03:58:08.721+0000][7][gc,age      ] GC(37) - age   6:      15408 bytes,    2078704 total
[2022-05-30T03:58:08.721+0000][7][gc,age      ] GC(37) - age   7:      10936 bytes,    2089640 total
[2022-05-30T03:58:08.722+0000][7][gc,age      ] GC(37) - age   8:      15856 bytes,    2105496 total
[2022-05-30T03:58:08.722+0000][7][gc,age      ] GC(37) - age   9:       8704 bytes,    2114200 total
[2022-05-30T03:58:08.722+0000][7][gc,age      ] GC(37) - age  10:       7256 bytes,    2121456 total
[2022-05-30T03:58:08.723+0000][7][gc,age      ] GC(37) - age  11:      33440 bytes,    2154896 total
[2022-05-30T03:58:08.723+0000][7][gc,age      ] GC(37) - age  12:     234824 bytes,    2389720 total
[2022-05-30T03:58:08.724+0000][7][gc,age      ] GC(37) - age  13:       7544 bytes,    2397264 total
[2022-05-30T03:58:08.724+0000][7][gc,age      ] GC(37) - age  14:      25352 bytes,    2422616 total
[2022-05-30T03:58:08.724+0000][7][gc,age      ] GC(37) - age  15:     198560 bytes,    2621176 total
[2022-05-30T03:58:08.725+0000][7][gc,heap     ] GC(37) Eden regions: 75->0(75)
[2022-05-30T03:58:08.725+0000][7][gc,heap     ] GC(37) Survivor regions: 1->1(10)
[2022-05-30T03:58:08.726+0000][7][gc,heap     ] GC(37) Old regions: 24->24
[2022-05-30T03:58:08.726+0000][7][gc,heap     ] GC(37) Archive regions: 2->2
[2022-05-30T03:58:08.726+0000][7][gc,heap     ] GC(37) Humongous regions: 2->2
[2022-05-30T03:58:08.727+0000][7][gc,metaspace] GC(37) Metaspace: 128924K(132352K)->128924K(132352K) NonClass: 111929K(113728K)->111929K(113728K) Class: 16995K(18624K)->16995K(18624K)
[2022-05-30T03:58:08.727+0000][7][gc          ] GC(37) Pause Young (Normal) (G1 Evacuation Pause) 407M->108M(512M) 19.137ms
[2022-05-30T03:58:08.728+0000][7][gc,cpu      ] GC(37) User=0.03s Sys=0.01s Real=0.02s
[2022-05-30T03:58:08.728+0000][7][safepoint   ] Safepoint "G1CollectForAllocation", Time since last: 625099642 ns, Reaching safepoint: 368393 ns, At safepoint: 20168916 ns, Total: 20537309 ns
[2022-05-30T03:58:12.730+0000][7][safepoint   ] Safepoint "Cleanup", Time since last: 4001298241 ns, Reaching safepoint: 592000 ns, At safepoint: 29066 ns, Total: 621066 ns
[2022-05-30T03:58:21.733+0000][7][safepoint   ] Safepoint "Cleanup", Time since last: 9002333484 ns, Reaching safepoint: 394383 ns, At safepoint: 33714 ns, Total: 428097 ns
[2022-05-30T03:58:26.345+0000][7][safepoint   ] Safepoint "Cleanup", Time since last: 4611821979 ns, Reaching safepoint: 588293 ns, At safepoint: 46549 ns, Total: 634842 ns
[2022-05-30T03:58:34.348+0000][7][safepoint   ] Safepoint "Cleanup", Time since last: 8002118469 ns, Reaching safepoint: 343366 ns, At safepoint: 12834 ns, Total: 356200 ns
[2022-05-30T03:58:35.349+0000][7][safepoint   ] Safepoint "Cleanup", Time since last: 1000851399 ns, Reaching safepoint: 344778 ns, At safepoint: 20579 ns, Total: 365357 ns
[2022-05-30T03:58:38.549+0000][7][safepoint   ] Safepoint "Cleanup", Time since last: 3213118821 ns, Reaching safepoint: 404261 ns, At safepoint: 32583 ns, Total: 436844 ns
[2022-05-30T03:58:52.552+0000][7][safepoint   ] Safepoint "Cleanup", Time since last: 14003135909 ns, Reaching safepoint: 372801 ns, At safepoint: 38103 ns, Total: 410904 ns
[2022-05-30T03:58:57.554+0000][7][safepoint   ] Safepoint "Cleanup", Time since last: 5001410493 ns, Reaching safepoint: 373934 ns, At safepoint: 25458 ns, Total: 399392 ns
[2022-05-30T03:58:59.740+0000][7][safepoint   ] Safepoint "Cleanup", Time since last: 2185801569 ns, Reaching safepoint: 403269 ns, At safepoint: 24748 ns, Total: 428017 ns
[2022-05-30T03:59:01.892+0000][7][safepoint   ] Safepoint "Cleanup", Time since last: 2151840918 ns, Reaching safepoint: 389253 ns, At safepoint: 17303 ns, Total: 406556 ns
[2022-05-30T03:59:02.893+0000][7][safepoint   ] Safepoint "Cleanup", Time since last: 1000734865 ns, Reaching safepoint: 349968 ns, At safepoint: 15169 ns, Total: 365137 ns
[2022-05-30T03:59:07.135+0000][7][safepoint   ] Safepoint "Cleanup", Time since last: 4241209603 ns, Reaching safepoint: 323388 ns, At safepoint: 20839 ns, Total: 344227 ns
[2022-05-30T03:59:08.895+0000][7][safepoint   ] Safepoint "Cleanup", Time since last: 2001032728 ns, Reaching safepoint: 484815 ns, At safepoint: 71637 ns, Total: 556452 ns
[2022-05-30T03:59:13.896+0000][7][safepoint   ] Safepoint "Cleanup", Time since last: 5001463945 ns, Reaching safepoint: 360619 ns, At safepoint: 26881 ns, Total: 387500 ns
[2022-05-30T03:59:22.899+0000][7][safepoint   ] Safepoint "Cleanup", Time since last: 9002380638 ns, Reaching safepoint: 582161 ns, At safepoint: 22523 ns, Total: 604684 ns
[2022-05-30T03:59:32.227+0000][7][gc,start    ] GC(38) Pause Young (Normal) (G1 Evacuation Pause)
[2022-05-30T03:59:32.228+0000][7][gc,task     ] GC(38) Using 8 workers of 8 for evacuation
[2022-05-30T03:59:32.228+0000][7][gc,age      ] GC(38) Desired survivor size 20971520 bytes, new threshold 15 (max threshold 15)
[2022-05-30T03:59:32.234+0000][7][gc,phases   ] GC(38)   Pre Evacuate Collection Set: 0.3ms
[2022-05-30T03:59:32.235+0000][7][gc,phases   ] GC(38)   Merge Heap Roots: 0.2ms
[2022-05-30T03:59:32.235+0000][7][gc,phases   ] GC(38)   Evacuate Collection Set: 3.2ms
[2022-05-30T03:59:32.235+0000][7][gc,phases   ] GC(38)   Post Evacuate Collection Set: 1.6ms
[2022-05-30T03:59:32.236+0000][7][gc,phases   ] GC(38)   Other: 1.3ms
[2022-05-30T03:59:32.236+0000][7][gc,age      ] GC(38) Age table with threshold 15 (max threshold 15)
[2022-05-30T03:59:32.236+0000][7][gc,age      ] GC(38) - age   1:    1873984 bytes,    1873984 total
[2022-05-30T03:59:32.237+0000][7][gc,age      ] GC(38) - age   2:       9400 bytes,    1883384 total
[2022-05-30T03:59:32.237+0000][7][gc,age      ] GC(38) - age   3:       5368 bytes,    1888752 total
[2022-05-30T03:59:32.237+0000][7][gc,age      ] GC(38) - age   4:      22208 bytes,    1910960 total
[2022-05-30T03:59:32.237+0000][7][gc,age      ] GC(38) - age   5:      41544 bytes,    1952504 total
[2022-05-30T03:59:32.238+0000][7][gc,age      ] GC(38) - age   6:      11352 bytes,    1963856 total
[2022-05-30T03:59:32.238+0000][7][gc,age      ] GC(38) - age   7:      15408 bytes,    1979264 total
[2022-05-30T03:59:32.238+0000][7][gc,age      ] GC(38) - age   8:      10936 bytes,    1990200 total
[2022-05-30T03:59:32.239+0000][7][gc,age      ] GC(38) - age   9:      15856 bytes,    2006056 total
[2022-05-30T03:59:32.239+0000][7][gc,age      ] GC(38) - age  10:       8704 bytes,    2014760 total
[2022-05-30T03:59:32.239+0000][7][gc,age      ] GC(38) - age  11:       7256 bytes,    2022016 total
[2022-05-30T03:59:32.240+0000][7][gc,age      ] GC(38) - age  12:      33440 bytes,    2055456 total
[2022-05-30T03:59:32.240+0000][7][gc,age      ] GC(38) - age  13:     234824 bytes,    2290280 total
[2022-05-30T03:59:32.240+0000][7][gc,age      ] GC(38) - age  14:       7544 bytes,    2297824 total
[2022-05-30T03:59:32.240+0000][7][gc,age      ] GC(38) - age  15:      25352 bytes,    2323176 total
[2022-05-30T03:59:32.241+0000][7][gc,heap     ] GC(38) Eden regions: 75->0(75)
[2022-05-30T03:59:32.241+0000][7][gc,heap     ] GC(38) Survivor regions: 1->1(10)
[2022-05-30T03:59:32.241+0000][7][gc,heap     ] GC(38) Old regions: 24->24
[2022-05-30T03:59:32.242+0000][7][gc,heap     ] GC(38) Archive regions: 2->2
[2022-05-30T03:59:32.242+0000][7][gc,heap     ] GC(38) Humongous regions: 2->2
[2022-05-30T03:59:32.242+0000][7][gc,metaspace] GC(38) Metaspace: 128943K(132416K)->128943K(132416K) NonClass: 111948K(113792K)->111948K(113792K) Class: 16995K(18624K)->16995K(18624K)
[2022-05-30T03:59:32.243+0000][7][gc          ] GC(38) Pause Young (Normal) (G1 Evacuation Pause) 408M->108M(512M) 15.751ms
[2022-05-30T03:59:32.243+0000][7][gc,cpu      ] GC(38) User=0.02s Sys=0.00s Real=0.02s
[2022-05-30T03:59:32.244+0000][7][safepoint   ] Safepoint "G1CollectForAllocation", Time since last: 9327248750 ns, Reaching safepoint: 348886 ns, At safepoint: 16603966 ns, Total: 16952852 ns
[2022-05-30T03:59:33.244+0000][7][safepoint   ] Safepoint "Cleanup", Time since last: 1000531285 ns, Reaching safepoint: 324139 ns, At safepoint: 17864 ns, Total: 342003 ns
[2022-05-30T03:59:35.246+0000][7][safepoint   ] Safepoint "Cleanup", Time since last: 2001062367 ns, Reaching safepoint: 582852 ns, At safepoint: 23435 ns, Total: 606287 ns
[2022-05-30T03:59:36.247+0000][7][safepoint   ] Safepoint "Cleanup", Time since last: 1000810102 ns, Reaching safepoint: 406957 ns, At safepoint: 29396 ns, Total: 436353 ns
[2022-05-30T03:59:50.434+0000][7][safepoint   ] Safepoint "Cleanup", Time since last: 14195848558 ns, Reaching safepoint: 535282 ns, At safepoint: 25118 ns, Total: 560400 ns
[2022-05-30T03:59:55.436+0000][7][safepoint   ] Safepoint "Cleanup", Time since last: 5001584546 ns, Reaching safepoint: 514352 ns, At safepoint: 41098 ns, Total: 555450 ns
[2022-05-30T03:59:57.438+0000][7][safepoint   ] Safepoint "Cleanup", Time since last: 2000964910 ns, Reaching safepoint: 357081 ns, At safepoint: 23515 ns, Total: 380596 ns
[2022-05-30T04:00:14.549+0000][7][safepoint   ] Safepoint "Cleanup", Time since last: 17110639131 ns, Reaching safepoint: 454728 ns, At safepoint: 14848 ns, Total: 469576 ns
[2022-05-30T04:00:15.550+0000][7][safepoint   ] Safepoint "Cleanup", Time since last: 1000762389 ns, Reaching safepoint: 336422 ns, At safepoint: 19607 ns, Total: 356029 ns
[2022-05-30T04:00:31.665+0000][7][safepoint   ] Safepoint "Cleanup", Time since last: 16114262133 ns, Reaching safepoint: 291126 ns, At safepoint: 9588 ns, Total: 300714 ns
[2022-05-30T04:00:38.667+0000][7][safepoint   ] Safepoint "Cleanup", Time since last: 7001907117 ns, Reaching safepoint: 342293 ns, At safepoint: 14097 ns, Total: 356390 ns
[2022-05-30T04:00:50.670+0000][7][safepoint   ] Safepoint "Cleanup", Time since last: 12002929837 ns, Reaching safepoint: 402408 ns, At safepoint: 19607 ns, Total: 422015 ns
[2022-05-30T04:01:01.892+0000][7][safepoint   ] Safepoint "Cleanup", Time since last: 11221932561 ns, Reaching safepoint: 309762 ns, At safepoint: 19707 ns, Total: 329469 ns
[2022-05-30T04:01:01.906+0000][7][gc,start    ] GC(39) Pause Young (Normal) (G1 Evacuation Pause)
[2022-05-30T04:01:01.906+0000][7][gc,task     ] GC(39) Using 8 workers of 8 for evacuation
[2022-05-30T04:01:01.907+0000][7][gc,age      ] GC(39) Desired survivor size 20971520 bytes, new threshold 15 (max threshold 15)
[2022-05-30T04:01:01.912+0000][7][gc,phases   ] GC(39)   Pre Evacuate Collection Set: 0.3ms
[2022-05-30T04:01:01.912+0000][7][gc,phases   ] GC(39)   Merge Heap Roots: 0.2ms
[2022-05-30T04:01:01.913+0000][7][gc,phases   ] GC(39)   Evacuate Collection Set: 2.7ms
[2022-05-30T04:01:01.913+0000][7][gc,phases   ] GC(39)   Post Evacuate Collection Set: 1.4ms
[2022-05-30T04:01:01.913+0000][7][gc,phases   ] GC(39)   Other: 0.8ms
[2022-05-30T04:01:01.913+0000][7][gc,age      ] GC(39) Age table with threshold 15 (max threshold 15)
[2022-05-30T04:01:01.914+0000][7][gc,age      ] GC(39) - age   1:    1472144 bytes,    1472144 total
[2022-05-30T04:01:01.914+0000][7][gc,age      ] GC(39) - age   2:      21968 bytes,    1494112 total
[2022-05-30T04:01:01.914+0000][7][gc,age      ] GC(39) - age   3:       7096 bytes,    1501208 total
[2022-05-30T04:01:01.914+0000][7][gc,age      ] GC(39) - age   4:       5176 bytes,    1506384 total
[2022-05-30T04:01:01.915+0000][7][gc,age      ] GC(39) - age   5:      22144 bytes,    1528528 total
[2022-05-30T04:01:01.915+0000][7][gc,age      ] GC(39) - age   6:      24976 bytes,    1553504 total
[2022-05-30T04:01:01.915+0000][7][gc,age      ] GC(39) - age   7:      11352 bytes,    1564856 total
[2022-05-30T04:01:01.915+0000][7][gc,age      ] GC(39) - age   8:      15408 bytes,    1580264 total
[2022-05-30T04:01:01.916+0000][7][gc,age      ] GC(39) - age   9:      10936 bytes,    1591200 total
[2022-05-30T04:01:01.916+0000][7][gc,age      ] GC(39) - age  10:      15856 bytes,    1607056 total
[2022-05-30T04:01:01.916+0000][7][gc,age      ] GC(39) - age  11:       8704 bytes,    1615760 total
[2022-05-30T04:01:01.916+0000][7][gc,age      ] GC(39) - age  12:       7072 bytes,    1622832 total
[2022-05-30T04:01:01.917+0000][7][gc,age      ] GC(39) - age  13:      33440 bytes,    1656272 total
[2022-05-30T04:01:01.917+0000][7][gc,age      ] GC(39) - age  14:     234824 bytes,    1891096 total
[2022-05-30T04:01:01.917+0000][7][gc,age      ] GC(39) - age  15:       7544 bytes,    1898640 total
[2022-05-30T04:01:01.917+0000][7][gc,heap     ] GC(39) Eden regions: 75->0(75)
[2022-05-30T04:01:01.918+0000][7][gc,heap     ] GC(39) Survivor regions: 1->1(10)
[2022-05-30T04:01:01.918+0000][7][gc,heap     ] GC(39) Old regions: 24->24
[2022-05-30T04:01:01.918+0000][7][gc,heap     ] GC(39) Archive regions: 2->2
[2022-05-30T04:01:01.918+0000][7][gc,heap     ] GC(39) Humongous regions: 2->2
[2022-05-30T04:01:01.919+0000][7][gc,metaspace] GC(39) Metaspace: 128958K(132416K)->128958K(132416K) NonClass: 111963K(113792K)->111963K(113792K) Class: 16995K(18624K)->16995K(18624K)
[2022-05-30T04:01:01.919+0000][7][gc          ] GC(39) Pause Young (Normal) (G1 Evacuation Pause) 408M->108M(512M) 12.954ms
[2022-05-30T04:01:01.919+0000][7][gc,cpu      ] GC(39) User=0.02s Sys=0.00s Real=0.01s
[2022-05-30T04:01:01.919+0000][7][safepoint   ] Safepoint "G1CollectForAllocation", Time since last: 13334018 ns, Reaching safepoint: 316835 ns, At safepoint: 13588317 ns, Total: 13905152 ns
[2022-05-30T04:01:04.921+0000][7][safepoint   ] Safepoint "Cleanup", Time since last: 3000870005 ns, Reaching safepoint: 421835 ns, At safepoint: 9919 ns, Total: 431754 ns
[2022-05-30T04:01:07.922+0000][7][safepoint   ] Safepoint "Cleanup", Time since last: 3001245352 ns, Reaching safepoint: 313158 ns, At safepoint: 64653 ns, Total: 377811 ns
[2022-05-30T04:01:08.923+0000][7][safepoint   ] Safepoint "Cleanup", Time since last: 1000552292 ns, Reaching safepoint: 496899 ns, At safepoint: 27101 ns, Total: 524000 ns
[2022-05-30T04:01:13.925+0000][7][safepoint   ] Safepoint "Cleanup", Time since last: 5001599564 ns, Reaching safepoint: 426674 ns, At safepoint: 202677 ns, Total: 629351 ns
[2022-05-30T04:01:14.926+0000][7][safepoint   ] Safepoint "Cleanup", Time since last: 1000953471 ns, Reaching safepoint: 290404 ns, At safepoint: 9668 ns, Total: 300072 ns
[2022-05-30T04:01:19.928+0000][7][safepoint   ] Safepoint "Cleanup", Time since last: 5001294552 ns, Reaching safepoint: 402980 ns, At safepoint: 53271 ns, Total: 456251 ns
[2022-05-30T04:01:21.930+0000][7][safepoint   ] Safepoint "Cleanup", Time since last: 2001320630 ns, Reaching safepoint: 390486 ns, At safepoint: 30378 ns, Total: 420864 ns
[2022-05-30T04:01:35.162+0000][7][safepoint   ] Safepoint "Cleanup", Time since last: 13231686466 ns, Reaching safepoint: 576450 ns, At safepoint: 68150 ns, Total: 644600 ns
[2022-05-30T04:01:41.160+0000][7][safepoint   ] Safepoint "Cleanup", Time since last: 6001798499 ns, Reaching safepoint: 518720 ns, At safepoint: 16221 ns, Total: 534941 ns
[2022-05-30T04:01:44.161+0000][7][safepoint   ] Safepoint "Cleanup", Time since last: 3001151211 ns, Reaching safepoint: 390616 ns, At safepoint: 23264 ns, Total: 413880 ns
[2022-05-30T04:02:03.166+0000][7][safepoint   ] Safepoint "Cleanup", Time since last: 19003952783 ns, Reaching safepoint: 430411 ns, At safepoint: 25539 ns, Total: 455950 ns
[2022-05-30T04:02:05.167+0000][7][safepoint   ] Safepoint "Cleanup", Time since last: 2001104918 ns, Reaching safepoint: 376128 ns, At safepoint: 19507 ns, Total: 395635 ns
[2022-05-30T04:02:18.841+0000][7][safepoint   ] Safepoint "Cleanup", Time since last: 13056278790 ns, Reaching safepoint: 420162 ns, At safepoint: 35468 ns, Total: 455630 ns
[2022-05-30T04:02:27.361+0000][7][gc,start    ] GC(40) Pause Young (Normal) (G1 Evacuation Pause)
[2022-05-30T04:02:27.362+0000][7][gc,task     ] GC(40) Using 8 workers of 8 for evacuation
[2022-05-30T04:02:27.363+0000][7][gc,age      ] GC(40) Desired survivor size 20971520 bytes, new threshold 15 (max threshold 15)
[2022-05-30T04:02:27.369+0000][7][gc,phases   ] GC(40)   Pre Evacuate Collection Set: 0.4ms
[2022-05-30T04:02:27.369+0000][7][gc,phases   ] GC(40)   Merge Heap Roots: 0.3ms
[2022-05-30T04:02:27.370+0000][7][gc,phases   ] GC(40)   Evacuate Collection Set: 2.6ms
[2022-05-30T04:02:27.371+0000][7][gc,phases   ] GC(40)   Post Evacuate Collection Set: 1.7ms
[2022-05-30T04:02:27.371+0000][7][gc,phases   ] GC(40)   Other: 1.6ms
[2022-05-30T04:02:27.372+0000][7][gc,age      ] GC(40) Age table with threshold 15 (max threshold 15)
[2022-05-30T04:02:27.373+0000][7][gc,age      ] GC(40) - age   1:    1303136 bytes,    1303136 total
[2022-05-30T04:02:27.373+0000][7][gc,age      ] GC(40) - age   2:       5656 bytes,    1308792 total
[2022-05-30T04:02:27.374+0000][7][gc,age      ] GC(40) - age   3:      11592 bytes,    1320384 total
[2022-05-30T04:02:27.375+0000][7][gc,age      ] GC(40) - age   4:       6608 bytes,    1326992 total
[2022-05-30T04:02:27.375+0000][7][gc,age      ] GC(40) - age   5:       5176 bytes,    1332168 total
[2022-05-30T04:02:27.376+0000][7][gc,age      ] GC(40) - age   6:      22016 bytes,    1354184 total
[2022-05-30T04:02:27.377+0000][7][gc,age      ] GC(40) - age   7:      24976 bytes,    1379160 total
[2022-05-30T04:02:27.377+0000][7][gc,age      ] GC(40) - age   8:      11352 bytes,    1390512 total
[2022-05-30T04:02:27.378+0000][7][gc,age      ] GC(40) - age   9:      15408 bytes,    1405920 total
[2022-05-30T04:02:27.379+0000][7][gc,age      ] GC(40) - age  10:      10936 bytes,    1416856 total
[2022-05-30T04:02:27.379+0000][7][gc,age      ] GC(40) - age  11:      15464 bytes,    1432320 total
[2022-05-30T04:02:27.380+0000][7][gc,age      ] GC(40) - age  12:       8704 bytes,    1441024 total
[2022-05-30T04:02:27.380+0000][7][gc,age      ] GC(40) - age  13:       7072 bytes,    1448096 total
[2022-05-30T04:02:27.381+0000][7][gc,age      ] GC(40) - age  14:      33440 bytes,    1481536 total
[2022-05-30T04:02:27.381+0000][7][gc,age      ] GC(40) - age  15:     234824 bytes,    1716360 total
[2022-05-30T04:02:27.382+0000][7][gc,heap     ] GC(40) Eden regions: 75->0(75)
[2022-05-30T04:02:27.383+0000][7][gc,heap     ] GC(40) Survivor regions: 1->1(10)
[2022-05-30T04:02:27.383+0000][7][gc,heap     ] GC(40) Old regions: 24->24
[2022-05-30T04:02:27.384+0000][7][gc,heap     ] GC(40) Archive regions: 2->2
[2022-05-30T04:02:27.385+0000][7][gc,heap     ] GC(40) Humongous regions: 2->2
[2022-05-30T04:02:27.385+0000][7][gc,metaspace] GC(40) Metaspace: 128975K(132416K)->128975K(132416K) NonClass: 111979K(113792K)->111979K(113792K) Class: 16995K(18624K)->16995K(18624K)
[2022-05-30T04:02:27.386+0000][7][gc          ] GC(40) Pause Young (Normal) (G1 Evacuation Pause) 408M->108M(512M) 24.650ms
[2022-05-30T04:02:27.387+0000][7][gc,cpu      ] GC(40) User=0.02s Sys=0.01s Real=0.03s
[2022-05-30T04:02:27.388+0000][7][safepoint   ] Safepoint "G1CollectForAllocation", Time since last: 8520208385 ns, Reaching safepoint: 367080 ns, At safepoint: 26285820 ns, Total: 26652900 ns
[2022-05-30T04:02:28.392+0000][7][safepoint   ] Safepoint "Cleanup", Time since last: 1004278867 ns, Reaching safepoint: 456632 ns, At safepoint: 18144 ns, Total: 474776 ns
[2022-05-30T04:02:31.394+0000][7][safepoint   ] Safepoint "Cleanup", Time since last: 3001045441 ns, Reaching safepoint: 376468 ns, At safepoint: 16452 ns, Total: 392920 ns
[2022-05-30T04:02:32.733+0000][7][safepoint   ] Safepoint "Cleanup", Time since last: 1338333693 ns, Reaching safepoint: 1027251 ns, At safepoint: 80263 ns, Total: 1107514 ns
[2022-05-30T04:02:35.735+0000][7][safepoint   ] Safepoint "Cleanup", Time since last: 3001023309 ns, Reaching safepoint: 332956 ns, At safepoint: 15059 ns, Total: 348015 ns
[2022-05-30T04:03:05.732+0000][7][safepoint   ] Safepoint "Cleanup", Time since last: 30022317045 ns, Reaching safepoint: 383302 ns, At safepoint: 34436 ns, Total: 417738 ns
[2022-05-30T04:03:09.734+0000][7][safepoint   ] Safepoint "Cleanup", Time since last: 4001329728 ns, Reaching safepoint: 395715 ns, At safepoint: 21361 ns, Total: 417076 ns
[2022-05-30T04:03:13.392+0000][7][safepoint   ] Safepoint "Cleanup", Time since last: 4243734733 ns, Reaching safepoint: 470328 ns, At safepoint: 14017 ns, Total: 484345 ns
[2022-05-30T04:03:17.394+0000][7][safepoint   ] Safepoint "Cleanup", Time since last: 4001356863 ns, Reaching safepoint: 348185 ns, At safepoint: 23875 ns, Total: 372060 ns
[2022-05-30T04:03:18.569+0000][7][safepoint   ] Safepoint "Cleanup", Time since last: 1000734354 ns, Reaching safepoint: 174611991 ns, At safepoint: 185685 ns, Total: 174797676 ns
[2022-05-30T04:03:20.746+0000][7][safepoint   ] Safepoint "Cleanup", Time since last: 2176718736 ns, Reaching safepoint: 332094 ns, At safepoint: 51158 ns, Total: 383252 ns
[2022-05-30T04:03:25.748+0000][7][safepoint   ] Safepoint "Cleanup", Time since last: 5001375526 ns, Reaching safepoint: 351902 ns, At safepoint: 23365 ns, Total: 375267 ns
[2022-05-30T04:03:26.749+0000][7][safepoint   ] Safepoint "Cleanup", Time since last: 1000801757 ns, Reaching safepoint: 356581 ns, At safepoint: 21511 ns, Total: 378092 ns
[2022-05-30T04:03:30.903+0000][7][safepoint   ] Safepoint "Cleanup", Time since last: 4153545340 ns, Reaching safepoint: 512989 ns, At safepoint: 56308 ns, Total: 569297 ns
[2022-05-30T04:03:32.905+0000][7][safepoint   ] Safepoint "Cleanup", Time since last: 2000928450 ns, Reaching safepoint: 346071 ns, At safepoint: 22703 ns, Total: 368774 ns
[2022-05-30T04:03:34.906+0000][7][safepoint   ] Safepoint "Cleanup", Time since last: 2001354913 ns, Reaching safepoint: 369114 ns, At safepoint: 26020 ns, Total: 395134 ns
[2022-05-30T04:03:35.269+0000][7][gc,start    ] GC(41) Pause Young (Normal) (G1 Evacuation Pause)
[2022-05-30T04:03:35.269+0000][7][gc,task     ] GC(41) Using 8 workers of 8 for evacuation
[2022-05-30T04:03:35.270+0000][7][gc,age      ] GC(41) Desired survivor size 20971520 bytes, new threshold 15 (max threshold 15)
[2022-05-30T04:03:35.276+0000][7][gc,phases   ] GC(41)   Pre Evacuate Collection Set: 0.4ms
[2022-05-30T04:03:35.277+0000][7][gc,phases   ] GC(41)   Merge Heap Roots: 0.3ms
[2022-05-30T04:03:35.277+0000][7][gc,phases   ] GC(41)   Evacuate Collection Set: 3.5ms
[2022-05-30T04:03:35.277+0000][7][gc,phases   ] GC(41)   Post Evacuate Collection Set: 1.6ms
[2022-05-30T04:03:35.278+0000][7][gc,phases   ] GC(41)   Other: 1.1ms
[2022-05-30T04:03:35.278+0000][7][gc,age      ] GC(41) Age table with threshold 15 (max threshold 15)
[2022-05-30T04:03:35.278+0000][7][gc,age      ] GC(41) - age   1:    1240440 bytes,    1240440 total
[2022-05-30T04:03:35.279+0000][7][gc,age      ] GC(41) - age   2:       5016 bytes,    1245456 total
[2022-05-30T04:03:35.279+0000][7][gc,age      ] GC(41) - age   3:       3592 bytes,    1249048 total
[2022-05-30T04:03:35.279+0000][7][gc,age      ] GC(41) - age   4:      11144 bytes,    1260192 total
[2022-05-30T04:03:35.280+0000][7][gc,age      ] GC(41) - age   5:       6312 bytes,    1266504 total
[2022-05-30T04:03:35.280+0000][7][gc,age      ] GC(41) - age   6:       5176 bytes,    1271680 total
[2022-05-30T04:03:35.280+0000][7][gc,age      ] GC(41) - age   7:      22016 bytes,    1293696 total
[2022-05-30T04:03:35.281+0000][7][gc,age      ] GC(41) - age   8:      22864 bytes,    1316560 total
[2022-05-30T04:03:35.281+0000][7][gc,age      ] GC(41) - age   9:      10952 bytes,    1327512 total
[2022-05-30T04:03:35.282+0000][7][gc,age      ] GC(41) - age  10:      15408 bytes,    1342920 total
[2022-05-30T04:03:35.282+0000][7][gc,age      ] GC(41) - age  11:      10936 bytes,    1353856 total
[2022-05-30T04:03:35.282+0000][7][gc,age      ] GC(41) - age  12:      15464 bytes,    1369320 total
[2022-05-30T04:03:35.283+0000][7][gc,age      ] GC(41) - age  13:       8704 bytes,    1378024 total
[2022-05-30T04:03:35.283+0000][7][gc,age      ] GC(41) - age  14:       7072 bytes,    1385096 total
[2022-05-30T04:03:35.284+0000][7][gc,age      ] GC(41) - age  15:      33056 bytes,    1418152 total
[2022-05-30T04:03:35.284+0000][7][gc,heap     ] GC(41) Eden regions: 75->0(75)
[2022-05-30T04:03:35.284+0000][7][gc,heap     ] GC(41) Survivor regions: 1->1(10)
[2022-05-30T04:03:35.285+0000][7][gc,heap     ] GC(41) Old regions: 24->24
[2022-05-30T04:03:35.285+0000][7][gc,heap     ] GC(41) Archive regions: 2->2
[2022-05-30T04:03:35.285+0000][7][gc,heap     ] GC(41) Humongous regions: 2->2
[2022-05-30T04:03:35.286+0000][7][gc,metaspace] GC(41) Metaspace: 128980K(132416K)->128980K(132416K) NonClass: 111985K(113792K)->111985K(113792K) Class: 16995K(18624K)->16995K(18624K)
[2022-05-30T04:03:35.286+0000][7][gc          ] GC(41) Pause Young (Normal) (G1 Evacuation Pause) 408M->108M(512M) 17.303ms
[2022-05-30T04:03:35.287+0000][7][gc,cpu      ] GC(41) User=0.04s Sys=0.00s Real=0.02s
[2022-05-30T04:03:35.287+0000][7][safepoint   ] Safepoint "G1CollectForAllocation", Time since last: 362023464 ns, Reaching safepoint: 329880 ns, At safepoint: 18421218 ns, Total: 18751098 ns
[2022-05-30T04:03:42.296+0000][7][safepoint   ] Safepoint "Cleanup", Time since last: 7001869114 ns, Reaching safepoint: 382711 ns, At safepoint: 22373 ns, Total: 405084 ns
[2022-05-30T04:03:53.403+0000][7][safepoint   ] Safepoint "Cleanup", Time since last: 11106729326 ns, Reaching safepoint: 344758 ns, At safepoint: 13616 ns, Total: 358374 ns
[2022-05-30T04:03:54.404+0000][7][safepoint   ] Safepoint "Cleanup", Time since last: 1000612692 ns, Reaching safepoint: 396336 ns, At safepoint: 19478 ns, Total: 415814 ns
[2022-05-30T04:03:56.503+0000][7][safepoint   ] Safepoint "Cleanup", Time since last: 2098553511 ns, Reaching safepoint: 331382 ns, At safepoint: 20820 ns, Total: 352202 ns
[2022-05-30T04:03:59.505+0000][7][safepoint   ] Safepoint "Cleanup", Time since last: 3000969065 ns, Reaching safepoint: 272250 ns, At safepoint: 6673 ns, Total: 278923 ns
[2022-05-30T04:04:00.505+0000][7][safepoint   ] Safepoint "Cleanup", Time since last: 1000565748 ns, Reaching safepoint: 304752 ns, At safepoint: 12012 ns, Total: 316764 ns
[2022-05-30T04:04:10.618+0000][7][safepoint   ] Safepoint "Cleanup", Time since last: 10112060515 ns, Reaching safepoint: 431123 ns, At safepoint: 21611 ns, Total: 452734 ns
[2022-05-30T04:04:13.613+0000][7][safepoint   ] Safepoint "Cleanup", Time since last: 3001010606 ns, Reaching safepoint: 252793 ns, At safepoint: 10440 ns, Total: 263233 ns
[2022-05-30T04:04:25.616+0000][7][safepoint   ] Safepoint "Cleanup", Time since last: 12002687215 ns, Reaching safepoint: 514121 ns, At safepoint: 21291 ns, Total: 535412 ns
[2022-05-30T04:04:34.619+0000][7][safepoint   ] Safepoint "Cleanup", Time since last: 9002071149 ns, Reaching safepoint: 561342 ns, At safepoint: 26230 ns, Total: 587572 ns
[2022-05-30T04:04:35.620+0000][7][safepoint   ] Safepoint "Cleanup", Time since last: 1000774435 ns, Reaching safepoint: 427947 ns, At safepoint: 15650 ns, Total: 443597 ns
[2022-05-30T04:04:36.621+0000][7][safepoint   ] Safepoint "Cleanup", Time since last: 1000861136 ns, Reaching safepoint: 381378 ns, At safepoint: 21441 ns, Total: 402819 ns
[2022-05-30T04:04:38.908+0000][7][safepoint   ] Safepoint "Cleanup", Time since last: 2286161009 ns, Reaching safepoint: 641134 ns, At safepoint: 51038 ns, Total: 692172 ns
[2022-05-30T04:04:41.910+0000][7][safepoint   ] Safepoint "Cleanup", Time since last: 3001072938 ns, Reaching safepoint: 371028 ns, At safepoint: 9979 ns, Total: 381007 ns
[2022-05-30T04:04:46.912+0000][7][safepoint   ] Safepoint "Cleanup", Time since last: 5001340610 ns, Reaching safepoint: 535372 ns, At safepoint: 46780 ns, Total: 582152 ns
[2022-05-30T04:04:49.914+0000][7][safepoint   ] Safepoint "Cleanup", Time since last: 3001727776 ns, Reaching safepoint: 299792 ns, At safepoint: 15179 ns, Total: 314971 ns
[2022-05-30T04:04:54.916+0000][7][safepoint   ] Safepoint "Cleanup", Time since last: 5001730965 ns, Reaching safepoint: 354367 ns, At safepoint: 23775 ns, Total: 378142 ns
[2022-05-30T04:04:59.442+0000][7][gc,start    ] GC(42) Pause Young (Normal) (G1 Evacuation Pause)
[2022-05-30T04:04:59.443+0000][7][gc,task     ] GC(42) Using 8 workers of 8 for evacuation
[2022-05-30T04:04:59.443+0000][7][gc,age      ] GC(42) Desired survivor size 20971520 bytes, new threshold 15 (max threshold 15)
[2022-05-30T04:04:59.448+0000][7][gc,phases   ] GC(42)   Pre Evacuate Collection Set: 0.4ms
[2022-05-30T04:04:59.448+0000][7][gc,phases   ] GC(42)   Merge Heap Roots: 0.2ms
[2022-05-30T04:04:59.449+0000][7][gc,phases   ] GC(42)   Evacuate Collection Set: 1.7ms
[2022-05-30T04:04:59.449+0000][7][gc,phases   ] GC(42)   Post Evacuate Collection Set: 1.3ms
[2022-05-30T04:04:59.450+0000][7][gc,phases   ] GC(42)   Other: 1.2ms
[2022-05-30T04:04:59.450+0000][7][gc,age      ] GC(42) Age table with threshold 15 (max threshold 15)
[2022-05-30T04:04:59.451+0000][7][gc,age      ] GC(42) - age   1:     711712 bytes,     711712 total
[2022-05-30T04:04:59.451+0000][7][gc,age      ] GC(42) - age   2:      14480 bytes,     726192 total
[2022-05-30T04:04:59.452+0000][7][gc,age      ] GC(42) - age   3:       3616 bytes,     729808 total
[2022-05-30T04:04:59.452+0000][7][gc,age      ] GC(42) - age   4:       3528 bytes,     733336 total
[2022-05-30T04:04:59.452+0000][7][gc,age      ] GC(42) - age   5:      11144 bytes,     744480 total
[2022-05-30T04:04:59.453+0000][7][gc,age      ] GC(42) - age   6:       6160 bytes,     750640 total
[2022-05-30T04:04:59.453+0000][7][gc,age      ] GC(42) - age   7:       5176 bytes,     755816 total
[2022-05-30T04:04:59.453+0000][7][gc,age      ] GC(42) - age   8:      22016 bytes,     777832 total
[2022-05-30T04:04:59.454+0000][7][gc,age      ] GC(42) - age   9:      22840 bytes,     800672 total
[2022-05-30T04:04:59.454+0000][7][gc,age      ] GC(42) - age  10:      10952 bytes,     811624 total
[2022-05-30T04:04:59.454+0000][7][gc,age      ] GC(42) - age  11:      15408 bytes,     827032 total
[2022-05-30T04:04:59.455+0000][7][gc,age      ] GC(42) - age  12:      10936 bytes,     837968 total
[2022-05-30T04:04:59.455+0000][7][gc,age      ] GC(42) - age  13:      15464 bytes,     853432 total
[2022-05-30T04:04:59.455+0000][7][gc,age      ] GC(42) - age  14:       8704 bytes,     862136 total
[2022-05-30T04:04:59.456+0000][7][gc,age      ] GC(42) - age  15:       7072 bytes,     869208 total
[2022-05-30T04:04:59.456+0000][7][gc,heap     ] GC(42) Eden regions: 75->0(75)
[2022-05-30T04:04:59.456+0000][7][gc,heap     ] GC(42) Survivor regions: 1->1(10)
[2022-05-30T04:04:59.457+0000][7][gc,heap     ] GC(42) Old regions: 24->24
[2022-05-30T04:04:59.457+0000][7][gc,heap     ] GC(42) Archive regions: 2->2
[2022-05-30T04:04:59.457+0000][7][gc,heap     ] GC(42) Humongous regions: 2->2
[2022-05-30T04:04:59.458+0000][7][gc,metaspace] GC(42) Metaspace: 129010K(132416K)->129010K(132416K) NonClass: 112014K(113792K)->112014K(113792K) Class: 16996K(18624K)->16996K(18624K)
[2022-05-30T04:04:59.458+0000][7][gc          ] GC(42) Pause Young (Normal) (G1 Evacuation Pause) 408M->107M(512M) 15.620ms
[2022-05-30T04:04:59.458+0000][7][gc,cpu      ] GC(42) User=0.03s Sys=0.00s Real=0.01s
[2022-05-30T04:04:59.459+0000][7][safepoint   ] Safepoint "G1CollectForAllocation", Time since last: 4525942857 ns, Reaching safepoint: 376770 ns, At safepoint: 16380129 ns, Total: 16756899 ns
[2022-05-30T04:05:08.461+0000][7][safepoint   ] Safepoint "Cleanup", Time since last: 9002057746 ns, Reaching safepoint: 400495 ns, At safepoint: 147201 ns, Total: 547696 ns
[2022-05-30T04:05:09.462+0000][7][safepoint   ] Safepoint "Cleanup", Time since last: 1000845482 ns, Reaching safepoint: 394093 ns, At safepoint: 20599 ns, Total: 414692 ns
[2022-05-30T04:05:17.593+0000][7][safepoint   ] Safepoint "Cleanup", Time since last: 8131138175 ns, Reaching safepoint: 309030 ns, At safepoint: 37802 ns, Total: 346832 ns
[2022-05-30T04:05:20.595+0000][7][safepoint   ] Safepoint "Cleanup", Time since last: 3001141523 ns, Reaching safepoint: 376900 ns, At safepoint: 27843 ns, Total: 404743 ns
[2022-05-30T04:05:21.699+0000][7][safepoint   ] Safepoint "Cleanup", Time since last: 1104158900 ns, Reaching safepoint: 379614 ns, At safepoint: 10931 ns, Total: 390545 ns
[2022-05-30T04:05:34.703+0000][7][safepoint   ] Safepoint "Cleanup", Time since last: 13002845538 ns, Reaching safepoint: 446813 ns, At safepoint: 26120 ns, Total: 472933 ns
[2022-05-30T04:05:35.704+0000][7][safepoint   ] Safepoint "Cleanup", Time since last: 1000762233 ns, Reaching safepoint: 235419 ns, At safepoint: 8747 ns, Total: 244166 ns
[2022-05-30T04:05:41.705+0000][7][safepoint   ] Safepoint "Cleanup", Time since last: 6001493019 ns, Reaching safepoint: 524611 ns, At safepoint: 26060 ns, Total: 550671 ns
[2022-05-30T04:05:42.706+0000][7][safepoint   ] Safepoint "Cleanup", Time since last: 1000809991 ns, Reaching safepoint: 342063 ns, At safepoint: 20990 ns, Total: 363053 ns
[2022-05-30T04:05:45.780+0000][7][safepoint   ] Safepoint "Cleanup", Time since last: 3073566935 ns, Reaching safepoint: 348405 ns, At safepoint: 19878 ns, Total: 368283 ns
[2022-05-30T04:06:08.021+0000][7][safepoint   ] Safepoint "Cleanup", Time since last: 22240313973 ns, Reaching safepoint: 492760 ns, At safepoint: 15099 ns, Total: 507859 ns
[2022-05-30T04:06:11.024+0000][7][safepoint   ] Safepoint "Cleanup", Time since last: 3001027475 ns, Reaching safepoint: 548918 ns, At safepoint: 105321 ns, Total: 654239 ns
[2022-05-30T04:06:12.025+0000][7][safepoint   ] Safepoint "Cleanup", Time since last: 1000738628 ns, Reaching safepoint: 499714 ns, At safepoint: 20720 ns, Total: 520434 ns
[2022-05-30T04:06:14.026+0000][7][safepoint   ] Safepoint "Cleanup", Time since last: 2001076263 ns, Reaching safepoint: 408420 ns, At safepoint: 57409 ns, Total: 465829 ns
[2022-05-30T04:06:31.784+0000][7][gc,start    ] GC(43) Pause Young (Normal) (G1 Evacuation Pause)
[2022-05-30T04:06:31.785+0000][7][gc,task     ] GC(43) Using 8 workers of 8 for evacuation
[2022-05-30T04:06:31.786+0000][7][gc,age      ] GC(43) Desired survivor size 20971520 bytes, new threshold 15 (max threshold 15)
[2022-05-30T04:06:31.796+0000][7][gc,phases   ] GC(43)   Pre Evacuate Collection Set: 0.6ms
[2022-05-30T04:06:31.799+0000][7][gc,phases   ] GC(43)   Merge Heap Roots: 0.3ms
[2022-05-30T04:06:31.799+0000][7][gc,phases   ] GC(43)   Evacuate Collection Set: 4.1ms
[2022-05-30T04:06:31.800+0000][7][gc,phases   ] GC(43)   Post Evacuate Collection Set: 4.1ms
[2022-05-30T04:06:31.800+0000][7][gc,phases   ] GC(43)   Other: 1.7ms
[2022-05-30T04:06:31.801+0000][7][gc,age      ] GC(43) Age table with threshold 15 (max threshold 15)
[2022-05-30T04:06:31.801+0000][7][gc,age      ] GC(43) - age   1:    1405136 bytes,    1405136 total
[2022-05-30T04:06:31.802+0000][7][gc,age      ] GC(43) - age   2:       5024 bytes,    1410160 total
[2022-05-30T04:06:31.802+0000][7][gc,age      ] GC(43) - age   3:       4744 bytes,    1414904 total
[2022-05-30T04:06:31.803+0000][7][gc,age      ] GC(43) - age   4:       3616 bytes,    1418520 total
[2022-05-30T04:06:31.803+0000][7][gc,age      ] GC(43) - age   5:       2936 bytes,    1421456 total
[2022-05-30T04:06:31.803+0000][7][gc,age      ] GC(43) - age   6:       3128 bytes,    1424584 total
[2022-05-30T04:06:31.804+0000][7][gc,age      ] GC(43) - age   7:       6160 bytes,    1430744 total
[2022-05-30T04:06:31.804+0000][7][gc,age      ] GC(43) - age   8:       5176 bytes,    1435920 total
[2022-05-30T04:06:31.805+0000][7][gc,age      ] GC(43) - age   9:      22016 bytes,    1457936 total
[2022-05-30T04:06:31.805+0000][7][gc,age      ] GC(43) - age  10:      22800 bytes,    1480736 total
[2022-05-30T04:06:31.805+0000][7][gc,age      ] GC(43) - age  11:      10952 bytes,    1491688 total
[2022-05-30T04:06:31.806+0000][7][gc,age      ] GC(43) - age  12:      15136 bytes,    1506824 total
[2022-05-30T04:06:31.806+0000][7][gc,age      ] GC(43) - age  13:      10936 bytes,    1517760 total
[2022-05-30T04:06:31.806+0000][7][gc,age      ] GC(43) - age  14:      15464 bytes,    1533224 total
[2022-05-30T04:06:31.807+0000][7][gc,age      ] GC(43) - age  15:       8704 bytes,    1541928 total
[2022-05-30T04:06:31.807+0000][7][gc,heap     ] GC(43) Eden regions: 75->0(75)
[2022-05-30T04:06:31.808+0000][7][gc,heap     ] GC(43) Survivor regions: 1->1(10)
[2022-05-30T04:06:31.808+0000][7][gc,heap     ] GC(43) Old regions: 24->24
[2022-05-30T04:06:31.808+0000][7][gc,heap     ] GC(43) Archive regions: 2->2
[2022-05-30T04:06:31.809+0000][7][gc,heap     ] GC(43) Humongous regions: 2->2
[2022-05-30T04:06:31.809+0000][7][gc,metaspace] GC(43) Metaspace: 129023K(132480K)->129023K(132480K) NonClass: 112027K(113856K)->112027K(113856K) Class: 16996K(18624K)->16996K(18624K)
[2022-05-30T04:06:31.810+0000][7][gc          ] GC(43) Pause Young (Normal) (G1 Evacuation Pause) 407M->108M(512M) 25.497ms
[2022-05-30T04:06:31.810+0000][7][gc,cpu      ] GC(43) User=0.03s Sys=0.02s Real=0.02s
[2022-05-30T04:06:31.811+0000][7][safepoint   ] Safepoint "G1CollectForAllocation", Time since last: 17757329295 ns, Reaching safepoint: 338747 ns, At safepoint: 26562178 ns, Total: 26900925 ns
[2022-05-30T04:06:36.813+0000][7][safepoint   ] Safepoint "Cleanup", Time since last: 5001425758 ns, Reaching safepoint: 383993 ns, At safepoint: 25268 ns, Total: 409261 ns
[2022-05-30T04:06:41.065+0000][7][safepoint   ] Safepoint "Cleanup", Time since last: 4251934389 ns, Reaching safepoint: 336603 ns, At safepoint: 39035 ns, Total: 375638 ns
[2022-05-30T04:06:45.067+0000][7][safepoint   ] Safepoint "Cleanup", Time since last: 4001423768 ns, Reaching safepoint: 403691 ns, At safepoint: 31710 ns, Total: 435401 ns
[2022-05-30T04:07:00.320+0000][7][safepoint   ] Safepoint "Cleanup", Time since last: 15253346236 ns, Reaching safepoint: 313999 ns, At safepoint: 23785 ns, Total: 337784 ns
[2022-05-30T04:07:25.433+0000][7][safepoint   ] Safepoint "Cleanup", Time since last: 25112519871 ns, Reaching safepoint: 319410 ns, At safepoint: 58722 ns, Total: 378132 ns
[2022-05-30T04:07:30.435+0000][7][safepoint   ] Safepoint "Cleanup", Time since last: 5001350452 ns, Reaching safepoint: 452354 ns, At safepoint: 77949 ns, Total: 530303 ns
[2022-05-30T04:07:34.854+0000][7][safepoint   ] Safepoint "Cleanup", Time since last: 4418735137 ns, Reaching safepoint: 305233 ns, At safepoint: 75243 ns, Total: 380476 ns
[2022-05-30T04:07:38.048+0000][7][safepoint   ] Safepoint "Cleanup", Time since last: 3193546877 ns, Reaching safepoint: 390927 ns, At safepoint: 21451 ns, Total: 412378 ns
[2022-05-30T04:07:44.085+0000][7][safepoint   ] Safepoint "Cleanup", Time since last: 6010369323 ns, Reaching safepoint: 325742 ns, At safepoint: 20990 ns, Total: 346732 ns
[2022-05-30T04:07:48.087+0000][7][safepoint   ] Safepoint "Cleanup", Time since last: 4001538589 ns, Reaching safepoint: 534411 ns, At safepoint: 31460 ns, Total: 565871 ns
[2022-05-30T04:07:50.271+0000][7][safepoint   ] Safepoint "Cleanup", Time since last: 2183381643 ns, Reaching safepoint: 318438 ns, At safepoint: 9278 ns, Total: 327716 ns
[2022-05-30T04:07:53.273+0000][7][safepoint   ] Safepoint "Cleanup", Time since last: 3001143507 ns, Reaching safepoint: 371118 ns, At safepoint: 34306 ns, Total: 405424 ns
[2022-05-30T04:07:54.274+0000][7][safepoint   ] Safepoint "Cleanup", Time since last: 1000602648 ns, Reaching safepoint: 285055 ns, At safepoint: 12403 ns, Total: 297458 ns
[2022-05-30T04:07:56.305+0000][7][gc,start    ] GC(44) Pause Young (Normal) (G1 Evacuation Pause)
[2022-05-30T04:07:56.306+0000][7][gc,task     ] GC(44) Using 8 workers of 8 for evacuation
[2022-05-30T04:07:56.306+0000][7][gc,age      ] GC(44) Desired survivor size 20971520 bytes, new threshold 15 (max threshold 15)
[2022-05-30T04:07:56.313+0000][7][gc,phases   ] GC(44)   Pre Evacuate Collection Set: 0.5ms
[2022-05-30T04:07:56.314+0000][7][gc,phases   ] GC(44)   Merge Heap Roots: 0.3ms
[2022-05-30T04:07:56.314+0000][7][gc,phases   ] GC(44)   Evacuate Collection Set: 3.0ms
[2022-05-30T04:07:56.315+0000][7][gc,phases   ] GC(44)   Post Evacuate Collection Set: 1.9ms
[2022-05-30T04:07:56.315+0000][7][gc,phases   ] GC(44)   Other: 2.0ms
[2022-05-30T04:07:56.316+0000][7][gc,age      ] GC(44) Age table with threshold 15 (max threshold 15)
[2022-05-30T04:07:56.316+0000][7][gc,age      ] GC(44) - age   1:    1271432 bytes,    1271432 total
[2022-05-30T04:07:56.317+0000][7][gc,age      ] GC(44) - age   2:      41448 bytes,    1312880 total
[2022-05-30T04:07:56.318+0000][7][gc,age      ] GC(44) - age   3:       3536 bytes,    1316416 total
[2022-05-30T04:07:56.319+0000][7][gc,age      ] GC(44) - age   4:       4520 bytes,    1320936 total
[2022-05-30T04:07:56.319+0000][7][gc,age      ] GC(44) - age   5:       3320 bytes,    1324256 total
[2022-05-30T04:07:56.320+0000][7][gc,age      ] GC(44) - age   6:       2936 bytes,    1327192 total
[2022-05-30T04:07:56.320+0000][7][gc,age      ] GC(44) - age   7:       3096 bytes,    1330288 total
[2022-05-30T04:07:56.321+0000][7][gc,age      ] GC(44) - age   8:       6160 bytes,    1336448 total
[2022-05-30T04:07:56.321+0000][7][gc,age      ] GC(44) - age   9:       5176 bytes,    1341624 total
[2022-05-30T04:07:56.322+0000][7][gc,age      ] GC(44) - age  10:      22016 bytes,    1363640 total
[2022-05-30T04:07:56.322+0000][7][gc,age      ] GC(44) - age  11:      22800 bytes,    1386440 total
[2022-05-30T04:07:56.323+0000][7][gc,age      ] GC(44) - age  12:      10952 bytes,    1397392 total
[2022-05-30T04:07:56.323+0000][7][gc,age      ] GC(44) - age  13:      15136 bytes,    1412528 total
[2022-05-30T04:07:56.324+0000][7][gc,age      ] GC(44) - age  14:      10936 bytes,    1423464 total
[2022-05-30T04:07:56.324+0000][7][gc,age      ] GC(44) - age  15:      15464 bytes,    1438928 total
[2022-05-30T04:07:56.325+0000][7][gc,heap     ] GC(44) Eden regions: 75->0(75)
[2022-05-30T04:07:56.325+0000][7][gc,heap     ] GC(44) Survivor regions: 1->1(10)
[2022-05-30T04:07:56.325+0000][7][gc,heap     ] GC(44) Old regions: 24->24
[2022-05-30T04:07:56.326+0000][7][gc,heap     ] GC(44) Archive regions: 2->2
[2022-05-30T04:07:56.327+0000][7][gc,heap     ] GC(44) Humongous regions: 2->2
[2022-05-30T04:07:56.328+0000][7][gc,metaspace] GC(44) Metaspace: 129058K(132480K)->129058K(132480K) NonClass: 112060K(113856K)->112060K(113856K) Class: 16997K(18624K)->16997K(18624K)
[2022-05-30T04:07:56.329+0000][7][gc          ] GC(44) Pause Young (Normal) (G1 Evacuation Pause) 408M->108M(512M) 23.618ms
[2022-05-30T04:07:56.329+0000][7][gc,cpu      ] GC(44) User=0.01s Sys=0.02s Real=0.03s
[2022-05-30T04:07:56.330+0000][7][safepoint   ] Safepoint "G1CollectForAllocation", Time since last: 2031041034 ns, Reaching safepoint: 389604 ns, At safepoint: 25006559 ns, Total: 25396163 ns
[2022-05-30T04:07:59.332+0000][7][safepoint   ] Safepoint "Cleanup", Time since last: 3001326606 ns, Reaching safepoint: 616736 ns, At safepoint: 102145 ns, Total: 718881 ns
[2022-05-30T04:08:00.334+0000][7][safepoint   ] Safepoint "Cleanup", Time since last: 1001025437 ns, Reaching safepoint: 441412 ns, At safepoint: 15219 ns, Total: 456631 ns
[2022-05-30T04:08:06.336+0000][7][safepoint   ] Safepoint "Cleanup", Time since last: 6001622950 ns, Reaching safepoint: 406445 ns, At safepoint: 28114 ns, Total: 434559 ns
[2022-05-30T04:08:11.387+0000][7][safepoint   ] Safepoint "Cleanup", Time since last: 5077901094 ns, Reaching safepoint: 350509 ns, At safepoint: 10841 ns, Total: 361350 ns
[2022-05-30T04:08:20.390+0000][7][safepoint   ] Safepoint "Cleanup", Time since last: 9002177066 ns, Reaching safepoint: 523991 ns, At safepoint: 38072 ns, Total: 562063 ns
[2022-05-30T04:08:23.392+0000][7][safepoint   ] Safepoint "Cleanup", Time since last: 3001522767 ns, Reaching safepoint: 545070 ns, At safepoint: 16612 ns, Total: 561682 ns
[2022-05-30T04:08:25.440+0000][7][safepoint   ] Safepoint "Cleanup", Time since last: 2000977078 ns, Reaching safepoint: 46660568 ns, At safepoint: 137533 ns, Total: 46798101 ns
[2022-05-30T04:08:26.581+0000][7][safepoint   ] Safepoint "Cleanup", Time since last: 1140759948 ns, Reaching safepoint: 414061 ns, At safepoint: 15269 ns, Total: 429330 ns
[2022-05-30T04:08:29.583+0000][7][safepoint   ] Safepoint "Cleanup", Time since last: 3001246333 ns, Reaching safepoint: 492631 ns, At safepoint: 22974 ns, Total: 515605 ns
[2022-05-30T04:08:34.585+0000][7][safepoint   ] Safepoint "Cleanup", Time since last: 5001798235 ns, Reaching safepoint: 368673 ns, At safepoint: 19197 ns, Total: 387870 ns
[2022-05-30T04:08:53.589+0000][7][safepoint   ] Safepoint "Cleanup", Time since last: 19003864868 ns, Reaching safepoint: 425192 ns, At safepoint: 18065 ns, Total: 443257 ns
[2022-05-30T04:08:59.881+0000][7][safepoint   ] Safepoint "Cleanup", Time since last: 6291240273 ns, Reaching safepoint: 443857 ns, At safepoint: 16382 ns, Total: 460239 ns
[2022-05-30T04:09:06.884+0000][7][safepoint   ] Safepoint "Cleanup", Time since last: 7002209039 ns, Reaching safepoint: 432225 ns, At safepoint: 29015 ns, Total: 461240 ns
[2022-05-30T04:09:07.885+0000][7][safepoint   ] Safepoint "Cleanup", Time since last: 1000987444 ns, Reaching safepoint: 355528 ns, At safepoint: 23225 ns, Total: 378753 ns
[2022-05-30T04:09:12.394+0000][7][safepoint   ] Safepoint "Cleanup", Time since last: 4209769887 ns, Reaching safepoint: 339137 ns, At safepoint: 15009 ns, Total: 354146 ns
[2022-05-30T04:09:15.395+0000][7][safepoint   ] Safepoint "Cleanup", Time since last: 3000949765 ns, Reaching safepoint: 366740 ns, At safepoint: 13095 ns, Total: 379835 ns
[2022-05-30T04:09:16.396+0000][7][safepoint   ] Safepoint "Cleanup", Time since last: 1000827728 ns, Reaching safepoint: 256410 ns, At safepoint: 7043 ns, Total: 263453 ns
[2022-05-30T04:09:18.397+0000][7][safepoint   ] Safepoint "Cleanup", Time since last: 2000931444 ns, Reaching safepoint: 484746 ns, At safepoint: 12153 ns, Total: 496899 ns
[2022-05-30T04:09:23.086+0000][7][gc,start    ] GC(45) Pause Young (Normal) (G1 Evacuation Pause)
[2022-05-30T04:09:23.087+0000][7][gc,task     ] GC(45) Using 8 workers of 8 for evacuation
[2022-05-30T04:09:23.087+0000][7][gc,age      ] GC(45) Desired survivor size 20971520 bytes, new threshold 15 (max threshold 15)
[2022-05-30T04:09:23.091+0000][7][gc,phases   ] GC(45)   Pre Evacuate Collection Set: 0.3ms
[2022-05-30T04:09:23.092+0000][7][gc,phases   ] GC(45)   Merge Heap Roots: 0.2ms
[2022-05-30T04:09:23.092+0000][7][gc,phases   ] GC(45)   Evacuate Collection Set: 1.7ms
[2022-05-30T04:09:23.092+0000][7][gc,phases   ] GC(45)   Post Evacuate Collection Set: 1.5ms
[2022-05-30T04:09:23.092+0000][7][gc,phases   ] GC(45)   Other: 0.6ms
[2022-05-30T04:09:23.093+0000][7][gc,age      ] GC(45) Age table with threshold 15 (max threshold 15)
[2022-05-30T04:09:23.093+0000][7][gc,age      ] GC(45) - age   1:     944880 bytes,     944880 total
[2022-05-30T04:09:23.093+0000][7][gc,age      ] GC(45) - age   2:       7560 bytes,     952440 total
[2022-05-30T04:09:23.093+0000][7][gc,age      ] GC(45) - age   3:      23440 bytes,     975880 total
[2022-05-30T04:09:23.093+0000][7][gc,age      ] GC(45) - age   4:       3112 bytes,     978992 total
[2022-05-30T04:09:23.094+0000][7][gc,age      ] GC(45) - age   5:       4520 bytes,     983512 total
[2022-05-30T04:09:23.094+0000][7][gc,age      ] GC(45) - age   6:       3320 bytes,     986832 total
[2022-05-30T04:09:23.094+0000][7][gc,age      ] GC(45) - age   7:       2752 bytes,     989584 total
[2022-05-30T04:09:23.094+0000][7][gc,age      ] GC(45) - age   8:       3096 bytes,     992680 total
[2022-05-30T04:09:23.095+0000][7][gc,age      ] GC(45) - age   9:       6160 bytes,     998840 total
[2022-05-30T04:09:23.095+0000][7][gc,age      ] GC(45) - age  10:       5176 bytes,    1004016 total
[2022-05-30T04:09:23.095+0000][7][gc,age      ] GC(45) - age  11:      22016 bytes,    1026032 total
[2022-05-30T04:09:23.095+0000][7][gc,age      ] GC(45) - age  12:      22800 bytes,    1048832 total
[2022-05-30T04:09:23.096+0000][7][gc,age      ] GC(45) - age  13:      10952 bytes,    1059784 total
[2022-05-30T04:09:23.096+0000][7][gc,age      ] GC(45) - age  14:      15136 bytes,    1074920 total
[2022-05-30T04:09:23.096+0000][7][gc,age      ] GC(45) - age  15:      10936 bytes,    1085856 total
[2022-05-30T04:09:23.096+0000][7][gc,heap     ] GC(45) Eden regions: 75->0(75)
[2022-05-30T04:09:23.096+0000][7][gc,heap     ] GC(45) Survivor regions: 1->1(10)
[2022-05-30T04:09:23.097+0000][7][gc,heap     ] GC(45) Old regions: 24->24
[2022-05-30T04:09:23.097+0000][7][gc,heap     ] GC(45) Archive regions: 2->2
[2022-05-30T04:09:23.097+0000][7][gc,heap     ] GC(45) Humongous regions: 2->2
[2022-05-30T04:09:23.097+0000][7][gc,metaspace] GC(45) Metaspace: 129066K(132480K)->129066K(132480K) NonClass: 112068K(113856K)->112068K(113856K) Class: 16998K(18624K)->16998K(18624K)
[2022-05-30T04:09:23.098+0000][7][gc          ] GC(45) Pause Young (Normal) (G1 Evacuation Pause) 408M->107M(512M) 11.293ms
[2022-05-30T04:09:23.098+0000][7][gc,cpu      ] GC(45) User=0.01s Sys=0.02s Real=0.01s
[2022-05-30T04:09:23.098+0000][7][safepoint   ] Safepoint "G1CollectForAllocation", Time since last: 4688744201 ns, Reaching safepoint: 248805 ns, At safepoint: 11884517 ns, Total: 12133322 ns
[2022-05-30T04:09:27.100+0000][7][safepoint   ] Safepoint "Cleanup", Time since last: 4000871501 ns, Reaching safepoint: 432526 ns, At safepoint: 17534 ns, Total: 450060 ns
[2022-05-30T04:09:30.101+0000][7][safepoint   ] Safepoint "Cleanup", Time since last: 3000877468 ns, Reaching safepoint: 400565 ns, At safepoint: 46428 ns, Total: 446993 ns
[2022-05-30T04:09:35.103+0000][7][safepoint   ] Safepoint "Cleanup", Time since last: 5001466677 ns, Reaching safepoint: 329850 ns, At safepoint: 46879 ns, Total: 376729 ns
[2022-05-30T04:09:36.104+0000][7][safepoint   ] Safepoint "Cleanup", Time since last: 1000529639 ns, Reaching safepoint: 466150 ns, At safepoint: 16552 ns, Total: 482702 ns
[2022-05-30T04:09:38.105+0000][7][safepoint   ] Safepoint "Cleanup", Time since last: 2000908851 ns, Reaching safepoint: 466902 ns, At safepoint: 11081 ns, Total: 477983 ns
[2022-05-30T04:09:41.107+0000][7][safepoint   ] Safepoint "Cleanup", Time since last: 3001006896 ns, Reaching safepoint: 438658 ns, At safepoint: 60285 ns, Total: 498943 ns
[2022-05-30T04:09:47.810+0000][7][safepoint   ] Safepoint "Cleanup", Time since last: 7001546357 ns, Reaching safepoint: 410875 ns, At safepoint: 20459 ns, Total: 431334 ns
[2022-05-30T04:09:55.055+0000][7][safepoint   ] Safepoint "Cleanup", Time since last: 7245424096 ns, Reaching safepoint: 392088 ns, At safepoint: 18906 ns, Total: 410994 ns
[2022-05-30T04:09:56.303+0000][7][safepoint   ] Safepoint "Cleanup", Time since last: 1246780006 ns, Reaching safepoint: 611838 ns, At safepoint: 43874 ns, Total: 655712 ns
[2022-05-30T04:10:00.305+0000][7][safepoint   ] Safepoint "Cleanup", Time since last: 4001470846 ns, Reaching safepoint: 364807 ns, At safepoint: 22152 ns, Total: 386959 ns
[2022-05-30T04:10:05.513+0000][7][safepoint   ] Safepoint "Cleanup", Time since last: 5208273227 ns, Reaching safepoint: 373644 ns, At safepoint: 19547 ns, Total: 393191 ns
[2022-05-30T04:10:17.517+0000][7][safepoint   ] Safepoint "Cleanup", Time since last: 12002789501 ns, Reaching safepoint: 380717 ns, At safepoint: 14758 ns, Total: 395475 ns
[2022-05-30T04:10:19.518+0000][7][safepoint   ] Safepoint "Cleanup", Time since last: 2001088004 ns, Reaching safepoint: 318508 ns, At safepoint: 19928 ns, Total: 338436 ns
[2022-05-30T04:10:23.520+0000][7][safepoint   ] Safepoint "Cleanup", Time since last: 4001344810 ns, Reaching safepoint: 447614 ns, At safepoint: 10220 ns, Total: 457834 ns
[2022-05-30T04:10:29.522+0000][7][safepoint   ] Safepoint "Cleanup", Time since last: 6001631233 ns, Reaching safepoint: 506457 ns, At safepoint: 15659 ns, Total: 522116 ns
[2022-05-30T04:10:35.525+0000][7][safepoint   ] Safepoint "Cleanup", Time since last: 6001626667 ns, Reaching safepoint: 566702 ns, At safepoint: 36980 ns, Total: 603682 ns
[2022-05-30T04:10:49.490+0000][7][gc,start    ] GC(46) Pause Young (Normal) (G1 Evacuation Pause)
[2022-05-30T04:10:49.490+0000][7][gc,task     ] GC(46) Using 8 workers of 8 for evacuation
[2022-05-30T04:10:49.491+0000][7][gc,age      ] GC(46) Desired survivor size 20971520 bytes, new threshold 15 (max threshold 15)
[2022-05-30T04:10:49.496+0000][7][gc,phases   ] GC(46)   Pre Evacuate Collection Set: 0.3ms
[2022-05-30T04:10:49.496+0000][7][gc,phases   ] GC(46)   Merge Heap Roots: 0.3ms
[2022-05-30T04:10:49.496+0000][7][gc,phases   ] GC(46)   Evacuate Collection Set: 2.3ms
[2022-05-30T04:10:49.496+0000][7][gc,phases   ] GC(46)   Post Evacuate Collection Set: 1.3ms
[2022-05-30T04:10:49.497+0000][7][gc,phases   ] GC(46)   Other: 0.9ms
[2022-05-30T04:10:49.497+0000][7][gc,age      ] GC(46) Age table with threshold 15 (max threshold 15)
[2022-05-30T04:10:49.497+0000][7][gc,age      ] GC(46) - age   1:    1738120 bytes,    1738120 total
[2022-05-30T04:10:49.497+0000][7][gc,age      ] GC(46) - age   2:      16248 bytes,    1754368 total
[2022-05-30T04:10:49.497+0000][7][gc,age      ] GC(46) - age   3:       5984 bytes,    1760352 total
[2022-05-30T04:10:49.498+0000][7][gc,age      ] GC(46) - age   4:      23248 bytes,    1783600 total
[2022-05-30T04:10:49.498+0000][7][gc,age      ] GC(46) - age   5:       3112 bytes,    1786712 total
[2022-05-30T04:10:49.498+0000][7][gc,age      ] GC(46) - age   6:       4520 bytes,    1791232 total
[2022-05-30T04:10:49.498+0000][7][gc,age      ] GC(46) - age   7:       3320 bytes,    1794552 total
[2022-05-30T04:10:49.498+0000][7][gc,age      ] GC(46) - age   8:       2752 bytes,    1797304 total
[2022-05-30T04:10:49.498+0000][7][gc,age      ] GC(46) - age   9:       2912 bytes,    1800216 total
[2022-05-30T04:10:49.499+0000][7][gc,age      ] GC(46) - age  10:       6136 bytes,    1806352 total
[2022-05-30T04:10:49.499+0000][7][gc,age      ] GC(46) - age  11:       5176 bytes,    1811528 total
[2022-05-30T04:10:49.499+0000][7][gc,age      ] GC(46) - age  12:      22016 bytes,    1833544 total
[2022-05-30T04:10:49.499+0000][7][gc,age      ] GC(46) - age  13:      22800 bytes,    1856344 total
[2022-05-30T04:10:49.500+0000][7][gc,age      ] GC(46) - age  14:      10952 bytes,    1867296 total
[2022-05-30T04:10:49.500+0000][7][gc,age      ] GC(46) - age  15:      15136 bytes,    1882432 total
[2022-05-30T04:10:49.500+0000][7][gc,heap     ] GC(46) Eden regions: 75->0(75)
[2022-05-30T04:10:49.500+0000][7][gc,heap     ] GC(46) Survivor regions: 1->1(10)
[2022-05-30T04:10:49.500+0000][7][gc,heap     ] GC(46) Old regions: 24->24
[2022-05-30T04:10:49.501+0000][7][gc,heap     ] GC(46) Archive regions: 2->2
[2022-05-30T04:10:49.501+0000][7][gc,heap     ] GC(46) Humongous regions: 2->2
[2022-05-30T04:10:49.501+0000][7][gc,metaspace] GC(46) Metaspace: 129086K(132544K)->129086K(132544K) NonClass: 112087K(113920K)->112087K(113920K) Class: 16998K(18624K)->16998K(18624K)
[2022-05-30T04:10:49.501+0000][7][gc          ] GC(46) Pause Young (Normal) (G1 Evacuation Pause) 407M->108M(512M) 11.169ms
[2022-05-30T04:10:49.502+0000][7][gc,cpu      ] GC(46) User=0.02s Sys=0.00s Real=0.02s
[2022-05-30T04:10:49.502+0000][7][safepoint   ] Safepoint "G1CollectForAllocation", Time since last: 13965257305 ns, Reaching safepoint: 312136 ns, At safepoint: 11789807 ns, Total: 12101943 ns
[2022-05-30T04:10:50.503+0000][7][safepoint   ] Safepoint "Cleanup", Time since last: 1000549068 ns, Reaching safepoint: 553066 ns, At safepoint: 23345 ns, Total: 576411 ns
[2022-05-30T04:10:53.663+0000][7][safepoint   ] Safepoint "Cleanup", Time since last: 3158824582 ns, Reaching safepoint: 701258 ns, At safepoint: 38484 ns, Total: 739742 ns
[2022-05-30T04:10:54.907+0000][7][safepoint   ] Safepoint "Cleanup", Time since last: 1243405491 ns, Reaching safepoint: 583452 ns, At safepoint: 58672 ns, Total: 642124 ns
[2022-05-30T04:10:59.909+0000][7][safepoint   ] Safepoint "Cleanup", Time since last: 5001781111 ns, Reaching safepoint: 351371 ns, At safepoint: 18054 ns, Total: 369425 ns
[2022-05-30T04:11:16.173+0000][7][safepoint   ] Safepoint "Cleanup", Time since last: 16062682585 ns, Reaching safepoint: 364697 ns, At safepoint: 22132 ns, Total: 386829 ns
[2022-05-30T04:11:22.453+0000][7][safepoint   ] Safepoint "Cleanup", Time since last: 6279959503 ns, Reaching safepoint: 388942 ns, At safepoint: 34626 ns, Total: 423568 ns
[2022-05-30T04:11:23.454+0000][7][safepoint   ] Safepoint "Cleanup", Time since last: 1000895208 ns, Reaching safepoint: 400525 ns, At safepoint: 31149 ns, Total: 431674 ns
[2022-05-30T04:11:35.540+0000][7][safepoint   ] Safepoint "Cleanup", Time since last: 12085431585 ns, Reaching safepoint: 409963 ns, At safepoint: 40707 ns, Total: 450670 ns
[2022-05-30T04:11:45.341+0000][7][safepoint   ] Safepoint "Cleanup", Time since last: 10002245506 ns, Reaching safepoint: 334900 ns, At safepoint: 20960 ns, Total: 355860 ns
[2022-05-30T04:11:53.754+0000][7][safepoint   ] Safepoint "Cleanup", Time since last: 8411890340 ns, Reaching safepoint: 362392 ns, At safepoint: 17173 ns, Total: 379565 ns
[2022-05-30T04:12:01.795+0000][7][safepoint   ] Safepoint "Cleanup", Time since last: 8041282509 ns, Reaching safepoint: 326894 ns, At safepoint: 54554 ns, Total: 381448 ns
[2022-05-30T04:12:02.903+0000][7][safepoint   ] Safepoint "Cleanup", Time since last: 1107485583 ns, Reaching safepoint: 462082 ns, At safepoint: 28815 ns, Total: 490897 ns
[2022-05-30T04:12:08.987+0000][7][safepoint   ] Safepoint "Cleanup", Time since last: 6083256116 ns, Reaching safepoint: 444399 ns, At safepoint: 13395 ns, Total: 457794 ns
[2022-05-30T04:12:09.988+0000][7][safepoint   ] Safepoint "Cleanup", Time since last: 1000770740 ns, Reaching safepoint: 446141 ns, At safepoint: 14258 ns, Total: 460399 ns
[2022-05-30T04:12:14.085+0000][7][gc,start    ] GC(47) Pause Young (Normal) (G1 Evacuation Pause)
[2022-05-30T04:12:14.085+0000][7][gc,task     ] GC(47) Using 8 workers of 8 for evacuation
[2022-05-30T04:12:14.086+0000][7][gc,age      ] GC(47) Desired survivor size 20971520 bytes, new threshold 15 (max threshold 15)
[2022-05-30T04:12:14.091+0000][7][gc,phases   ] GC(47)   Pre Evacuate Collection Set: 0.4ms
[2022-05-30T04:12:14.091+0000][7][gc,phases   ] GC(47)   Merge Heap Roots: 0.2ms
[2022-05-30T04:12:14.092+0000][7][gc,phases   ] GC(47)   Evacuate Collection Set: 2.3ms
[2022-05-30T04:12:14.092+0000][7][gc,phases   ] GC(47)   Post Evacuate Collection Set: 1.5ms
[2022-05-30T04:12:14.093+0000][7][gc,phases   ] GC(47)   Other: 1.2ms
[2022-05-30T04:12:14.093+0000][7][gc,age      ] GC(47) Age table with threshold 15 (max threshold 15)
[2022-05-30T04:12:14.094+0000][7][gc,age      ] GC(47) - age   1:    1453528 bytes,    1453528 total
[2022-05-30T04:12:14.094+0000][7][gc,age      ] GC(47) - age   2:       6632 bytes,    1460160 total
[2022-05-30T04:12:14.095+0000][7][gc,age      ] GC(47) - age   3:       6664 bytes,    1466824 total
[2022-05-30T04:12:14.095+0000][7][gc,age      ] GC(47) - age   4:       5920 bytes,    1472744 total
[2022-05-30T04:12:14.095+0000][7][gc,age      ] GC(47) - age   5:      22600 bytes,    1495344 total
[2022-05-30T04:12:14.096+0000][7][gc,age      ] GC(47) - age   6:       3008 bytes,    1498352 total
[2022-05-30T04:12:14.096+0000][7][gc,age      ] GC(47) - age   7:       4520 bytes,    1502872 total
[2022-05-30T04:12:14.096+0000][7][gc,age      ] GC(47) - age   8:       3320 bytes,    1506192 total
[2022-05-30T04:12:14.097+0000][7][gc,age      ] GC(47) - age   9:       2752 bytes,    1508944 total
[2022-05-30T04:12:14.097+0000][7][gc,age      ] GC(47) - age  10:       2912 bytes,    1511856 total
[2022-05-30T04:12:14.098+0000][7][gc,age      ] GC(47) - age  11:       6136 bytes,    1517992 total
[2022-05-30T04:12:14.098+0000][7][gc,age      ] GC(47) - age  12:       5176 bytes,    1523168 total
[2022-05-30T04:12:14.099+0000][7][gc,age      ] GC(47) - age  13:      22016 bytes,    1545184 total
[2022-05-30T04:12:14.099+0000][7][gc,age      ] GC(47) - age  14:      22800 bytes,    1567984 total
[2022-05-30T04:12:14.100+0000][7][gc,age      ] GC(47) - age  15:      10952 bytes,    1578936 total
[2022-05-30T04:12:14.100+0000][7][gc,heap     ] GC(47) Eden regions: 75->0(75)
[2022-05-30T04:12:14.101+0000][7][gc,heap     ] GC(47) Survivor regions: 1->1(10)
[2022-05-30T04:12:14.101+0000][7][gc,heap     ] GC(47) Old regions: 24->24
[2022-05-30T04:12:14.102+0000][7][gc,heap     ] GC(47) Archive regions: 2->2
[2022-05-30T04:12:14.102+0000][7][gc,heap     ] GC(47) Humongous regions: 2->2
[2022-05-30T04:12:14.103+0000][7][gc,metaspace] GC(47) Metaspace: 129114K(132544K)->129114K(132544K) NonClass: 112113K(113920K)->112113K(113920K) Class: 17000K(18624K)->17000K(18624K)
[2022-05-30T04:12:14.103+0000][7][gc          ] GC(47) Pause Young (Normal) (G1 Evacuation Pause) 408M->108M(512M) 18.556ms
[2022-05-30T04:12:14.104+0000][7][gc,cpu      ] GC(47) User=0.02s Sys=0.01s Real=0.02s
[2022-05-30T04:12:14.104+0000][7][safepoint   ] Safepoint "G1CollectForAllocation", Time since last: 4095015754 ns, Reaching safepoint: 298740 ns, At safepoint: 19602660 ns, Total: 19901400 ns
[2022-05-30T04:12:27.107+0000][7][safepoint   ] Safepoint "Cleanup", Time since last: 13002693488 ns, Reaching safepoint: 636816 ns, At safepoint: 16080 ns, Total: 652896 ns
[2022-05-30T04:12:29.109+0000][7][safepoint   ] Safepoint "Cleanup", Time since last: 2000919654 ns, Reaching safepoint: 406236 ns, At safepoint: 52029 ns, Total: 458265 ns
[2022-05-30T04:12:30.110+0000][7][safepoint   ] Safepoint "Cleanup", Time since last: 1000729378 ns, Reaching safepoint: 444078 ns, At safepoint: 31731 ns, Total: 475809 ns
[2022-05-30T04:12:32.263+0000][7][safepoint   ] Safepoint "Cleanup", Time since last: 2152216473 ns, Reaching safepoint: 400755 ns, At safepoint: 22072 ns, Total: 422827 ns
[2022-05-30T04:12:35.264+0000][7][safepoint   ] Safepoint "Cleanup", Time since last: 3001078359 ns, Reaching safepoint: 416124 ns, At safepoint: 25439 ns, Total: 441563 ns
[2022-05-30T04:12:44.629+0000][7][safepoint   ] Safepoint "Cleanup", Time since last: 9364702442 ns, Reaching safepoint: 429340 ns, At safepoint: 10920 ns, Total: 440260 ns
[2022-05-30T04:12:46.630+0000][7][safepoint   ] Safepoint "Cleanup", Time since last: 2000921390 ns, Reaching safepoint: 602310 ns, At safepoint: 23465 ns, Total: 625775 ns
[2022-05-30T04:12:56.633+0000][7][safepoint   ] Safepoint "Cleanup", Time since last: 10002389408 ns, Reaching safepoint: 488783 ns, At safepoint: 12063 ns, Total: 500846 ns
[2022-05-30T04:13:04.635+0000][7][safepoint   ] Safepoint "Cleanup", Time since last: 8001847021 ns, Reaching safepoint: 290955 ns, At safepoint: 10130 ns, Total: 301085 ns
[2022-05-30T04:13:27.980+0000][7][gc,start    ] GC(48) Pause Young (Normal) (G1 Evacuation Pause)
[2022-05-30T04:13:27.981+0000][7][gc,task     ] GC(48) Using 8 workers of 8 for evacuation
[2022-05-30T04:13:27.981+0000][7][gc,age      ] GC(48) Desired survivor size 20971520 bytes, new threshold 15 (max threshold 15)
[2022-05-30T04:13:27.988+0000][7][gc,phases   ] GC(48)   Pre Evacuate Collection Set: 0.4ms
[2022-05-30T04:13:27.989+0000][7][gc,phases   ] GC(48)   Merge Heap Roots: 0.3ms
[2022-05-30T04:13:27.989+0000][7][gc,phases   ] GC(48)   Evacuate Collection Set: 3.7ms
[2022-05-30T04:13:27.990+0000][7][gc,phases   ] GC(48)   Post Evacuate Collection Set: 1.8ms
[2022-05-30T04:13:27.990+0000][7][gc,phases   ] GC(48)   Other: 1.1ms
[2022-05-30T04:13:27.990+0000][7][gc,age      ] GC(48) Age table with threshold 15 (max threshold 15)
[2022-05-30T04:13:27.991+0000][7][gc,age      ] GC(48) - age   1:    1463376 bytes,    1463376 total
[2022-05-30T04:13:27.991+0000][7][gc,age      ] GC(48) - age   2:     292472 bytes,    1755848 total
[2022-05-30T04:13:27.992+0000][7][gc,age      ] GC(48) - age   3:       4168 bytes,    1760016 total
[2022-05-30T04:13:27.992+0000][7][gc,age      ] GC(48) - age   4:       6600 bytes,    1766616 total
[2022-05-30T04:13:27.993+0000][7][gc,age      ] GC(48) - age   5:       5608 bytes,    1772224 total
[2022-05-30T04:13:27.993+0000][7][gc,age      ] GC(48) - age   6:       5952 bytes,    1778176 total
[2022-05-30T04:13:27.993+0000][7][gc,age      ] GC(48) - age   7:       3008 bytes,    1781184 total
[2022-05-30T04:13:27.994+0000][7][gc,age      ] GC(48) - age   8:       2168 bytes,    1783352 total
[2022-05-30T04:13:27.994+0000][7][gc,age      ] GC(48) - age   9:       3320 bytes,    1786672 total
[2022-05-30T04:13:27.995+0000][7][gc,age      ] GC(48) - age  10:       2752 bytes,    1789424 total
[2022-05-30T04:13:27.995+0000][7][gc,age      ] GC(48) - age  11:       2912 bytes,    1792336 total
[2022-05-30T04:13:27.996+0000][7][gc,age      ] GC(48) - age  12:       6136 bytes,    1798472 total
[2022-05-30T04:13:27.996+0000][7][gc,age      ] GC(48) - age  13:       4992 bytes,    1803464 total
[2022-05-30T04:13:27.997+0000][7][gc,age      ] GC(48) - age  14:      22016 bytes,    1825480 total
[2022-05-30T04:13:27.997+0000][7][gc,age      ] GC(48) - age  15:      22176 bytes,    1847656 total
[2022-05-30T04:13:27.998+0000][7][gc,heap     ] GC(48) Eden regions: 75->0(75)
[2022-05-30T04:13:27.998+0000][7][gc,heap     ] GC(48) Survivor regions: 1->1(10)
[2022-05-30T04:13:27.998+0000][7][gc,heap     ] GC(48) Old regions: 24->24
[2022-05-30T04:13:27.999+0000][7][gc,heap     ] GC(48) Archive regions: 2->2
[2022-05-30T04:13:27.999+0000][7][gc,heap     ] GC(48) Humongous regions: 2->2
[2022-05-30T04:13:28.000+0000][7][gc,metaspace] GC(48) Metaspace: 129121K(132544K)->129121K(132544K) NonClass: 112120K(113920K)->112120K(113920K) Class: 17001K(18624K)->17001K(18624K)
[2022-05-30T04:13:28.000+0000][7][gc          ] GC(48) Pause Young (Normal) (G1 Evacuation Pause) 408M->108M(512M) 19.806ms
[2022-05-30T04:13:28.001+0000][7][gc,cpu      ] GC(48) User=0.03s Sys=0.00s Real=0.02s
[2022-05-30T04:13:28.001+0000][7][safepoint   ] Safepoint "G1CollectForAllocation", Time since last: 22949074229 ns, Reaching safepoint: 361430 ns, At safepoint: 20949995 ns, Total: 21311425 ns
[2022-05-30T04:13:35.004+0000][7][safepoint   ] Safepoint "Cleanup", Time since last: 7001644496 ns, Reaching safepoint: 512468 ns, At safepoint: 41880 ns, Total: 554348 ns
[2022-05-30T04:13:45.063+0000][7][safepoint   ] Safepoint "Cleanup", Time since last: 10002446442 ns, Reaching safepoint: 568976 ns, At safepoint: 26100 ns, Total: 595076 ns
[2022-05-30T04:14:01.241+0000][7][safepoint   ] Safepoint "Cleanup", Time since last: 16003436732 ns, Reaching safepoint: 173858477 ns, At safepoint: 157792 ns, Total: 174016269 ns
[2022-05-30T04:14:09.421+0000][7][safepoint   ] Safepoint "Cleanup", Time since last: 8179553059 ns, Reaching safepoint: 321043 ns, At safepoint: 16431 ns, Total: 337474 ns
[2022-05-30T04:14:26.973+0000][7][safepoint   ] Safepoint "Cleanup", Time since last: 18003765610 ns, Reaching safepoint: 357973 ns, At safepoint: 11572 ns, Total: 369545 ns
[2022-05-30T04:14:34.975+0000][7][safepoint   ] Safepoint "Cleanup", Time since last: 8001891171 ns, Reaching safepoint: 478533 ns, At safepoint: 21261 ns, Total: 499794 ns
[2022-05-30T04:14:45.320+0000][7][gc,start    ] GC(49) Pause Young (Normal) (G1 Evacuation Pause)
[2022-05-30T04:14:45.320+0000][7][gc,task     ] GC(49) Using 8 workers of 8 for evacuation
[2022-05-30T04:14:45.321+0000][7][gc,age      ] GC(49) Desired survivor size 20971520 bytes, new threshold 15 (max threshold 15)
[2022-05-30T04:14:45.328+0000][7][gc,phases   ] GC(49)   Pre Evacuate Collection Set: 0.4ms
[2022-05-30T04:14:45.328+0000][7][gc,phases   ] GC(49)   Merge Heap Roots: 0.3ms
[2022-05-30T04:14:45.328+0000][7][gc,phases   ] GC(49)   Evacuate Collection Set: 3.3ms
[2022-05-30T04:14:45.329+0000][7][gc,phases   ] GC(49)   Post Evacuate Collection Set: 1.9ms
[2022-05-30T04:14:45.329+0000][7][gc,phases   ] GC(49)   Other: 1.1ms
[2022-05-30T04:14:45.330+0000][7][gc,age      ] GC(49) Age table with threshold 15 (max threshold 15)
[2022-05-30T04:14:45.330+0000][7][gc,age      ] GC(49) - age   1:    1422168 bytes,    1422168 total
[2022-05-30T04:14:45.330+0000][7][gc,age      ] GC(49) - age   2:      95816 bytes,    1517984 total
[2022-05-30T04:14:45.331+0000][7][gc,age      ] GC(49) - age   3:     291360 bytes,    1809344 total
[2022-05-30T04:14:45.331+0000][7][gc,age      ] GC(49) - age   4:       3720 bytes,    1813064 total
[2022-05-30T04:14:45.332+0000][7][gc,age      ] GC(49) - age   5:       6304 bytes,    1819368 total
[2022-05-30T04:14:45.332+0000][7][gc,age      ] GC(49) - age   6:       5608 bytes,    1824976 total
[2022-05-30T04:14:45.332+0000][7][gc,age      ] GC(49) - age   7:       5952 bytes,    1830928 total
[2022-05-30T04:14:45.333+0000][7][gc,age      ] GC(49) - age   8:       3008 bytes,    1833936 total
[2022-05-30T04:14:45.333+0000][7][gc,age      ] GC(49) - age   9:       2168 bytes,    1836104 total
[2022-05-30T04:14:45.334+0000][7][gc,age      ] GC(49) - age  10:       3320 bytes,    1839424 total
[2022-05-30T04:14:45.334+0000][7][gc,age      ] GC(49) - age  11:       2752 bytes,    1842176 total
[2022-05-30T04:14:45.334+0000][7][gc,age      ] GC(49) - age  12:       2912 bytes,    1845088 total
[2022-05-30T04:14:45.335+0000][7][gc,age      ] GC(49) - age  13:       6048 bytes,    1851136 total
[2022-05-30T04:14:45.335+0000][7][gc,age      ] GC(49) - age  14:       4992 bytes,    1856128 total
[2022-05-30T04:14:45.335+0000][7][gc,age      ] GC(49) - age  15:      22016 bytes,    1878144 total
[2022-05-30T04:14:45.336+0000][7][gc,heap     ] GC(49) Eden regions: 75->0(75)
[2022-05-30T04:14:45.336+0000][7][gc,heap     ] GC(49) Survivor regions: 1->1(10)
[2022-05-30T04:14:45.337+0000][7][gc,heap     ] GC(49) Old regions: 24->24
[2022-05-30T04:14:45.337+0000][7][gc,heap     ] GC(49) Archive regions: 2->2
[2022-05-30T04:14:45.338+0000][7][gc,heap     ] GC(49) Humongous regions: 2->2
[2022-05-30T04:14:45.338+0000][7][gc,metaspace] GC(49) Metaspace: 129141K(132544K)->129141K(132544K) NonClass: 112139K(113920K)->112139K(113920K) Class: 17002K(18624K)->17002K(18624K)
[2022-05-30T04:14:45.339+0000][7][gc          ] GC(49) Pause Young (Normal) (G1 Evacuation Pause) 408M->108M(512M) 19.340ms
[2022-05-30T04:14:45.340+0000][7][gc,cpu      ] GC(49) User=0.01s Sys=0.02s Real=0.02s
[2022-05-30T04:14:45.340+0000][7][safepoint   ] Safepoint "G1CollectForAllocation", Time since last: 10343738000 ns, Reaching safepoint: 416144 ns, At safepoint: 20618362 ns, Total: 21034506 ns
[2022-05-30T04:14:50.342+0000][7][safepoint   ] Safepoint "Cleanup", Time since last: 5001574537 ns, Reaching safepoint: 338977 ns, At safepoint: 54905 ns, Total: 393882 ns
[2022-05-30T04:14:55.347+0000][7][safepoint   ] Safepoint "Cleanup", Time since last: 5003860753 ns, Reaching safepoint: 605055 ns, At safepoint: 25208 ns, Total: 630263 ns
[2022-05-30T04:15:02.349+0000][7][safepoint   ] Safepoint "Cleanup", Time since last: 7001698895 ns, Reaching safepoint: 359266 ns, At safepoint: 43974 ns, Total: 403240 ns
[2022-05-30T04:15:08.352+0000][7][safepoint   ] Safepoint "Cleanup", Time since last: 6001556242 ns, Reaching safepoint: 1535620 ns, At safepoint: 122644 ns, Total: 1658264 ns
[2022-05-30T04:15:15.354+0000][7][safepoint   ] Safepoint "Cleanup", Time since last: 7001949351 ns, Reaching safepoint: 330321 ns, At safepoint: 21260 ns, Total: 351581 ns
[2022-05-30T04:15:20.470+0000][7][safepoint   ] Safepoint "Cleanup", Time since last: 5115671416 ns, Reaching safepoint: 357222 ns, At safepoint: 62559 ns, Total: 419781 ns
[2022-05-30T04:15:21.471+0000][7][safepoint   ] Safepoint "Cleanup", Time since last: 1000865731 ns, Reaching safepoint: 375788 ns, At safepoint: 50907 ns, Total: 426695 ns
[2022-05-30T04:15:22.667+0000][7][safepoint   ] Safepoint "Cleanup", Time since last: 1195012121 ns, Reaching safepoint: 418930 ns, At safepoint: 11292 ns, Total: 430222 ns
[2022-05-30T04:15:34.670+0000][7][safepoint   ] Safepoint "Cleanup", Time since last: 12002759060 ns, Reaching safepoint: 339739 ns, At safepoint: 26951 ns, Total: 366690 ns
[2022-05-30T04:15:35.672+0000][7][safepoint   ] Safepoint "Cleanup", Time since last: 1001283869 ns, Reaching safepoint: 413058 ns, At safepoint: 17273 ns, Total: 430331 ns
[2022-05-30T04:15:38.673+0000][7][safepoint   ] Safepoint "Cleanup", Time since last: 3001164728 ns, Reaching safepoint: 371670 ns, At safepoint: 8766 ns, Total: 380436 ns
[2022-05-30T04:15:44.674+0000][7][safepoint   ] Safepoint "Cleanup", Time since last: 6001637785 ns, Reaching safepoint: 531144 ns, At safepoint: 20319 ns, Total: 551463 ns
[2022-05-30T04:15:46.400+0000][7][safepoint   ] Safepoint "Cleanup", Time since last: 1725478045 ns, Reaching safepoint: 426775 ns, At safepoint: 21381 ns, Total: 448156 ns
[2022-05-30T04:15:47.542+0000][7][safepoint   ] Safepoint "Cleanup", Time since last: 1140789493 ns, Reaching safepoint: 445861 ns, At safepoint: 11712 ns, Total: 457573 ns
[2022-05-30T04:15:52.544+0000][7][safepoint   ] Safepoint "Cleanup", Time since last: 5001455273 ns, Reaching safepoint: 462824 ns, At safepoint: 81105 ns, Total: 543929 ns
[2022-05-30T04:15:54.545+0000][7][safepoint   ] Safepoint "Cleanup", Time since last: 2001227496 ns, Reaching safepoint: 587551 ns, At safepoint: 25199 ns, Total: 612750 ns
[2022-05-30T04:15:57.547+0000][7][safepoint   ] Safepoint "Cleanup", Time since last: 3000962791 ns, Reaching safepoint: 678575 ns, At safepoint: 21802 ns, Total: 700377 ns
[2022-05-30T04:16:00.549+0000][7][safepoint   ] Safepoint "Cleanup", Time since last: 3001122891 ns, Reaching safepoint: 418820 ns, At safepoint: 28524 ns, Total: 447344 ns
[2022-05-30T04:16:04.463+0000][7][gc,start    ] GC(50) Pause Young (Normal) (G1 Evacuation Pause)
[2022-05-30T04:16:04.463+0000][7][gc,task     ] GC(50) Using 8 workers of 8 for evacuation
[2022-05-30T04:16:04.464+0000][7][gc,age      ] GC(50) Desired survivor size 20971520 bytes, new threshold 15 (max threshold 15)
[2022-05-30T04:16:04.470+0000][7][gc,phases   ] GC(50)   Pre Evacuate Collection Set: 0.8ms
[2022-05-30T04:16:04.471+0000][7][gc,phases   ] GC(50)   Merge Heap Roots: 0.3ms
[2022-05-30T04:16:04.471+0000][7][gc,phases   ] GC(50)   Evacuate Collection Set: 2.6ms
[2022-05-30T04:16:04.472+0000][7][gc,phases   ] GC(50)   Post Evacuate Collection Set: 2.5ms
[2022-05-30T04:16:04.472+0000][7][gc,phases   ] GC(50)   Other: 0.8ms
[2022-05-30T04:16:04.472+0000][7][gc,age      ] GC(50) Age table with threshold 15 (max threshold 15)
[2022-05-30T04:16:04.472+0000][7][gc,age      ] GC(50) - age   1:    1411024 bytes,    1411024 total
[2022-05-30T04:16:04.473+0000][7][gc,age      ] GC(50) - age   2:       5576 bytes,    1416600 total
[2022-05-30T04:16:04.473+0000][7][gc,age      ] GC(50) - age   3:      94568 bytes,    1511168 total
[2022-05-30T04:16:04.473+0000][7][gc,age      ] GC(50) - age   4:     290688 bytes,    1801856 total
[2022-05-30T04:16:04.474+0000][7][gc,age      ] GC(50) - age   5:       3632 bytes,    1805488 total
[2022-05-30T04:16:04.474+0000][7][gc,age      ] GC(50) - age   6:       6304 bytes,    1811792 total
[2022-05-30T04:16:04.474+0000][7][gc,age      ] GC(50) - age   7:       5448 bytes,    1817240 total
[2022-05-30T04:16:04.475+0000][7][gc,age      ] GC(50) - age   8:       5952 bytes,    1823192 total
[2022-05-30T04:16:04.475+0000][7][gc,age      ] GC(50) - age   9:       3008 bytes,    1826200 total
[2022-05-30T04:16:04.475+0000][7][gc,age      ] GC(50) - age  10:       2168 bytes,    1828368 total
[2022-05-30T04:16:04.476+0000][7][gc,age      ] GC(50) - age  11:       3320 bytes,    1831688 total
[2022-05-30T04:16:04.476+0000][7][gc,age      ] GC(50) - age  12:       2752 bytes,    1834440 total
[2022-05-30T04:16:04.476+0000][7][gc,age      ] GC(50) - age  13:       2912 bytes,    1837352 total
[2022-05-30T04:16:04.477+0000][7][gc,age      ] GC(50) - age  14:       6048 bytes,    1843400 total
[2022-05-30T04:16:04.477+0000][7][gc,age      ] GC(50) - age  15:       4992 bytes,    1848392 total
[2022-05-30T04:16:04.478+0000][7][gc,heap     ] GC(50) Eden regions: 75->0(75)
[2022-05-30T04:16:04.478+0000][7][gc,heap     ] GC(50) Survivor regions: 1->1(10)
[2022-05-30T04:16:04.478+0000][7][gc,heap     ] GC(50) Old regions: 24->24
[2022-05-30T04:16:04.479+0000][7][gc,heap     ] GC(50) Archive regions: 2->2
[2022-05-30T04:16:04.479+0000][7][gc,heap     ] GC(50) Humongous regions: 2->2
[2022-05-30T04:16:04.479+0000][7][gc,metaspace] GC(50) Metaspace: 129170K(132608K)->129170K(132608K) NonClass: 112168K(113984K)->112168K(113984K) Class: 17002K(18624K)->17002K(18624K)
[2022-05-30T04:16:04.480+0000][7][gc          ] GC(50) Pause Young (Normal) (G1 Evacuation Pause) 408M->108M(512M) 17.011ms
[2022-05-30T04:16:04.480+0000][7][gc,cpu      ] GC(50) User=0.02s Sys=0.01s Real=0.02s
[2022-05-30T04:16:04.481+0000][7][safepoint   ] Safepoint "G1CollectForAllocation", Time since last: 3913931404 ns, Reaching safepoint: 391126 ns, At safepoint: 18057754 ns, Total: 18448880 ns
[2022-05-30T04:16:08.483+0000][7][safepoint   ] Safepoint "Cleanup", Time since last: 4001351441 ns, Reaching safepoint: 401797 ns, At safepoint: 23415 ns, Total: 425212 ns
[2022-05-30T04:16:11.633+0000][7][safepoint   ] Safepoint "Cleanup", Time since last: 3149934522 ns, Reaching safepoint: 394182 ns, At safepoint: 22463 ns, Total: 416645 ns
[2022-05-30T04:16:20.934+0000][7][safepoint   ] Safepoint "Cleanup", Time since last: 9298659616 ns, Reaching safepoint: 361350 ns, At safepoint: 25208 ns, Total: 386558 ns
[2022-05-30T04:16:22.935+0000][7][safepoint   ] Safepoint "Cleanup", Time since last: 2000789187 ns, Reaching safepoint: 393881 ns, At safepoint: 14378 ns, Total: 408259 ns
[2022-05-30T04:16:28.937+0000][7][safepoint   ] Safepoint "Cleanup", Time since last: 6001595070 ns, Reaching safepoint: 600206 ns, At safepoint: 23275 ns, Total: 623481 ns
[2022-05-30T04:16:31.939+0000][7][safepoint   ] Safepoint "Cleanup", Time since last: 3001136332 ns, Reaching safepoint: 516867 ns, At safepoint: 29546 ns, Total: 546413 ns
[2022-05-30T04:16:32.940+0000][7][safepoint   ] Safepoint "Cleanup", Time since last: 1000675447 ns, Reaching safepoint: 385396 ns, At safepoint: 24327 ns, Total: 409723 ns
[2022-05-30T04:16:35.073+0000][7][safepoint   ] Safepoint "Cleanup", Time since last: 2132609990 ns, Reaching safepoint: 610085 ns, At safepoint: 44444 ns, Total: 654529 ns
[2022-05-30T04:17:31.864+0000][7][gc,start    ] GC(51) Pause Young (Normal) (G1 Evacuation Pause)
[2022-05-30T04:17:31.865+0000][7][gc,task     ] GC(51) Using 8 workers of 8 for evacuation
[2022-05-30T04:17:31.865+0000][7][gc,age      ] GC(51) Desired survivor size 20971520 bytes, new threshold 15 (max threshold 15)
[2022-05-30T04:17:31.872+0000][7][gc,phases   ] GC(51)   Pre Evacuate Collection Set: 0.6ms
[2022-05-30T04:17:31.873+0000][7][gc,phases   ] GC(51)   Merge Heap Roots: 0.3ms
[2022-05-30T04:17:31.873+0000][7][gc,phases   ] GC(51)   Evacuate Collection Set: 3.7ms
[2022-05-30T04:17:31.873+0000][7][gc,phases   ] GC(51)   Post Evacuate Collection Set: 1.9ms
[2022-05-30T04:17:31.873+0000][7][gc,phases   ] GC(51)   Other: 1.0ms
[2022-05-30T04:17:31.874+0000][7][gc,age      ] GC(51) Age table with threshold 15 (max threshold 15)
[2022-05-30T04:17:31.874+0000][7][gc,age      ] GC(51) - age   1:    1103880 bytes,    1103880 total
[2022-05-30T04:17:31.874+0000][7][gc,age      ] GC(51) - age   2:      30560 bytes,    1134440 total
[2022-05-30T04:17:31.875+0000][7][gc,age      ] GC(51) - age   3:       3336 bytes,    1137776 total
[2022-05-30T04:17:31.875+0000][7][gc,age      ] GC(51) - age   4:      36968 bytes,    1174744 total
[2022-05-30T04:17:31.875+0000][7][gc,age      ] GC(51) - age   5:     189632 bytes,    1364376 total
[2022-05-30T04:17:31.875+0000][7][gc,age      ] GC(51) - age   6:       3448 bytes,    1367824 total
[2022-05-30T04:17:31.875+0000][7][gc,age      ] GC(51) - age   7:       6304 bytes,    1374128 total
[2022-05-30T04:17:31.876+0000][7][gc,age      ] GC(51) - age   8:       5424 bytes,    1379552 total
[2022-05-30T04:17:31.876+0000][7][gc,age      ] GC(51) - age   9:       5912 bytes,    1385464 total
[2022-05-30T04:17:31.876+0000][7][gc,age      ] GC(51) - age  10:       3008 bytes,    1388472 total
[2022-05-30T04:17:31.876+0000][7][gc,age      ] GC(51) - age  11:       2168 bytes,    1390640 total
[2022-05-30T04:17:31.877+0000][7][gc,age      ] GC(51) - age  12:       2928 bytes,    1393568 total
[2022-05-30T04:17:31.877+0000][7][gc,age      ] GC(51) - age  13:       2752 bytes,    1396320 total
[2022-05-30T04:17:31.877+0000][7][gc,age      ] GC(51) - age  14:       2912 bytes,    1399232 total
[2022-05-30T04:17:31.877+0000][7][gc,age      ] GC(51) - age  15:       6048 bytes,    1405280 total
[2022-05-30T04:17:31.877+0000][7][gc,heap     ] GC(51) Eden regions: 75->0(75)
[2022-05-30T04:17:31.878+0000][7][gc,heap     ] GC(51) Survivor regions: 1->1(10)
[2022-05-30T04:17:31.878+0000][7][gc,heap     ] GC(51) Old regions: 24->24
[2022-05-30T04:17:31.878+0000][7][gc,heap     ] GC(51) Archive regions: 2->2
[2022-05-30T04:17:31.878+0000][7][gc,heap     ] GC(51) Humongous regions: 2->2
[2022-05-30T04:17:31.879+0000][7][gc,metaspace] GC(51) Metaspace: 129182K(132608K)->129182K(132608K) NonClass: 112180K(113984K)->112180K(113984K) Class: 17002K(18624K)->17002K(18624K)
[2022-05-30T04:17:31.879+0000][7][gc          ] GC(51) Pause Young (Normal) (G1 Evacuation Pause) 408M->108M(512M) 14.669ms
[2022-05-30T04:17:31.879+0000][7][gc,cpu      ] GC(51) User=0.02s Sys=0.01s Real=0.01s
[2022-05-30T04:17:31.879+0000][7][safepoint   ] Safepoint "G1CollectForAllocation", Time since last: 56788682386 ns, Reaching safepoint: 412908 ns, At safepoint: 15369960 ns, Total: 15782868 ns
[2022-05-30T04:17:40.882+0000][7][safepoint   ] Safepoint "Cleanup", Time since last: 9002079616 ns, Reaching safepoint: 475948 ns, At safepoint: 54424 ns, Total: 530372 ns
[2022-05-30T04:17:47.882+0000][7][safepoint   ] Safepoint "Cleanup", Time since last: 7001730108 ns, Reaching safepoint: 351882 ns, At safepoint: 22473 ns, Total: 374355 ns
[2022-05-30T04:17:51.054+0000][7][safepoint   ] Safepoint "Cleanup", Time since last: 3171777078 ns, Reaching safepoint: 388412 ns, At safepoint: 21791 ns, Total: 410203 ns
[2022-05-30T04:17:52.318+0000][7][safepoint   ] Safepoint "Cleanup", Time since last: 1264089055 ns, Reaching safepoint: 312527 ns, At safepoint: 16872 ns, Total: 329399 ns
[2022-05-30T04:18:12.323+0000][7][safepoint   ] Safepoint "Cleanup", Time since last: 20004303992 ns, Reaching safepoint: 374745 ns, At safepoint: 31490 ns, Total: 406235 ns
[2022-05-30T04:18:14.454+0000][7][safepoint   ] Safepoint "Cleanup", Time since last: 2001058329 ns, Reaching safepoint: 514502 ns, At safepoint: 15229 ns, Total: 529731 ns
[2022-05-30T04:18:20.456+0000][7][safepoint   ] Safepoint "Cleanup", Time since last: 6001686523 ns, Reaching safepoint: 467793 ns, At safepoint: 60165 ns, Total: 527958 ns
[2022-05-30T04:18:30.459+0000][7][safepoint   ] Safepoint "Cleanup", Time since last: 10002978077 ns, Reaching safepoint: 307547 ns, At safepoint: 8356 ns, Total: 315903 ns
[2022-05-30T04:18:37.461+0000][7][safepoint   ] Safepoint "Cleanup", Time since last: 7001737986 ns, Reaching safepoint: 357082 ns, At safepoint: 13105 ns, Total: 370187 ns
[2022-05-30T04:18:41.463+0000][7][safepoint   ] Safepoint "Cleanup", Time since last: 4001201467 ns, Reaching safepoint: 427005 ns, At safepoint: 12063 ns, Total: 439068 ns
[2022-05-30T04:18:47.336+0000][7][safepoint   ] Safepoint "Cleanup", Time since last: 6001534334 ns, Reaching safepoint: 354677 ns, At safepoint: 24347 ns, Total: 379024 ns
[2022-05-30T04:18:55.072+0000][7][gc,start    ] GC(52) Pause Young (Normal) (G1 Evacuation Pause)
[2022-05-30T04:18:55.265+0000][7][gc,task     ] GC(52) Using 8 workers of 8 for evacuation
[2022-05-30T04:18:55.452+0000][7][gc,age      ] GC(52) Desired survivor size 20971520 bytes, new threshold 15 (max threshold 15)
[2022-05-30T04:18:55.716+0000][7][gc,mmu      ] GC(52) MMU target violated: 201.0ms (200.0ms/201.0ms)
[2022-05-30T04:18:55.745+0000][7][gc,phases   ] GC(52)   Pre Evacuate Collection Set: 0.4ms
[2022-05-30T04:18:55.753+0000][7][gc,phases   ] GC(52)   Merge Heap Roots: 0.3ms
[2022-05-30T04:18:55.762+0000][7][gc,phases   ] GC(52)   Evacuate Collection Set: 70.1ms
[2022-05-30T04:18:55.763+0000][7][gc,phases   ] GC(52)   Post Evacuate Collection Set: 1.8ms
[2022-05-30T04:18:55.764+0000][7][gc,phases   ] GC(52)   Other: 407.3ms
[2022-05-30T04:18:55.765+0000][7][gc,age      ] GC(52) Age table with threshold 15 (max threshold 15)
[2022-05-30T04:18:55.766+0000][7][gc,age      ] GC(52) - age   1:    1435504 bytes,    1435504 total
[2022-05-30T04:18:55.766+0000][7][gc,age      ] GC(52) - age   2:     172600 bytes,    1608104 total
[2022-05-30T04:18:55.767+0000][7][gc,age      ] GC(52) - age   3:      28968 bytes,    1637072 total
[2022-05-30T04:18:55.768+0000][7][gc,age      ] GC(52) - age   4:       3272 bytes,    1640344 total
[2022-05-30T04:18:55.769+0000][7][gc,age      ] GC(52) - age   5:      36248 bytes,    1676592 total
[2022-05-30T04:18:55.769+0000][7][gc,age      ] GC(52) - age   6:     189536 bytes,    1866128 total
[2022-05-30T04:18:55.771+0000][7][gc,age      ] GC(52) - age   7:       3448 bytes,    1869576 total
[2022-05-30T04:18:55.780+0000][7][gc,age      ] GC(52) - age   8:       6304 bytes,    1875880 total
[2022-05-30T04:18:55.782+0000][7][gc,age      ] GC(52) - age   9:       5424 bytes,    1881304 total
[2022-05-30T04:18:55.789+0000][7][gc,age      ] GC(52) - age  10:       5912 bytes,    1887216 total
[2022-05-30T04:18:55.789+0000][7][gc,age      ] GC(52) - age  11:       3008 bytes,    1890224 total
[2022-05-30T04:18:55.790+0000][7][gc,age      ] GC(52) - age  12:       2168 bytes,    1892392 total
[2022-05-30T04:18:55.791+0000][7][gc,age      ] GC(52) - age  13:       2928 bytes,    1895320 total
[2022-05-30T04:18:55.792+0000][7][gc,age      ] GC(52) - age  14:       2752 bytes,    1898072 total
[2022-05-30T04:18:55.793+0000][7][gc,age      ] GC(52) - age  15:       2912 bytes,    1900984 total
[2022-05-30T04:18:55.793+0000][7][gc,heap     ] GC(52) Eden regions: 75->0(75)
[2022-05-30T04:18:55.794+0000][7][gc,heap     ] GC(52) Survivor regions: 1->1(10)
[2022-05-30T04:18:55.794+0000][7][gc,heap     ] GC(52) Old regions: 24->24
[2022-05-30T04:18:55.795+0000][7][gc,heap     ] GC(52) Archive regions: 2->2
[2022-05-30T04:18:55.796+0000][7][gc,heap     ] GC(52) Humongous regions: 2->2
[2022-05-30T04:18:55.796+0000][7][gc,metaspace] GC(52) Metaspace: 129192K(132608K)->129192K(132608K) NonClass: 112190K(113984K)->112190K(113984K) Class: 17002K(18624K)->17002K(18624K)
[2022-05-30T04:18:55.797+0000][7][gc          ] GC(52) Pause Young (Normal) (G1 Evacuation Pause) 408M->108M(512M) 725.054ms
[2022-05-30T04:18:55.798+0000][7][gc,cpu      ] GC(52) User=0.17s Sys=0.02s Real=0.72s
[2022-05-30T04:18:55.800+0000][7][safepoint   ] Safepoint "G1CollectForAllocation", Time since last: 7735498930 ns, Reaching safepoint: 344638 ns, At safepoint: 728089200 ns, Total: 728433838 ns
[2022-05-30T04:18:56.804+0000][7][safepoint   ] Safepoint "Cleanup", Time since last: 1003472556 ns, Reaching safepoint: 491389 ns, At safepoint: 150468 ns, Total: 641857 ns
[2022-05-30T04:18:59.806+0000][7][safepoint   ] Safepoint "Cleanup", Time since last: 3000979303 ns, Reaching safepoint: 520945 ns, At safepoint: 16421 ns, Total: 537366 ns
[2022-05-30T04:19:41.819+0000][7][safepoint   ] Safepoint "Cleanup", Time since last: 42008038958 ns, Reaching safepoint: 440320 ns, At safepoint: 20098 ns, Total: 460418 ns
[2022-05-30T04:19:56.818+0000][7][safepoint   ] Safepoint "Cleanup", Time since last: 15003457847 ns, Reaching safepoint: 327756 ns, At safepoint: 18886 ns, Total: 346642 ns
[2022-05-30T04:20:20.192+0000][7][safepoint   ] Safepoint "Cleanup", Time since last: 23373869051 ns, Reaching safepoint: 402999 ns, At safepoint: 9067 ns, Total: 412066 ns
[2022-05-30T04:20:26.222+0000][7][gc,start    ] GC(53) Pause Young (Normal) (G1 Evacuation Pause)
[2022-05-30T04:20:26.222+0000][7][gc,task     ] GC(53) Using 8 workers of 8 for evacuation
[2022-05-30T04:20:26.223+0000][7][gc,age      ] GC(53) Desired survivor size 20971520 bytes, new threshold 15 (max threshold 15)
[2022-05-30T04:20:26.228+0000][7][gc,phases   ] GC(53)   Pre Evacuate Collection Set: 0.4ms
[2022-05-30T04:20:26.229+0000][7][gc,phases   ] GC(53)   Merge Heap Roots: 0.3ms
[2022-05-30T04:20:26.229+0000][7][gc,phases   ] GC(53)   Evacuate Collection Set: 2.8ms
[2022-05-30T04:20:26.229+0000][7][gc,phases   ] GC(53)   Post Evacuate Collection Set: 1.7ms
[2022-05-30T04:20:26.229+0000][7][gc,phases   ] GC(53)   Other: 0.8ms
[2022-05-30T04:20:26.230+0000][7][gc,age      ] GC(53) Age table with threshold 15 (max threshold 15)
[2022-05-30T04:20:26.230+0000][7][gc,age      ] GC(53) - age   1:    1327864 bytes,    1327864 total
[2022-05-30T04:20:26.230+0000][7][gc,age      ] GC(53) - age   2:      32200 bytes,    1360064 total
[2022-05-30T04:20:26.230+0000][7][gc,age      ] GC(53) - age   3:     163168 bytes,    1523232 total
[2022-05-30T04:20:26.231+0000][7][gc,age      ] GC(53) - age   4:      27944 bytes,    1551176 total
[2022-05-30T04:20:26.231+0000][7][gc,age      ] GC(53) - age   5:       3272 bytes,    1554448 total
[2022-05-30T04:20:26.231+0000][7][gc,age      ] GC(53) - age   6:      36248 bytes,    1590696 total
[2022-05-30T04:20:26.231+0000][7][gc,age      ] GC(53) - age   7:     189536 bytes,    1780232 total
[2022-05-30T04:20:26.231+0000][7][gc,age      ] GC(53) - age   8:       3448 bytes,    1783680 total
[2022-05-30T04:20:26.232+0000][7][gc,age      ] GC(53) - age   9:       6304 bytes,    1789984 total
[2022-05-30T04:20:26.232+0000][7][gc,age      ] GC(53) - age  10:       5424 bytes,    1795408 total
[2022-05-30T04:20:26.232+0000][7][gc,age      ] GC(53) - age  11:       5912 bytes,    1801320 total
[2022-05-30T04:20:26.233+0000][7][gc,age      ] GC(53) - age  12:       3008 bytes,    1804328 total
[2022-05-30T04:20:26.233+0000][7][gc,age      ] GC(53) - age  13:       2168 bytes,    1806496 total
[2022-05-30T04:20:26.233+0000][7][gc,age      ] GC(53) - age  14:       2928 bytes,    1809424 total
[2022-05-30T04:20:26.233+0000][7][gc,age      ] GC(53) - age  15:       2752 bytes,    1812176 total
[2022-05-30T04:20:26.234+0000][7][gc,heap     ] GC(53) Eden regions: 75->0(75)
[2022-05-30T04:20:26.234+0000][7][gc,heap     ] GC(53) Survivor regions: 1->1(10)
[2022-05-30T04:20:26.234+0000][7][gc,heap     ] GC(53) Old regions: 24->24
[2022-05-30T04:20:26.234+0000][7][gc,heap     ] GC(53) Archive regions: 2->2
[2022-05-30T04:20:26.234+0000][7][gc,heap     ] GC(53) Humongous regions: 2->2
[2022-05-30T04:20:26.235+0000][7][gc,metaspace] GC(53) Metaspace: 129195K(132608K)->129195K(132608K) NonClass: 112193K(113984K)->112193K(113984K) Class: 17002K(18624K)->17002K(18624K)
[2022-05-30T04:20:26.235+0000][7][gc          ] GC(53) Pause Young (Normal) (G1 Evacuation Pause) 408M->108M(512M) 13.305ms
[2022-05-30T04:20:26.235+0000][7][gc,cpu      ] GC(53) User=0.03s Sys=0.00s Real=0.01s
[2022-05-30T04:20:26.236+0000][7][safepoint   ] Safepoint "G1CollectForAllocation", Time since last: 6029059544 ns, Reaching safepoint: 398972 ns, At safepoint: 13978274 ns, Total: 14377246 ns
[2022-05-30T04:20:35.239+0000][7][safepoint   ] Safepoint "Cleanup", Time since last: 9001922484 ns, Reaching safepoint: 1041468 ns, At safepoint: 79971 ns, Total: 1121439 ns
[2022-05-30T04:21:02.245+0000][7][safepoint   ] Safepoint "Cleanup", Time since last: 27005422574 ns, Reaching safepoint: 419631 ns, At safepoint: 24156 ns, Total: 443787 ns
[2022-05-30T04:21:08.247+0000][7][safepoint   ] Safepoint "Cleanup", Time since last: 6001489429 ns, Reaching safepoint: 293110 ns, At safepoint: 6893 ns, Total: 300003 ns
[2022-05-30T04:21:09.248+0000][7][safepoint   ] Safepoint "Cleanup", Time since last: 1000596529 ns, Reaching safepoint: 296806 ns, At safepoint: 38934 ns, Total: 335740 ns
[2022-05-30T04:21:14.249+0000][7][safepoint   ] Safepoint "Cleanup", Time since last: 5001491075 ns, Reaching safepoint: 387670 ns, At safepoint: 24427 ns, Total: 412097 ns
[2022-05-30T04:21:15.251+0000][7][safepoint   ] Safepoint "Cleanup", Time since last: 1000836238 ns, Reaching safepoint: 296496 ns, At safepoint: 11442 ns, Total: 307938 ns
[2022-05-30T04:21:18.252+0000][7][safepoint   ] Safepoint "Cleanup", Time since last: 3001294963 ns, Reaching safepoint: 335811 ns, At safepoint: 13526 ns, Total: 349337 ns
[2022-05-30T04:21:32.437+0000][7][safepoint   ] Safepoint "Cleanup", Time since last: 14183913520 ns, Reaching safepoint: 538558 ns, At safepoint: 23044 ns, Total: 561602 ns
[2022-05-30T04:21:34.688+0000][7][safepoint   ] Safepoint "Cleanup", Time since last: 2251190066 ns, Reaching safepoint: 414632 ns, At safepoint: 13145 ns, Total: 427777 ns
[2022-05-30T04:21:44.690+0000][7][safepoint   ] Safepoint "Cleanup", Time since last: 10002290706 ns, Reaching safepoint: 386107 ns, At safepoint: 28494 ns, Total: 414601 ns
[2022-05-30T04:21:48.698+0000][7][gc,start    ] GC(54) Pause Young (Normal) (G1 Evacuation Pause)
[2022-05-30T04:21:48.701+0000][7][gc,task     ] GC(54) Using 8 workers of 8 for evacuation
[2022-05-30T04:21:48.702+0000][7][gc,age      ] GC(54) Desired survivor size 20971520 bytes, new threshold 15 (max threshold 15)
[2022-05-30T04:21:48.709+0000][7][gc,phases   ] GC(54)   Pre Evacuate Collection Set: 0.6ms
[2022-05-30T04:21:48.710+0000][7][gc,phases   ] GC(54)   Merge Heap Roots: 0.3ms
[2022-05-30T04:21:48.711+0000][7][gc,phases   ] GC(54)   Evacuate Collection Set: 2.8ms
[2022-05-30T04:21:48.712+0000][7][gc,phases   ] GC(54)   Post Evacuate Collection Set: 1.8ms
[2022-05-30T04:21:48.713+0000][7][gc,phases   ] GC(54)   Other: 2.1ms
[2022-05-30T04:21:48.714+0000][7][gc,age      ] GC(54) Age table with threshold 15 (max threshold 15)
[2022-05-30T04:21:48.714+0000][7][gc,age      ] GC(54) - age   1:    1322632 bytes,    1322632 total
[2022-05-30T04:21:48.716+0000][7][gc,age      ] GC(54) - age   2:      14672 bytes,    1337304 total
[2022-05-30T04:21:48.723+0000][7][gc,age      ] GC(54) - age   3:      30184 bytes,    1367488 total
[2022-05-30T04:21:48.724+0000][7][gc,age      ] GC(54) - age   4:     163040 bytes,    1530528 total
[2022-05-30T04:21:48.725+0000][7][gc,age      ] GC(54) - age   5:      27944 bytes,    1558472 total
[2022-05-30T04:21:48.731+0000][7][gc,age      ] GC(54) - age   6:       3272 bytes,    1561744 total
[2022-05-30T04:21:48.732+0000][7][gc,age      ] GC(54) - age   7:      19680 bytes,    1581424 total
[2022-05-30T04:21:48.735+0000][7][gc,age      ] GC(54) - age   8:     189536 bytes,    1770960 total
[2022-05-30T04:21:48.736+0000][7][gc,age      ] GC(54) - age   9:       3448 bytes,    1774408 total
[2022-05-30T04:21:48.737+0000][7][gc,age      ] GC(54) - age  10:       6304 bytes,    1780712 total
[2022-05-30T04:21:48.738+0000][7][gc,age      ] GC(54) - age  11:       5424 bytes,    1786136 total
[2022-05-30T04:21:48.738+0000][7][gc,age      ] GC(54) - age  12:       5728 bytes,    1791864 total
[2022-05-30T04:21:48.739+0000][7][gc,age      ] GC(54) - age  13:       3008 bytes,    1794872 total
[2022-05-30T04:21:48.740+0000][7][gc,age      ] GC(54) - age  14:       2168 bytes,    1797040 total
[2022-05-30T04:21:48.741+0000][7][gc,age      ] GC(54) - age  15:       2928 bytes,    1799968 total
[2022-05-30T04:21:48.741+0000][7][gc,heap     ] GC(54) Eden regions: 75->0(75)
[2022-05-30T04:21:48.742+0000][7][gc,heap     ] GC(54) Survivor regions: 1->1(10)
[2022-05-30T04:21:48.743+0000][7][gc,heap     ] GC(54) Old regions: 24->24
[2022-05-30T04:21:48.744+0000][7][gc,heap     ] GC(54) Archive regions: 2->2
[2022-05-30T04:21:48.745+0000][7][gc,heap     ] GC(54) Humongous regions: 2->2
[2022-05-30T04:21:48.745+0000][7][gc,metaspace] GC(54) Metaspace: 129215K(132608K)->129215K(132608K) NonClass: 112212K(113984K)->112212K(113984K) Class: 17002K(18624K)->17002K(18624K)
[2022-05-30T04:21:48.746+0000][7][gc          ] GC(54) Pause Young (Normal) (G1 Evacuation Pause) 408M->108M(512M) 48.439ms
[2022-05-30T04:21:48.747+0000][7][gc,cpu      ] GC(54) User=0.03s Sys=0.01s Real=0.05s
[2022-05-30T04:21:48.748+0000][7][safepoint   ] Safepoint "G1CollectForAllocation", Time since last: 4007450213 ns, Reaching safepoint: 418328 ns, At safepoint: 50272381 ns, Total: 50690709 ns
[2022-05-30T04:21:53.751+0000][7][safepoint   ] Safepoint "Cleanup", Time since last: 5003001921 ns, Reaching safepoint: 410424 ns, At safepoint: 10339 ns, Total: 420763 ns
[2022-05-30T04:21:56.753+0000][7][safepoint   ] Safepoint "Cleanup", Time since last: 3001053899 ns, Reaching safepoint: 490056 ns, At safepoint: 20238 ns, Total: 510294 ns
[2022-05-30T04:22:22.269+0000][7][safepoint   ] Safepoint "Cleanup", Time since last: 25005629120 ns, Reaching safepoint: 422046 ns, At safepoint: 26090 ns, Total: 448136 ns
[2022-05-30T04:22:24.479+0000][7][safepoint   ] Safepoint "Cleanup", Time since last: 2209481103 ns, Reaching safepoint: 404122 ns, At safepoint: 29025 ns, Total: 433147 ns
[2022-05-30T04:22:27.685+0000][7][safepoint   ] Safepoint "Cleanup", Time since last: 3205264227 ns, Reaching safepoint: 415072 ns, At safepoint: 22563 ns, Total: 437635 ns
[2022-05-30T04:23:03.775+0000][7][gc,start    ] GC(55) Pause Young (Normal) (G1 Evacuation Pause)
[2022-05-30T04:23:03.776+0000][7][gc,task     ] GC(55) Using 8 workers of 8 for evacuation
[2022-05-30T04:23:03.777+0000][7][gc,age      ] GC(55) Desired survivor size 20971520 bytes, new threshold 15 (max threshold 15)
[2022-05-30T04:23:03.782+0000][7][gc,phases   ] GC(55)   Pre Evacuate Collection Set: 0.3ms
[2022-05-30T04:23:03.782+0000][7][gc,phases   ] GC(55)   Merge Heap Roots: 0.2ms
[2022-05-30T04:23:03.783+0000][7][gc,phases   ] GC(55)   Evacuate Collection Set: 2.3ms
[2022-05-30T04:23:03.783+0000][7][gc,phases   ] GC(55)   Post Evacuate Collection Set: 1.6ms
[2022-05-30T04:23:03.783+0000][7][gc,phases   ] GC(55)   Other: 1.4ms
[2022-05-30T04:23:03.784+0000][7][gc,age      ] GC(55) Age table with threshold 15 (max threshold 15)
[2022-05-30T04:23:03.784+0000][7][gc,age      ] GC(55) - age   1:    1235352 bytes,    1235352 total
[2022-05-30T04:23:03.784+0000][7][gc,age      ] GC(55) - age   2:       3760 bytes,    1239112 total
[2022-05-30T04:23:03.784+0000][7][gc,age      ] GC(55) - age   3:      12776 bytes,    1251888 total
[2022-05-30T04:23:03.785+0000][7][gc,age      ] GC(55) - age   4:      29744 bytes,    1281632 total
[2022-05-30T04:23:03.785+0000][7][gc,age      ] GC(55) - age   5:     162976 bytes,    1444608 total
[2022-05-30T04:23:03.785+0000][7][gc,age      ] GC(55) - age   6:      27944 bytes,    1472552 total
[2022-05-30T04:23:03.785+0000][7][gc,age      ] GC(55) - age   7:       3272 bytes,    1475824 total
[2022-05-30T04:23:03.786+0000][7][gc,age      ] GC(55) - age   8:      17352 bytes,    1493176 total
[2022-05-30T04:23:03.786+0000][7][gc,age      ] GC(55) - age   9:     189440 bytes,    1682616 total
[2022-05-30T04:23:03.787+0000][7][gc,age      ] GC(55) - age  10:       3448 bytes,    1686064 total
[2022-05-30T04:23:03.787+0000][7][gc,age      ] GC(55) - age  11:       6304 bytes,    1692368 total
[2022-05-30T04:23:03.788+0000][7][gc,age      ] GC(55) - age  12:       5424 bytes,    1697792 total
[2022-05-30T04:23:03.788+0000][7][gc,age      ] GC(55) - age  13:       5728 bytes,    1703520 total
[2022-05-30T04:23:03.788+0000][7][gc,age      ] GC(55) - age  14:       3008 bytes,    1706528 total
[2022-05-30T04:23:03.789+0000][7][gc,age      ] GC(55) - age  15:       2168 bytes,    1708696 total
[2022-05-30T04:23:03.789+0000][7][gc,heap     ] GC(55) Eden regions: 75->0(75)
[2022-05-30T04:23:03.789+0000][7][gc,heap     ] GC(55) Survivor regions: 1->1(10)
[2022-05-30T04:23:03.790+0000][7][gc,heap     ] GC(55) Old regions: 24->24
[2022-05-30T04:23:03.790+0000][7][gc,heap     ] GC(55) Archive regions: 2->2
[2022-05-30T04:23:03.791+0000][7][gc,heap     ] GC(55) Humongous regions: 2->2
[2022-05-30T04:23:03.791+0000][7][gc,metaspace] GC(55) Metaspace: 129216K(132608K)->129216K(132608K) NonClass: 112214K(113984K)->112214K(113984K) Class: 17002K(18624K)->17002K(18624K)
[2022-05-30T04:23:03.791+0000][7][gc          ] GC(55) Pause Young (Normal) (G1 Evacuation Pause) 408M->108M(512M) 16.160ms
[2022-05-30T04:23:03.792+0000][7][gc,cpu      ] GC(55) User=0.01s Sys=0.01s Real=0.02s
[2022-05-30T04:23:03.792+0000][7][safepoint   ] Safepoint "G1CollectForAllocation", Time since last: 35883715718 ns, Reaching safepoint: 342394 ns, At safepoint: 16936810 ns, Total: 17279204 ns
[2022-05-30T04:23:17.080+0000][7][safepoint   ] Safepoint "Cleanup", Time since last: 14002882909 ns, Reaching safepoint: 365558 ns, At safepoint: 24877 ns, Total: 390435 ns
[2022-05-30T04:23:35.244+0000][7][safepoint   ] Safepoint "Cleanup", Time since last: 18164048035 ns, Reaching safepoint: 326544 ns, At safepoint: 48673 ns, Total: 375217 ns
[2022-05-30T04:23:47.247+0000][7][safepoint   ] Safepoint "Cleanup", Time since last: 12002871655 ns, Reaching safepoint: 361800 ns, At safepoint: 20830 ns, Total: 382630 ns
[2022-05-30T04:23:49.435+0000][7][safepoint   ] Safepoint "Cleanup", Time since last: 2187844898 ns, Reaching safepoint: 358314 ns, At safepoint: 22463 ns, Total: 380777 ns
[2022-05-30T04:23:52.617+0000][7][safepoint   ] Safepoint "Cleanup", Time since last: 3181553278 ns, Reaching safepoint: 418399 ns, At safepoint: 29576 ns, Total: 447975 ns
[2022-05-30T04:24:05.724+0000][7][safepoint   ] Safepoint "Cleanup", Time since last: 13105786265 ns, Reaching safepoint: 489204 ns, At safepoint: 18866 ns, Total: 508070 ns
[2022-05-30T04:24:11.726+0000][7][safepoint   ] Safepoint "Cleanup", Time since last: 6001583316 ns, Reaching safepoint: 355389 ns, At safepoint: 43603 ns, Total: 398992 ns
[2022-05-30T04:24:21.277+0000][7][gc,start    ] GC(56) Pause Young (Normal) (G1 Evacuation Pause)
[2022-05-30T04:24:21.277+0000][7][gc,task     ] GC(56) Using 8 workers of 8 for evacuation
[2022-05-30T04:24:21.278+0000][7][gc,age      ] GC(56) Desired survivor size 20971520 bytes, new threshold 15 (max threshold 15)
[2022-05-30T04:24:21.284+0000][7][gc,phases   ] GC(56)   Pre Evacuate Collection Set: 0.6ms
[2022-05-30T04:24:21.285+0000][7][gc,phases   ] GC(56)   Merge Heap Roots: 0.3ms
[2022-05-30T04:24:21.285+0000][7][gc,phases   ] GC(56)   Evacuate Collection Set: 3.3ms
[2022-05-30T04:24:21.285+0000][7][gc,phases   ] GC(56)   Post Evacuate Collection Set: 1.5ms
[2022-05-30T04:24:21.286+0000][7][gc,phases   ] GC(56)   Other: 1.1ms
[2022-05-30T04:24:21.286+0000][7][gc,age      ] GC(56) Age table with threshold 15 (max threshold 15)
[2022-05-30T04:24:21.286+0000][7][gc,age      ] GC(56) - age   1:    1097952 bytes,    1097952 total
[2022-05-30T04:24:21.287+0000][7][gc,age      ] GC(56) - age   2:       7000 bytes,    1104952 total
[2022-05-30T04:24:21.287+0000][7][gc,age      ] GC(56) - age   3:       2080 bytes,    1107032 total
[2022-05-30T04:24:21.287+0000][7][gc,age      ] GC(56) - age   4:      12712 bytes,    1119744 total
[2022-05-30T04:24:21.288+0000][7][gc,age      ] GC(56) - age   5:      29552 bytes,    1149296 total
[2022-05-30T04:24:21.288+0000][7][gc,age      ] GC(56) - age   6:     162616 bytes,    1311912 total
[2022-05-30T04:24:21.288+0000][7][gc,age      ] GC(56) - age   7:      27944 bytes,    1339856 total
[2022-05-30T04:24:21.288+0000][7][gc,age      ] GC(56) - age   8:       3272 bytes,    1343128 total
[2022-05-30T04:24:21.289+0000][7][gc,age      ] GC(56) - age   9:      17352 bytes,    1360480 total
[2022-05-30T04:24:21.289+0000][7][gc,age      ] GC(56) - age  10:     189440 bytes,    1549920 total
[2022-05-30T04:24:21.289+0000][7][gc,age      ] GC(56) - age  11:       3448 bytes,    1553368 total
[2022-05-30T04:24:21.289+0000][7][gc,age      ] GC(56) - age  12:       6304 bytes,    1559672 total
[2022-05-30T04:24:21.290+0000][7][gc,age      ] GC(56) - age  13:       5424 bytes,    1565096 total
[2022-05-30T04:24:21.290+0000][7][gc,age      ] GC(56) - age  14:       5728 bytes,    1570824 total
[2022-05-30T04:24:21.290+0000][7][gc,age      ] GC(56) - age  15:       3008 bytes,    1573832 total
[2022-05-30T04:24:21.291+0000][7][gc,heap     ] GC(56) Eden regions: 75->0(75)
[2022-05-30T04:24:21.291+0000][7][gc,heap     ] GC(56) Survivor regions: 1->1(10)
[2022-05-30T04:24:21.292+0000][7][gc,heap     ] GC(56) Old regions: 24->24
[2022-05-30T04:24:21.293+0000][7][gc,heap     ] GC(56) Archive regions: 2->2
[2022-05-30T04:24:21.293+0000][7][gc,heap     ] GC(56) Humongous regions: 2->2
[2022-05-30T04:24:21.294+0000][7][gc,metaspace] GC(56) Metaspace: 129221K(132608K)->129221K(132608K) NonClass: 112218K(113984K)->112218K(113984K) Class: 17002K(18624K)->17002K(18624K)
[2022-05-30T04:24:21.295+0000][7][gc          ] GC(56) Pause Young (Normal) (G1 Evacuation Pause) 408M->108M(512M) 17.945ms
[2022-05-30T04:24:21.295+0000][7][gc,cpu      ] GC(56) User=0.02s Sys=0.01s Real=0.01s
[2022-05-30T04:24:21.296+0000][7][safepoint   ] Safepoint "G1CollectForAllocation", Time since last: 9036095592 ns, Reaching safepoint: 255287 ns, At safepoint: 18687565 ns, Total: 18942852 ns
[2022-05-30T04:24:27.297+0000][7][safepoint   ] Safepoint "Cleanup", Time since last: 6001433447 ns, Reaching safepoint: 463054 ns, At safepoint: 62370 ns, Total: 525424 ns
[2022-05-30T04:24:28.299+0000][7][safepoint   ] Safepoint "Cleanup", Time since last: 1000977594 ns, Reaching safepoint: 367952 ns, At safepoint: 15660 ns, Total: 383612 ns
[2022-05-30T04:24:36.502+0000][7][safepoint   ] Safepoint "Cleanup", Time since last: 8203012293 ns, Reaching safepoint: 319771 ns, At safepoint: 36630 ns, Total: 356401 ns
[2022-05-30T04:24:38.504+0000][7][safepoint   ] Safepoint "Cleanup", Time since last: 2000801718 ns, Reaching safepoint: 539750 ns, At safepoint: 58803 ns, Total: 598553 ns
[2022-05-30T04:24:47.992+0000][7][safepoint   ] Safepoint "Cleanup", Time since last: 10002424519 ns, Reaching safepoint: 336061 ns, At safepoint: 22333 ns, Total: 358394 ns
[2022-05-30T04:24:50.218+0000][7][safepoint   ] Safepoint "Cleanup", Time since last: 2225560461 ns, Reaching safepoint: 279805 ns, At safepoint: 7213 ns, Total: 287018 ns
[2022-05-30T04:25:27.601+0000][7][safepoint   ] Safepoint "Cleanup", Time since last: 37007637765 ns, Reaching safepoint: 449077 ns, At safepoint: 24397 ns, Total: 473474 ns
[2022-05-30T04:25:32.863+0000][7][safepoint   ] Safepoint "Cleanup", Time since last: 5262029814 ns, Reaching safepoint: 434399 ns, At safepoint: 12554 ns, Total: 446953 ns
[2022-05-30T04:25:35.865+0000][7][safepoint   ] Safepoint "Cleanup", Time since last: 3001204808 ns, Reaching safepoint: 322195 ns, At safepoint: 18215 ns, Total: 340410 ns
[2022-05-30T04:25:39.028+0000][7][safepoint   ] Safepoint "Cleanup", Time since last: 3163021077 ns, Reaching safepoint: 358605 ns, At safepoint: 38824 ns, Total: 397429 ns
[2022-05-30T04:25:41.409+0000][7][gc,start    ] GC(57) Pause Young (Normal) (G1 Evacuation Pause)
[2022-05-30T04:25:41.409+0000][7][gc,task     ] GC(57) Using 8 workers of 8 for evacuation
[2022-05-30T04:25:41.410+0000][7][gc,age      ] GC(57) Desired survivor size 20971520 bytes, new threshold 15 (max threshold 15)
[2022-05-30T04:25:41.416+0000][7][gc,phases   ] GC(57)   Pre Evacuate Collection Set: 0.4ms
[2022-05-30T04:25:41.417+0000][7][gc,phases   ] GC(57)   Merge Heap Roots: 0.3ms
[2022-05-30T04:25:41.417+0000][7][gc,phases   ] GC(57)   Evacuate Collection Set: 2.5ms
[2022-05-30T04:25:41.418+0000][7][gc,phases   ] GC(57)   Post Evacuate Collection Set: 1.8ms
[2022-05-30T04:25:41.418+0000][7][gc,phases   ] GC(57)   Other: 1.7ms
[2022-05-30T04:25:41.419+0000][7][gc,age      ] GC(57) Age table with threshold 15 (max threshold 15)
[2022-05-30T04:25:41.419+0000][7][gc,age      ] GC(57) - age   1:    1124288 bytes,    1124288 total
[2022-05-30T04:25:41.420+0000][7][gc,age      ] GC(57) - age   2:       2576 bytes,    1126864 total
[2022-05-30T04:25:41.420+0000][7][gc,age      ] GC(57) - age   3:       5192 bytes,    1132056 total
[2022-05-30T04:25:41.421+0000][7][gc,age      ] GC(57) - age   4:       1952 bytes,    1134008 total
[2022-05-30T04:25:41.422+0000][7][gc,age      ] GC(57) - age   5:      12416 bytes,    1146424 total
[2022-05-30T04:25:41.422+0000][7][gc,age      ] GC(57) - age   6:      29552 bytes,    1175976 total
[2022-05-30T04:25:41.423+0000][7][gc,age      ] GC(57) - age   7:     162616 bytes,    1338592 total
[2022-05-30T04:25:41.423+0000][7][gc,age      ] GC(57) - age   8:      27944 bytes,    1366536 total
[2022-05-30T04:25:41.424+0000][7][gc,age      ] GC(57) - age   9:       3272 bytes,    1369808 total
[2022-05-30T04:25:41.424+0000][7][gc,age      ] GC(57) - age  10:      17352 bytes,    1387160 total
[2022-05-30T04:25:41.425+0000][7][gc,age      ] GC(57) - age  11:     189440 bytes,    1576600 total
[2022-05-30T04:25:41.425+0000][7][gc,age      ] GC(57) - age  12:       3448 bytes,    1580048 total
[2022-05-30T04:25:41.426+0000][7][gc,age      ] GC(57) - age  13:       6304 bytes,    1586352 total
[2022-05-30T04:25:41.427+0000][7][gc,age      ] GC(57) - age  14:       5424 bytes,    1591776 total
[2022-05-30T04:25:41.427+0000][7][gc,age      ] GC(57) - age  15:       5112 bytes,    1596888 total
[2022-05-30T04:25:41.428+0000][7][gc,heap     ] GC(57) Eden regions: 75->0(75)
[2022-05-30T04:25:41.428+0000][7][gc,heap     ] GC(57) Survivor regions: 1->1(10)
[2022-05-30T04:25:41.429+0000][7][gc,heap     ] GC(57) Old regions: 24->24
[2022-05-30T04:25:41.429+0000][7][gc,heap     ] GC(57) Archive regions: 2->2
[2022-05-30T04:25:41.430+0000][7][gc,heap     ] GC(57) Humongous regions: 2->2
[2022-05-30T04:25:41.430+0000][7][gc,metaspace] GC(57) Metaspace: 129243K(132608K)->129243K(132608K) NonClass: 112239K(113984K)->112239K(113984K) Class: 17003K(18624K)->17003K(18624K)
[2022-05-30T04:25:41.431+0000][7][gc          ] GC(57) Pause Young (Normal) (G1 Evacuation Pause) 408M->108M(512M) 22.226ms
[2022-05-30T04:25:41.431+0000][7][gc,cpu      ] GC(57) User=0.03s Sys=0.00s Real=0.02s
[2022-05-30T04:25:41.432+0000][7][safepoint   ] Safepoint "G1CollectForAllocation", Time since last: 2380169518 ns, Reaching safepoint: 374966 ns, At safepoint: 23350783 ns, Total: 23725749 ns
[2022-05-30T04:25:42.433+0000][7][safepoint   ] Safepoint "Cleanup", Time since last: 1000936676 ns, Reaching safepoint: 356291 ns, At safepoint: 13856 ns, Total: 370147 ns
[2022-05-30T04:25:43.799+0000][7][safepoint   ] Safepoint "Cleanup", Time since last: 1365192505 ns, Reaching safepoint: 339749 ns, At safepoint: 44164 ns, Total: 383913 ns
[2022-05-30T04:25:44.801+0000][7][safepoint   ] Safepoint "Cleanup", Time since last: 1001997283 ns, Reaching safepoint: 360448 ns, At safepoint: 18145 ns, Total: 378593 ns
[2022-05-30T04:25:45.926+0000][7][safepoint   ] Safepoint "Cleanup", Time since last: 1124155141 ns, Reaching safepoint: 337565 ns, At safepoint: 51288 ns, Total: 388853 ns
[2022-05-30T04:25:46.927+0000][7][safepoint   ] Safepoint "Cleanup", Time since last: 1000823708 ns, Reaching safepoint: 354767 ns, At safepoint: 24397 ns, Total: 379164 ns
[2022-05-30T04:25:48.069+0000][7][safepoint   ] Safepoint "Cleanup", Time since last: 1141858128 ns, Reaching safepoint: 449829 ns, At safepoint: 29246 ns, Total: 479075 ns
[2022-05-30T04:25:48.712+0000][7][safepoint   ] Safepoint "Cleanup", Time since last: 1017058941 ns, Reaching safepoint: 488804 ns, At safepoint: 34515 ns, Total: 523319 ns
[2022-05-30T04:25:53.714+0000][7][safepoint   ] Safepoint "Cleanup", Time since last: 5001329758 ns, Reaching safepoint: 528579 ns, At safepoint: 19487 ns, Total: 548066 ns
[2022-05-30T04:25:59.717+0000][7][safepoint   ] Safepoint "Cleanup", Time since last: 6001906828 ns, Reaching safepoint: 883447 ns, At safepoint: 247603 ns, Total: 1131050 ns
[2022-05-30T04:26:02.767+0000][7][safepoint   ] Safepoint "Cleanup", Time since last: 3049859076 ns, Reaching safepoint: 336493 ns, At safepoint: 13906 ns, Total: 350399 ns
[2022-05-30T04:26:05.768+0000][7][safepoint   ] Safepoint "Cleanup", Time since last: 3001003682 ns, Reaching safepoint: 441553 ns, At safepoint: 12734 ns, Total: 454287 ns
[2022-05-30T04:26:29.804+0000][7][safepoint   ] Safepoint "Cleanup", Time since last: 24005193870 ns, Reaching safepoint: 646173 ns, At safepoint: 12805 ns, Total: 658978 ns
[2022-05-30T04:26:35.652+0000][7][safepoint   ] Safepoint "Cleanup", Time since last: 5847592654 ns, Reaching safepoint: 373834 ns, At safepoint: 68610 ns, Total: 442444 ns
[2022-05-30T04:26:36.723+0000][7][safepoint   ] Safepoint "Cleanup", Time since last: 1069960729 ns, Reaching safepoint: 219930 ns, At safepoint: 53492 ns, Total: 273422 ns
[2022-05-30T04:26:38.013+0000][7][safepoint   ] Safepoint "Cleanup", Time since last: 1289808821 ns, Reaching safepoint: 321093 ns, At safepoint: 19627 ns, Total: 340720 ns
[2022-05-30T04:26:41.014+0000][7][safepoint   ] Safepoint "Cleanup", Time since last: 3001203670 ns, Reaching safepoint: 362069 ns, At safepoint: 36319 ns, Total: 398388 ns
[2022-05-30T04:26:44.016+0000][7][safepoint   ] Safepoint "Cleanup", Time since last: 3000921615 ns, Reaching safepoint: 328026 ns, At safepoint: 29757 ns, Total: 357783 ns
[2022-05-30T04:26:47.017+0000][7][safepoint   ] Safepoint "Cleanup", Time since last: 3001178217 ns, Reaching safepoint: 456592 ns, At safepoint: 32873 ns, Total: 489465 ns
[2022-05-30T04:26:54.106+0000][7][safepoint   ] Safepoint "Cleanup", Time since last: 7001724564 ns, Reaching safepoint: 478744 ns, At safepoint: 17534 ns, Total: 496278 ns
[2022-05-30T04:27:00.762+0000][7][gc,start    ] GC(58) Pause Young (Normal) (G1 Evacuation Pause)
[2022-05-30T04:27:00.763+0000][7][gc,task     ] GC(58) Using 8 workers of 8 for evacuation
[2022-05-30T04:27:00.763+0000][7][gc,age      ] GC(58) Desired survivor size 20971520 bytes, new threshold 15 (max threshold 15)
[2022-05-30T04:27:00.772+0000][7][gc,phases   ] GC(58)   Pre Evacuate Collection Set: 0.5ms
[2022-05-30T04:27:00.772+0000][7][gc,phases   ] GC(58)   Merge Heap Roots: 0.4ms
[2022-05-30T04:27:00.772+0000][7][gc,phases   ] GC(58)   Evacuate Collection Set: 4.8ms
[2022-05-30T04:27:00.773+0000][7][gc,phases   ] GC(58)   Post Evacuate Collection Set: 2.3ms
[2022-05-30T04:27:00.773+0000][7][gc,phases   ] GC(58)   Other: 0.7ms
[2022-05-30T04:27:00.773+0000][7][gc,age      ] GC(58) Age table with threshold 15 (max threshold 15)
[2022-05-30T04:27:00.773+0000][7][gc,age      ] GC(58) - age   1:    1126696 bytes,    1126696 total
[2022-05-30T04:27:00.774+0000][7][gc,age      ] GC(58) - age   2:       3984 bytes,    1130680 total
[2022-05-30T04:27:00.774+0000][7][gc,age      ] GC(58) - age   3:       1312 bytes,    1131992 total
[2022-05-30T04:27:00.774+0000][7][gc,age      ] GC(58) - age   4:       4696 bytes,    1136688 total
[2022-05-30T04:27:00.775+0000][7][gc,age      ] GC(58) - age   5:       1952 bytes,    1138640 total
[2022-05-30T04:27:00.775+0000][7][gc,age      ] GC(58) - age   6:       4208 bytes,    1142848 total
[2022-05-30T04:27:00.775+0000][7][gc,age      ] GC(58) - age   7:      29552 bytes,    1172400 total
[2022-05-30T04:27:00.776+0000][7][gc,age      ] GC(58) - age   8:     162592 bytes,    1334992 total
[2022-05-30T04:27:00.776+0000][7][gc,age      ] GC(58) - age   9:      27944 bytes,    1362936 total
[2022-05-30T04:27:00.776+0000][7][gc,age      ] GC(58) - age  10:       2840 bytes,    1365776 total
[2022-05-30T04:27:00.776+0000][7][gc,age      ] GC(58) - age  11:      17352 bytes,    1383128 total
[2022-05-30T04:27:00.777+0000][7][gc,age      ] GC(58) - age  12:     181424 bytes,    1564552 total
[2022-05-30T04:27:00.777+0000][7][gc,age      ] GC(58) - age  13:       3448 bytes,    1568000 total
[2022-05-30T04:27:00.777+0000][7][gc,age      ] GC(58) - age  14:       6304 bytes,    1574304 total
[2022-05-30T04:27:00.777+0000][7][gc,age      ] GC(58) - age  15:       5424 bytes,    1579728 total
[2022-05-30T04:27:00.778+0000][7][gc,heap     ] GC(58) Eden regions: 75->0(75)
[2022-05-30T04:27:00.778+0000][7][gc,heap     ] GC(58) Survivor regions: 1->1(10)
[2022-05-30T04:27:00.778+0000][7][gc,heap     ] GC(58) Old regions: 24->24
[2022-05-30T04:27:00.778+0000][7][gc,heap     ] GC(58) Archive regions: 2->2
[2022-05-30T04:27:00.779+0000][7][gc,heap     ] GC(58) Humongous regions: 2->2
[2022-05-30T04:27:00.779+0000][7][gc,metaspace] GC(58) Metaspace: 129285K(132672K)->129285K(132672K) NonClass: 112276K(114048K)->112276K(114048K) Class: 17009K(18624K)->17009K(18624K)
[2022-05-30T04:27:00.779+0000][7][gc          ] GC(58) Pause Young (Normal) (G1 Evacuation Pause) 408M->108M(512M) 16.919ms
[2022-05-30T04:27:00.780+0000][7][gc,cpu      ] GC(58) User=0.04s Sys=0.01s Real=0.02s
[2022-05-30T04:27:00.780+0000][7][safepoint   ] Safepoint "G1CollectForAllocation", Time since last: 6655552905 ns, Reaching safepoint: 452764 ns, At safepoint: 17599638 ns, Total: 18052402 ns
[2022-05-30T04:27:02.781+0000][7][safepoint   ] Safepoint "Cleanup", Time since last: 2000682719 ns, Reaching safepoint: 491709 ns, At safepoint: 24577 ns, Total: 516286 ns
[2022-05-30T04:27:05.782+0000][7][safepoint   ] Safepoint "Cleanup", Time since last: 3001040140 ns, Reaching safepoint: 254045 ns, At safepoint: 6292 ns, Total: 260337 ns
[2022-05-30T04:27:18.786+0000][7][safepoint   ] Safepoint "Cleanup", Time since last: 13002950822 ns, Reaching safepoint: 364115 ns, At safepoint: 21682 ns, Total: 385797 ns
[2022-05-30T04:27:24.131+0000][7][safepoint   ] Safepoint "Cleanup", Time since last: 5256068984 ns, Reaching safepoint: 330711 ns, At safepoint: 23124 ns, Total: 353835 ns
[2022-05-30T04:27:30.132+0000][7][safepoint   ] Safepoint "Cleanup", Time since last: 6001389342 ns, Reaching safepoint: 384024 ns, At safepoint: 8977 ns, Total: 393001 ns
[2022-05-30T04:27:35.134+0000][7][safepoint   ] Safepoint "Cleanup", Time since last: 5001389992 ns, Reaching safepoint: 446423 ns, At safepoint: 29796 ns, Total: 476219 ns
[2022-05-30T04:27:36.135+0000][7][safepoint   ] Safepoint "Cleanup", Time since last: 1000645501 ns, Reaching safepoint: 331543 ns, At safepoint: 17804 ns, Total: 349347 ns
[2022-05-30T04:28:17.938+0000][7][safepoint   ] Safepoint "Cleanup", Time since last: 42007662599 ns, Reaching safepoint: 394854 ns, At safepoint: 23144 ns, Total: 417998 ns
[2022-05-30T04:28:31.924+0000][7][gc,start    ] GC(59) Pause Young (Normal) (G1 Evacuation Pause)
[2022-05-30T04:28:31.924+0000][7][gc,task     ] GC(59) Using 8 workers of 8 for evacuation
[2022-05-30T04:28:31.925+0000][7][gc,age      ] GC(59) Desired survivor size 20971520 bytes, new threshold 15 (max threshold 15)
[2022-05-30T04:28:31.932+0000][7][gc,phases   ] GC(59)   Pre Evacuate Collection Set: 0.4ms
[2022-05-30T04:28:31.932+0000][7][gc,phases   ] GC(59)   Merge Heap Roots: 0.2ms
[2022-05-30T04:28:31.933+0000][7][gc,phases   ] GC(59)   Evacuate Collection Set: 4.2ms
[2022-05-30T04:28:31.933+0000][7][gc,phases   ] GC(59)   Post Evacuate Collection Set: 1.6ms
[2022-05-30T04:28:31.934+0000][7][gc,phases   ] GC(59)   Other: 1.2ms
[2022-05-30T04:28:31.934+0000][7][gc,age      ] GC(59) Age table with threshold 15 (max threshold 15)
[2022-05-30T04:28:31.935+0000][7][gc,age      ] GC(59) - age   1:    1314928 bytes,    1314928 total
[2022-05-30T04:28:31.935+0000][7][gc,age      ] GC(59) - age   2:     487512 bytes,    1802440 total
[2022-05-30T04:28:31.936+0000][7][gc,age      ] GC(59) - age   3:       2672 bytes,    1805112 total
[2022-05-30T04:28:31.937+0000][7][gc,age      ] GC(59) - age   4:        992 bytes,    1806104 total
[2022-05-30T04:28:31.937+0000][7][gc,age      ] GC(59) - age   5:       4216 bytes,    1810320 total
[2022-05-30T04:28:31.938+0000][7][gc,age      ] GC(59) - age   6:       1952 bytes,    1812272 total
[2022-05-30T04:28:31.938+0000][7][gc,age      ] GC(59) - age   7:       4208 bytes,    1816480 total
[2022-05-30T04:28:31.939+0000][7][gc,age      ] GC(59) - age   8:      29552 bytes,    1846032 total
[2022-05-30T04:28:31.940+0000][7][gc,age      ] GC(59) - age   9:     162592 bytes,    2008624 total
[2022-05-30T04:28:31.941+0000][7][gc,age      ] GC(59) - age  10:      27944 bytes,    2036568 total
[2022-05-30T04:28:31.941+0000][7][gc,age      ] GC(59) - age  11:       2840 bytes,    2039408 total
[2022-05-30T04:28:31.942+0000][7][gc,age      ] GC(59) - age  12:      17352 bytes,    2056760 total
[2022-05-30T04:28:31.942+0000][7][gc,age      ] GC(59) - age  13:     181424 bytes,    2238184 total
[2022-05-30T04:28:31.943+0000][7][gc,age      ] GC(59) - age  14:       3448 bytes,    2241632 total
[2022-05-30T04:28:31.943+0000][7][gc,age      ] GC(59) - age  15:       6304 bytes,    2247936 total
[2022-05-30T04:28:31.944+0000][7][gc,heap     ] GC(59) Eden regions: 75->0(75)
[2022-05-30T04:28:31.945+0000][7][gc,heap     ] GC(59) Survivor regions: 1->1(10)
[2022-05-30T04:28:31.945+0000][7][gc,heap     ] GC(59) Old regions: 24->24
[2022-05-30T04:28:31.946+0000][7][gc,heap     ] GC(59) Archive regions: 2->2
[2022-05-30T04:28:31.946+0000][7][gc,heap     ] GC(59) Humongous regions: 2->2
[2022-05-30T04:28:31.947+0000][7][gc,metaspace] GC(59) Metaspace: 129295K(132672K)->129295K(132672K) NonClass: 112286K(114048K)->112286K(114048K) Class: 17009K(18624K)->17009K(18624K)
[2022-05-30T04:28:31.947+0000][7][gc          ] GC(59) Pause Young (Normal) (G1 Evacuation Pause) 408M->109M(512M) 23.683ms
[2022-05-30T04:28:31.948+0000][7][gc,cpu      ] GC(59) User=0.03s Sys=0.01s Real=0.02s
[2022-05-30T04:28:31.948+0000][7][safepoint   ] Safepoint "G1CollectForAllocation", Time since last: 13982908144 ns, Reaching safepoint: 394222 ns, At safepoint: 24866321 ns, Total: 25260543 ns
[2022-05-30T04:28:34.950+0000][7][safepoint   ] Safepoint "Cleanup", Time since last: 3001026588 ns, Reaching safepoint: 320332 ns, At safepoint: 67489 ns, Total: 387821 ns
[2022-05-30T04:28:37.951+0000][7][safepoint   ] Safepoint "Cleanup", Time since last: 3001029810 ns, Reaching safepoint: 488573 ns, At safepoint: 13535 ns, Total: 502108 ns
[2022-05-30T04:28:45.954+0000][7][safepoint   ] Safepoint "Cleanup", Time since last: 8002163115 ns, Reaching safepoint: 514232 ns, At safepoint: 27302 ns, Total: 541534 ns
[2022-05-30T04:29:11.552+0000][7][safepoint   ] Safepoint "Cleanup", Time since last: 25004956480 ns, Reaching safepoint: 458585 ns, At safepoint: 46258 ns, Total: 504843 ns
[2022-05-30T04:29:12.553+0000][7][safepoint   ] Safepoint "Cleanup", Time since last: 1000655360 ns, Reaching safepoint: 468093 ns, At safepoint: 19247 ns, Total: 487340 ns
[2022-05-30T04:29:18.555+0000][7][safepoint   ] Safepoint "Cleanup", Time since last: 6001633529 ns, Reaching safepoint: 375257 ns, At safepoint: 25609 ns, Total: 400866 ns
[2022-05-30T04:29:44.841+0000][7][safepoint   ] Safepoint "Cleanup", Time since last: 26130593897 ns, Reaching safepoint: 307377 ns, At safepoint: 51047 ns, Total: 358424 ns
[2022-05-30T04:29:45.842+0000][7][safepoint   ] Safepoint "Cleanup", Time since last: 1000887529 ns, Reaching safepoint: 375727 ns, At safepoint: 21101 ns, Total: 396828 ns
[2022-05-30T04:29:53.925+0000][7][gc,start    ] GC(60) Pause Young (Normal) (G1 Evacuation Pause)
[2022-05-30T04:29:53.926+0000][7][gc,task     ] GC(60) Using 8 workers of 8 for evacuation
[2022-05-30T04:29:53.926+0000][7][gc,age      ] GC(60) Desired survivor size 20971520 bytes, new threshold 15 (max threshold 15)
[2022-05-30T04:29:53.932+0000][7][gc,phases   ] GC(60)   Pre Evacuate Collection Set: 0.4ms
[2022-05-30T04:29:53.932+0000][7][gc,phases   ] GC(60)   Merge Heap Roots: 0.3ms
[2022-05-30T04:29:53.932+0000][7][gc,phases   ] GC(60)   Evacuate Collection Set: 2.8ms
[2022-05-30T04:29:53.933+0000][7][gc,phases   ] GC(60)   Post Evacuate Collection Set: 1.4ms
[2022-05-30T04:29:53.933+0000][7][gc,phases   ] GC(60)   Other: 0.9ms
[2022-05-30T04:29:53.934+0000][7][gc,age      ] GC(60) Age table with threshold 15 (max threshold 15)
[2022-05-30T04:29:53.934+0000][7][gc,age      ] GC(60) - age   1:    1308224 bytes,    1308224 total
[2022-05-30T04:29:53.934+0000][7][gc,age      ] GC(60) - age   2:       3648 bytes,    1311872 total
[2022-05-30T04:29:53.935+0000][7][gc,age      ] GC(60) - age   3:     486040 bytes,    1797912 total
[2022-05-30T04:29:53.935+0000][7][gc,age      ] GC(60) - age   4:       2352 bytes,    1800264 total
[2022-05-30T04:29:53.935+0000][7][gc,age      ] GC(60) - age   5:        928 bytes,    1801192 total
[2022-05-30T04:29:53.935+0000][7][gc,age      ] GC(60) - age   6:       4216 bytes,    1805408 total
[2022-05-30T04:29:53.936+0000][7][gc,age      ] GC(60) - age   7:       1952 bytes,    1807360 total
[2022-05-30T04:29:53.936+0000][7][gc,age      ] GC(60) - age   8:       4208 bytes,    1811568 total
[2022-05-30T04:29:53.936+0000][7][gc,age      ] GC(60) - age   9:      29552 bytes,    1841120 total
[2022-05-30T04:29:53.937+0000][7][gc,age      ] GC(60) - age  10:     162592 bytes,    2003712 total
[2022-05-30T04:29:53.937+0000][7][gc,age      ] GC(60) - age  11:      27944 bytes,    2031656 total
[2022-05-30T04:29:53.937+0000][7][gc,age      ] GC(60) - age  12:       2840 bytes,    2034496 total
[2022-05-30T04:29:53.938+0000][7][gc,age      ] GC(60) - age  13:      17352 bytes,    2051848 total
[2022-05-30T04:29:53.938+0000][7][gc,age      ] GC(60) - age  14:     181424 bytes,    2233272 total
[2022-05-30T04:29:53.938+0000][7][gc,age      ] GC(60) - age  15:       3448 bytes,    2236720 total
[2022-05-30T04:29:53.939+0000][7][gc,heap     ] GC(60) Eden regions: 75->0(75)
[2022-05-30T04:29:53.939+0000][7][gc,heap     ] GC(60) Survivor regions: 1->1(10)
[2022-05-30T04:29:53.939+0000][7][gc,heap     ] GC(60) Old regions: 24->24
[2022-05-30T04:29:53.940+0000][7][gc,heap     ] GC(60) Archive regions: 2->2
[2022-05-30T04:29:53.940+0000][7][gc,heap     ] GC(60) Humongous regions: 2->2
[2022-05-30T04:29:53.940+0000][7][gc,metaspace] GC(60) Metaspace: 129303K(132672K)->129303K(132672K) NonClass: 112293K(114048K)->112293K(114048K) Class: 17010K(18624K)->17010K(18624K)
[2022-05-30T04:29:53.941+0000][7][gc          ] GC(60) Pause Young (Normal) (G1 Evacuation Pause) 409M->109M(512M) 15.367ms
[2022-05-30T04:29:53.941+0000][7][gc,cpu      ] GC(60) User=0.01s Sys=0.01s Real=0.01s
[2022-05-30T04:29:53.942+0000][7][safepoint   ] Safepoint "G1CollectForAllocation", Time since last: 8481612015 ns, Reaching safepoint: 333096 ns, At safepoint: 16405369 ns, Total: 16738465 ns
[2022-05-30T04:30:11.946+0000][7][safepoint   ] Safepoint "Cleanup", Time since last: 18004003509 ns, Reaching safepoint: 448406 ns, At safepoint: 29617 ns, Total: 478023 ns
[2022-05-30T04:30:15.173+0000][7][safepoint   ] Safepoint "Cleanup", Time since last: 3226148131 ns, Reaching safepoint: 405394 ns, At safepoint: 16321 ns, Total: 421715 ns
[2022-05-30T04:30:22.417+0000][7][safepoint   ] Safepoint "Cleanup", Time since last: 7243940271 ns, Reaching safepoint: 423509 ns, At safepoint: 23334 ns, Total: 446843 ns
[2022-05-30T04:30:27.198+0000][7][safepoint   ] Safepoint "Cleanup", Time since last: 4001198620 ns, Reaching safepoint: 421214 ns, At safepoint: 32632 ns, Total: 453846 ns
[2022-05-30T04:30:36.201+0000][7][safepoint   ] Safepoint "Cleanup", Time since last: 9002403006 ns, Reaching safepoint: 610545 ns, At safepoint: 29136 ns, Total: 639681 ns
[2022-05-30T04:30:45.204+0000][7][safepoint   ] Safepoint "Cleanup", Time since last: 9002246136 ns, Reaching safepoint: 382040 ns, At safepoint: 25909 ns, Total: 407949 ns
[2022-05-30T04:30:48.206+0000][7][safepoint   ] Safepoint "Cleanup", Time since last: 3001210319 ns, Reaching safepoint: 486799 ns, At safepoint: 71577 ns, Total: 558376 ns
[2022-05-30T04:30:49.207+0000][7][safepoint   ] Safepoint "Cleanup", Time since last: 1000835271 ns, Reaching safepoint: 292619 ns, At safepoint: 40176 ns, Total: 332795 ns
[2022-05-30T04:30:52.209+0000][7][safepoint   ] Safepoint "Cleanup", Time since last: 3001870074 ns, Reaching safepoint: 348385 ns, At safepoint: 13856 ns, Total: 362241 ns
[2022-05-30T04:31:02.343+0000][7][safepoint   ] Safepoint "Cleanup", Time since last: 11002685104 ns, Reaching safepoint: 510394 ns, At safepoint: 75815 ns, Total: 586209 ns
[2022-05-30T04:31:17.188+0000][7][gc,start    ] GC(61) Pause Young (Normal) (G1 Evacuation Pause)
[2022-05-30T04:31:17.188+0000][7][gc,task     ] GC(61) Using 8 workers of 8 for evacuation
[2022-05-30T04:31:17.189+0000][7][gc,age      ] GC(61) Desired survivor size 20971520 bytes, new threshold 15 (max threshold 15)
[2022-05-30T04:31:17.196+0000][7][gc,phases   ] GC(61)   Pre Evacuate Collection Set: 0.4ms
[2022-05-30T04:31:17.197+0000][7][gc,phases   ] GC(61)   Merge Heap Roots: 0.4ms
[2022-05-30T04:31:17.197+0000][7][gc,phases   ] GC(61)   Evacuate Collection Set: 3.7ms
[2022-05-30T04:31:17.198+0000][7][gc,phases   ] GC(61)   Post Evacuate Collection Set: 2.0ms
[2022-05-30T04:31:17.198+0000][7][gc,phases   ] GC(61)   Other: 1.4ms
[2022-05-30T04:31:17.198+0000][7][gc,age      ] GC(61) Age table with threshold 15 (max threshold 15)
[2022-05-30T04:31:17.199+0000][7][gc,age      ] GC(61) - age   1:     822152 bytes,     822152 total
[2022-05-30T04:31:17.199+0000][7][gc,age      ] GC(61) - age   2:      11936 bytes,     834088 total
[2022-05-30T04:31:17.200+0000][7][gc,age      ] GC(61) - age   3:       1968 bytes,     836056 total
[2022-05-30T04:31:17.200+0000][7][gc,age      ] GC(61) - age   4:     247000 bytes,    1083056 total
[2022-05-30T04:31:17.200+0000][7][gc,age      ] GC(61) - age   5:       2352 bytes,    1085408 total
[2022-05-30T04:31:17.201+0000][7][gc,age      ] GC(61) - age   6:        928 bytes,    1086336 total
[2022-05-30T04:31:17.201+0000][7][gc,age      ] GC(61) - age   7:       4216 bytes,    1090552 total
[2022-05-30T04:31:17.202+0000][7][gc,age      ] GC(61) - age   8:       1656 bytes,    1092208 total
[2022-05-30T04:31:17.202+0000][7][gc,age      ] GC(61) - age   9:       4208 bytes,    1096416 total
[2022-05-30T04:31:17.202+0000][7][gc,age      ] GC(61) - age  10:      29552 bytes,    1125968 total
[2022-05-30T04:31:17.203+0000][7][gc,age      ] GC(61) - age  11:     162080 bytes,    1288048 total
[2022-05-30T04:31:17.203+0000][7][gc,age      ] GC(61) - age  12:      27944 bytes,    1315992 total
[2022-05-30T04:31:17.203+0000][7][gc,age      ] GC(61) - age  13:       2840 bytes,    1318832 total
[2022-05-30T04:31:17.204+0000][7][gc,age      ] GC(61) - age  14:      17352 bytes,    1336184 total
[2022-05-30T04:31:17.204+0000][7][gc,age      ] GC(61) - age  15:     181424 bytes,    1517608 total
[2022-05-30T04:31:17.204+0000][7][gc,heap     ] GC(61) Eden regions: 75->0(75)
[2022-05-30T04:31:17.205+0000][7][gc,heap     ] GC(61) Survivor regions: 1->1(10)
[2022-05-30T04:31:17.205+0000][7][gc,heap     ] GC(61) Old regions: 24->24
[2022-05-30T04:31:17.205+0000][7][gc,heap     ] GC(61) Archive regions: 2->2
[2022-05-30T04:31:17.206+0000][7][gc,heap     ] GC(61) Humongous regions: 2->2
[2022-05-30T04:31:17.206+0000][7][gc,metaspace] GC(61) Metaspace: 129309K(132672K)->129309K(132672K) NonClass: 112298K(114048K)->112298K(114048K) Class: 17010K(18624K)->17010K(18624K)
[2022-05-30T04:31:17.207+0000][7][gc          ] GC(61) Pause Young (Normal) (G1 Evacuation Pause) 409M->108M(512M) 18.712ms
[2022-05-30T04:31:17.207+0000][7][gc,cpu      ] GC(61) User=0.04s Sys=0.00s Real=0.02s
[2022-05-30T04:31:17.208+0000][7][safepoint   ] Safepoint "G1CollectForAllocation", Time since last: 14844655722 ns, Reaching safepoint: 328076 ns, At safepoint: 19921378 ns, Total: 20249454 ns
[2022-05-30T04:31:35.951+0000][7][safepoint   ] Safepoint "Cleanup", Time since last: 19003649443 ns, Reaching safepoint: 396217 ns, At safepoint: 23865 ns, Total: 420082 ns
[2022-05-30T04:31:38.020+0000][7][safepoint   ] Safepoint "Cleanup", Time since last: 2068415468 ns, Reaching safepoint: 320402 ns, At safepoint: 43914 ns, Total: 364316 ns
[2022-05-30T04:31:57.025+0000][7][safepoint   ] Safepoint "Cleanup", Time since last: 19004147982 ns, Reaching safepoint: 376269 ns, At safepoint: 19757 ns, Total: 396026 ns
[2022-05-30T04:32:14.029+0000][7][safepoint   ] Safepoint "Cleanup", Time since last: 17004369149 ns, Reaching safepoint: 325331 ns, At safepoint: 20369 ns, Total: 345700 ns
[2022-05-30T04:32:27.229+0000][7][safepoint   ] Safepoint "Cleanup", Time since last: 13007128368 ns, Reaching safepoint: 403611 ns, At safepoint: 11772 ns, Total: 415383 ns
[2022-05-30T04:32:35.232+0000][7][safepoint   ] Safepoint "Cleanup", Time since last: 8001950645 ns, Reaching safepoint: 613500 ns, At safepoint: 66978 ns, Total: 680478 ns
[2022-05-30T04:32:39.800+0000][7][gc,start    ] GC(62) Pause Young (Normal) (G1 Evacuation Pause)
[2022-05-30T04:32:39.801+0000][7][gc,task     ] GC(62) Using 8 workers of 8 for evacuation
[2022-05-30T04:32:39.802+0000][7][gc,age      ] GC(62) Desired survivor size 20971520 bytes, new threshold 15 (max threshold 15)
[2022-05-30T04:32:39.808+0000][7][gc,phases   ] GC(62)   Pre Evacuate Collection Set: 0.4ms
[2022-05-30T04:32:39.809+0000][7][gc,phases   ] GC(62)   Merge Heap Roots: 0.2ms
[2022-05-30T04:32:39.809+0000][7][gc,phases   ] GC(62)   Evacuate Collection Set: 3.4ms
[2022-05-30T04:32:39.810+0000][7][gc,phases   ] GC(62)   Post Evacuate Collection Set: 1.8ms
[2022-05-30T04:32:39.810+0000][7][gc,phases   ] GC(62)   Other: 1.4ms
[2022-05-30T04:32:39.810+0000][7][gc,age      ] GC(62) Age table with threshold 15 (max threshold 15)
[2022-05-30T04:32:39.811+0000][7][gc,age      ] GC(62) - age   1:     926968 bytes,     926968 total
[2022-05-30T04:32:39.811+0000][7][gc,age      ] GC(62) - age   2:      60616 bytes,     987584 total
[2022-05-30T04:32:39.812+0000][7][gc,age      ] GC(62) - age   3:       1712 bytes,     989296 total
[2022-05-30T04:32:39.812+0000][7][gc,age      ] GC(62) - age   4:       1520 bytes,     990816 total
[2022-05-30T04:32:39.812+0000][7][gc,age      ] GC(62) - age   5:     246616 bytes,    1237432 total
[2022-05-30T04:32:39.813+0000][7][gc,age      ] GC(62) - age   6:       2352 bytes,    1239784 total
[2022-05-30T04:32:39.813+0000][7][gc,age      ] GC(62) - age   7:        632 bytes,    1240416 total
[2022-05-30T04:32:39.814+0000][7][gc,age      ] GC(62) - age   8:       3400 bytes,    1243816 total
[2022-05-30T04:32:39.814+0000][7][gc,age      ] GC(62) - age   9:       1656 bytes,    1245472 total
[2022-05-30T04:32:39.815+0000][7][gc,age      ] GC(62) - age  10:       4208 bytes,    1249680 total
[2022-05-30T04:32:39.815+0000][7][gc,age      ] GC(62) - age  11:      29552 bytes,    1279232 total
[2022-05-30T04:32:39.815+0000][7][gc,age      ] GC(62) - age  12:     161504 bytes,    1440736 total
[2022-05-30T04:32:39.816+0000][7][gc,age      ] GC(62) - age  13:      27944 bytes,    1468680 total
[2022-05-30T04:32:39.816+0000][7][gc,age      ] GC(62) - age  14:       2840 bytes,    1471520 total
[2022-05-30T04:32:39.816+0000][7][gc,age      ] GC(62) - age  15:      17352 bytes,    1488872 total
[2022-05-30T04:32:39.817+0000][7][gc,heap     ] GC(62) Eden regions: 75->0(75)
[2022-05-30T04:32:39.817+0000][7][gc,heap     ] GC(62) Survivor regions: 1->1(10)
[2022-05-30T04:32:39.818+0000][7][gc,heap     ] GC(62) Old regions: 24->24
[2022-05-30T04:32:39.818+0000][7][gc,heap     ] GC(62) Archive regions: 2->2
[2022-05-30T04:32:39.818+0000][7][gc,heap     ] GC(62) Humongous regions: 2->2
[2022-05-30T04:32:39.819+0000][7][gc,metaspace] GC(62) Metaspace: 129323K(132672K)->129323K(132672K) NonClass: 112312K(114048K)->112312K(114048K) Class: 17010K(18624K)->17010K(18624K)
[2022-05-30T04:32:39.819+0000][7][gc          ] GC(62) Pause Young (Normal) (G1 Evacuation Pause) 408M->108M(512M) 18.470ms
[2022-05-30T04:32:39.819+0000][7][gc,cpu      ] GC(62) User=0.02s Sys=0.02s Real=0.02s
[2022-05-30T04:32:39.820+0000][7][safepoint   ] Safepoint "G1CollectForAllocation", Time since last: 4568338436 ns, Reaching safepoint: 305684 ns, At safepoint: 19244562 ns, Total: 19550246 ns
[2022-05-30T04:33:06.633+0000][7][safepoint   ] Safepoint "Cleanup", Time since last: 27005271357 ns, Reaching safepoint: 360107 ns, At safepoint: 18065 ns, Total: 378172 ns
[2022-05-30T04:33:08.732+0000][7][safepoint   ] Safepoint "Cleanup", Time since last: 2098239536 ns, Reaching safepoint: 385836 ns, At safepoint: 11302 ns, Total: 397138 ns
[2022-05-30T04:33:36.737+0000][7][safepoint   ] Safepoint "Cleanup", Time since last: 28005440404 ns, Reaching safepoint: 422055 ns, At safepoint: 13977 ns, Total: 436032 ns
[2022-05-30T04:33:53.742+0000][7][safepoint   ] Safepoint "Cleanup", Time since last: 17003713827 ns, Reaching safepoint: 804024 ns, At safepoint: 100232 ns, Total: 904256 ns
[2022-05-30T04:33:54.754+0000][7][safepoint   ] Safepoint "Cleanup", Time since last: 1012078937 ns, Reaching safepoint: 184451 ns, At safepoint: 12093 ns, Total: 196544 ns
[2022-05-30T04:33:55.943+0000][7][gc,start    ] GC(63) Pause Young (Normal) (G1 Evacuation Pause)
[2022-05-30T04:33:55.944+0000][7][gc,task     ] GC(63) Using 8 workers of 8 for evacuation
[2022-05-30T04:33:55.944+0000][7][gc,age      ] GC(63) Desired survivor size 20971520 bytes, new threshold 15 (max threshold 15)
[2022-05-30T04:33:55.949+0000][7][gc,phases   ] GC(63)   Pre Evacuate Collection Set: 0.4ms
[2022-05-30T04:33:55.950+0000][7][gc,phases   ] GC(63)   Merge Heap Roots: 0.2ms
[2022-05-30T04:33:55.951+0000][7][gc,phases   ] GC(63)   Evacuate Collection Set: 2.2ms
[2022-05-30T04:33:55.951+0000][7][gc,phases   ] GC(63)   Post Evacuate Collection Set: 1.7ms
[2022-05-30T04:33:55.952+0000][7][gc,phases   ] GC(63)   Other: 1.1ms
[2022-05-30T04:33:55.952+0000][7][gc,age      ] GC(63) Age table with threshold 15 (max threshold 15)
[2022-05-30T04:33:55.953+0000][7][gc,age      ] GC(63) - age   1:    1248232 bytes,    1248232 total
[2022-05-30T04:33:55.953+0000][7][gc,age      ] GC(63) - age   2:       7920 bytes,    1256152 total
[2022-05-30T04:33:55.954+0000][7][gc,age      ] GC(63) - age   3:      60296 bytes,    1316448 total
[2022-05-30T04:33:55.954+0000][7][gc,age      ] GC(63) - age   4:       1192 bytes,    1317640 total
[2022-05-30T04:33:55.955+0000][7][gc,age      ] GC(63) - age   5:       1328 bytes,    1318968 total
[2022-05-30T04:33:55.955+0000][7][gc,age      ] GC(63) - age   6:     245656 bytes,    1564624 total
[2022-05-30T04:33:55.955+0000][7][gc,age      ] GC(63) - age   7:       2352 bytes,    1566976 total
[2022-05-30T04:33:55.956+0000][7][gc,age      ] GC(63) - age   8:        632 bytes,    1567608 total
[2022-05-30T04:33:55.956+0000][7][gc,age      ] GC(63) - age   9:       1864 bytes,    1569472 total
[2022-05-30T04:33:55.957+0000][7][gc,age      ] GC(63) - age  10:       1656 bytes,    1571128 total
[2022-05-30T04:33:55.957+0000][7][gc,age      ] GC(63) - age  11:       4208 bytes,    1575336 total
[2022-05-30T04:33:55.958+0000][7][gc,age      ] GC(63) - age  12:      29552 bytes,    1604888 total
[2022-05-30T04:33:55.958+0000][7][gc,age      ] GC(63) - age  13:     161504 bytes,    1766392 total
[2022-05-30T04:33:55.958+0000][7][gc,age      ] GC(63) - age  14:      27944 bytes,    1794336 total
[2022-05-30T04:33:55.959+0000][7][gc,age      ] GC(63) - age  15:       2840 bytes,    1797176 total
[2022-05-30T04:33:55.959+0000][7][gc,heap     ] GC(63) Eden regions: 75->0(75)
[2022-05-30T04:33:55.960+0000][7][gc,heap     ] GC(63) Survivor regions: 1->1(10)
[2022-05-30T04:33:55.960+0000][7][gc,heap     ] GC(63) Old regions: 24->24
[2022-05-30T04:33:55.961+0000][7][gc,heap     ] GC(63) Archive regions: 2->2
[2022-05-30T04:33:55.961+0000][7][gc,heap     ] GC(63) Humongous regions: 2->2
[2022-05-30T04:33:55.962+0000][7][gc,metaspace] GC(63) Metaspace: 129329K(132736K)->129329K(132736K) NonClass: 112318K(114112K)->112318K(114112K) Class: 17010K(18624K)->17010K(18624K)
[2022-05-30T04:33:55.962+0000][7][gc          ] GC(63) Pause Young (Normal) (G1 Evacuation Pause) 408M->109M(512M) 19.002ms
[2022-05-30T04:33:55.963+0000][7][gc,cpu      ] GC(63) User=0.02s Sys=0.00s Real=0.02s
[2022-05-30T04:33:55.963+0000][7][safepoint   ] Safepoint "G1CollectForAllocation", Time since last: 1187625993 ns, Reaching safepoint: 445009 ns, At safepoint: 20296475 ns, Total: 20741484 ns
[2022-05-30T04:34:14.978+0000][7][safepoint   ] Safepoint "Cleanup", Time since last: 19013671680 ns, Reaching safepoint: 520694 ns, At safepoint: 24317 ns, Total: 545011 ns
[2022-05-30T04:34:22.980+0000][7][safepoint   ] Safepoint "Cleanup", Time since last: 8002098792 ns, Reaching safepoint: 393782 ns, At safepoint: 41689 ns, Total: 435471 ns
[2022-05-30T04:34:24.139+0000][7][safepoint   ] Safepoint "Cleanup", Time since last: 1158478374 ns, Reaching safepoint: 489264 ns, At safepoint: 72148 ns, Total: 561412 ns
[2022-05-30T04:34:27.069+0000][7][safepoint   ] Safepoint "Cleanup", Time since last: 3001306579 ns, Reaching safepoint: 350419 ns, At safepoint: 22624 ns, Total: 373043 ns
[2022-05-30T04:34:29.283+0000][7][safepoint   ] Safepoint "Cleanup", Time since last: 2213306320 ns, Reaching safepoint: 432245 ns, At safepoint: 67129 ns, Total: 499374 ns
[2022-05-30T04:34:32.285+0000][7][safepoint   ] Safepoint "Cleanup", Time since last: 3001050287 ns, Reaching safepoint: 453245 ns, At safepoint: 50506 ns, Total: 503751 ns
[2022-05-30T04:34:35.286+0000][7][safepoint   ] Safepoint "Cleanup", Time since last: 3000941622 ns, Reaching safepoint: 308880 ns, At safepoint: 43012 ns, Total: 351892 ns
[2022-05-30T04:34:45.289+0000][7][safepoint   ] Safepoint "Cleanup", Time since last: 10002337644 ns, Reaching safepoint: 414241 ns, At safepoint: 27702 ns, Total: 441943 ns
[2022-05-30T04:35:05.597+0000][7][safepoint   ] Safepoint "Cleanup", Time since last: 20235955408 ns, Reaching safepoint: 388973 ns, At safepoint: 16141 ns, Total: 405114 ns
[2022-05-30T04:35:06.598+0000][7][safepoint   ] Safepoint "Cleanup", Time since last: 1000773493 ns, Reaching safepoint: 329399 ns, At safepoint: 25850 ns, Total: 355249 ns
[2022-05-30T04:35:10.991+0000][7][gc,start    ] GC(64) Pause Young (Normal) (G1 Evacuation Pause)
[2022-05-30T04:35:10.992+0000][7][gc,task     ] GC(64) Using 8 workers of 8 for evacuation
[2022-05-30T04:35:10.992+0000][7][gc,age      ] GC(64) Desired survivor size 20971520 bytes, new threshold 15 (max threshold 15)
[2022-05-30T04:35:10.997+0000][7][gc,phases   ] GC(64)   Pre Evacuate Collection Set: 0.3ms
[2022-05-30T04:35:10.997+0000][7][gc,phases   ] GC(64)   Merge Heap Roots: 0.2ms
[2022-05-30T04:35:10.997+0000][7][gc,phases   ] GC(64)   Evacuate Collection Set: 2.0ms
[2022-05-30T04:35:10.997+0000][7][gc,phases   ] GC(64)   Post Evacuate Collection Set: 1.3ms
[2022-05-30T04:35:10.998+0000][7][gc,phases   ] GC(64)   Other: 0.9ms
[2022-05-30T04:35:10.998+0000][7][gc,age      ] GC(64) Age table with threshold 15 (max threshold 15)
[2022-05-30T04:35:10.998+0000][7][gc,age      ] GC(64) - age   1:     880560 bytes,     880560 total
[2022-05-30T04:35:10.998+0000][7][gc,age      ] GC(64) - age   2:     161840 bytes,    1042400 total
[2022-05-30T04:35:10.999+0000][7][gc,age      ] GC(64) - age   3:       6064 bytes,    1048464 total
[2022-05-30T04:35:10.999+0000][7][gc,age      ] GC(64) - age   4:      59936 bytes,    1108400 total
[2022-05-30T04:35:10.999+0000][7][gc,age      ] GC(64) - age   5:       1128 bytes,    1109528 total
[2022-05-30T04:35:10.999+0000][7][gc,age      ] GC(64) - age   6:       1328 bytes,    1110856 total
[2022-05-30T04:35:11.000+0000][7][gc,age      ] GC(64) - age   7:     237576 bytes,    1348432 total
[2022-05-30T04:35:11.000+0000][7][gc,age      ] GC(64) - age   8:       2352 bytes,    1350784 total
[2022-05-30T04:35:11.000+0000][7][gc,age      ] GC(64) - age   9:        616 bytes,    1351400 total
[2022-05-30T04:35:11.001+0000][7][gc,age      ] GC(64) - age  10:       1864 bytes,    1353264 total
[2022-05-30T04:35:11.001+0000][7][gc,age      ] GC(64) - age  11:       1656 bytes,    1354920 total
[2022-05-30T04:35:11.001+0000][7][gc,age      ] GC(64) - age  12:       1312 bytes,    1356232 total
[2022-05-30T04:35:11.001+0000][7][gc,age      ] GC(64) - age  13:       1800 bytes,    1358032 total
[2022-05-30T04:35:11.002+0000][7][gc,age      ] GC(64) - age  14:      30080 bytes,    1388112 total
[2022-05-30T04:35:11.002+0000][7][gc,age      ] GC(64) - age  15:      27944 bytes,    1416056 total
[2022-05-30T04:35:11.002+0000][7][gc,heap     ] GC(64) Eden regions: 75->0(75)
[2022-05-30T04:35:11.003+0000][7][gc,heap     ] GC(64) Survivor regions: 1->1(10)
[2022-05-30T04:35:11.003+0000][7][gc,heap     ] GC(64) Old regions: 24->24
[2022-05-30T04:35:11.003+0000][7][gc,heap     ] GC(64) Archive regions: 2->2
[2022-05-30T04:35:11.003+0000][7][gc,heap     ] GC(64) Humongous regions: 2->2
[2022-05-30T04:35:11.004+0000][7][gc,metaspace] GC(64) Metaspace: 129341K(132736K)->129341K(132736K) NonClass: 112330K(114112K)->112330K(114112K) Class: 17010K(18624K)->17010K(18624K)
[2022-05-30T04:35:11.004+0000][7][gc          ] GC(64) Pause Young (Normal) (G1 Evacuation Pause) 409M->108M(512M) 12.375ms
[2022-05-30T04:35:11.004+0000][7][gc,cpu      ] GC(64) User=0.02s Sys=0.00s Real=0.02s
[2022-05-30T04:35:11.004+0000][7][safepoint   ] Safepoint "G1CollectForAllocation", Time since last: 4393191064 ns, Reaching safepoint: 308088 ns, At safepoint: 13106754 ns, Total: 13414842 ns
[2022-05-30T04:35:18.017+0000][7][safepoint   ] Safepoint "Cleanup", Time since last: 7012402914 ns, Reaching safepoint: 399112 ns, At safepoint: 18986 ns, Total: 418098 ns
[2022-05-30T04:35:20.242+0000][7][safepoint   ] Safepoint "Cleanup", Time since last: 2224160096 ns, Reaching safepoint: 393341 ns, At safepoint: 29977 ns, Total: 423318 ns
[2022-05-30T04:35:23.244+0000][7][safepoint   ] Safepoint "Cleanup", Time since last: 3001208100 ns, Reaching safepoint: 433197 ns, At safepoint: 62119 ns, Total: 495316 ns
[2022-05-30T04:35:30.246+0000][7][safepoint   ] Safepoint "Cleanup", Time since last: 7002216389 ns, Reaching safepoint: 383642 ns, At safepoint: 28996 ns, Total: 412638 ns
[2022-05-30T04:35:32.322+0000][7][safepoint   ] Safepoint "Cleanup", Time since last: 2075856286 ns, Reaching safepoint: 822400 ns, At safepoint: 82798 ns, Total: 905198 ns
[2022-05-30T04:35:35.324+0000][7][safepoint   ] Safepoint "Cleanup", Time since last: 3001313190 ns, Reaching safepoint: 390756 ns, At safepoint: 23154 ns, Total: 413910 ns
[2022-05-30T04:35:46.497+0000][7][safepoint   ] Safepoint "Cleanup", Time since last: 11173061918 ns, Reaching safepoint: 396727 ns, At safepoint: 24056 ns, Total: 420783 ns
[2022-05-30T04:35:47.880+0000][7][safepoint   ] Safepoint "Cleanup", Time since last: 1382248527 ns, Reaching safepoint: 384764 ns, At safepoint: 51970 ns, Total: 436734 ns
[2022-05-30T04:35:50.882+0000][7][safepoint   ] Safepoint "Cleanup", Time since last: 3001398851 ns, Reaching safepoint: 474887 ns, At safepoint: 10890 ns, Total: 485777 ns
[2022-05-30T04:36:04.884+0000][7][safepoint   ] Safepoint "Cleanup", Time since last: 14003121232 ns, Reaching safepoint: 458886 ns, At safepoint: 11903 ns, Total: 470789 ns
[2022-05-30T04:36:06.886+0000][7][safepoint   ] Safepoint "Cleanup", Time since last: 2000961323 ns, Reaching safepoint: 406156 ns, At safepoint: 25909 ns, Total: 432065 ns
[2022-05-30T04:36:21.225+0000][7][safepoint   ] Safepoint "Cleanup", Time since last: 14339046122 ns, Reaching safepoint: 359897 ns, At safepoint: 21441 ns, Total: 381338 ns
[2022-05-30T04:36:22.447+0000][7][safepoint   ] Safepoint "Cleanup", Time since last: 1221790829 ns, Reaching safepoint: 343846 ns, At safepoint: 21912 ns, Total: 365758 ns
[2022-05-30T04:36:24.448+0000][7][safepoint   ] Safepoint "Cleanup", Time since last: 2001044019 ns, Reaching safepoint: 316294 ns, At safepoint: 11582 ns, Total: 327876 ns
[2022-05-30T04:36:25.612+0000][7][safepoint   ] Safepoint "Cleanup", Time since last: 1162699914 ns, Reaching safepoint: 323498 ns, At safepoint: 14137 ns, Total: 337635 ns
[2022-05-30T04:36:30.921+0000][7][gc,start    ] GC(65) Pause Young (Normal) (G1 Evacuation Pause)
[2022-05-30T04:36:30.922+0000][7][gc,task     ] GC(65) Using 8 workers of 8 for evacuation
[2022-05-30T04:36:30.922+0000][7][gc,age      ] GC(65) Desired survivor size 20971520 bytes, new threshold 15 (max threshold 15)
[2022-05-30T04:36:30.928+0000][7][gc,phases   ] GC(65)   Pre Evacuate Collection Set: 0.4ms
[2022-05-30T04:36:30.929+0000][7][gc,phases   ] GC(65)   Merge Heap Roots: 0.3ms
[2022-05-30T04:36:30.929+0000][7][gc,phases   ] GC(65)   Evacuate Collection Set: 2.8ms
[2022-05-30T04:36:30.930+0000][7][gc,phases   ] GC(65)   Post Evacuate Collection Set: 1.8ms
[2022-05-30T04:36:30.930+0000][7][gc,phases   ] GC(65)   Other: 1.3ms
[2022-05-30T04:36:30.931+0000][7][gc,age      ] GC(65) Age table with threshold 15 (max threshold 15)
[2022-05-30T04:36:30.931+0000][7][gc,age      ] GC(65) - age   1:     831688 bytes,     831688 total
[2022-05-30T04:36:30.932+0000][7][gc,age      ] GC(65) - age   2:     180744 bytes,    1012432 total
[2022-05-30T04:36:30.932+0000][7][gc,age      ] GC(65) - age   3:     160608 bytes,    1173040 total
[2022-05-30T04:36:30.933+0000][7][gc,age      ] GC(65) - age   4:       5808 bytes,    1178848 total
[2022-05-30T04:36:30.933+0000][7][gc,age      ] GC(65) - age   5:      59936 bytes,    1238784 total
[2022-05-30T04:36:30.933+0000][7][gc,age      ] GC(65) - age   6:       1000 bytes,    1239784 total
[2022-05-30T04:36:30.934+0000][7][gc,age      ] GC(65) - age   7:       1328 bytes,    1241112 total
[2022-05-30T04:36:30.934+0000][7][gc,age      ] GC(65) - age   8:     237416 bytes,    1478528 total
[2022-05-30T04:36:30.935+0000][7][gc,age      ] GC(65) - age   9:       2352 bytes,    1480880 total
[2022-05-30T04:36:30.935+0000][7][gc,age      ] GC(65) - age  10:        616 bytes,    1481496 total
[2022-05-30T04:36:30.936+0000][7][gc,age      ] GC(65) - age  11:       1864 bytes,    1483360 total
[2022-05-30T04:36:30.936+0000][7][gc,age      ] GC(65) - age  12:       1656 bytes,    1485016 total
[2022-05-30T04:36:30.937+0000][7][gc,age      ] GC(65) - age  13:       1120 bytes,    1486136 total
[2022-05-30T04:36:30.937+0000][7][gc,age      ] GC(65) - age  14:       1800 bytes,    1487936 total
[2022-05-30T04:36:30.938+0000][7][gc,age      ] GC(65) - age  15:      29880 bytes,    1517816 total
[2022-05-30T04:36:30.939+0000][7][gc,heap     ] GC(65) Eden regions: 75->0(75)
[2022-05-30T04:36:30.939+0000][7][gc,heap     ] GC(65) Survivor regions: 1->1(10)
[2022-05-30T04:36:30.940+0000][7][gc,heap     ] GC(65) Old regions: 24->24
[2022-05-30T04:36:30.940+0000][7][gc,heap     ] GC(65) Archive regions: 2->2
[2022-05-30T04:36:30.941+0000][7][gc,heap     ] GC(65) Humongous regions: 2->2
[2022-05-30T04:36:30.941+0000][7][gc,metaspace] GC(65) Metaspace: 129369K(132736K)->129369K(132736K) NonClass: 112358K(114112K)->112358K(114112K) Class: 17011K(18624K)->17011K(18624K)
[2022-05-30T04:36:30.942+0000][7][gc          ] GC(65) Pause Young (Normal) (G1 Evacuation Pause) 408M->108M(512M) 20.840ms
[2022-05-30T04:36:30.942+0000][7][gc,cpu      ] GC(65) User=0.03s Sys=0.00s Real=0.02s
[2022-05-30T04:36:30.943+0000][7][safepoint   ] Safepoint "G1CollectForAllocation", Time since last: 4734324312 ns, Reaching safepoint: 513541 ns, At safepoint: 22003706 ns, Total: 22517247 ns
[2022-05-30T04:36:31.944+0000][7][safepoint   ] Safepoint "Cleanup", Time since last: 1000888905 ns, Reaching safepoint: 399713 ns, At safepoint: 101153 ns, Total: 500866 ns
[2022-05-30T04:36:37.108+0000][7][safepoint   ] Safepoint "Cleanup", Time since last: 5163359196 ns, Reaching safepoint: 468454 ns, At safepoint: 33805 ns, Total: 502259 ns
[2022-05-30T04:36:38.330+0000][7][safepoint   ] Safepoint "Cleanup", Time since last: 1221503382 ns, Reaching safepoint: 345730 ns, At safepoint: 10640 ns, Total: 356370 ns
[2022-05-30T04:36:43.332+0000][7][safepoint   ] Safepoint "Cleanup", Time since last: 5001621122 ns, Reaching safepoint: 363965 ns, At safepoint: 59283 ns, Total: 423248 ns
[2022-05-30T04:36:45.333+0000][7][safepoint   ] Safepoint "Cleanup", Time since last: 2000992482 ns, Reaching safepoint: 351521 ns, At safepoint: 17965 ns, Total: 369486 ns
[2022-05-30T04:36:48.429+0000][7][safepoint   ] Safepoint "Cleanup", Time since last: 3094926499 ns, Reaching safepoint: 332225 ns, At safepoint: 22402 ns, Total: 354627 ns
[2022-05-30T04:37:18.409+0000][7][safepoint   ] Safepoint "Cleanup", Time since last: 30006294027 ns, Reaching safepoint: 353676 ns, At safepoint: 20749 ns, Total: 374425 ns
[2022-05-30T04:37:20.411+0000][7][safepoint   ] Safepoint "Cleanup", Time since last: 2001445680 ns, Reaching safepoint: 427256 ns, At safepoint: 17333 ns, Total: 444589 ns
[2022-05-30T04:37:25.023+0000][7][safepoint   ] Safepoint "Cleanup", Time since last: 4611132143 ns, Reaching safepoint: 373022 ns, At safepoint: 20620 ns, Total: 393642 ns
[2022-05-30T04:37:30.550+0000][7][safepoint   ] Safepoint "Cleanup", Time since last: 6073393903 ns, Reaching safepoint: 349307 ns, At safepoint: 24246 ns, Total: 373553 ns
[2022-05-30T04:37:32.695+0000][7][safepoint   ] Safepoint "Cleanup", Time since last: 2144655665 ns, Reaching safepoint: 430953 ns, At safepoint: 22322 ns, Total: 453275 ns
[2022-05-30T04:37:34.696+0000][7][safepoint   ] Safepoint "Cleanup", Time since last: 2001136952 ns, Reaching safepoint: 421434 ns, At safepoint: 22694 ns, Total: 444128 ns
[2022-05-30T04:37:35.698+0000][7][safepoint   ] Safepoint "Cleanup", Time since last: 1001024679 ns, Reaching safepoint: 456251 ns, At safepoint: 22884 ns, Total: 479135 ns
[2022-05-30T04:37:38.700+0000][7][safepoint   ] Safepoint "Cleanup", Time since last: 3001222999 ns, Reaching safepoint: 640893 ns, At safepoint: 30559 ns, Total: 671452 ns
[2022-05-30T04:37:47.702+0000][7][safepoint   ] Safepoint "Cleanup", Time since last: 9002119056 ns, Reaching safepoint: 305313 ns, At safepoint: 13465 ns, Total: 318778 ns
[2022-05-30T04:37:50.799+0000][7][safepoint   ] Safepoint "Cleanup", Time since last: 3096124479 ns, Reaching safepoint: 562524 ns, At safepoint: 34306 ns, Total: 596830 ns
[2022-05-30T04:37:52.453+0000][7][gc,start    ] GC(66) Pause Young (Normal) (G1 Evacuation Pause)
[2022-05-30T04:37:52.454+0000][7][gc,task     ] GC(66) Using 8 workers of 8 for evacuation
[2022-05-30T04:37:52.454+0000][7][gc,age      ] GC(66) Desired survivor size 20971520 bytes, new threshold 15 (max threshold 15)
[2022-05-30T04:37:52.460+0000][7][gc,phases   ] GC(66)   Pre Evacuate Collection Set: 0.4ms
[2022-05-30T04:37:52.461+0000][7][gc,phases   ] GC(66)   Merge Heap Roots: 0.3ms
[2022-05-30T04:37:52.461+0000][7][gc,phases   ] GC(66)   Evacuate Collection Set: 3.2ms
[2022-05-30T04:37:52.461+0000][7][gc,phases   ] GC(66)   Post Evacuate Collection Set: 1.5ms
[2022-05-30T04:37:52.462+0000][7][gc,phases   ] GC(66)   Other: 1.0ms
[2022-05-30T04:37:52.462+0000][7][gc,age      ] GC(66) Age table with threshold 15 (max threshold 15)
[2022-05-30T04:37:52.462+0000][7][gc,age      ] GC(66) - age   1:    2159672 bytes,    2159672 total
[2022-05-30T04:37:52.463+0000][7][gc,age      ] GC(66) - age   2:      77256 bytes,    2236928 total
[2022-05-30T04:37:52.463+0000][7][gc,age      ] GC(66) - age   3:     178688 bytes,    2415616 total
[2022-05-30T04:37:52.464+0000][7][gc,age      ] GC(66) - age   4:     160352 bytes,    2575968 total
[2022-05-30T04:37:52.464+0000][7][gc,age      ] GC(66) - age   5:       5808 bytes,    2581776 total
[2022-05-30T04:37:52.464+0000][7][gc,age      ] GC(66) - age   6:      59936 bytes,    2641712 total
[2022-05-30T04:37:52.465+0000][7][gc,age      ] GC(66) - age   7:       1000 bytes,    2642712 total
[2022-05-30T04:37:52.465+0000][7][gc,age      ] GC(66) - age   8:       1328 bytes,    2644040 total
[2022-05-30T04:37:52.465+0000][7][gc,age      ] GC(66) - age   9:     237416 bytes,    2881456 total
[2022-05-30T04:37:52.466+0000][7][gc,age      ] GC(66) - age  10:       2352 bytes,    2883808 total
[2022-05-30T04:37:52.466+0000][7][gc,age      ] GC(66) - age  11:        616 bytes,    2884424 total
[2022-05-30T04:37:52.466+0000][7][gc,age      ] GC(66) - age  12:       1864 bytes,    2886288 total
[2022-05-30T04:37:52.467+0000][7][gc,age      ] GC(66) - age  13:       1656 bytes,    2887944 total
[2022-05-30T04:37:52.467+0000][7][gc,age      ] GC(66) - age  14:       1120 bytes,    2889064 total
[2022-05-30T04:37:52.467+0000][7][gc,age      ] GC(66) - age  15:       1736 bytes,    2890800 total
[2022-05-30T04:37:52.468+0000][7][gc,heap     ] GC(66) Eden regions: 75->0(75)
[2022-05-30T04:37:52.468+0000][7][gc,heap     ] GC(66) Survivor regions: 1->1(10)
[2022-05-30T04:37:52.468+0000][7][gc,heap     ] GC(66) Old regions: 24->24
[2022-05-30T04:37:52.469+0000][7][gc,heap     ] GC(66) Archive regions: 2->2
[2022-05-30T04:37:52.469+0000][7][gc,heap     ] GC(66) Humongous regions: 2->2
[2022-05-30T04:37:52.470+0000][7][gc,metaspace] GC(66) Metaspace: 129404K(132864K)->129404K(132864K) NonClass: 112393K(114240K)->112393K(114240K) Class: 17011K(18624K)->17011K(18624K)
[2022-05-30T04:37:52.470+0000][7][gc          ] GC(66) Pause Young (Normal) (G1 Evacuation Pause) 408M->110M(512M) 16.575ms
[2022-05-30T04:37:52.470+0000][7][gc,cpu      ] GC(66) User=0.03s Sys=0.01s Real=0.01s
[2022-05-30T04:37:52.471+0000][7][safepoint   ] Safepoint "G1CollectForAllocation", Time since last: 1654147136 ns, Reaching safepoint: 345740 ns, At safepoint: 17454581 ns, Total: 17800321 ns
[2022-05-30T04:38:06.474+0000][7][safepoint   ] Safepoint "Cleanup", Time since last: 14002955397 ns, Reaching safepoint: 491688 ns, At safepoint: 35368 ns, Total: 527056 ns
[2022-05-30T04:38:08.476+0000][7][safepoint   ] Safepoint "Cleanup", Time since last: 2001428796 ns, Reaching safepoint: 471751 ns, At safepoint: 22142 ns, Total: 493893 ns
[2022-05-30T04:38:20.855+0000][7][safepoint   ] Safepoint "Cleanup", Time since last: 12378701807 ns, Reaching safepoint: 404372 ns, At safepoint: 39977 ns, Total: 444349 ns
[2022-05-30T04:38:26.147+0000][7][safepoint   ] Safepoint "Cleanup", Time since last: 5291710930 ns, Reaching safepoint: 329680 ns, At safepoint: 17543 ns, Total: 347223 ns
[2022-05-30T04:38:35.159+0000][7][safepoint   ] Safepoint "Cleanup", Time since last: 9004809975 ns, Reaching safepoint: 411896 ns, At safepoint: 26120 ns, Total: 438016 ns
[2022-05-30T04:38:57.603+0000][7][safepoint   ] Safepoint "Cleanup", Time since last: 22443871123 ns, Reaching safepoint: 329168 ns, At safepoint: 22092 ns, Total: 351260 ns
[2022-05-30T04:38:58.612+0000][7][safepoint   ] Safepoint "Cleanup", Time since last: 1008191548 ns, Reaching safepoint: 402038 ns, At safepoint: 18185 ns, Total: 420223 ns
[2022-05-30T04:39:03.587+0000][7][safepoint   ] Safepoint "Cleanup", Time since last: 4342023535 ns, Reaching safepoint: 323427 ns, At safepoint: 52330 ns, Total: 375757 ns
[2022-05-30T04:39:06.588+0000][7][safepoint   ] Safepoint "Cleanup", Time since last: 3001024322 ns, Reaching safepoint: 341883 ns, At safepoint: 23946 ns, Total: 365829 ns
[2022-05-30T04:39:09.447+0000][7][gc,start    ] GC(67) Pause Young (Normal) (G1 Evacuation Pause)
[2022-05-30T04:39:09.448+0000][7][gc,task     ] GC(67) Using 8 workers of 8 for evacuation
[2022-05-30T04:39:09.448+0000][7][gc,age      ] GC(67) Desired survivor size 20971520 bytes, new threshold 15 (max threshold 15)
[2022-05-30T04:39:09.453+0000][7][gc,phases   ] GC(67)   Pre Evacuate Collection Set: 0.3ms
[2022-05-30T04:39:09.453+0000][7][gc,phases   ] GC(67)   Merge Heap Roots: 0.2ms
[2022-05-30T04:39:09.454+0000][7][gc,phases   ] GC(67)   Evacuate Collection Set: 2.3ms
[2022-05-30T04:39:09.454+0000][7][gc,phases   ] GC(67)   Post Evacuate Collection Set: 1.3ms
[2022-05-30T04:39:09.454+0000][7][gc,phases   ] GC(67)   Other: 0.8ms
[2022-05-30T04:39:09.454+0000][7][gc,age      ] GC(67) Age table with threshold 15 (max threshold 15)
[2022-05-30T04:39:09.455+0000][7][gc,age      ] GC(67) - age   1:    1619152 bytes,    1619152 total
[2022-05-30T04:39:09.455+0000][7][gc,age      ] GC(67) - age   2:       5656 bytes,    1624808 total
[2022-05-30T04:39:09.455+0000][7][gc,age      ] GC(67) - age   3:      18448 bytes,    1643256 total
[2022-05-30T04:39:09.456+0000][7][gc,age      ] GC(67) - age   4:      76504 bytes,    1719760 total
[2022-05-30T04:39:09.456+0000][7][gc,age      ] GC(67) - age   5:     160160 bytes,    1879920 total
[2022-05-30T04:39:09.456+0000][7][gc,age      ] GC(67) - age   6:       5744 bytes,    1885664 total
[2022-05-30T04:39:09.456+0000][7][gc,age      ] GC(67) - age   7:      59640 bytes,    1945304 total
[2022-05-30T04:39:09.457+0000][7][gc,age      ] GC(67) - age   8:        896 bytes,    1946200 total
[2022-05-30T04:39:09.457+0000][7][gc,age      ] GC(67) - age   9:       1296 bytes,    1947496 total
[2022-05-30T04:39:09.457+0000][7][gc,age      ] GC(67) - age  10:      48160 bytes,    1995656 total
[2022-05-30T04:39:09.458+0000][7][gc,age      ] GC(67) - age  11:       2352 bytes,    1998008 total
[2022-05-30T04:39:09.458+0000][7][gc,age      ] GC(67) - age  12:        616 bytes,    1998624 total
[2022-05-30T04:39:09.458+0000][7][gc,age      ] GC(67) - age  13:       1864 bytes,    2000488 total
[2022-05-30T04:39:09.458+0000][7][gc,age      ] GC(67) - age  14:       1656 bytes,    2002144 total
[2022-05-30T04:39:09.459+0000][7][gc,age      ] GC(67) - age  15:       1120 bytes,    2003264 total
[2022-05-30T04:39:09.459+0000][7][gc,heap     ] GC(67) Eden regions: 75->0(75)
[2022-05-30T04:39:09.459+0000][7][gc,heap     ] GC(67) Survivor regions: 1->1(10)
[2022-05-30T04:39:09.459+0000][7][gc,heap     ] GC(67) Old regions: 24->24
[2022-05-30T04:39:09.460+0000][7][gc,heap     ] GC(67) Archive regions: 2->2
[2022-05-30T04:39:09.460+0000][7][gc,heap     ] GC(67) Humongous regions: 2->2
[2022-05-30T04:39:09.460+0000][7][gc,metaspace] GC(67) Metaspace: 129440K(132928K)->129440K(132928K) NonClass: 112425K(114240K)->112425K(114240K) Class: 17014K(18688K)->17014K(18688K)
[2022-05-30T04:39:09.461+0000][7][gc          ] GC(67) Pause Young (Normal) (G1 Evacuation Pause) 410M->109M(512M) 13.291ms
[2022-05-30T04:39:09.461+0000][7][gc,cpu      ] GC(67) User=0.03s Sys=0.00s Real=0.02s
[2022-05-30T04:39:09.461+0000][7][safepoint   ] Safepoint "G1CollectForAllocation", Time since last: 2858669374 ns, Reaching safepoint: 443056 ns, At safepoint: 14047652 ns, Total: 14490708 ns
[2022-05-30T04:39:12.463+0000][7][safepoint   ] Safepoint "Cleanup", Time since last: 3001036875 ns, Reaching safepoint: 411305 ns, At safepoint: 69192 ns, Total: 480497 ns
[2022-05-30T04:39:13.465+0000][7][safepoint   ] Safepoint "Cleanup", Time since last: 1001317793 ns, Reaching safepoint: 386177 ns, At safepoint: 16371 ns, Total: 402548 ns
[2022-05-30T04:39:14.763+0000][7][safepoint   ] Safepoint "Cleanup", Time since last: 1297756669 ns, Reaching safepoint: 376669 ns, At safepoint: 23084 ns, Total: 399753 ns
[2022-05-30T04:39:15.766+0000][7][safepoint   ] Safepoint "Cleanup", Time since last: 1003154229 ns, Reaching safepoint: 395045 ns, At safepoint: 41549 ns, Total: 436594 ns
[2022-05-30T04:39:20.780+0000][7][safepoint   ] Safepoint "Cleanup", Time since last: 5013385795 ns, Reaching safepoint: 482331 ns, At safepoint: 40417 ns, Total: 522748 ns
[2022-05-30T04:39:21.781+0000][7][safepoint   ] Safepoint "Cleanup", Time since last: 1000922542 ns, Reaching safepoint: 334548 ns, At safepoint: 17564 ns, Total: 352112 ns
[2022-05-30T04:39:25.785+0000][7][safepoint   ] Safepoint "Cleanup", Time since last: 4002759126 ns, Reaching safepoint: 379815 ns, At safepoint: 27051 ns, Total: 406866 ns
[2022-05-30T04:39:29.787+0000][7][safepoint   ] Safepoint "Cleanup", Time since last: 4001743235 ns, Reaching safepoint: 499483 ns, At safepoint: 68311 ns, Total: 567794 ns
[2022-05-30T04:39:30.789+0000][7][safepoint   ] Safepoint "Cleanup", Time since last: 1001216197 ns, Reaching safepoint: 380887 ns, At safepoint: 29006 ns, Total: 409893 ns
[2022-05-30T04:39:37.593+0000][7][safepoint   ] Safepoint "Cleanup", Time since last: 6293973306 ns, Reaching safepoint: 336893 ns, At safepoint: 189081 ns, Total: 525974 ns
[2022-05-30T04:39:38.697+0000][7][safepoint   ] Safepoint "Cleanup", Time since last: 1029877345 ns, Reaching safepoint: 73325586 ns, At safepoint: 276839 ns, Total: 73602425 ns
[2022-05-30T04:39:40.042+0000][7][safepoint   ] Safepoint "Cleanup", Time since last: 1337258187 ns, Reaching safepoint: 7413643 ns, At safepoint: 211614 ns, Total: 7625257 ns
[2022-05-30T04:39:44.091+0000][7][safepoint   ] Safepoint "Cleanup", Time since last: 4004816066 ns, Reaching safepoint: 43975309 ns, At safepoint: 180595 ns, Total: 44155904 ns
[2022-05-30T04:39:45.640+0000][7][safepoint   ] Safepoint "Cleanup", Time since last: 1542984680 ns, Reaching safepoint: 6587437 ns, At safepoint: 86275 ns, Total: 6673712 ns
[2022-05-30T04:39:46.648+0000][7][safepoint   ] Safepoint "Cleanup", Time since last: 1007651277 ns, Reaching safepoint: 356560 ns, At safepoint: 20029 ns, Total: 376589 ns
[2022-05-30T04:39:47.652+0000][7][safepoint   ] Safepoint "Cleanup", Time since last: 1003353069 ns, Reaching safepoint: 363253 ns, At safepoint: 16862 ns, Total: 380115 ns
[2022-05-30T04:39:56.086+0000][7][safepoint   ] Safepoint "Cleanup", Time since last: 8433543073 ns, Reaching safepoint: 206474 ns, At safepoint: 11973 ns, Total: 218447 ns
[2022-05-30T04:39:58.497+0000][7][safepoint   ] Safepoint "Cleanup", Time since last: 2403616521 ns, Reaching safepoint: 7431275 ns, At safepoint: 331503 ns, Total: 7762778 ns
[2022-05-30T04:39:59.509+0000][7][safepoint   ] Safepoint "Cleanup", Time since last: 1011758285 ns, Reaching safepoint: 356711 ns, At safepoint: 55145 ns, Total: 411856 ns
[2022-05-30T04:40:00.971+0000][7][safepoint   ] Safepoint "Cleanup", Time since last: 1460452028 ns, Reaching safepoint: 1137932 ns, At safepoint: 67219 ns, Total: 1205151 ns
[2022-05-30T04:40:01.973+0000][7][safepoint   ] Safepoint "Cleanup", Time since last: 1002109061 ns, Reaching safepoint: 363894 ns, At safepoint: 19688 ns, Total: 383582 ns
[2022-05-30T04:40:02.514+0000][7][gc,heap,exit] Heap
[2022-05-30T04:40:02.514+0000][7][gc,heap,exit]  garbage-first heap   total 524288K, used 390279K [0x00000000e0000000, 0x0000000100000000)
[2022-05-30T04:40:02.515+0000][7][gc,heap,exit]   region size 4096K, 69 young (282624K), 1 survivors (4096K)
[2022-05-30T04:40:02.515+0000][7][gc,heap,exit]  Metaspace       used 130391K, committed 133824K, reserved 1179648K
[2022-05-30T04:40:02.516+0000][7][gc,heap,exit]   class space    used 17145K, committed 18816K, reserved 1048576K
