[2022-05-30T02:32:59.220+0000][423][gc,init] CardTable entry size: 512
[2022-05-30T02:32:59.222+0000][423][gc     ] Using G1
[2022-05-30T02:32:59.229+0000][423][gc,init] Version: 18.0.1.1+2-6 (release)
[2022-05-30T02:32:59.230+0000][423][gc,init] CPUs: 8 total, 8 available
[2022-05-30T02:32:59.231+0000][423][gc,init] Memory: 6914M
[2022-05-30T02:32:59.232+0000][423][gc,init] Large Page Support: Disabled
[2022-05-30T02:32:59.233+0000][423][gc,init] NUMA Support: Disabled
[2022-05-30T02:32:59.233+0000][423][gc,init] Compressed Oops: Enabled (32-bit)
[2022-05-30T02:32:59.234+0000][423][gc,init] Heap Region Size: 1M
[2022-05-30T02:32:59.235+0000][423][gc,init] Heap Min Capacity: 512M
[2022-05-30T02:32:59.236+0000][423][gc,init] Heap Initial Capacity: 512M
[2022-05-30T02:32:59.237+0000][423][gc,init] Heap Max Capacity: 512M
[2022-05-30T02:32:59.238+0000][423][gc,init] Pre-touch: Disabled
[2022-05-30T02:32:59.238+0000][423][gc,init] Parallel Workers: 8
[2022-05-30T02:32:59.239+0000][423][gc,init] Concurrent Workers: 2
[2022-05-30T02:32:59.240+0000][423][gc,init] Concurrent Refinement Workers: 8
[2022-05-30T02:32:59.240+0000][423][gc,init] Periodic GC: Disabled
[2022-05-30T02:32:59.241+0000][423][gc,metaspace] CDS archive(s) not mapped
[2022-05-30T02:32:59.242+0000][423][gc,metaspace] Compressed class space mapped at: 0x0000000100000000-0x0000000140000000, reserved size: 1073741824
[2022-05-30T02:32:59.242+0000][423][gc,metaspace] Narrow klass base: 0x0000000000000000, Narrow klass shift: 3, Narrow klass range: 0x140000000
[2022-05-30T02:32:59.443+0000][423][gc,heap,exit] Heap
[2022-05-30T02:32:59.444+0000][423][gc,heap,exit]  garbage-first heap   total 524288K, used 2048K [0x00000000e0000000, 0x0000000100000000)
[2022-05-30T02:32:59.444+0000][423][gc,heap,exit]   region size 1024K, 2 young (2048K), 0 survivors (0K)
[2022-05-30T02:32:59.445+0000][423][gc,heap,exit]  Metaspace       used 3526K, committed 3584K, reserved 1114112K
[2022-05-30T02:32:59.446+0000][423][gc,heap,exit]   class space    used 271K, committed 320K, reserved 1048576K
