[2022-05-30T01:21:35.487+0000][426][gc,init] CardTable entry size: 512
[2022-05-30T01:21:35.491+0000][426][gc     ] Using G1
[2022-05-30T01:21:35.509+0000][426][gc,init] Version: 18.0.1.1+2-6 (release)
[2022-05-30T01:21:35.515+0000][426][gc,init] CPUs: 8 total, 8 available
[2022-05-30T01:21:35.516+0000][426][gc,init] Memory: 6914M
[2022-05-30T01:21:35.517+0000][426][gc,init] Large Page Support: Disabled
[2022-05-30T01:21:35.517+0000][426][gc,init] NUMA Support: Disabled
[2022-05-30T01:21:35.518+0000][426][gc,init] Compressed Oops: Enabled (32-bit)
[2022-05-30T01:21:35.519+0000][426][gc,init] Heap Region Size: 1M
[2022-05-30T01:21:35.520+0000][426][gc,init] Heap Min Capacity: 512M
[2022-05-30T01:21:35.521+0000][426][gc,init] Heap Initial Capacity: 512M
[2022-05-30T01:21:35.522+0000][426][gc,init] Heap Max Capacity: 512M
[2022-05-30T01:21:35.524+0000][426][gc,init] Pre-touch: Disabled
[2022-05-30T01:21:35.526+0000][426][gc,init] Parallel Workers: 8
[2022-05-30T01:21:35.528+0000][426][gc,init] Concurrent Workers: 2
[2022-05-30T01:21:35.529+0000][426][gc,init] Concurrent Refinement Workers: 8
[2022-05-30T01:21:35.530+0000][426][gc,init] Periodic GC: Disabled
[2022-05-30T01:21:35.531+0000][426][gc,metaspace] CDS archive(s) not mapped
[2022-05-30T01:21:35.532+0000][426][gc,metaspace] Compressed class space mapped at: 0x0000000100000000-0x0000000140000000, reserved size: 1073741824
[2022-05-30T01:21:35.533+0000][426][gc,metaspace] Narrow klass base: 0x0000000000000000, Narrow klass shift: 3, Narrow klass range: 0x140000000
[2022-05-30T01:21:35.809+0000][426][gc,heap,exit] Heap
[2022-05-30T01:21:35.810+0000][426][gc,heap,exit]  garbage-first heap   total 524288K, used 2048K [0x00000000e0000000, 0x0000000100000000)
[2022-05-30T01:21:35.813+0000][426][gc,heap,exit]   region size 1024K, 2 young (2048K), 0 survivors (0K)
[2022-05-30T01:21:35.813+0000][426][gc,heap,exit]  Metaspace       used 3521K, committed 3584K, reserved 1114112K
[2022-05-30T01:21:35.814+0000][426][gc,heap,exit]   class space    used 271K, committed 320K, reserved 1048576K
