[2022-05-30T02:32:59.720+0000][8][gc,init] CardTable entry size: 512
[2022-05-30T02:32:59.721+0000][8][gc     ] Using G1
[2022-05-30T02:32:59.920+0000][8][gc,init] Version: 18.0.1.1+2-6 (release)
[2022-05-30T02:32:59.921+0000][8][gc,init] CPUs: 8 total, 8 available
[2022-05-30T02:32:59.922+0000][8][gc,init] Memory: 6914M
[2022-05-30T02:32:59.923+0000][8][gc,init] Large Page Support: Disabled
[2022-05-30T02:32:59.924+0000][8][gc,init] NUMA Support: Disabled
[2022-05-30T02:32:59.925+0000][8][gc,init] Compressed Oops: Enabled (32-bit)
[2022-05-30T02:32:59.925+0000][8][gc,init] Heap Region Size: 4M
[2022-05-30T02:32:59.926+0000][8][gc,init] Heap Min Capacity: 512M
[2022-05-30T02:32:59.928+0000][8][gc,init] Heap Initial Capacity: 512M
[2022-05-30T02:32:59.928+0000][8][gc,init] Heap Max Capacity: 512M
[2022-05-30T02:32:59.929+0000][8][gc,init] Pre-touch: Enabled
[2022-05-30T02:32:59.930+0000][8][gc,init] Parallel Workers: 8
[2022-05-30T02:32:59.931+0000][8][gc,init] Concurrent Workers: 2
[2022-05-30T02:32:59.933+0000][8][gc,init] Concurrent Refinement Workers: 8
[2022-05-30T02:32:59.934+0000][8][gc,init] Periodic GC: Disabled
[2022-05-30T02:32:59.935+0000][8][gc,metaspace] CDS archive(s) mapped at: [0x0000000800000000-0x0000000800baf000-0x0000000800baf000), size 12251136, SharedBaseAddress: 0x0000000800000000, ArchiveRelocationMode: 0.
[2022-05-30T02:32:59.936+0000][8][gc,metaspace] Compressed class space mapped at: 0x0000000800c00000-0x0000000840c00000, reserved size: 1073741824
[2022-05-30T02:32:59.936+0000][8][gc,metaspace] Narrow klass base: 0x0000000800000000, Narrow klass shift: 0, Narrow klass range: 0x100000000
[2022-05-30T02:33:01.180+0000][8][safepoint   ] Safepoint "Cleanup", Time since last: 1226844686 ns, Reaching safepoint: 559748 ns, At safepoint: 99310 ns, Total: 659058 ns
[2022-05-30T02:33:02.405+0000][8][safepoint   ] Safepoint "Cleanup", Time since last: 1225144491 ns, Reaching safepoint: 456752 ns, At safepoint: 16080 ns, Total: 472832 ns
[2022-05-30T02:33:03.012+0000][8][gc,start    ] GC(0) Pause Young (Normal) (G1 Evacuation Pause)
[2022-05-30T02:33:03.013+0000][8][gc,task     ] GC(0) Using 8 workers of 8 for evacuation
[2022-05-30T02:33:03.014+0000][8][gc,age      ] GC(0) Desired survivor size 2097152 bytes, new threshold 15 (max threshold 15)
[2022-05-30T02:33:03.045+0000][8][gc,phases   ] GC(0)   Pre Evacuate Collection Set: 1.9ms
[2022-05-30T02:33:03.049+0000][8][gc,phases   ] GC(0)   Merge Heap Roots: 0.3ms
[2022-05-30T02:33:03.055+0000][8][gc,phases   ] GC(0)   Evacuate Collection Set: 25.2ms
[2022-05-30T02:33:03.056+0000][8][gc,phases   ] GC(0)   Post Evacuate Collection Set: 1.5ms
[2022-05-30T02:33:03.061+0000][8][gc,phases   ] GC(0)   Other: 3.6ms
[2022-05-30T02:33:03.062+0000][8][gc,age      ] GC(0) Age table with threshold 15 (max threshold 15)
[2022-05-30T02:33:03.063+0000][8][gc,age      ] GC(0) - age   1:    4036544 bytes,    4036544 total
[2022-05-30T02:33:03.064+0000][8][gc,heap     ] GC(0) Eden regions: 6->0(5)
[2022-05-30T02:33:03.065+0000][8][gc,heap     ] GC(0) Survivor regions: 0->1(1)
[2022-05-30T02:33:03.066+0000][8][gc,heap     ] GC(0) Old regions: 0->1
[2022-05-30T02:33:03.068+0000][8][gc,heap     ] GC(0) Archive regions: 2->2
[2022-05-30T02:33:03.070+0000][8][gc,heap     ] GC(0) Humongous regions: 0->0
[2022-05-30T02:33:03.071+0000][8][gc,metaspace] GC(0) Metaspace: 8437K(8640K)->8437K(8640K) NonClass: 7503K(7616K)->7503K(7616K) Class: 934K(1024K)->934K(1024K)
[2022-05-30T02:33:03.073+0000][8][gc          ] GC(0) Pause Young (Normal) (G1 Evacuation Pause) 27M->8M(512M) 61.429ms
[2022-05-30T02:33:03.074+0000][8][gc,cpu      ] GC(0) User=0.14s Sys=0.00s Real=0.06s
[2022-05-30T02:33:03.075+0000][8][safepoint   ] Safepoint "G1CollectForAllocation", Time since last: 602351053 ns, Reaching safepoint: 4361636 ns, At safepoint: 63066246 ns, Total: 67427882 ns
[2022-05-30T02:33:04.182+0000][8][safepoint   ] Safepoint "Cleanup", Time since last: 1106277183 ns, Reaching safepoint: 434181 ns, At safepoint: 48322 ns, Total: 482503 ns
[2022-05-30T02:33:04.412+0000][8][gc,start    ] GC(1) Pause Young (Normal) (G1 Evacuation Pause)
[2022-05-30T02:33:04.413+0000][8][gc,task     ] GC(1) Using 8 workers of 8 for evacuation
[2022-05-30T02:33:04.414+0000][8][gc,age      ] GC(1) Desired survivor size 2097152 bytes, new threshold 1 (max threshold 15)
[2022-05-30T02:33:04.423+0000][8][gc,phases   ] GC(1)   Pre Evacuate Collection Set: 0.2ms
[2022-05-30T02:33:04.424+0000][8][gc,phases   ] GC(1)   Merge Heap Roots: 0.2ms
[2022-05-30T02:33:04.425+0000][8][gc,phases   ] GC(1)   Evacuate Collection Set: 6.9ms
[2022-05-30T02:33:04.425+0000][8][gc,phases   ] GC(1)   Post Evacuate Collection Set: 1.1ms
[2022-05-30T02:33:04.426+0000][8][gc,phases   ] GC(1)   Other: 1.3ms
[2022-05-30T02:33:04.427+0000][8][gc,age      ] GC(1) Age table with threshold 1 (max threshold 15)
[2022-05-30T02:33:04.428+0000][8][gc,age      ] GC(1) - age   1:    2095112 bytes,    2095112 total
[2022-05-30T02:33:04.429+0000][8][gc,heap     ] GC(1) Eden regions: 5->0(10)
[2022-05-30T02:33:04.430+0000][8][gc,heap     ] GC(1) Survivor regions: 1->1(1)
[2022-05-30T02:33:04.430+0000][8][gc,heap     ] GC(1) Old regions: 1->2
[2022-05-30T02:33:04.431+0000][8][gc,heap     ] GC(1) Archive regions: 2->2
[2022-05-30T02:33:04.432+0000][8][gc,heap     ] GC(1) Humongous regions: 0->0
[2022-05-30T02:33:04.433+0000][8][gc,metaspace] GC(1) Metaspace: 11777K(12032K)->11777K(12032K) NonClass: 10369K(10496K)->10369K(10496K) Class: 1407K(1536K)->1407K(1536K)
[2022-05-30T02:33:04.433+0000][8][gc          ] GC(1) Pause Young (Normal) (G1 Evacuation Pause) 28M->10M(512M) 21.026ms
[2022-05-30T02:33:04.434+0000][8][gc,cpu      ] GC(1) User=0.06s Sys=0.00s Real=0.02s
[2022-05-30T02:33:04.435+0000][8][safepoint   ] Safepoint "G1CollectForAllocation", Time since last: 230603061 ns, Reaching safepoint: 132945 ns, At safepoint: 22560755 ns, Total: 22693700 ns
[2022-05-30T02:33:05.657+0000][8][safepoint   ] Safepoint "Cleanup", Time since last: 1221982139 ns, Reaching safepoint: 408439 ns, At safepoint: 14839 ns, Total: 423278 ns
[2022-05-30T02:33:06.683+0000][8][safepoint   ] Safepoint "Cleanup", Time since last: 1018232213 ns, Reaching safepoint: 7504514 ns, At safepoint: 39125 ns, Total: 7543639 ns
[2022-05-30T02:33:07.085+0000][8][gc,start    ] GC(2) Pause Young (Normal) (G1 Evacuation Pause)
[2022-05-30T02:33:07.087+0000][8][gc,task     ] GC(2) Using 8 workers of 8 for evacuation
[2022-05-30T02:33:07.087+0000][8][gc,age      ] GC(2) Desired survivor size 4194304 bytes, new threshold 15 (max threshold 15)
[2022-05-30T02:33:07.113+0000][8][gc,phases   ] GC(2)   Pre Evacuate Collection Set: 0.2ms
[2022-05-30T02:33:07.114+0000][8][gc,phases   ] GC(2)   Merge Heap Roots: 0.1ms
[2022-05-30T02:33:07.115+0000][8][gc,phases   ] GC(2)   Evacuate Collection Set: 16.6ms
[2022-05-30T02:33:07.115+0000][8][gc,phases   ] GC(2)   Post Evacuate Collection Set: 8.3ms
[2022-05-30T02:33:07.116+0000][8][gc,phases   ] GC(2)   Other: 1.5ms
[2022-05-30T02:33:07.117+0000][8][gc,age      ] GC(2) Age table with threshold 15 (max threshold 15)
[2022-05-30T02:33:07.117+0000][8][gc,age      ] GC(2) - age   1:    1328800 bytes,    1328800 total
[2022-05-30T02:33:07.118+0000][8][gc,age      ] GC(2) - age   2:    2061728 bytes,    3390528 total
[2022-05-30T02:33:07.119+0000][8][gc,heap     ] GC(2) Eden regions: 10->0(60)
[2022-05-30T02:33:07.120+0000][8][gc,heap     ] GC(2) Survivor regions: 1->1(2)
[2022-05-30T02:33:07.120+0000][8][gc,heap     ] GC(2) Old regions: 2->2
[2022-05-30T02:33:07.121+0000][8][gc,heap     ] GC(2) Archive regions: 2->2
[2022-05-30T02:33:07.121+0000][8][gc,heap     ] GC(2) Humongous regions: 0->0
[2022-05-30T02:33:07.122+0000][8][gc,metaspace] GC(2) Metaspace: 14985K(15360K)->14985K(15360K) NonClass: 13252K(13440K)->13252K(13440K) Class: 1732K(1920K)->1732K(1920K)
[2022-05-30T02:33:07.123+0000][8][gc          ] GC(2) Pause Young (Normal) (G1 Evacuation Pause) 50M->11M(512M) 37.700ms
[2022-05-30T02:33:07.124+0000][8][gc,cpu      ] GC(2) User=0.08s Sys=0.01s Real=0.04s
[2022-05-30T02:33:07.125+0000][8][safepoint   ] Safepoint "G1CollectForAllocation", Time since last: 401315835 ns, Reaching safepoint: 482750 ns, At safepoint: 39617980 ns, Total: 40100730 ns
[2022-05-30T02:33:08.791+0000][8][safepoint   ] Safepoint "Cleanup", Time since last: 1657154813 ns, Reaching safepoint: 9691772 ns, At safepoint: 47651 ns, Total: 9739423 ns
[2022-05-30T02:33:10.306+0000][8][safepoint   ] Safepoint "Cleanup", Time since last: 1514560468 ns, Reaching safepoint: 344207 ns, At safepoint: 32191 ns, Total: 376398 ns
[2022-05-30T02:33:11.339+0000][8][gc,start    ] GC(3) Pause Young (Concurrent Start) (Metadata GC Threshold)
[2022-05-30T02:33:11.340+0000][8][gc,task     ] GC(3) Using 8 workers of 8 for evacuation
[2022-05-30T02:33:11.341+0000][8][gc,age      ] GC(3) Desired survivor size 16777216 bytes, new threshold 15 (max threshold 15)
[2022-05-30T02:33:11.368+0000][8][gc,phases   ] GC(3)   Pre Evacuate Collection Set: 0.7ms
[2022-05-30T02:33:11.369+0000][8][gc,phases   ] GC(3)   Merge Heap Roots: 0.2ms
[2022-05-30T02:33:11.370+0000][8][gc,phases   ] GC(3)   Evacuate Collection Set: 23.7ms
[2022-05-30T02:33:11.370+0000][8][gc,phases   ] GC(3)   Post Evacuate Collection Set: 2.0ms
[2022-05-30T02:33:11.371+0000][8][gc,phases   ] GC(3)   Other: 1.6ms
[2022-05-30T02:33:11.372+0000][8][gc,age      ] GC(3) Age table with threshold 15 (max threshold 15)
[2022-05-30T02:33:11.372+0000][8][gc,age      ] GC(3) - age   1:    3054232 bytes,    3054232 total
[2022-05-30T02:33:11.373+0000][8][gc,age      ] GC(3) - age   2:    1242120 bytes,    4296352 total
[2022-05-30T02:33:11.374+0000][8][gc,age      ] GC(3) - age   3:    2045440 bytes,    6341792 total
[2022-05-30T02:33:11.374+0000][8][gc,heap     ] GC(3) Eden regions: 37->0(74)
[2022-05-30T02:33:11.375+0000][8][gc,heap     ] GC(3) Survivor regions: 1->2(8)
[2022-05-30T02:33:11.375+0000][8][gc,heap     ] GC(3) Old regions: 2->2
[2022-05-30T02:33:11.376+0000][8][gc,heap     ] GC(3) Archive regions: 2->2
[2022-05-30T02:33:11.377+0000][8][gc,heap     ] GC(3) Humongous regions: 0->0
[2022-05-30T02:33:11.377+0000][8][gc,metaspace] GC(3) Metaspace: 21085K(21504K)->21085K(21504K) NonClass: 18704K(19008K)->18704K(19008K) Class: 2381K(2496K)->2381K(2496K)
[2022-05-30T02:33:11.378+0000][8][gc          ] GC(3) Pause Young (Concurrent Start) (Metadata GC Threshold) 158M->14M(512M) 38.682ms
[2022-05-30T02:33:11.378+0000][8][gc,cpu      ] GC(3) User=0.08s Sys=0.01s Real=0.04s
[2022-05-30T02:33:11.378+0000][8][gc          ] GC(4) Concurrent Mark Cycle
[2022-05-30T02:33:11.380+0000][8][gc,marking  ] GC(4) Concurrent Clear Claimed Marks
[2022-05-30T02:33:11.381+0000][8][gc,marking  ] GC(4) Concurrent Clear Claimed Marks 0.909ms
[2022-05-30T02:33:11.382+0000][8][gc,marking  ] GC(4) Concurrent Scan Root Regions
[2022-05-30T02:33:11.380+0000][8][safepoint   ] Safepoint "CollectForMetadataAllocation", Time since last: 1032235437 ns, Reaching safepoint: 331772 ns, At safepoint: 41259745 ns, Total: 41591517 ns
[2022-05-30T02:33:11.389+0000][8][gc,marking  ] GC(4) Concurrent Scan Root Regions 7.004ms
[2022-05-30T02:33:11.390+0000][8][gc,marking  ] GC(4) Concurrent Mark
[2022-05-30T02:33:11.390+0000][8][gc,marking  ] GC(4) Concurrent Mark From Roots
[2022-05-30T02:33:11.391+0000][8][gc,task     ] GC(4) Using 2 workers of 2 for marking
[2022-05-30T02:33:11.401+0000][8][gc,marking  ] GC(4) Concurrent Mark From Roots 11.044ms
[2022-05-30T02:33:11.402+0000][8][gc,marking  ] GC(4) Concurrent Preclean
[2022-05-30T02:33:11.403+0000][8][gc,marking  ] GC(4) Concurrent Preclean 0.715ms
[2022-05-30T02:33:11.404+0000][8][gc,start    ] GC(4) Pause Remark
[2022-05-30T02:33:11.410+0000][8][gc          ] GC(4) Pause Remark 16M->16M(512M) 6.184ms
[2022-05-30T02:33:11.411+0000][8][gc,cpu      ] GC(4) User=0.02s Sys=0.00s Real=0.00s
[2022-05-30T02:33:11.411+0000][8][safepoint   ] Safepoint "G1Concurrent", Time since last: 23212017 ns, Reaching safepoint: 271013 ns, At safepoint: 7680903 ns, Total: 7951916 ns
[2022-05-30T02:33:11.417+0000][8][gc,marking  ] GC(4) Concurrent Mark 27.622ms
[2022-05-30T02:33:11.418+0000][8][gc,marking  ] GC(4) Concurrent Rebuild Remembered Sets
[2022-05-30T02:33:11.422+0000][8][gc,marking  ] GC(4) Concurrent Rebuild Remembered Sets 3.828ms
[2022-05-30T02:33:11.423+0000][8][gc,start    ] GC(4) Pause Cleanup
[2022-05-30T02:33:11.427+0000][8][gc          ] GC(4) Pause Cleanup 16M->16M(512M) 4.054ms
[2022-05-30T02:33:11.427+0000][8][gc,cpu      ] GC(4) User=0.00s Sys=0.00s Real=0.00s
[2022-05-30T02:33:11.428+0000][8][safepoint   ] Safepoint "G1Concurrent", Time since last: 11129567 ns, Reaching safepoint: 193188 ns, At safepoint: 5120810 ns, Total: 5313998 ns
[2022-05-30T02:33:11.428+0000][8][gc,marking  ] GC(4) Concurrent Cleanup for Next Mark
[2022-05-30T02:33:11.445+0000][8][gc,marking  ] GC(4) Concurrent Cleanup for Next Mark 17.004ms
[2022-05-30T02:33:11.446+0000][8][gc          ] GC(4) Concurrent Mark Cycle 68.115ms
[2022-05-30T02:33:12.462+0000][8][safepoint   ] Safepoint "Cleanup", Time since last: 1013953991 ns, Reaching safepoint: 19968533 ns, At safepoint: 69082 ns, Total: 20037615 ns
[2022-05-30T02:33:13.472+0000][8][safepoint   ] Safepoint "Cleanup", Time since last: 1010171924 ns, Reaching safepoint: 364596 ns, At safepoint: 16962 ns, Total: 381558 ns
[2022-05-30T02:33:14.446+0000][8][gc,start    ] GC(5) Pause Young (Normal) (G1 Evacuation Pause)
[2022-05-30T02:33:14.447+0000][8][gc,task     ] GC(5) Using 8 workers of 8 for evacuation
[2022-05-30T02:33:14.448+0000][8][gc,age      ] GC(5) Desired survivor size 20971520 bytes, new threshold 15 (max threshold 15)
[2022-05-30T02:33:14.493+0000][8][gc,phases   ] GC(5)   Pre Evacuate Collection Set: 0.2ms
[2022-05-30T02:33:14.493+0000][8][gc,phases   ] GC(5)   Merge Heap Roots: 0.1ms
[2022-05-30T02:33:14.494+0000][8][gc,phases   ] GC(5)   Evacuate Collection Set: 42.5ms
[2022-05-30T02:33:14.494+0000][8][gc,phases   ] GC(5)   Post Evacuate Collection Set: 1.7ms
[2022-05-30T02:33:14.495+0000][8][gc,phases   ] GC(5)   Other: 1.3ms
[2022-05-30T02:33:14.495+0000][8][gc,age      ] GC(5) Age table with threshold 15 (max threshold 15)
[2022-05-30T02:33:14.496+0000][8][gc,age      ] GC(5) - age   1:    6144648 bytes,    6144648 total
[2022-05-30T02:33:14.497+0000][8][gc,age      ] GC(5) - age   2:    3035112 bytes,    9179760 total
[2022-05-30T02:33:14.497+0000][8][gc,age      ] GC(5) - age   3:    1239240 bytes,   10419000 total
[2022-05-30T02:33:14.498+0000][8][gc,age      ] GC(5) - age   4:    2044568 bytes,   12463568 total
[2022-05-30T02:33:14.499+0000][8][gc,heap     ] GC(5) Eden regions: 74->0(72)
[2022-05-30T02:33:14.499+0000][8][gc,heap     ] GC(5) Survivor regions: 2->4(10)
[2022-05-30T02:33:14.500+0000][8][gc,heap     ] GC(5) Old regions: 2->2
[2022-05-30T02:33:14.500+0000][8][gc,heap     ] GC(5) Archive regions: 2->2
[2022-05-30T02:33:14.501+0000][8][gc,heap     ] GC(5) Humongous regions: 0->0
[2022-05-30T02:33:14.502+0000][8][gc,metaspace] GC(5) Metaspace: 23756K(24320K)->23756K(24320K) NonClass: 20991K(21312K)->20991K(21312K) Class: 2764K(3008K)->2764K(3008K)
[2022-05-30T02:33:14.502+0000][8][gc          ] GC(5) Pause Young (Normal) (G1 Evacuation Pause) 310M->20M(512M) 56.025ms
[2022-05-30T02:33:14.503+0000][8][gc,cpu      ] GC(5) User=0.08s Sys=0.00s Real=0.06s
[2022-05-30T02:33:14.503+0000][8][safepoint   ] Safepoint "G1CollectForAllocation", Time since last: 973680980 ns, Reaching safepoint: 216499 ns, At safepoint: 57151472 ns, Total: 57367971 ns
[2022-05-30T02:33:15.516+0000][8][safepoint   ] Safepoint "Cleanup", Time since last: 1008614232 ns, Reaching safepoint: 3636485 ns, At safepoint: 26290 ns, Total: 3662775 ns
[2022-05-30T02:33:16.674+0000][8][safepoint   ] Safepoint "Cleanup", Time since last: 1157604354 ns, Reaching safepoint: 299805 ns, At safepoint: 16592 ns, Total: 316397 ns
[2022-05-30T02:33:17.415+0000][8][gc,start    ] GC(6) Pause Young (Normal) (G1 Evacuation Pause)
[2022-05-30T02:33:17.417+0000][8][gc,task     ] GC(6) Using 8 workers of 8 for evacuation
[2022-05-30T02:33:17.418+0000][8][gc,age      ] GC(6) Desired survivor size 20971520 bytes, new threshold 15 (max threshold 15)
[2022-05-30T02:33:17.505+0000][8][gc,phases   ] GC(6)   Pre Evacuate Collection Set: 0.1ms
[2022-05-30T02:33:17.507+0000][8][gc,phases   ] GC(6)   Merge Heap Roots: 0.2ms
[2022-05-30T02:33:17.508+0000][8][gc,phases   ] GC(6)   Evacuate Collection Set: 79.0ms
[2022-05-30T02:33:17.514+0000][8][gc,phases   ] GC(6)   Post Evacuate Collection Set: 4.2ms
[2022-05-30T02:33:17.515+0000][8][gc,phases   ] GC(6)   Other: 5.0ms
[2022-05-30T02:33:17.517+0000][8][gc,age      ] GC(6) Age table with threshold 15 (max threshold 15)
[2022-05-30T02:33:17.522+0000][8][gc,age      ] GC(6) - age   1:    3926048 bytes,    3926048 total
[2022-05-30T02:33:17.532+0000][8][gc,age      ] GC(6) - age   2:    5572592 bytes,    9498640 total
[2022-05-30T02:33:17.533+0000][8][gc,age      ] GC(6) - age   3:    3030456 bytes,   12529096 total
[2022-05-30T02:33:17.533+0000][8][gc,age      ] GC(6) - age   4:    1219080 bytes,   13748176 total
[2022-05-30T02:33:17.538+0000][8][gc,age      ] GC(6) - age   5:    2042256 bytes,   15790432 total
[2022-05-30T02:33:17.539+0000][8][gc,heap     ] GC(6) Eden regions: 72->0(71)
[2022-05-30T02:33:17.542+0000][8][gc,heap     ] GC(6) Survivor regions: 4->5(10)
[2022-05-30T02:33:17.543+0000][8][gc,heap     ] GC(6) Old regions: 2->2
[2022-05-30T02:33:17.544+0000][8][gc,heap     ] GC(6) Archive regions: 2->2
[2022-05-30T02:33:17.545+0000][8][gc,heap     ] GC(6) Humongous regions: 0->0
[2022-05-30T02:33:17.546+0000][8][gc,metaspace] GC(6) Metaspace: 29494K(30144K)->29494K(30144K) NonClass: 26077K(26432K)->26077K(26432K) Class: 3416K(3712K)->3416K(3712K)
[2022-05-30T02:33:17.547+0000][8][gc          ] GC(6) Pause Young (Normal) (G1 Evacuation Pause) 308M->24M(512M) 131.837ms
[2022-05-30T02:33:17.547+0000][8][gc,cpu      ] GC(6) User=0.09s Sys=0.01s Real=0.13s
[2022-05-30T02:33:17.548+0000][8][safepoint   ] Safepoint "G1CollectForAllocation", Time since last: 740003253 ns, Reaching safepoint: 1112801 ns, At safepoint: 133627968 ns, Total: 134740769 ns
[2022-05-30T02:33:18.550+0000][8][safepoint   ] Safepoint "Cleanup", Time since last: 1001350736 ns, Reaching safepoint: 290024 ns, At safepoint: 49324 ns, Total: 339348 ns
[2022-05-30T02:33:19.390+0000][8][gc,start    ] GC(7) Pause Young (Normal) (G1 Evacuation Pause)
[2022-05-30T02:33:19.391+0000][8][gc,task     ] GC(7) Using 8 workers of 8 for evacuation
[2022-05-30T02:33:19.391+0000][8][gc,age      ] GC(7) Desired survivor size 20971520 bytes, new threshold 15 (max threshold 15)
[2022-05-30T02:33:19.417+0000][8][gc,phases   ] GC(7)   Pre Evacuate Collection Set: 0.2ms
[2022-05-30T02:33:19.418+0000][8][gc,phases   ] GC(7)   Merge Heap Roots: 0.1ms
[2022-05-30T02:33:19.418+0000][8][gc,phases   ] GC(7)   Evacuate Collection Set: 21.9ms
[2022-05-30T02:33:19.419+0000][8][gc,phases   ] GC(7)   Post Evacuate Collection Set: 2.9ms
[2022-05-30T02:33:19.420+0000][8][gc,phases   ] GC(7)   Other: 1.4ms
[2022-05-30T02:33:19.420+0000][8][gc,age      ] GC(7) Age table with threshold 15 (max threshold 15)
[2022-05-30T02:33:19.421+0000][8][gc,age      ] GC(7) - age   1:    3215560 bytes,    3215560 total
[2022-05-30T02:33:19.421+0000][8][gc,age      ] GC(7) - age   2:    3201664 bytes,    6417224 total
[2022-05-30T02:33:19.422+0000][8][gc,age      ] GC(7) - age   3:    5571320 bytes,   11988544 total
[2022-05-30T02:33:19.422+0000][8][gc,age      ] GC(7) - age   4:    3030248 bytes,   15018792 total
[2022-05-30T02:33:19.423+0000][8][gc,age      ] GC(7) - age   5:    1218136 bytes,   16236928 total
[2022-05-30T02:33:19.424+0000][8][gc,age      ] GC(7) - age   6:    2039536 bytes,   18276464 total
[2022-05-30T02:33:19.424+0000][8][gc,heap     ] GC(7) Eden regions: 71->0(71)
[2022-05-30T02:33:19.425+0000][8][gc,heap     ] GC(7) Survivor regions: 5->5(10)
[2022-05-30T02:33:19.425+0000][8][gc,heap     ] GC(7) Old regions: 2->2
[2022-05-30T02:33:19.426+0000][8][gc,heap     ] GC(7) Archive regions: 2->2
[2022-05-30T02:33:19.427+0000][8][gc,heap     ] GC(7) Humongous regions: 0->0
[2022-05-30T02:33:19.427+0000][8][gc,metaspace] GC(7) Metaspace: 31028K(31744K)->31028K(31744K) NonClass: 27402K(27840K)->27402K(27840K) Class: 3626K(3904K)->3626K(3904K)
[2022-05-30T02:33:19.428+0000][8][gc          ] GC(7) Pause Young (Normal) (G1 Evacuation Pause) 308M->26M(512M) 38.203ms
[2022-05-30T02:33:19.429+0000][8][gc,cpu      ] GC(7) User=0.06s Sys=0.01s Real=0.04s
[2022-05-30T02:33:19.429+0000][8][safepoint   ] Safepoint "G1CollectForAllocation", Time since last: 839639493 ns, Reaching safepoint: 132082 ns, At safepoint: 39559965 ns, Total: 39692047 ns
[2022-05-30T02:33:20.737+0000][8][safepoint   ] Safepoint "Cleanup", Time since last: 1306698904 ns, Reaching safepoint: 786225 ns, At safepoint: 28405 ns, Total: 814630 ns
[2022-05-30T02:33:21.724+0000][8][safepoint   ] Safepoint "Cleanup", Time since last: 1001716505 ns, Reaching safepoint: 198811 ns, At safepoint: 8566 ns, Total: 207377 ns
[2022-05-30T02:33:26.730+0000][8][safepoint   ] Safepoint "Cleanup", Time since last: 5005462317 ns, Reaching safepoint: 463018 ns, At safepoint: 12564 ns, Total: 475582 ns
[2022-05-30T02:33:27.747+0000][8][safepoint   ] Safepoint "Cleanup", Time since last: 1011649303 ns, Reaching safepoint: 4905609 ns, At safepoint: 42912 ns, Total: 4948521 ns
[2022-05-30T02:33:28.281+0000][8][gc,start    ] GC(8) Pause Young (Concurrent Start) (Metadata GC Threshold)
[2022-05-30T02:33:28.286+0000][8][gc,task     ] GC(8) Using 8 workers of 8 for evacuation
[2022-05-30T02:33:28.286+0000][8][gc,age      ] GC(8) Desired survivor size 20971520 bytes, new threshold 15 (max threshold 15)
[2022-05-30T02:33:28.394+0000][8][gc,phases   ] GC(8)   Pre Evacuate Collection Set: 0.3ms
[2022-05-30T02:33:28.395+0000][8][gc,phases   ] GC(8)   Merge Heap Roots: 0.1ms
[2022-05-30T02:33:28.398+0000][8][gc,phases   ] GC(8)   Evacuate Collection Set: 67.0ms
[2022-05-30T02:33:28.402+0000][8][gc,phases   ] GC(8)   Post Evacuate Collection Set: 37.9ms
[2022-05-30T02:33:28.404+0000][8][gc,phases   ] GC(8)   Other: 3.3ms
[2022-05-30T02:33:28.405+0000][8][gc,age      ] GC(8) Age table with threshold 15 (max threshold 15)
[2022-05-30T02:33:28.406+0000][8][gc,age      ] GC(8) - age   1:    1812784 bytes,    1812784 total
[2022-05-30T02:33:28.407+0000][8][gc,age      ] GC(8) - age   2:    2812240 bytes,    4625024 total
[2022-05-30T02:33:28.408+0000][8][gc,age      ] GC(8) - age   3:    3188032 bytes,    7813056 total
[2022-05-30T02:33:28.409+0000][8][gc,age      ] GC(8) - age   4:    5555680 bytes,   13368736 total
[2022-05-30T02:33:28.410+0000][8][gc,age      ] GC(8) - age   5:    2939736 bytes,   16308472 total
[2022-05-30T02:33:28.410+0000][8][gc,age      ] GC(8) - age   6:    1207640 bytes,   17516112 total
[2022-05-30T02:33:28.411+0000][8][gc,age      ] GC(8) - age   7:    2025712 bytes,   19541824 total
[2022-05-30T02:33:28.412+0000][8][gc,heap     ] GC(8) Eden regions: 33->0(71)
[2022-05-30T02:33:28.413+0000][8][gc,heap     ] GC(8) Survivor regions: 5->5(10)
[2022-05-30T02:33:28.413+0000][8][gc,heap     ] GC(8) Old regions: 2->2
[2022-05-30T02:33:28.414+0000][8][gc,heap     ] GC(8) Archive regions: 2->2
[2022-05-30T02:33:28.415+0000][8][gc,heap     ] GC(8) Humongous regions: 0->0
[2022-05-30T02:33:28.416+0000][8][gc,metaspace] GC(8) Metaspace: 35120K(35968K)->35120K(35968K) NonClass: 30992K(31488K)->30992K(31488K) Class: 4127K(4480K)->4127K(4480K)
[2022-05-30T02:33:28.417+0000][8][gc          ] GC(8) Pause Young (Concurrent Start) (Metadata GC Threshold) 156M->27M(512M) 136.057ms
[2022-05-30T02:33:28.418+0000][8][gc,cpu      ] GC(8) User=0.30s Sys=0.01s Real=0.14s
[2022-05-30T02:33:28.421+0000][8][safepoint   ] Safepoint "CollectForMetadataAllocation", Time since last: 533914823 ns, Reaching safepoint: 144756 ns, At safepoint: 140281724 ns, Total: 140426480 ns
[2022-05-30T02:33:28.418+0000][8][gc          ] GC(9) Concurrent Mark Cycle
[2022-05-30T02:33:28.430+0000][8][gc,marking  ] GC(9) Concurrent Clear Claimed Marks
[2022-05-30T02:33:28.431+0000][8][gc,marking  ] GC(9) Concurrent Clear Claimed Marks 1.611ms
[2022-05-30T02:33:28.433+0000][8][gc,marking  ] GC(9) Concurrent Scan Root Regions
[2022-05-30T02:33:28.461+0000][8][gc,marking  ] GC(9) Concurrent Scan Root Regions 28.266ms
[2022-05-30T02:33:28.470+0000][8][gc,marking  ] GC(9) Concurrent Mark
[2022-05-30T02:33:28.477+0000][8][gc,marking  ] GC(9) Concurrent Mark From Roots
[2022-05-30T02:33:28.487+0000][8][gc,task     ] GC(9) Using 2 workers of 2 for marking
[2022-05-30T02:33:28.587+0000][8][gc,marking  ] GC(9) Concurrent Mark From Roots 110.003ms
[2022-05-30T02:33:28.597+0000][8][gc,marking  ] GC(9) Concurrent Preclean
[2022-05-30T02:33:28.607+0000][8][gc,marking  ] GC(9) Concurrent Preclean 10.428ms
[2022-05-30T02:33:28.619+0000][8][gc,start    ] GC(9) Pause Remark
[2022-05-30T02:33:28.644+0000][8][gc          ] GC(9) Pause Remark 29M->29M(512M) 25.593ms
[2022-05-30T02:33:28.645+0000][8][gc,cpu      ] GC(9) User=0.05s Sys=0.01s Real=0.02s
[2022-05-30T02:33:28.646+0000][8][safepoint   ] Safepoint "G1Concurrent", Time since last: 196723183 ns, Reaching safepoint: 920289 ns, At safepoint: 27706452 ns, Total: 28626741 ns
[2022-05-30T02:33:28.647+0000][8][gc,marking  ] GC(9) Concurrent Mark 177.091ms
[2022-05-30T02:33:28.648+0000][8][gc,marking  ] GC(9) Concurrent Rebuild Remembered Sets
[2022-05-30T02:33:28.654+0000][8][gc,marking  ] GC(9) Concurrent Rebuild Remembered Sets 6.415ms
[2022-05-30T02:33:28.658+0000][8][gc,start    ] GC(9) Pause Cleanup
[2022-05-30T02:33:28.659+0000][8][gc          ] GC(9) Pause Cleanup 29M->29M(512M) 1.209ms
[2022-05-30T02:33:28.660+0000][8][gc,cpu      ] GC(9) User=0.00s Sys=0.00s Real=0.00s
[2022-05-30T02:33:28.661+0000][8][safepoint   ] Safepoint "G1Concurrent", Time since last: 9682293 ns, Reaching safepoint: 2006090 ns, At safepoint: 2709088 ns, Total: 4715178 ns
[2022-05-30T02:33:28.661+0000][8][gc,marking  ] GC(9) Concurrent Cleanup for Next Mark
[2022-05-30T02:33:28.670+0000][8][gc,marking  ] GC(9) Concurrent Cleanup for Next Mark 8.698ms
[2022-05-30T02:33:28.671+0000][8][gc          ] GC(9) Concurrent Mark Cycle 252.974ms
[2022-05-30T02:33:29.662+0000][8][safepoint   ] Safepoint "Cleanup", Time since last: 1000859489 ns, Reaching safepoint: 617159 ns, At safepoint: 56589 ns, Total: 673748 ns
[2022-05-30T02:33:31.001+0000][8][safepoint   ] Safepoint "Cleanup", Time since last: 1338199282 ns, Reaching safepoint: 238235 ns, At safepoint: 138644 ns, Total: 376879 ns
[2022-05-30T02:33:32.006+0000][8][safepoint   ] Safepoint "Cleanup", Time since last: 1004187211 ns, Reaching safepoint: 439705 ns, At safepoint: 80433 ns, Total: 520138 ns
[2022-05-30T02:33:33.007+0000][8][safepoint   ] Safepoint "Cleanup", Time since last: 1000886540 ns, Reaching safepoint: 686852 ns, At safepoint: 39245 ns, Total: 726097 ns
[2022-05-30T02:33:34.077+0000][8][safepoint   ] Safepoint "Cleanup", Time since last: 1069840801 ns, Reaching safepoint: 336812 ns, At safepoint: 12624 ns, Total: 349436 ns
[2022-05-30T02:33:35.078+0000][8][safepoint   ] Safepoint "Cleanup", Time since last: 1000781591 ns, Reaching safepoint: 252485 ns, At safepoint: 14187 ns, Total: 266672 ns
[2022-05-30T02:33:36.080+0000][8][safepoint   ] Safepoint "Cleanup", Time since last: 1000842473 ns, Reaching safepoint: 380176 ns, At safepoint: 11632 ns, Total: 391808 ns
[2022-05-30T02:33:37.339+0000][8][gc,start    ] GC(10) Pause Young (Normal) (G1 Evacuation Pause)
[2022-05-30T02:33:37.340+0000][8][gc,task     ] GC(10) Using 8 workers of 8 for evacuation
[2022-05-30T02:33:37.341+0000][8][gc,age      ] GC(10) Desired survivor size 20971520 bytes, new threshold 15 (max threshold 15)
[2022-05-30T02:33:37.422+0000][8][gc,phases   ] GC(10)   Pre Evacuate Collection Set: 0.2ms
[2022-05-30T02:33:37.424+0000][8][gc,phases   ] GC(10)   Merge Heap Roots: 0.5ms
[2022-05-30T02:33:37.425+0000][8][gc,phases   ] GC(10)   Evacuate Collection Set: 74.6ms
[2022-05-30T02:33:37.426+0000][8][gc,phases   ] GC(10)   Post Evacuate Collection Set: 5.0ms
[2022-05-30T02:33:37.427+0000][8][gc,phases   ] GC(10)   Other: 1.5ms
[2022-05-30T02:33:37.427+0000][8][gc,age      ] GC(10) Age table with threshold 15 (max threshold 15)
[2022-05-30T02:33:37.428+0000][8][gc,age      ] GC(10) - age   1:   19987136 bytes,   19987136 total
[2022-05-30T02:33:37.428+0000][8][gc,age      ] GC(10) - age   2:    1708616 bytes,   21695752 total
[2022-05-30T02:33:37.429+0000][8][gc,age      ] GC(10) - age   3:    2799144 bytes,   24494896 total
[2022-05-30T02:33:37.429+0000][8][gc,age      ] GC(10) - age   4:    3176176 bytes,   27671072 total
[2022-05-30T02:33:37.430+0000][8][gc,age      ] GC(10) - age   5:    5541648 bytes,   33212720 total
[2022-05-30T02:33:37.430+0000][8][gc,age      ] GC(10) - age   6:    2935560 bytes,   36148280 total
[2022-05-30T02:33:37.431+0000][8][gc,age      ] GC(10) - age   7:    1199776 bytes,   37348056 total
[2022-05-30T02:33:37.431+0000][8][gc,age      ] GC(10) - age   8:    2021312 bytes,   39369368 total
[2022-05-30T02:33:37.432+0000][8][gc,heap     ] GC(10) Eden regions: 71->0(66)
[2022-05-30T02:33:37.433+0000][8][gc,heap     ] GC(10) Survivor regions: 5->10(10)
[2022-05-30T02:33:37.433+0000][8][gc,heap     ] GC(10) Old regions: 2->2
[2022-05-30T02:33:37.434+0000][8][gc,heap     ] GC(10) Archive regions: 2->2
[2022-05-30T02:33:37.435+0000][8][gc,heap     ] GC(10) Humongous regions: 0->0
[2022-05-30T02:33:37.435+0000][8][gc,metaspace] GC(10) Metaspace: 47277K(48448K)->47277K(48448K) NonClass: 41422K(42112K)->41422K(42112K) Class: 5854K(6336K)->5854K(6336K)
[2022-05-30T02:33:37.436+0000][8][gc          ] GC(10) Pause Young (Normal) (G1 Evacuation Pause) 311M->46M(512M) 96.829ms
[2022-05-30T02:33:37.437+0000][8][gc,cpu      ] GC(10) User=0.26s Sys=0.00s Real=0.09s
[2022-05-30T02:33:37.439+0000][8][safepoint   ] Safepoint "G1CollectForAllocation", Time since last: 1259114711 ns, Reaching safepoint: 504053 ns, At safepoint: 99473874 ns, Total: 99977927 ns
[2022-05-30T02:33:38.440+0000][8][safepoint   ] Safepoint "Cleanup", Time since last: 1001276546 ns, Reaching safepoint: 312346 ns, At safepoint: 12173 ns, Total: 324519 ns
[2022-05-30T02:33:39.706+0000][8][safepoint   ] Safepoint "Cleanup", Time since last: 1265857226 ns, Reaching safepoint: 216663 ns, At safepoint: 7104 ns, Total: 223767 ns
[2022-05-30T02:33:40.707+0000][8][safepoint   ] Safepoint "Cleanup", Time since last: 1000876457 ns, Reaching safepoint: 123977 ns, At safepoint: 72759 ns, Total: 196736 ns
[2022-05-30T02:33:40.863+0000][8][gc,start    ] GC(11) Pause Young (Concurrent Start) (Metadata GC Threshold)
[2022-05-30T02:33:40.863+0000][8][gc,task     ] GC(11) Using 8 workers of 8 for evacuation
[2022-05-30T02:33:40.864+0000][8][gc,age      ] GC(11) Desired survivor size 20971520 bytes, new threshold 2 (max threshold 15)
[2022-05-30T02:33:40.913+0000][8][gc,phases   ] GC(11)   Pre Evacuate Collection Set: 0.4ms
[2022-05-30T02:33:40.913+0000][8][gc,phases   ] GC(11)   Merge Heap Roots: 0.1ms
[2022-05-30T02:33:40.913+0000][8][gc,phases   ] GC(11)   Evacuate Collection Set: 42.5ms
[2022-05-30T02:33:40.914+0000][8][gc,phases   ] GC(11)   Post Evacuate Collection Set: 5.3ms
[2022-05-30T02:33:40.914+0000][8][gc,phases   ] GC(11)   Other: 1.2ms
[2022-05-30T02:33:40.914+0000][8][gc,age      ] GC(11) Age table with threshold 2 (max threshold 15)
[2022-05-30T02:33:40.915+0000][8][gc,age      ] GC(11) - age   1:    4778064 bytes,    4778064 total
[2022-05-30T02:33:40.915+0000][8][gc,age      ] GC(11) - age   2:   19698176 bytes,   24476240 total
[2022-05-30T02:33:40.915+0000][8][gc,heap     ] GC(11) Eden regions: 30->0(69)
[2022-05-30T02:33:40.916+0000][8][gc,heap     ] GC(11) Survivor regions: 10->7(10)
[2022-05-30T02:33:40.916+0000][8][gc,heap     ] GC(11) Old regions: 2->6
[2022-05-30T02:33:40.917+0000][8][gc,heap     ] GC(11) Archive regions: 2->2
[2022-05-30T02:33:40.917+0000][8][gc,heap     ] GC(11) Humongous regions: 0->0
[2022-05-30T02:33:40.918+0000][8][gc,metaspace] GC(11) Metaspace: 58877K(60288K)->58877K(60288K) NonClass: 51276K(52096K)->51276K(52096K) Class: 7600K(8192K)->7600K(8192K)
[2022-05-30T02:33:40.919+0000][8][gc          ] GC(11) Pause Young (Concurrent Start) (Metadata GC Threshold) 164M->54M(512M) 56.293ms
[2022-05-30T02:33:40.920+0000][8][gc          ] GC(12) Concurrent Mark Cycle
[2022-05-30T02:33:40.920+0000][8][gc,marking  ] GC(12) Concurrent Clear Claimed Marks
[2022-05-30T02:33:40.921+0000][8][gc,marking  ] GC(12) Concurrent Clear Claimed Marks 0.947ms
[2022-05-30T02:33:40.922+0000][8][gc,marking  ] GC(12) Concurrent Scan Root Regions
[2022-05-30T02:33:40.920+0000][8][gc,cpu      ] GC(11) User=0.16s Sys=0.04s Real=0.06s
[2022-05-30T02:33:40.957+0000][8][safepoint   ] Safepoint "CollectForMetadataAllocation", Time since last: 154717280 ns, Reaching safepoint: 331539 ns, At safepoint: 94467711 ns, Total: 94799250 ns
[2022-05-30T02:33:40.976+0000][8][gc,marking  ] GC(12) Concurrent Scan Root Regions 54.383ms
[2022-05-30T02:33:40.980+0000][8][gc,marking  ] GC(12) Concurrent Mark
[2022-05-30T02:33:40.980+0000][8][gc,marking  ] GC(12) Concurrent Mark From Roots
[2022-05-30T02:33:40.981+0000][8][gc,task     ] GC(12) Using 2 workers of 2 for marking
[2022-05-30T02:33:41.007+0000][8][gc,marking  ] GC(12) Concurrent Mark From Roots 26.891ms
[2022-05-30T02:33:41.008+0000][8][gc,marking  ] GC(12) Concurrent Preclean
[2022-05-30T02:33:41.008+0000][8][gc,marking  ] GC(12) Concurrent Preclean 0.599ms
[2022-05-30T02:33:41.009+0000][8][gc,start    ] GC(12) Pause Remark
[2022-05-30T02:33:41.038+0000][8][gc          ] GC(12) Pause Remark 56M->56M(512M) 29.214ms
[2022-05-30T02:33:41.039+0000][8][gc,cpu      ] GC(12) User=0.03s Sys=0.01s Real=0.03s
[2022-05-30T02:33:41.040+0000][8][safepoint   ] Safepoint "G1Concurrent", Time since last: 52004517 ns, Reaching safepoint: 207937 ns, At safepoint: 30492199 ns, Total: 30700136 ns
[2022-05-30T02:33:41.040+0000][8][gc,marking  ] GC(12) Concurrent Mark 60.890ms
[2022-05-30T02:33:41.041+0000][8][gc,marking  ] GC(12) Concurrent Rebuild Remembered Sets
[2022-05-30T02:33:41.055+0000][8][gc,marking  ] GC(12) Concurrent Rebuild Remembered Sets 14.166ms
[2022-05-30T02:33:41.056+0000][8][gc,start    ] GC(12) Pause Cleanup
[2022-05-30T02:33:41.057+0000][8][gc          ] GC(12) Pause Cleanup 56M->56M(512M) 0.784ms
[2022-05-30T02:33:41.058+0000][8][gc,cpu      ] GC(12) User=0.00s Sys=0.00s Real=0.01s
[2022-05-30T02:33:41.059+0000][8][safepoint   ] Safepoint "G1Concurrent", Time since last: 16377907 ns, Reaching safepoint: 419792 ns, At safepoint: 2111570 ns, Total: 2531362 ns
[2022-05-30T02:33:41.059+0000][8][gc,marking  ] GC(12) Concurrent Cleanup for Next Mark
[2022-05-30T02:33:41.063+0000][8][gc,marking  ] GC(12) Concurrent Cleanup for Next Mark 3.283ms
[2022-05-30T02:33:41.063+0000][8][gc          ] GC(12) Concurrent Mark Cycle 143.881ms
[2022-05-30T02:33:42.070+0000][8][safepoint   ] Safepoint "Cleanup", Time since last: 1001433736 ns, Reaching safepoint: 9468062 ns, At safepoint: 26380 ns, Total: 9494442 ns
[2022-05-30T02:33:43.077+0000][8][safepoint   ] Safepoint "Cleanup", Time since last: 1003153650 ns, Reaching safepoint: 4702721 ns, At safepoint: 57630 ns, Total: 4760351 ns
[2022-05-30T02:33:44.097+0000][8][safepoint   ] Safepoint "Cleanup", Time since last: 1009593517 ns, Reaching safepoint: 10035480 ns, At safepoint: 20940 ns, Total: 10056420 ns
[2022-05-30T02:33:45.100+0000][8][safepoint   ] Safepoint "Cleanup", Time since last: 1002784053 ns, Reaching safepoint: 259088 ns, At safepoint: 10901 ns, Total: 269989 ns
[2022-05-30T02:33:46.247+0000][8][safepoint   ] Safepoint "Cleanup", Time since last: 1137107102 ns, Reaching safepoint: 9797714 ns, At safepoint: 25128 ns, Total: 9822842 ns
[2022-05-30T02:33:47.298+0000][8][safepoint   ] Safepoint "Cleanup", Time since last: 1029921648 ns, Reaching safepoint: 20218420 ns, At safepoint: 667797 ns, Total: 20886217 ns
[2022-05-30T02:33:48.688+0000][8][safepoint   ] Safepoint "Cleanup", Time since last: 1389104578 ns, Reaching safepoint: 788727 ns, At safepoint: 19498 ns, Total: 808225 ns
[2022-05-30T02:33:49.668+0000][8][gc,start    ] GC(13) Pause Young (Normal) (G1 Evacuation Pause)
[2022-05-30T02:33:49.669+0000][8][gc,task     ] GC(13) Using 8 workers of 8 for evacuation
[2022-05-30T02:33:49.670+0000][8][gc,age      ] GC(13) Desired survivor size 20971520 bytes, new threshold 2 (max threshold 15)
[2022-05-30T02:33:49.722+0000][8][gc,phases   ] GC(13)   Pre Evacuate Collection Set: 0.2ms
[2022-05-30T02:33:49.723+0000][8][gc,phases   ] GC(13)   Merge Heap Roots: 0.2ms
[2022-05-30T02:33:49.724+0000][8][gc,phases   ] GC(13)   Evacuate Collection Set: 46.7ms
[2022-05-30T02:33:49.724+0000][8][gc,phases   ] GC(13)   Post Evacuate Collection Set: 3.9ms
[2022-05-30T02:33:49.725+0000][8][gc,phases   ] GC(13)   Other: 1.9ms
[2022-05-30T02:33:49.725+0000][8][gc,age      ] GC(13) Age table with threshold 2 (max threshold 15)
[2022-05-30T02:33:49.726+0000][8][gc,age      ] GC(13) - age   1:    5940112 bytes,    5940112 total
[2022-05-30T02:33:49.726+0000][8][gc,age      ] GC(13) - age   2:    4531360 bytes,   10471472 total
[2022-05-30T02:33:49.727+0000][8][gc,heap     ] GC(13) Eden regions: 69->0(72)
[2022-05-30T02:33:49.727+0000][8][gc,heap     ] GC(13) Survivor regions: 7->4(10)
[2022-05-30T02:33:49.728+0000][8][gc,heap     ] GC(13) Old regions: 6->11
[2022-05-30T02:33:49.729+0000][8][gc,heap     ] GC(13) Archive regions: 2->2
[2022-05-30T02:33:49.730+0000][8][gc,heap     ] GC(13) Humongous regions: 0->0
[2022-05-30T02:33:49.731+0000][8][gc,metaspace] GC(13) Metaspace: 70302K(71872K)->70302K(71872K) NonClass: 61158K(62080K)->61158K(62080K) Class: 9144K(9792K)->9144K(9792K)
[2022-05-30T02:33:49.732+0000][8][gc          ] GC(13) Pause Young (Normal) (G1 Evacuation Pause) 330M->60M(512M) 63.179ms
[2022-05-30T02:33:49.732+0000][8][gc,cpu      ] GC(13) User=0.22s Sys=0.02s Real=0.06s
[2022-05-30T02:33:49.735+0000][8][safepoint   ] Safepoint "G1CollectForAllocation", Time since last: 980482902 ns, Reaching safepoint: 140174 ns, At safepoint: 66283597 ns, Total: 66423771 ns
[2022-05-30T02:33:51.410+0000][8][safepoint   ] Safepoint "Cleanup", Time since last: 1660853129 ns, Reaching safepoint: 277465 ns, At safepoint: 11762 ns, Total: 289227 ns
[2022-05-30T02:33:52.698+0000][8][safepoint   ] Safepoint "Cleanup", Time since last: 1285012945 ns, Reaching safepoint: 2731486 ns, At safepoint: 65415 ns, Total: 2796901 ns
[2022-05-30T02:33:53.699+0000][8][safepoint   ] Safepoint "Cleanup", Time since last: 1001436433 ns, Reaching safepoint: 433874 ns, At safepoint: 57390 ns, Total: 491264 ns
[2022-05-30T02:33:54.701+0000][8][safepoint   ] Safepoint "Cleanup", Time since last: 1001128724 ns, Reaching safepoint: 115228 ns, At safepoint: 5661 ns, Total: 120889 ns
[2022-05-30T02:33:55.702+0000][8][safepoint   ] Safepoint "Cleanup", Time since last: 1000841058 ns, Reaching safepoint: 591850 ns, At safepoint: 45276 ns, Total: 637126 ns
[2022-05-30T02:33:57.402+0000][8][safepoint   ] Safepoint "Cleanup", Time since last: 1699412108 ns, Reaching safepoint: 558927 ns, At safepoint: 35568 ns, Total: 594495 ns
[2022-05-30T02:33:58.609+0000][8][safepoint   ] Safepoint "Cleanup", Time since last: 1205527241 ns, Reaching safepoint: 862137 ns, At safepoint: 56818 ns, Total: 918955 ns
[2022-05-30T02:33:59.610+0000][8][safepoint   ] Safepoint "Cleanup", Time since last: 1000876724 ns, Reaching safepoint: 346599 ns, At safepoint: 53222 ns, Total: 399821 ns
[2022-05-30T02:34:00.506+0000][8][gc,start    ] GC(14) Pause Young (Concurrent Start) (Metadata GC Threshold)
[2022-05-30T02:34:00.507+0000][8][gc,task     ] GC(14) Using 8 workers of 8 for evacuation
[2022-05-30T02:34:00.508+0000][8][gc,age      ] GC(14) Desired survivor size 20971520 bytes, new threshold 15 (max threshold 15)
[2022-05-30T02:34:00.559+0000][8][gc,phases   ] GC(14)   Pre Evacuate Collection Set: 0.7ms
[2022-05-30T02:34:00.560+0000][8][gc,phases   ] GC(14)   Merge Heap Roots: 0.4ms
[2022-05-30T02:34:00.561+0000][8][gc,phases   ] GC(14)   Evacuate Collection Set: 43.5ms
[2022-05-30T02:34:00.561+0000][8][gc,phases   ] GC(14)   Post Evacuate Collection Set: 6.1ms
[2022-05-30T02:34:00.562+0000][8][gc,phases   ] GC(14)   Other: 1.9ms
[2022-05-30T02:34:00.563+0000][8][gc,age      ] GC(14) Age table with threshold 15 (max threshold 15)
[2022-05-30T02:34:00.563+0000][8][gc,age      ] GC(14) - age   1:   13126960 bytes,   13126960 total
[2022-05-30T02:34:00.565+0000][8][gc,age      ] GC(14) - age   2:    5719880 bytes,   18846840 total
[2022-05-30T02:34:00.565+0000][8][gc,age      ] GC(14) - age   3:    4437504 bytes,   23284344 total
[2022-05-30T02:34:00.566+0000][8][gc,heap     ] GC(14) Eden regions: 71->0(70)
[2022-05-30T02:34:00.567+0000][8][gc,heap     ] GC(14) Survivor regions: 4->6(10)
[2022-05-30T02:34:00.569+0000][8][gc,heap     ] GC(14) Old regions: 11->11
[2022-05-30T02:34:00.570+0000][8][gc,heap     ] GC(14) Archive regions: 2->2
[2022-05-30T02:34:00.570+0000][8][gc,heap     ] GC(14) Humongous regions: 0->0
[2022-05-30T02:34:00.571+0000][8][gc,metaspace] GC(14) Metaspace: 97916K(100800K)->97916K(100800K) NonClass: 84646K(86144K)->84646K(86144K) Class: 13269K(14656K)->13269K(14656K)
[2022-05-30T02:34:00.572+0000][8][gc          ] GC(14) Pause Young (Concurrent Start) (Metadata GC Threshold) 344M->70M(512M) 65.535ms
[2022-05-30T02:34:00.572+0000][8][gc,cpu      ] GC(14) User=0.13s Sys=0.03s Real=0.07s
[2022-05-30T02:34:00.572+0000][8][gc          ] GC(15) Concurrent Mark Cycle
[2022-05-30T02:34:00.573+0000][8][gc,marking  ] GC(15) Concurrent Clear Claimed Marks
[2022-05-30T02:34:00.573+0000][8][safepoint   ] Safepoint "CollectForMetadataAllocation", Time since last: 895752269 ns, Reaching safepoint: 283942 ns, At safepoint: 67161541 ns, Total: 67445483 ns
[2022-05-30T02:34:00.574+0000][8][gc,marking  ] GC(15) Concurrent Clear Claimed Marks 0.947ms
[2022-05-30T02:34:00.576+0000][8][gc,marking  ] GC(15) Concurrent Scan Root Regions
[2022-05-30T02:34:00.614+0000][8][gc,marking  ] GC(15) Concurrent Scan Root Regions 38.722ms
[2022-05-30T02:34:00.615+0000][8][gc,marking  ] GC(15) Concurrent Mark
[2022-05-30T02:34:00.616+0000][8][gc,marking  ] GC(15) Concurrent Mark From Roots
[2022-05-30T02:34:00.616+0000][8][gc,task     ] GC(15) Using 2 workers of 2 for marking
[2022-05-30T02:34:00.689+0000][8][gc,marking  ] GC(15) Concurrent Mark From Roots 73.268ms
[2022-05-30T02:34:00.690+0000][8][gc,marking  ] GC(15) Concurrent Preclean
[2022-05-30T02:34:00.691+0000][8][gc,marking  ] GC(15) Concurrent Preclean 1.133ms
[2022-05-30T02:34:00.693+0000][8][gc,start    ] GC(15) Pause Remark
[2022-05-30T02:34:00.725+0000][8][gc          ] GC(15) Pause Remark 74M->74M(512M) 32.800ms
[2022-05-30T02:34:00.726+0000][8][gc,cpu      ] GC(15) User=0.09s Sys=0.00s Real=0.03s
[2022-05-30T02:34:00.727+0000][8][safepoint   ] Safepoint "G1Concurrent", Time since last: 118907216 ns, Reaching safepoint: 510454 ns, At safepoint: 34465336 ns, Total: 34975790 ns
[2022-05-30T02:34:00.728+0000][8][gc,marking  ] GC(15) Concurrent Mark 112.771ms
[2022-05-30T02:34:00.729+0000][8][gc,marking  ] GC(15) Concurrent Rebuild Remembered Sets
[2022-05-30T02:34:00.761+0000][8][gc,marking  ] GC(15) Concurrent Rebuild Remembered Sets 31.918ms
[2022-05-30T02:34:00.772+0000][8][gc,start    ] GC(15) Pause Cleanup
[2022-05-30T02:34:00.773+0000][8][gc          ] GC(15) Pause Cleanup 76M->76M(512M) 0.941ms
[2022-05-30T02:34:00.773+0000][8][gc,cpu      ] GC(15) User=0.00s Sys=0.00s Real=0.00s
[2022-05-30T02:34:00.774+0000][8][safepoint   ] Safepoint "G1Concurrent", Time since last: 41018094 ns, Reaching safepoint: 3635310 ns, At safepoint: 2336989 ns, Total: 5972299 ns
[2022-05-30T02:34:00.778+0000][8][gc,marking  ] GC(15) Concurrent Cleanup for Next Mark
[2022-05-30T02:34:00.781+0000][8][gc,marking  ] GC(15) Concurrent Cleanup for Next Mark 3.810ms
[2022-05-30T02:34:00.782+0000][8][gc          ] GC(15) Concurrent Mark Cycle 209.940ms
[2022-05-30T02:34:02.773+0000][8][safepoint   ] Safepoint "Cleanup", Time since last: 1998272653 ns, Reaching safepoint: 490733 ns, At safepoint: 29096 ns, Total: 519829 ns
[2022-05-30T02:34:03.753+0000][8][safepoint   ] Safepoint "ICBufferFull", Time since last: 979508157 ns, Reaching safepoint: 308554 ns, At safepoint: 8015 ns, Total: 316569 ns
[2022-05-30T02:34:05.145+0000][8][safepoint   ] Safepoint "Cleanup", Time since last: 1392060952 ns, Reaching safepoint: 464888 ns, At safepoint: 41790 ns, Total: 506678 ns
[2022-05-30T02:34:06.494+0000][8][safepoint   ] Safepoint "Cleanup", Time since last: 1290907421 ns, Reaching safepoint: 57797141 ns, At safepoint: 96905 ns, Total: 57894046 ns
[2022-05-30T02:34:07.674+0000][8][safepoint   ] Safepoint "Cleanup", Time since last: 1180155082 ns, Reaching safepoint: 371289 ns, At safepoint: 11141 ns, Total: 382430 ns
[2022-05-30T02:34:09.178+0000][8][safepoint   ] Safepoint "Cleanup", Time since last: 1497151765 ns, Reaching safepoint: 6019561 ns, At safepoint: 69463 ns, Total: 6089024 ns
[2022-05-30T02:34:10.641+0000][8][safepoint   ] Safepoint "Cleanup", Time since last: 1462807389 ns, Reaching safepoint: 461983 ns, At safepoint: 105010 ns, Total: 566993 ns
[2022-05-30T02:34:11.838+0000][8][safepoint   ] Safepoint "Cleanup", Time since last: 1196569794 ns, Reaching safepoint: 534353 ns, At safepoint: 29326 ns, Total: 563679 ns
[2022-05-30T02:34:13.123+0000][8][safepoint   ] Safepoint "Cleanup", Time since last: 1284074408 ns, Reaching safepoint: 343295 ns, At safepoint: 15099 ns, Total: 358394 ns
[2022-05-30T02:34:14.579+0000][8][safepoint   ] Safepoint "Cleanup", Time since last: 1456353225 ns, Reaching safepoint: 328287 ns, At safepoint: 10440 ns, Total: 338727 ns
[2022-05-30T02:34:15.622+0000][8][safepoint   ] Safepoint "Cleanup", Time since last: 1042410561 ns, Reaching safepoint: 355299 ns, At safepoint: 16992 ns, Total: 372291 ns
[2022-05-30T02:34:16.630+0000][8][safepoint   ] Safepoint "Cleanup", Time since last: 1006829556 ns, Reaching safepoint: 742491 ns, At safepoint: 87467 ns, Total: 829958 ns
[2022-05-30T02:34:17.631+0000][8][safepoint   ] Safepoint "Cleanup", Time since last: 1000901735 ns, Reaching safepoint: 343817 ns, At safepoint: 12864 ns, Total: 356681 ns
[2022-05-30T02:34:18.744+0000][8][safepoint   ] Safepoint "Cleanup", Time since last: 1112102824 ns, Reaching safepoint: 293310 ns, At safepoint: 47010 ns, Total: 340320 ns
[2022-05-30T02:34:20.188+0000][8][safepoint   ] Safepoint "Cleanup", Time since last: 1444121563 ns, Reaching safepoint: 324610 ns, At safepoint: 39355 ns, Total: 363965 ns
[2022-05-30T02:34:22.013+0000][8][safepoint   ] Safepoint "Cleanup", Time since last: 1817390200 ns, Reaching safepoint: 323257 ns, At safepoint: 37031 ns, Total: 360288 ns
[2022-05-30T02:34:23.014+0000][8][safepoint   ] Safepoint "Cleanup", Time since last: 1000563792 ns, Reaching safepoint: 427866 ns, At safepoint: 47601 ns, Total: 475467 ns
[2022-05-30T02:34:24.028+0000][8][safepoint   ] Safepoint "Cleanup", Time since last: 1013242869 ns, Reaching safepoint: 362483 ns, At safepoint: 154936 ns, Total: 517419 ns
[2022-05-30T02:34:25.030+0000][8][safepoint   ] Safepoint "Cleanup", Time since last: 1001337885 ns, Reaching safepoint: 336001 ns, At safepoint: 55186 ns, Total: 391187 ns
[2022-05-30T02:34:26.033+0000][8][safepoint   ] Safepoint "Cleanup", Time since last: 1002620798 ns, Reaching safepoint: 436112 ns, At safepoint: 22122 ns, Total: 458234 ns
[2022-05-30T02:34:27.303+0000][8][safepoint   ] Safepoint "Cleanup", Time since last: 1268320317 ns, Reaching safepoint: 1145764 ns, At safepoint: 129357 ns, Total: 1275121 ns
[2022-05-30T02:34:28.307+0000][8][safepoint   ] Safepoint "Cleanup", Time since last: 1003620299 ns, Reaching safepoint: 422407 ns, At safepoint: 18224 ns, Total: 440631 ns
[2022-05-30T02:34:29.368+0000][8][safepoint   ] Safepoint "Cleanup", Time since last: 1060701890 ns, Reaching safepoint: 321954 ns, At safepoint: 122134 ns, Total: 444088 ns
[2022-05-30T02:34:30.199+0000][8][gc,start    ] GC(16) Pause Young (Normal) (G1 Evacuation Pause)
[2022-05-30T02:34:30.199+0000][8][gc,task     ] GC(16) Using 8 workers of 8 for evacuation
[2022-05-30T02:34:30.200+0000][8][gc,age      ] GC(16) Desired survivor size 20971520 bytes, new threshold 3 (max threshold 15)
[2022-05-30T02:34:30.241+0000][8][gc,phases   ] GC(16)   Pre Evacuate Collection Set: 0.5ms
[2022-05-30T02:34:30.242+0000][8][gc,phases   ] GC(16)   Merge Heap Roots: 0.2ms
[2022-05-30T02:34:30.242+0000][8][gc,phases   ] GC(16)   Evacuate Collection Set: 35.7ms
[2022-05-30T02:34:30.242+0000][8][gc,phases   ] GC(16)   Post Evacuate Collection Set: 4.4ms
[2022-05-30T02:34:30.243+0000][8][gc,phases   ] GC(16)   Other: 1.2ms
[2022-05-30T02:34:30.243+0000][8][gc,age      ] GC(16) Age table with threshold 3 (max threshold 15)
[2022-05-30T02:34:30.243+0000][8][gc,age      ] GC(16) - age   1:   17672168 bytes,   17672168 total
[2022-05-30T02:34:30.244+0000][8][gc,age      ] GC(16) - age   2:   12650832 bytes,   30323000 total
[2022-05-30T02:34:30.244+0000][8][gc,age      ] GC(16) - age   3:    5681104 bytes,   36004104 total
[2022-05-30T02:34:30.245+0000][8][gc,heap     ] GC(16) Eden regions: 70->0(66)
[2022-05-30T02:34:30.245+0000][8][gc,heap     ] GC(16) Survivor regions: 6->10(10)
[2022-05-30T02:34:30.245+0000][8][gc,heap     ] GC(16) Old regions: 11->12
[2022-05-30T02:34:30.246+0000][8][gc,heap     ] GC(16) Archive regions: 2->2
[2022-05-30T02:34:30.246+0000][8][gc,heap     ] GC(16) Humongous regions: 2->2
[2022-05-30T02:34:30.247+0000][8][gc,metaspace] GC(16) Metaspace: 115649K(118720K)->115649K(118720K) NonClass: 99790K(101376K)->99790K(101376K) Class: 15858K(17344K)->15858K(17344K)
[2022-05-30T02:34:30.247+0000][8][gc          ] GC(16) Pause Young (Normal) (G1 Evacuation Pause) 358M->95M(512M) 48.336ms
[2022-05-30T02:34:30.247+0000][8][gc,cpu      ] GC(16) User=0.26s Sys=0.01s Real=0.04s
[2022-05-30T02:34:30.248+0000][8][safepoint   ] Safepoint "G1CollectForAllocation", Time since last: 830183186 ns, Reaching safepoint: 555681 ns, At safepoint: 49248838 ns, Total: 49804519 ns
[2022-05-30T02:34:31.252+0000][8][safepoint   ] Safepoint "Cleanup", Time since last: 1003600534 ns, Reaching safepoint: 343666 ns, At safepoint: 12463 ns, Total: 356129 ns
[2022-05-30T02:34:32.282+0000][8][safepoint   ] Safepoint "Cleanup", Time since last: 1029665176 ns, Reaching safepoint: 445059 ns, At safepoint: 49595 ns, Total: 494654 ns
[2022-05-30T02:34:33.329+0000][8][safepoint   ] Safepoint "Cleanup", Time since last: 1026774601 ns, Reaching safepoint: 19874921 ns, At safepoint: 253153 ns, Total: 20128074 ns
[2022-05-30T02:34:34.604+0000][8][safepoint   ] Safepoint "Cleanup", Time since last: 1006683331 ns, Reaching safepoint: 268527932 ns, At safepoint: 300895 ns, Total: 268828827 ns
[2022-05-30T02:34:35.616+0000][8][safepoint   ] Safepoint "Cleanup", Time since last: 1006281395 ns, Reaching safepoint: 5133220 ns, At safepoint: 269975 ns, Total: 5403195 ns
[2022-05-30T02:34:36.622+0000][8][safepoint   ] Safepoint "Cleanup", Time since last: 1005937226 ns, Reaching safepoint: 419411 ns, At safepoint: 23024 ns, Total: 442435 ns
[2022-05-30T02:34:37.679+0000][8][safepoint   ] Safepoint "Cleanup", Time since last: 1056353884 ns, Reaching safepoint: 314702 ns, At safepoint: 124278 ns, Total: 438980 ns
[2022-05-30T02:34:38.681+0000][8][safepoint   ] Safepoint "Cleanup", Time since last: 1001533042 ns, Reaching safepoint: 374680 ns, At safepoint: 49124 ns, Total: 423804 ns
[2022-05-30T02:34:40.861+0000][8][safepoint   ] Safepoint "Cleanup", Time since last: 1060897888 ns, Reaching safepoint: 1118944093 ns, At safepoint: 353244 ns, Total: 1119297337 ns
[2022-05-30T02:34:41.865+0000][8][safepoint   ] Safepoint "Cleanup", Time since last: 1002680697 ns, Reaching safepoint: 1135667 ns, At safepoint: 214720 ns, Total: 1350387 ns
[2022-05-30T02:34:43.157+0000][8][safepoint   ] Safepoint "Cleanup", Time since last: 1002624713 ns, Reaching safepoint: 288490066 ns, At safepoint: 255709 ns, Total: 288745775 ns
[2022-05-30T02:34:44.206+0000][8][safepoint   ] Safepoint "Cleanup", Time since last: 1004606034 ns, Reaching safepoint: 44505529 ns, At safepoint: 177329 ns, Total: 44682858 ns
[2022-05-30T02:34:46.103+0000][8][safepoint   ] Safepoint "Cleanup", Time since last: 1845383292 ns, Reaching safepoint: 51456513 ns, At safepoint: 351351 ns, Total: 51807864 ns
[2022-05-30T02:34:47.108+0000][8][safepoint   ] Safepoint "Cleanup", Time since last: 1001289907 ns, Reaching safepoint: 3682047 ns, At safepoint: 125670 ns, Total: 3807717 ns
[2022-05-30T02:34:48.109+0000][8][safepoint   ] Safepoint "Cleanup", Time since last: 1000773538 ns, Reaching safepoint: 375807 ns, At safepoint: 69182 ns, Total: 444989 ns
[2022-05-30T02:34:49.111+0000][8][safepoint   ] Safepoint "Cleanup", Time since last: 1001082213 ns, Reaching safepoint: 397689 ns, At safepoint: 16802 ns, Total: 414491 ns
[2022-05-30T02:34:51.295+0000][8][safepoint   ] Safepoint "Cleanup", Time since last: 2184103786 ns, Reaching safepoint: 362542 ns, At safepoint: 29656 ns, Total: 392198 ns
[2022-05-30T02:34:52.290+0000][8][safepoint   ] Safepoint "Cleanup", Time since last: 1000811643 ns, Reaching safepoint: 272855 ns, At safepoint: 27933 ns, Total: 300788 ns
[2022-05-30T02:34:55.011+0000][8][safepoint   ] Safepoint "Cleanup", Time since last: 2720331461 ns, Reaching safepoint: 592110 ns, At safepoint: 29827 ns, Total: 621937 ns
[2022-05-30T02:34:57.403+0000][8][safepoint   ] Safepoint "ICBufferFull", Time since last: 2384432085 ns, Reaching safepoint: 7275004 ns, At safepoint: 225901 ns, Total: 7500905 ns
[2022-05-30T02:34:58.360+0000][8][safepoint   ] Safepoint "ICBufferFull", Time since last: 955998318 ns, Reaching safepoint: 821209 ns, At safepoint: 150216 ns, Total: 971425 ns
[2022-05-30T02:34:59.362+0000][8][safepoint   ] Safepoint "Cleanup", Time since last: 1002435147 ns, Reaching safepoint: 336522 ns, At safepoint: 20579 ns, Total: 357101 ns
[2022-05-30T02:35:00.112+0000][8][gc,start    ] GC(17) Pause Young (Normal) (G1 Evacuation Pause)
[2022-05-30T02:35:00.113+0000][8][gc,task     ] GC(17) Using 8 workers of 8 for evacuation
[2022-05-30T02:35:00.114+0000][8][gc,age      ] GC(17) Desired survivor size 20971520 bytes, new threshold 2 (max threshold 15)
[2022-05-30T02:35:00.183+0000][8][gc,phases   ] GC(17)   Pre Evacuate Collection Set: 0.4ms
[2022-05-30T02:35:00.184+0000][8][gc,phases   ] GC(17)   Merge Heap Roots: 0.2ms
[2022-05-30T02:35:00.184+0000][8][gc,phases   ] GC(17)   Evacuate Collection Set: 63.1ms
[2022-05-30T02:35:00.185+0000][8][gc,phases   ] GC(17)   Post Evacuate Collection Set: 4.4ms
[2022-05-30T02:35:00.185+0000][8][gc,phases   ] GC(17)   Other: 1.6ms
[2022-05-30T02:35:00.186+0000][8][gc,age      ] GC(17) Age table with threshold 2 (max threshold 15)
[2022-05-30T02:35:00.186+0000][8][gc,age      ] GC(17) - age   1:   13320880 bytes,   13320880 total
[2022-05-30T02:35:00.187+0000][8][gc,age      ] GC(17) - age   2:   12463360 bytes,   25784240 total
[2022-05-30T02:35:00.187+0000][8][gc,heap     ] GC(17) Eden regions: 66->0(69)
[2022-05-30T02:35:00.188+0000][8][gc,heap     ] GC(17) Survivor regions: 10->7(10)
[2022-05-30T02:35:00.189+0000][8][gc,heap     ] GC(17) Old regions: 12->17
[2022-05-30T02:35:00.190+0000][8][gc,heap     ] GC(17) Archive regions: 2->2
[2022-05-30T02:35:00.190+0000][8][gc,heap     ] GC(17) Humongous regions: 2->2
[2022-05-30T02:35:00.191+0000][8][gc,metaspace] GC(17) Metaspace: 119249K(122368K)->119249K(122368K) NonClass: 102969K(104640K)->102969K(104640K) Class: 16279K(17728K)->16279K(17728K)
[2022-05-30T02:35:00.191+0000][8][gc          ] GC(17) Pause Young (Normal) (G1 Evacuation Pause) 359M->104M(512M) 79.254ms
[2022-05-30T02:35:00.192+0000][8][gc,cpu      ] GC(17) User=0.47s Sys=0.02s Real=0.08s
[2022-05-30T02:35:00.193+0000][8][safepoint   ] Safepoint "G1CollectForAllocation", Time since last: 749126673 ns, Reaching safepoint: 631873 ns, At safepoint: 81420922 ns, Total: 82052795 ns
[2022-05-30T02:35:02.382+0000][8][safepoint   ] Safepoint "Cleanup", Time since last: 2161869988 ns, Reaching safepoint: 23700205 ns, At safepoint: 3057146 ns, Total: 26757351 ns
[2022-05-30T02:35:03.442+0000][8][safepoint   ] Safepoint "Cleanup", Time since last: 1043512354 ns, Reaching safepoint: 15758934 ns, At safepoint: 189171 ns, Total: 15948105 ns
[2022-05-30T02:35:04.456+0000][8][safepoint   ] Safepoint "Cleanup", Time since last: 1014202369 ns, Reaching safepoint: 649602 ns, At safepoint: 36600 ns, Total: 686202 ns
[2022-05-30T02:35:05.905+0000][8][safepoint   ] Safepoint "Cleanup", Time since last: 1007915307 ns, Reaching safepoint: 407444404 ns, At safepoint: 33592088 ns, Total: 441036492 ns
[2022-05-30T02:35:07.018+0000][8][safepoint   ] Safepoint "Cleanup", Time since last: 1111603000 ns, Reaching safepoint: 415262 ns, At safepoint: 50276 ns, Total: 465538 ns
[2022-05-30T02:35:09.065+0000][8][safepoint   ] Safepoint "Cleanup", Time since last: 2041445537 ns, Reaching safepoint: 6081843 ns, At safepoint: 333226 ns, Total: 6415069 ns
[2022-05-30T02:35:10.128+0000][8][safepoint   ] Safepoint "Cleanup", Time since last: 1001641368 ns, Reaching safepoint: 60838375 ns, At safepoint: 243956 ns, Total: 61082331 ns
[2022-05-30T02:35:11.578+0000][8][safepoint   ] Safepoint "Cleanup", Time since last: 1449074462 ns, Reaching safepoint: 378683 ns, At safepoint: 24978 ns, Total: 403661 ns
[2022-05-30T02:35:12.595+0000][8][safepoint   ] Safepoint "Cleanup", Time since last: 1017550151 ns, Reaching safepoint: 360759 ns, At safepoint: 18876 ns, Total: 379635 ns
[2022-05-30T02:35:14.247+0000][8][safepoint   ] Safepoint "Cleanup", Time since last: 1644826065 ns, Reaching safepoint: 3807499 ns, At safepoint: 2770823 ns, Total: 6578322 ns
[2022-05-30T02:35:15.254+0000][8][safepoint   ] Safepoint "Cleanup", Time since last: 1006422704 ns, Reaching safepoint: 618581 ns, At safepoint: 75324 ns, Total: 693905 ns
[2022-05-30T02:35:16.506+0000][8][safepoint   ] Safepoint "Cleanup", Time since last: 1251712572 ns, Reaching safepoint: 275255 ns, At safepoint: 12233 ns, Total: 287488 ns
[2022-05-30T02:35:17.507+0000][8][safepoint   ] Safepoint "Cleanup", Time since last: 1000603459 ns, Reaching safepoint: 420877 ns, At safepoint: 114820 ns, Total: 535697 ns
[2022-05-30T02:35:18.508+0000][8][safepoint   ] Safepoint "Cleanup", Time since last: 1000806406 ns, Reaching safepoint: 403480 ns, At safepoint: 26070 ns, Total: 429550 ns
[2022-05-30T02:35:19.509+0000][8][safepoint   ] Safepoint "Cleanup", Time since last: 1000661969 ns, Reaching safepoint: 400324 ns, At safepoint: 22022 ns, Total: 422346 ns
[2022-05-30T02:35:21.517+0000][8][safepoint   ] Safepoint "Cleanup", Time since last: 2006212700 ns, Reaching safepoint: 708232 ns, At safepoint: 81475 ns, Total: 789707 ns
[2022-05-30T02:35:22.518+0000][8][safepoint   ] Safepoint "Cleanup", Time since last: 1000909621 ns, Reaching safepoint: 415824 ns, At safepoint: 11362 ns, Total: 427186 ns
[2022-05-30T02:35:23.519+0000][8][safepoint   ] Safepoint "Cleanup", Time since last: 1000791188 ns, Reaching safepoint: 453957 ns, At safepoint: 38734 ns, Total: 492691 ns
[2022-05-30T02:35:24.555+0000][8][safepoint   ] Safepoint "Cleanup", Time since last: 1035672968 ns, Reaching safepoint: 499022 ns, At safepoint: 16732 ns, Total: 515754 ns
[2022-05-30T02:35:26.557+0000][8][safepoint   ] Safepoint "Cleanup", Time since last: 2000929365 ns, Reaching safepoint: 428819 ns, At safepoint: 28284 ns, Total: 457103 ns
[2022-05-30T02:35:28.140+0000][8][safepoint   ] Safepoint "Cleanup", Time since last: 1582785476 ns, Reaching safepoint: 321263 ns, At safepoint: 11822 ns, Total: 333085 ns
[2022-05-30T02:35:29.141+0000][8][safepoint   ] Safepoint "Cleanup", Time since last: 1000941306 ns, Reaching safepoint: 337744 ns, At safepoint: 19598 ns, Total: 357342 ns
[2022-05-30T02:35:30.672+0000][8][safepoint   ] Safepoint "Cleanup", Time since last: 1530542839 ns, Reaching safepoint: 488673 ns, At safepoint: 34286 ns, Total: 522959 ns
[2022-05-30T02:35:31.758+0000][8][safepoint   ] Safepoint "Cleanup", Time since last: 1000810835 ns, Reaching safepoint: 84450471 ns, At safepoint: 130990 ns, Total: 84581461 ns
[2022-05-30T02:35:32.762+0000][8][safepoint   ] Safepoint "Cleanup", Time since last: 1002740445 ns, Reaching safepoint: 1611216 ns, At safepoint: 104850 ns, Total: 1716066 ns
[2022-05-30T02:35:33.764+0000][8][safepoint   ] Safepoint "Cleanup", Time since last: 1001501935 ns, Reaching safepoint: 462313 ns, At safepoint: 60435 ns, Total: 522748 ns
[2022-05-30T02:35:34.765+0000][8][safepoint   ] Safepoint "Cleanup", Time since last: 1000896179 ns, Reaching safepoint: 329870 ns, At safepoint: 31029 ns, Total: 360899 ns
[2022-05-30T02:35:36.856+0000][8][safepoint   ] Safepoint "Cleanup", Time since last: 2090123754 ns, Reaching safepoint: 382461 ns, At safepoint: 25448 ns, Total: 407909 ns
[2022-05-30T02:35:38.351+0000][8][safepoint   ] Safepoint "Cleanup", Time since last: 1000752899 ns, Reaching safepoint: 493883704 ns, At safepoint: 269855 ns, Total: 494153559 ns
[2022-05-30T02:35:39.575+0000][8][safepoint   ] Safepoint "Cleanup", Time since last: 1223684819 ns, Reaching safepoint: 246537 ns, At safepoint: 16090 ns, Total: 262627 ns
[2022-05-30T02:35:40.576+0000][8][safepoint   ] Safepoint "Cleanup", Time since last: 1000853291 ns, Reaching safepoint: 171718 ns, At safepoint: 41920 ns, Total: 213638 ns
[2022-05-30T02:35:41.731+0000][8][safepoint   ] Safepoint "Cleanup", Time since last: 1001194749 ns, Reaching safepoint: 153323081 ns, At safepoint: 214259 ns, Total: 153537340 ns
[2022-05-30T02:35:42.733+0000][8][safepoint   ] Safepoint "Cleanup", Time since last: 1002270544 ns, Reaching safepoint: 443677 ns, At safepoint: 66307 ns, Total: 509984 ns
[2022-05-30T02:35:44.558+0000][8][safepoint   ] Safepoint "Cleanup", Time since last: 1824389271 ns, Reaching safepoint: 465570 ns, At safepoint: 81135 ns, Total: 546705 ns
[2022-05-30T02:35:46.117+0000][8][safepoint   ] Safepoint "Cleanup", Time since last: 1558083343 ns, Reaching safepoint: 471740 ns, At safepoint: 41810 ns, Total: 513550 ns
[2022-05-30T02:35:47.447+0000][8][safepoint   ] Safepoint "Cleanup", Time since last: 1000708290 ns, Reaching safepoint: 329023409 ns, At safepoint: 205572 ns, Total: 329228981 ns
[2022-05-30T02:35:48.453+0000][8][safepoint   ] Safepoint "Cleanup", Time since last: 1005577827 ns, Reaching safepoint: 594405 ns, At safepoint: 66447 ns, Total: 660852 ns
[2022-05-30T02:35:51.455+0000][8][safepoint   ] Safepoint "Cleanup", Time since last: 3001327157 ns, Reaching safepoint: 398080 ns, At safepoint: 44975 ns, Total: 443055 ns
[2022-05-30T02:35:52.456+0000][8][safepoint   ] Safepoint "Cleanup", Time since last: 1001181473 ns, Reaching safepoint: 354287 ns, At safepoint: 49504 ns, Total: 403791 ns
[2022-05-30T02:35:53.509+0000][8][safepoint   ] Safepoint "Cleanup", Time since last: 1052496129 ns, Reaching safepoint: 427696 ns, At safepoint: 34266 ns, Total: 461962 ns
[2022-05-30T02:35:54.782+0000][8][safepoint   ] Safepoint "Cleanup", Time since last: 1271719663 ns, Reaching safepoint: 412938 ns, At safepoint: 26300 ns, Total: 439238 ns
[2022-05-30T02:35:55.783+0000][8][safepoint   ] Safepoint "Cleanup", Time since last: 1001100307 ns, Reaching safepoint: 356450 ns, At safepoint: 22573 ns, Total: 379023 ns
[2022-05-30T02:35:57.167+0000][8][safepoint   ] Safepoint "Cleanup", Time since last: 1383371350 ns, Reaching safepoint: 454828 ns, At safepoint: 85673 ns, Total: 540501 ns
[2022-05-30T02:35:58.168+0000][8][safepoint   ] Safepoint "Cleanup", Time since last: 1000687778 ns, Reaching safepoint: 303639 ns, At safepoint: 13777 ns, Total: 317416 ns
[2022-05-30T02:35:59.169+0000][8][safepoint   ] Safepoint "Cleanup", Time since last: 1000880690 ns, Reaching safepoint: 509824 ns, At safepoint: 28574 ns, Total: 538398 ns
[2022-05-30T02:36:00.802+0000][8][safepoint   ] Safepoint "Cleanup", Time since last: 1632535993 ns, Reaching safepoint: 372792 ns, At safepoint: 30729 ns, Total: 403521 ns
[2022-05-30T02:36:02.332+0000][8][safepoint   ] Safepoint "Cleanup", Time since last: 1529441566 ns, Reaching safepoint: 207857 ns, At safepoint: 9478 ns, Total: 217335 ns
[2022-05-30T02:36:03.363+0000][8][safepoint   ] Safepoint "Cleanup", Time since last: 1030667343 ns, Reaching safepoint: 360618 ns, At safepoint: 22182 ns, Total: 382800 ns
[2022-05-30T02:36:04.366+0000][8][safepoint   ] Safepoint "Cleanup", Time since last: 1002732738 ns, Reaching safepoint: 376579 ns, At safepoint: 29155 ns, Total: 405734 ns
[2022-05-30T02:36:06.380+0000][8][safepoint   ] Safepoint "Cleanup", Time since last: 2002585520 ns, Reaching safepoint: 10786445 ns, At safepoint: 109930 ns, Total: 10896375 ns
[2022-05-30T02:36:07.381+0000][8][safepoint   ] Safepoint "Cleanup", Time since last: 1001198791 ns, Reaching safepoint: 528761 ns, At safepoint: 46148 ns, Total: 574909 ns
[2022-05-30T02:36:09.393+0000][8][safepoint   ] Safepoint "Cleanup", Time since last: 2011566177 ns, Reaching safepoint: 433327 ns, At safepoint: 47060 ns, Total: 480387 ns
[2022-05-30T02:36:10.395+0000][8][safepoint   ] Safepoint "Cleanup", Time since last: 1000628651 ns, Reaching safepoint: 459547 ns, At safepoint: 17634 ns, Total: 477181 ns
[2022-05-30T02:36:12.396+0000][8][safepoint   ] Safepoint "Cleanup", Time since last: 2000816705 ns, Reaching safepoint: 413119 ns, At safepoint: 17724 ns, Total: 430843 ns
[2022-05-30T02:36:14.377+0000][8][safepoint   ] Safepoint "Cleanup", Time since last: 1165495285 ns, Reaching safepoint: 815682159 ns, At safepoint: 143524 ns, Total: 815825683 ns
[2022-05-30T02:36:14.912+0000][8][gc,start    ] GC(18) Pause Young (Normal) (G1 Evacuation Pause)
[2022-05-30T02:36:14.913+0000][8][gc,task     ] GC(18) Using 8 workers of 8 for evacuation
[2022-05-30T02:36:14.914+0000][8][gc,age      ] GC(18) Desired survivor size 20971520 bytes, new threshold 2 (max threshold 15)
[2022-05-30T02:36:14.973+0000][8][gc,phases   ] GC(18)   Pre Evacuate Collection Set: 0.6ms
[2022-05-30T02:36:14.974+0000][8][gc,phases   ] GC(18)   Merge Heap Roots: 0.4ms
[2022-05-30T02:36:14.975+0000][8][gc,phases   ] GC(18)   Evacuate Collection Set: 50.5ms
[2022-05-30T02:36:14.975+0000][8][gc,phases   ] GC(18)   Post Evacuate Collection Set: 7.1ms
[2022-05-30T02:36:14.976+0000][8][gc,phases   ] GC(18)   Other: 1.7ms
[2022-05-30T02:36:14.977+0000][8][gc,age      ] GC(18) Age table with threshold 2 (max threshold 15)
[2022-05-30T02:36:14.977+0000][8][gc,age      ] GC(18) - age   1:    4230576 bytes,    4230576 total
[2022-05-30T02:36:14.978+0000][8][gc,age      ] GC(18) - age   2:   11870792 bytes,   16101368 total
[2022-05-30T02:36:14.979+0000][8][gc,heap     ] GC(18) Eden regions: 69->0(70)
[2022-05-30T02:36:14.979+0000][8][gc,heap     ] GC(18) Survivor regions: 7->5(10)
[2022-05-30T02:36:14.980+0000][8][gc,heap     ] GC(18) Old regions: 17->20
[2022-05-30T02:36:14.981+0000][8][gc,heap     ] GC(18) Archive regions: 2->2
[2022-05-30T02:36:14.982+0000][8][gc,heap     ] GC(18) Humongous regions: 2->2
[2022-05-30T02:36:14.982+0000][8][gc,metaspace] GC(18) Metaspace: 124586K(127808K)->124586K(127808K) NonClass: 107762K(109440K)->107762K(109440K) Class: 16823K(18368K)->16823K(18368K)
[2022-05-30T02:36:14.983+0000][8][gc          ] GC(18) Pause Young (Normal) (G1 Evacuation Pause) 380M->107M(512M) 71.119ms
[2022-05-30T02:36:14.984+0000][8][gc,cpu      ] GC(18) User=0.39s Sys=0.01s Real=0.07s
[2022-05-30T02:36:14.985+0000][8][safepoint   ] Safepoint "G1CollectForAllocation", Time since last: 534282590 ns, Reaching safepoint: 530863 ns, At safepoint: 72733737 ns, Total: 73264600 ns
[2022-05-30T02:36:15.986+0000][8][safepoint   ] Safepoint "Cleanup", Time since last: 1001092534 ns, Reaching safepoint: 437114 ns, At safepoint: 25208 ns, Total: 462322 ns
[2022-05-30T02:36:18.128+0000][8][safepoint   ] Safepoint "Cleanup", Time since last: 2140646250 ns, Reaching safepoint: 872524 ns, At safepoint: 179944 ns, Total: 1052468 ns
[2022-05-30T02:36:19.273+0000][8][safepoint   ] Safepoint "Cleanup", Time since last: 1008105806 ns, Reaching safepoint: 137242073 ns, At safepoint: 222645 ns, Total: 137464718 ns
[2022-05-30T02:36:20.275+0000][8][safepoint   ] Safepoint "Cleanup", Time since last: 1000894796 ns, Reaching safepoint: 435612 ns, At safepoint: 69833 ns, Total: 505445 ns
[2022-05-30T02:36:21.313+0000][8][safepoint   ] Safepoint "Cleanup", Time since last: 1038099742 ns, Reaching safepoint: 421004 ns, At safepoint: 30338 ns, Total: 451342 ns
[2022-05-30T02:36:22.316+0000][8][safepoint   ] Safepoint "Cleanup", Time since last: 1001937043 ns, Reaching safepoint: 344468 ns, At safepoint: 25198 ns, Total: 369666 ns
[2022-05-30T02:36:23.562+0000][8][safepoint   ] Safepoint "Cleanup", Time since last: 1000953799 ns, Reaching safepoint: 244549838 ns, At safepoint: 272089 ns, Total: 244821927 ns
[2022-05-30T02:36:24.592+0000][8][safepoint   ] Safepoint "Cleanup", Time since last: 1005687009 ns, Reaching safepoint: 24634785 ns, At safepoint: 188109 ns, Total: 24822894 ns
[2022-05-30T02:36:25.594+0000][8][safepoint   ] Safepoint "Cleanup", Time since last: 1001563076 ns, Reaching safepoint: 389233 ns, At safepoint: 18054 ns, Total: 407287 ns
[2022-05-30T02:36:27.596+0000][8][safepoint   ] Safepoint "Cleanup", Time since last: 2001596180 ns, Reaching safepoint: 373352 ns, At safepoint: 27303 ns, Total: 400655 ns
[2022-05-30T02:36:28.597+0000][8][safepoint   ] Safepoint "Cleanup", Time since last: 1000805875 ns, Reaching safepoint: 345850 ns, At safepoint: 16582 ns, Total: 362432 ns
[2022-05-30T02:36:29.599+0000][8][safepoint   ] Safepoint "Cleanup", Time since last: 1000728700 ns, Reaching safepoint: 408240 ns, At safepoint: 22573 ns, Total: 430813 ns
[2022-05-30T02:36:30.978+0000][8][safepoint   ] Safepoint "Cleanup", Time since last: 1378848052 ns, Reaching safepoint: 416505 ns, At safepoint: 40126 ns, Total: 456631 ns
[2022-05-30T02:36:31.980+0000][8][safepoint   ] Safepoint "Cleanup", Time since last: 1000919598 ns, Reaching safepoint: 778075 ns, At safepoint: 57230 ns, Total: 835305 ns
[2022-05-30T02:36:33.138+0000][8][safepoint   ] Safepoint "Cleanup", Time since last: 1158229756 ns, Reaching safepoint: 371769 ns, At safepoint: 25379 ns, Total: 397148 ns
[2022-05-30T02:36:34.141+0000][8][safepoint   ] Safepoint "Cleanup", Time since last: 1002106179 ns, Reaching safepoint: 388592 ns, At safepoint: 22262 ns, Total: 410854 ns
[2022-05-30T02:36:35.142+0000][8][safepoint   ] Safepoint "Cleanup", Time since last: 1000679707 ns, Reaching safepoint: 520885 ns, At safepoint: 29576 ns, Total: 550461 ns
[2022-05-30T02:36:36.143+0000][8][safepoint   ] Safepoint "Cleanup", Time since last: 1000795053 ns, Reaching safepoint: 389864 ns, At safepoint: 34957 ns, Total: 424821 ns
[2022-05-30T02:36:37.153+0000][8][safepoint   ] Safepoint "Cleanup", Time since last: 1009039775 ns, Reaching safepoint: 432786 ns, At safepoint: 27122 ns, Total: 459908 ns
[2022-05-30T02:36:38.487+0000][8][safepoint   ] Safepoint "Cleanup", Time since last: 1001587831 ns, Reaching safepoint: 332724938 ns, At safepoint: 281418 ns, Total: 333006356 ns
[2022-05-30T02:36:39.489+0000][8][safepoint   ] Safepoint "Cleanup", Time since last: 1001079164 ns, Reaching safepoint: 597731 ns, At safepoint: 96474 ns, Total: 694205 ns
[2022-05-30T02:36:40.492+0000][8][safepoint   ] Safepoint "Cleanup", Time since last: 1002342871 ns, Reaching safepoint: 339849 ns, At safepoint: 81175 ns, Total: 421024 ns
[2022-05-30T02:36:41.644+0000][8][safepoint   ] Safepoint "Cleanup", Time since last: 1151272748 ns, Reaching safepoint: 649930 ns, At safepoint: 29567 ns, Total: 679497 ns
[2022-05-30T02:36:42.645+0000][8][safepoint   ] Safepoint "Cleanup", Time since last: 1000758408 ns, Reaching safepoint: 379935 ns, At safepoint: 35608 ns, Total: 415543 ns
[2022-05-30T02:36:43.646+0000][8][safepoint   ] Safepoint "Cleanup", Time since last: 1000785285 ns, Reaching safepoint: 349067 ns, At safepoint: 11892 ns, Total: 360959 ns
[2022-05-30T02:36:44.647+0000][8][safepoint   ] Safepoint "Cleanup", Time since last: 1000693036 ns, Reaching safepoint: 462052 ns, At safepoint: 30649 ns, Total: 492701 ns
[2022-05-30T02:36:45.995+0000][8][safepoint   ] Safepoint "Cleanup", Time since last: 1347631537 ns, Reaching safepoint: 340540 ns, At safepoint: 20349 ns, Total: 360889 ns
[2022-05-30T02:36:47.318+0000][8][safepoint   ] Safepoint "Cleanup", Time since last: 1000798721 ns, Reaching safepoint: 321806986 ns, At safepoint: 143995 ns, Total: 321950981 ns
[2022-05-30T02:36:48.560+0000][8][safepoint   ] Safepoint "Cleanup", Time since last: 1241127077 ns, Reaching safepoint: 455951 ns, At safepoint: 13495 ns, Total: 469446 ns
[2022-05-30T02:36:51.607+0000][8][safepoint   ] Safepoint "Cleanup", Time since last: 3001178826 ns, Reaching safepoint: 514622 ns, At safepoint: 40017 ns, Total: 554639 ns
[2022-05-30T02:36:52.609+0000][8][safepoint   ] Safepoint "Cleanup", Time since last: 1001096141 ns, Reaching safepoint: 371810 ns, At safepoint: 31090 ns, Total: 402900 ns
[2022-05-30T02:36:54.626+0000][8][safepoint   ] Safepoint "Cleanup", Time since last: 2017144814 ns, Reaching safepoint: 424260 ns, At safepoint: 23575 ns, Total: 447835 ns
[2022-05-30T02:36:55.630+0000][8][safepoint   ] Safepoint "Cleanup", Time since last: 1003060459 ns, Reaching safepoint: 393010 ns, At safepoint: 37642 ns, Total: 430652 ns
[2022-05-30T02:36:57.634+0000][8][safepoint   ] Safepoint "Cleanup", Time since last: 2003715720 ns, Reaching safepoint: 500145 ns, At safepoint: 69192 ns, Total: 569337 ns
[2022-05-30T02:36:58.743+0000][8][safepoint   ] Safepoint "Cleanup", Time since last: 1108368075 ns, Reaching safepoint: 215090 ns, At safepoint: 14548 ns, Total: 229638 ns
[2022-05-30T02:36:59.791+0000][8][safepoint   ] Safepoint "Cleanup", Time since last: 1048454188 ns, Reaching safepoint: 322976 ns, At safepoint: 22603 ns, Total: 345579 ns
[2022-05-30T02:37:01.798+0000][8][safepoint   ] Safepoint "Cleanup", Time since last: 2005521381 ns, Reaching safepoint: 584813 ns, At safepoint: 122253 ns, Total: 707066 ns
[2022-05-30T02:37:03.804+0000][8][safepoint   ] Safepoint "Cleanup", Time since last: 2001259003 ns, Reaching safepoint: 4959072 ns, At safepoint: 149014 ns, Total: 5108086 ns
[2022-05-30T02:37:04.808+0000][8][safepoint   ] Safepoint "Cleanup", Time since last: 1003840636 ns, Reaching safepoint: 488091 ns, At safepoint: 47291 ns, Total: 535382 ns
[2022-05-30T02:37:06.820+0000][8][safepoint   ] Safepoint "Cleanup", Time since last: 2011616382 ns, Reaching safepoint: 307256 ns, At safepoint: 34155 ns, Total: 341411 ns
[2022-05-30T02:37:07.821+0000][8][safepoint   ] Safepoint "Cleanup", Time since last: 1000673815 ns, Reaching safepoint: 380556 ns, At safepoint: 20149 ns, Total: 400705 ns
[2022-05-30T02:37:09.353+0000][8][safepoint   ] Safepoint "Cleanup", Time since last: 1530857176 ns, Reaching safepoint: 806770 ns, At safepoint: 73100 ns, Total: 879870 ns
[2022-05-30T02:37:10.355+0000][8][safepoint   ] Safepoint "Cleanup", Time since last: 1001404161 ns, Reaching safepoint: 715175 ns, At safepoint: 49114 ns, Total: 764289 ns
[2022-05-30T02:37:11.357+0000][8][safepoint   ] Safepoint "Cleanup", Time since last: 1001411187 ns, Reaching safepoint: 391387 ns, At safepoint: 26601 ns, Total: 417988 ns
[2022-05-30T02:37:12.360+0000][8][safepoint   ] Safepoint "Cleanup", Time since last: 1002003738 ns, Reaching safepoint: 572904 ns, At safepoint: 45206 ns, Total: 618110 ns
[2022-05-30T02:37:13.361+0000][8][safepoint   ] Safepoint "Cleanup", Time since last: 1001009592 ns, Reaching safepoint: 401346 ns, At safepoint: 31891 ns, Total: 433237 ns
[2022-05-30T02:37:14.960+0000][8][safepoint   ] Safepoint "Cleanup", Time since last: 1598567107 ns, Reaching safepoint: 392810 ns, At safepoint: 30227 ns, Total: 423037 ns
[2022-05-30T02:37:15.989+0000][8][safepoint   ] Safepoint "Cleanup", Time since last: 1025917866 ns, Reaching safepoint: 2624780 ns, At safepoint: 115852 ns, Total: 2740632 ns
[2022-05-30T02:37:17.361+0000][8][safepoint   ] Safepoint "Cleanup", Time since last: 1371710619 ns, Reaching safepoint: 356530 ns, At safepoint: 23776 ns, Total: 380306 ns
[2022-05-30T02:37:18.796+0000][8][safepoint   ] Safepoint "Cleanup", Time since last: 1434295153 ns, Reaching safepoint: 370207 ns, At safepoint: 29396 ns, Total: 399603 ns
[2022-05-30T02:37:19.798+0000][8][safepoint   ] Safepoint "Cleanup", Time since last: 1001690355 ns, Reaching safepoint: 350870 ns, At safepoint: 20118 ns, Total: 370988 ns
[2022-05-30T02:37:20.807+0000][8][safepoint   ] Safepoint "Cleanup", Time since last: 1008472380 ns, Reaching safepoint: 372962 ns, At safepoint: 18375 ns, Total: 391337 ns
[2022-05-30T02:37:22.028+0000][8][safepoint   ] Safepoint "Cleanup", Time since last: 1001393055 ns, Reaching safepoint: 219325595 ns, At safepoint: 348635 ns, Total: 219674230 ns
[2022-05-30T02:37:23.044+0000][8][safepoint   ] Safepoint "Cleanup", Time since last: 1085717523 ns, Reaching safepoint: 399362 ns, At safepoint: 26841 ns, Total: 426203 ns
[2022-05-30T02:37:24.426+0000][8][safepoint   ] Safepoint "Cleanup", Time since last: 1001337212 ns, Reaching safepoint: 380199498 ns, At safepoint: 376479 ns, Total: 380575977 ns
[2022-05-30T02:37:26.496+0000][8][safepoint   ] Safepoint "Cleanup", Time since last: 2069744525 ns, Reaching safepoint: 376308 ns, At safepoint: 33845 ns, Total: 410153 ns
[2022-05-30T02:37:27.498+0000][8][safepoint   ] Safepoint "Cleanup", Time since last: 1000862706 ns, Reaching safepoint: 370698 ns, At safepoint: 47601 ns, Total: 418299 ns
[2022-05-30T02:37:29.177+0000][8][safepoint   ] Safepoint "Cleanup", Time since last: 1678697536 ns, Reaching safepoint: 344327 ns, At safepoint: 20640 ns, Total: 364967 ns
[2022-05-30T02:37:30.319+0000][8][safepoint   ] Safepoint "Cleanup", Time since last: 1142043033 ns, Reaching safepoint: 546914 ns, At safepoint: 30708 ns, Total: 577622 ns
[2022-05-30T02:37:32.347+0000][8][safepoint   ] Safepoint "Cleanup", Time since last: 2027164502 ns, Reaching safepoint: 475437 ns, At safepoint: 14418 ns, Total: 489855 ns
[2022-05-30T02:37:33.348+0000][8][safepoint   ] Safepoint "Cleanup", Time since last: 1000807296 ns, Reaching safepoint: 521257 ns, At safepoint: 73671 ns, Total: 594928 ns
[2022-05-30T02:37:34.350+0000][8][safepoint   ] Safepoint "Cleanup", Time since last: 1000755471 ns, Reaching safepoint: 464908 ns, At safepoint: 19877 ns, Total: 484785 ns
[2022-05-30T02:37:35.351+0000][8][safepoint   ] Safepoint "Cleanup", Time since last: 1000830504 ns, Reaching safepoint: 611097 ns, At safepoint: 27061 ns, Total: 638158 ns
[2022-05-30T02:37:36.151+0000][8][gc,start    ] GC(19) Pause Young (Normal) (G1 Evacuation Pause)
[2022-05-30T02:37:36.152+0000][8][gc,task     ] GC(19) Using 8 workers of 8 for evacuation
[2022-05-30T02:37:36.152+0000][8][gc,age      ] GC(19) Desired survivor size 20971520 bytes, new threshold 15 (max threshold 15)
[2022-05-30T02:37:36.166+0000][8][gc,phases   ] GC(19)   Pre Evacuate Collection Set: 0.3ms
[2022-05-30T02:37:36.167+0000][8][gc,phases   ] GC(19)   Merge Heap Roots: 0.3ms
[2022-05-30T02:37:36.167+0000][8][gc,phases   ] GC(19)   Evacuate Collection Set: 11.1ms
[2022-05-30T02:37:36.167+0000][8][gc,phases   ] GC(19)   Post Evacuate Collection Set: 2.0ms
[2022-05-30T02:37:36.167+0000][8][gc,phases   ] GC(19)   Other: 0.8ms
[2022-05-30T02:37:36.167+0000][8][gc,age      ] GC(19) Age table with threshold 15 (max threshold 15)
[2022-05-30T02:37:36.168+0000][8][gc,age      ] GC(19) - age   1:    1163968 bytes,    1163968 total
[2022-05-30T02:37:36.168+0000][8][gc,age      ] GC(19) - age   2:    2450456 bytes,    3614424 total
[2022-05-30T02:37:36.168+0000][8][gc,age      ] GC(19) - age   3:   11870000 bytes,   15484424 total
[2022-05-30T02:37:36.168+0000][8][gc,heap     ] GC(19) Eden regions: 70->0(71)
[2022-05-30T02:37:36.169+0000][8][gc,heap     ] GC(19) Survivor regions: 5->5(10)
[2022-05-30T02:37:36.169+0000][8][gc,heap     ] GC(19) Old regions: 20->20
[2022-05-30T02:37:36.169+0000][8][gc,heap     ] GC(19) Archive regions: 2->2
[2022-05-30T02:37:36.169+0000][8][gc,heap     ] GC(19) Humongous regions: 2->2
[2022-05-30T02:37:36.170+0000][8][gc,metaspace] GC(19) Metaspace: 125550K(128832K)->125550K(128832K) NonClass: 108725K(110464K)->108725K(110464K) Class: 16825K(18368K)->16825K(18368K)
[2022-05-30T02:37:36.170+0000][8][gc          ] GC(19) Pause Young (Normal) (G1 Evacuation Pause) 387M->106M(512M) 19.107ms
[2022-05-30T02:37:36.171+0000][8][gc,cpu      ] GC(19) User=0.09s Sys=0.01s Real=0.02s
[2022-05-30T02:37:36.171+0000][8][safepoint   ] Safepoint "G1CollectForAllocation", Time since last: 799660657 ns, Reaching safepoint: 285415 ns, At safepoint: 20135208 ns, Total: 20420623 ns
[2022-05-30T02:37:37.172+0000][8][safepoint   ] Safepoint "Cleanup", Time since last: 1000613098 ns, Reaching safepoint: 488733 ns, At safepoint: 21822 ns, Total: 510555 ns
[2022-05-30T02:37:38.173+0000][8][safepoint   ] Safepoint "Cleanup", Time since last: 1000708301 ns, Reaching safepoint: 323808 ns, At safepoint: 19988 ns, Total: 343796 ns
[2022-05-30T02:37:39.185+0000][8][safepoint   ] Safepoint "Cleanup", Time since last: 1011453456 ns, Reaching safepoint: 375267 ns, At safepoint: 80123 ns, Total: 455390 ns
[2022-05-30T02:37:40.187+0000][8][safepoint   ] Safepoint "Cleanup", Time since last: 1001022077 ns, Reaching safepoint: 365157 ns, At safepoint: 27954 ns, Total: 393111 ns
[2022-05-30T02:37:41.372+0000][8][safepoint   ] Safepoint "Cleanup", Time since last: 1184438862 ns, Reaching safepoint: 442695 ns, At safepoint: 73220 ns, Total: 515915 ns
[2022-05-30T02:37:42.374+0000][8][safepoint   ] Safepoint "Cleanup", Time since last: 1001784743 ns, Reaching safepoint: 342524 ns, At safepoint: 25930 ns, Total: 368454 ns
[2022-05-30T02:37:44.496+0000][8][safepoint   ] Safepoint "Cleanup", Time since last: 1664613133 ns, Reaching safepoint: 457371799 ns, At safepoint: 343245 ns, Total: 457715044 ns
[2022-05-30T02:37:46.006+0000][8][safepoint   ] Safepoint "Cleanup", Time since last: 1509196197 ns, Reaching safepoint: 371559 ns, At safepoint: 59173 ns, Total: 430732 ns
[2022-05-30T02:37:47.007+0000][8][safepoint   ] Safepoint "Cleanup", Time since last: 1000920061 ns, Reaching safepoint: 360398 ns, At safepoint: 19256 ns, Total: 379654 ns
[2022-05-30T02:37:48.671+0000][8][safepoint   ] Safepoint "Cleanup", Time since last: 1461255500 ns, Reaching safepoint: 202339689 ns, At safepoint: 313829 ns, Total: 202653518 ns
[2022-05-30T02:37:49.680+0000][8][safepoint   ] Safepoint "Cleanup", Time since last: 1008712819 ns, Reaching safepoint: 330982 ns, At safepoint: 21982 ns, Total: 352964 ns
[2022-05-30T02:37:50.685+0000][8][safepoint   ] Safepoint "Cleanup", Time since last: 1004243781 ns, Reaching safepoint: 300884 ns, At safepoint: 25870 ns, Total: 326754 ns
[2022-05-30T02:37:51.805+0000][8][safepoint   ] Safepoint "Cleanup", Time since last: 1120005021 ns, Reaching safepoint: 382460 ns, At safepoint: 30027 ns, Total: 412487 ns
[2022-05-30T02:37:52.875+0000][8][safepoint   ] Safepoint "Cleanup", Time since last: 1046813592 ns, Reaching safepoint: 339980 ns, At safepoint: 24426 ns, Total: 364406 ns
[2022-05-30T02:37:53.877+0000][8][safepoint   ] Safepoint "Cleanup", Time since last: 1001146017 ns, Reaching safepoint: 686760 ns, At safepoint: 83780 ns, Total: 770540 ns
[2022-05-30T02:37:54.953+0000][8][safepoint   ] Safepoint "Cleanup", Time since last: 1001123522 ns, Reaching safepoint: 74781883 ns, At safepoint: 154755 ns, Total: 74936638 ns
[2022-05-30T02:37:56.407+0000][8][safepoint   ] Safepoint "Cleanup", Time since last: 1453976550 ns, Reaching safepoint: 426494 ns, At safepoint: 33765 ns, Total: 460259 ns
[2022-05-30T02:37:57.830+0000][8][safepoint   ] Safepoint "Cleanup", Time since last: 1000747935 ns, Reaching safepoint: 422025070 ns, At safepoint: 357001 ns, Total: 422382071 ns
[2022-05-30T02:37:59.015+0000][8][safepoint   ] Safepoint "Cleanup", Time since last: 1183865270 ns, Reaching safepoint: 353705 ns, At safepoint: 23876 ns, Total: 377581 ns
[2022-05-30T02:38:01.017+0000][8][safepoint   ] Safepoint "Cleanup", Time since last: 2001488736 ns, Reaching safepoint: 455329 ns, At safepoint: 29897 ns, Total: 485226 ns
[2022-05-30T02:38:02.018+0000][8][safepoint   ] Safepoint "Cleanup", Time since last: 1000865071 ns, Reaching safepoint: 406616 ns, At safepoint: 22433 ns, Total: 429049 ns
[2022-05-30T02:38:03.160+0000][8][safepoint   ] Safepoint "Cleanup", Time since last: 1142075641 ns, Reaching safepoint: 325031 ns, At safepoint: 20178 ns, Total: 345209 ns
[2022-05-30T02:38:04.163+0000][8][safepoint   ] Safepoint "Cleanup", Time since last: 1002548245 ns, Reaching safepoint: 369255 ns, At safepoint: 21491 ns, Total: 390746 ns
[2022-05-30T02:38:05.178+0000][8][safepoint   ] Safepoint "Cleanup", Time since last: 1014704657 ns, Reaching safepoint: 308960 ns, At safepoint: 19006 ns, Total: 327966 ns
[2022-05-30T02:38:06.805+0000][8][safepoint   ] Safepoint "Cleanup", Time since last: 1454051439 ns, Reaching safepoint: 172636423 ns, At safepoint: 152391 ns, Total: 172788814 ns
[2022-05-30T02:38:07.994+0000][8][safepoint   ] Safepoint "Cleanup", Time since last: 1188978289 ns, Reaching safepoint: 402689 ns, At safepoint: 34045 ns, Total: 436734 ns
[2022-05-30T02:38:09.375+0000][8][safepoint   ] Safepoint "Cleanup", Time since last: 1004699031 ns, Reaching safepoint: 375246295 ns, At safepoint: 231883 ns, Total: 375478178 ns
[2022-05-30T02:38:10.866+0000][8][safepoint   ] Safepoint "Cleanup", Time since last: 1490938283 ns, Reaching safepoint: 404412 ns, At safepoint: 28064 ns, Total: 432476 ns
[2022-05-30T02:38:11.868+0000][8][safepoint   ] Safepoint "Cleanup", Time since last: 1001036167 ns, Reaching safepoint: 438536 ns, At safepoint: 41499 ns, Total: 480035 ns
[2022-05-30T02:38:14.123+0000][8][safepoint   ] Safepoint "Cleanup", Time since last: 2073639699 ns, Reaching safepoint: 181730139 ns, At safepoint: 166899 ns, Total: 181897038 ns
[2022-05-30T02:38:15.183+0000][8][safepoint   ] Safepoint "Cleanup", Time since last: 1059542448 ns, Reaching safepoint: 395074 ns, At safepoint: 48342 ns, Total: 443416 ns
[2022-05-30T02:38:18.201+0000][8][safepoint   ] Safepoint "Cleanup", Time since last: 3017948576 ns, Reaching safepoint: 439209 ns, At safepoint: 57490 ns, Total: 496699 ns
[2022-05-30T02:38:19.205+0000][8][safepoint   ] Safepoint "Cleanup", Time since last: 1003435045 ns, Reaching safepoint: 350049 ns, At safepoint: 28304 ns, Total: 378353 ns
[2022-05-30T02:38:21.555+0000][8][safepoint   ] Safepoint "Cleanup", Time since last: 2349029125 ns, Reaching safepoint: 391908 ns, At safepoint: 26311 ns, Total: 418219 ns
[2022-05-30T02:38:23.847+0000][8][safepoint   ] Safepoint "Cleanup", Time since last: 2195484889 ns, Reaching safepoint: 712750 ns, At safepoint: 19948 ns, Total: 732698 ns
[2022-05-30T02:38:24.918+0000][8][safepoint   ] Safepoint "Cleanup", Time since last: 1069346154 ns, Reaching safepoint: 691831 ns, At safepoint: 108887 ns, Total: 800718 ns
[2022-05-30T02:38:26.941+0000][8][safepoint   ] Safepoint "Cleanup", Time since last: 2022875877 ns, Reaching safepoint: 755803 ns, At safepoint: 77588 ns, Total: 833391 ns
[2022-05-30T02:38:27.946+0000][8][safepoint   ] Safepoint "Cleanup", Time since last: 1004205444 ns, Reaching safepoint: 313909 ns, At safepoint: 85113 ns, Total: 399022 ns
[2022-05-30T02:38:29.179+0000][8][safepoint   ] Safepoint "Cleanup", Time since last: 1005993157 ns, Reaching safepoint: 227107605 ns, At safepoint: 272801 ns, Total: 227380406 ns
[2022-05-30T02:38:30.185+0000][8][safepoint   ] Safepoint "Cleanup", Time since last: 1005629272 ns, Reaching safepoint: 425833 ns, At safepoint: 23976 ns, Total: 449809 ns
[2022-05-30T02:38:31.186+0000][8][safepoint   ] Safepoint "Cleanup", Time since last: 1000569021 ns, Reaching safepoint: 376088 ns, At safepoint: 12544 ns, Total: 388632 ns
[2022-05-30T02:38:32.188+0000][8][safepoint   ] Safepoint "Cleanup", Time since last: 1000731821 ns, Reaching safepoint: 527807 ns, At safepoint: 34446 ns, Total: 562253 ns
[2022-05-30T02:38:34.051+0000][8][safepoint   ] Safepoint "Cleanup", Time since last: 1863370424 ns, Reaching safepoint: 377300 ns, At safepoint: 26270 ns, Total: 403570 ns
[2022-05-30T02:38:35.056+0000][8][safepoint   ] Safepoint "Cleanup", Time since last: 1003965073 ns, Reaching safepoint: 509112 ns, At safepoint: 41479 ns, Total: 550591 ns
[2022-05-30T02:38:37.059+0000][8][safepoint   ] Safepoint "Cleanup", Time since last: 2002134962 ns, Reaching safepoint: 551553 ns, At safepoint: 41850 ns, Total: 593403 ns
[2022-05-30T02:38:40.106+0000][8][safepoint   ] Safepoint "Cleanup", Time since last: 3046741689 ns, Reaching safepoint: 566652 ns, At safepoint: 77137 ns, Total: 643789 ns
[2022-05-30T02:38:41.107+0000][8][safepoint   ] Safepoint "Cleanup", Time since last: 1000877675 ns, Reaching safepoint: 456432 ns, At safepoint: 56387 ns, Total: 512819 ns
[2022-05-30T02:38:43.109+0000][8][safepoint   ] Safepoint "Cleanup", Time since last: 2001212345 ns, Reaching safepoint: 690368 ns, At safepoint: 43533 ns, Total: 733901 ns
[2022-05-30T02:38:44.160+0000][8][safepoint   ] Safepoint "Cleanup", Time since last: 1050236027 ns, Reaching safepoint: 458014 ns, At safepoint: 32011 ns, Total: 490025 ns
[2022-05-30T02:38:46.946+0000][8][safepoint   ] Safepoint "Cleanup", Time since last: 2785499230 ns, Reaching safepoint: 679948 ns, At safepoint: 79522 ns, Total: 759470 ns
[2022-05-30T02:38:47.948+0000][8][safepoint   ] Safepoint "Cleanup", Time since last: 1000938302 ns, Reaching safepoint: 538358 ns, At safepoint: 32612 ns, Total: 570970 ns
[2022-05-30T02:38:49.346+0000][8][safepoint   ] Safepoint "Cleanup", Time since last: 1397806359 ns, Reaching safepoint: 359356 ns, At safepoint: 41910 ns, Total: 401266 ns
[2022-05-30T02:38:50.347+0000][8][safepoint   ] Safepoint "Cleanup", Time since last: 1000718499 ns, Reaching safepoint: 404392 ns, At safepoint: 17814 ns, Total: 422206 ns
[2022-05-30T02:38:51.778+0000][8][safepoint   ] Safepoint "Cleanup", Time since last: 1341636166 ns, Reaching safepoint: 89206385 ns, At safepoint: 242282 ns, Total: 89448667 ns
[2022-05-30T02:38:52.713+0000][8][safepoint   ] Safepoint "Cleanup", Time since last: 1034843327 ns, Reaching safepoint: 383833 ns, At safepoint: 29246 ns, Total: 413079 ns
[2022-05-30T02:38:53.714+0000][8][safepoint   ] Safepoint "Cleanup", Time since last: 1000996809 ns, Reaching safepoint: 403270 ns, At safepoint: 31921 ns, Total: 435191 ns
[2022-05-30T02:38:55.343+0000][8][safepoint   ] Safepoint "Cleanup", Time since last: 1499499666 ns, Reaching safepoint: 129246917 ns, At safepoint: 207987 ns, Total: 129454904 ns
[2022-05-30T02:38:56.494+0000][8][safepoint   ] Safepoint "Cleanup", Time since last: 1150437491 ns, Reaching safepoint: 412207 ns, At safepoint: 24076 ns, Total: 436283 ns
[2022-05-30T02:38:56.970+0000][8][gc,start    ] GC(20) Pause Young (Normal) (G1 Evacuation Pause)
[2022-05-30T02:38:56.971+0000][8][gc,task     ] GC(20) Using 8 workers of 8 for evacuation
[2022-05-30T02:38:56.971+0000][8][gc,age      ] GC(20) Desired survivor size 20971520 bytes, new threshold 15 (max threshold 15)
[2022-05-30T02:38:56.986+0000][8][gc,phases   ] GC(20)   Pre Evacuate Collection Set: 0.4ms
[2022-05-30T02:38:56.986+0000][8][gc,phases   ] GC(20)   Merge Heap Roots: 0.4ms
[2022-05-30T02:38:56.987+0000][8][gc,phases   ] GC(20)   Evacuate Collection Set: 10.7ms
[2022-05-30T02:38:56.987+0000][8][gc,phases   ] GC(20)   Post Evacuate Collection Set: 2.3ms
[2022-05-30T02:38:56.988+0000][8][gc,phases   ] GC(20)   Other: 1.0ms
[2022-05-30T02:38:56.988+0000][8][gc,age      ] GC(20) Age table with threshold 15 (max threshold 15)
[2022-05-30T02:38:56.989+0000][8][gc,age      ] GC(20) - age   1:     604648 bytes,     604648 total
[2022-05-30T02:38:56.989+0000][8][gc,age      ] GC(20) - age   2:      52840 bytes,     657488 total
[2022-05-30T02:38:56.989+0000][8][gc,age      ] GC(20) - age   3:    1984464 bytes,    2641952 total
[2022-05-30T02:38:56.990+0000][8][gc,age      ] GC(20) - age   4:   10176936 bytes,   12818888 total
[2022-05-30T02:38:56.990+0000][8][gc,heap     ] GC(20) Eden regions: 71->0(72)
[2022-05-30T02:38:56.990+0000][8][gc,heap     ] GC(20) Survivor regions: 5->4(10)
[2022-05-30T02:38:56.991+0000][8][gc,heap     ] GC(20) Old regions: 20->20
[2022-05-30T02:38:56.991+0000][8][gc,heap     ] GC(20) Archive regions: 2->2
[2022-05-30T02:38:56.992+0000][8][gc,heap     ] GC(20) Humongous regions: 2->2
[2022-05-30T02:38:56.992+0000][8][gc,metaspace] GC(20) Metaspace: 126881K(130112K)->126881K(130112K) NonClass: 109921K(111616K)->109921K(111616K) Class: 16959K(18496K)->16959K(18496K)
[2022-05-30T02:38:56.993+0000][8][gc          ] GC(20) Pause Young (Normal) (G1 Evacuation Pause) 390M->103M(512M) 22.783ms
[2022-05-30T02:38:56.994+0000][8][gc,cpu      ] GC(20) User=0.08s Sys=0.01s Real=0.02s
[2022-05-30T02:38:56.995+0000][8][safepoint   ] Safepoint "G1CollectForAllocation", Time since last: 475819074 ns, Reaching safepoint: 436884 ns, At safepoint: 24530893 ns, Total: 24967777 ns
[2022-05-30T02:38:57.003+0000][8][gc,heap,exit] Heap
[2022-05-30T02:38:57.004+0000][8][gc,heap,exit]  garbage-first heap   total 524288K, used 108880K [0x00000000e0000000, 0x0000000100000000)
[2022-05-30T02:38:57.004+0000][8][gc,heap,exit]   region size 4096K, 5 young (20480K), 4 survivors (16384K)
[2022-05-30T02:38:57.005+0000][8][gc,heap,exit]  Metaspace       used 126883K, committed 130112K, reserved 1179648K
[2022-05-30T02:38:57.006+0000][8][gc,heap,exit]   class space    used 16959K, committed 18496K, reserved 1048576K
