[2022-05-30T03:23:11.271+0000][400][gc,init] CardTable entry size: 512
[2022-05-30T03:23:11.275+0000][400][gc     ] Using G1
[2022-05-30T03:23:11.283+0000][400][gc,init] Version: 18.0.1.1+2-6 (release)
[2022-05-30T03:23:11.283+0000][400][gc,init] CPUs: 8 total, 8 available
[2022-05-30T03:23:11.284+0000][400][gc,init] Memory: 6914M
[2022-05-30T03:23:11.285+0000][400][gc,init] Large Page Support: Disabled
[2022-05-30T03:23:11.285+0000][400][gc,init] NUMA Support: Disabled
[2022-05-30T03:23:11.286+0000][400][gc,init] Compressed Oops: Enabled (32-bit)
[2022-05-30T03:23:11.287+0000][400][gc,init] Heap Region Size: 1M
[2022-05-30T03:23:11.288+0000][400][gc,init] Heap Min Capacity: 512M
[2022-05-30T03:23:11.288+0000][400][gc,init] Heap Initial Capacity: 512M
[2022-05-30T03:23:11.289+0000][400][gc,init] Heap Max Capacity: 512M
[2022-05-30T03:23:11.289+0000][400][gc,init] Pre-touch: Disabled
[2022-05-30T03:23:11.290+0000][400][gc,init] Parallel Workers: 8
[2022-05-30T03:23:11.291+0000][400][gc,init] Concurrent Workers: 2
[2022-05-30T03:23:11.291+0000][400][gc,init] Concurrent Refinement Workers: 8
[2022-05-30T03:23:11.292+0000][400][gc,init] Periodic GC: Disabled
[2022-05-30T03:23:11.293+0000][400][gc,metaspace] CDS archive(s) not mapped
[2022-05-30T03:23:11.294+0000][400][gc,metaspace] Compressed class space mapped at: 0x0000000100000000-0x0000000140000000, reserved size: 1073741824
[2022-05-30T03:23:11.294+0000][400][gc,metaspace] Narrow klass base: 0x0000000000000000, Narrow klass shift: 3, Narrow klass range: 0x140000000
[2022-05-30T03:23:11.464+0000][400][gc,heap,exit] Heap
[2022-05-30T03:23:11.465+0000][400][gc,heap,exit]  garbage-first heap   total 524288K, used 2048K [0x00000000e0000000, 0x0000000100000000)
[2022-05-30T03:23:11.466+0000][400][gc,heap,exit]   region size 1024K, 2 young (2048K), 0 survivors (0K)
[2022-05-30T03:23:11.466+0000][400][gc,heap,exit]  Metaspace       used 3519K, committed 3584K, reserved 1114112K
[2022-05-30T03:23:11.467+0000][400][gc,heap,exit]   class space    used 271K, committed 320K, reserved 1048576K
