[2022-05-30T03:13:26.397+0000][402][gc,init] CardTable entry size: 512
[2022-05-30T03:13:26.398+0000][402][gc     ] Using G1
[2022-05-30T03:13:26.404+0000][402][gc,init] Version: 18.0.1.1+2-6 (release)
[2022-05-30T03:13:26.405+0000][402][gc,init] CPUs: 8 total, 8 available
[2022-05-30T03:13:26.405+0000][402][gc,init] Memory: 6914M
[2022-05-30T03:13:26.406+0000][402][gc,init] Large Page Support: Disabled
[2022-05-30T03:13:26.406+0000][402][gc,init] NUMA Support: Disabled
[2022-05-30T03:13:26.406+0000][402][gc,init] Compressed Oops: Enabled (32-bit)
[2022-05-30T03:13:26.407+0000][402][gc,init] Heap Region Size: 1M
[2022-05-30T03:13:26.407+0000][402][gc,init] Heap Min Capacity: 512M
[2022-05-30T03:13:26.408+0000][402][gc,init] Heap Initial Capacity: 512M
[2022-05-30T03:13:26.409+0000][402][gc,init] Heap Max Capacity: 512M
[2022-05-30T03:13:26.409+0000][402][gc,init] Pre-touch: Disabled
[2022-05-30T03:13:26.410+0000][402][gc,init] Parallel Workers: 8
[2022-05-30T03:13:26.410+0000][402][gc,init] Concurrent Workers: 2
[2022-05-30T03:13:26.410+0000][402][gc,init] Concurrent Refinement Workers: 8
[2022-05-30T03:13:26.411+0000][402][gc,init] Periodic GC: Disabled
[2022-05-30T03:13:26.411+0000][402][gc,metaspace] CDS archive(s) not mapped
[2022-05-30T03:13:26.412+0000][402][gc,metaspace] Compressed class space mapped at: 0x0000000100000000-0x0000000140000000, reserved size: 1073741824
[2022-05-30T03:13:26.412+0000][402][gc,metaspace] Narrow klass base: 0x0000000000000000, Narrow klass shift: 3, Narrow klass range: 0x140000000
[2022-05-30T03:13:26.559+0000][402][gc,heap,exit] Heap
[2022-05-30T03:13:26.560+0000][402][gc,heap,exit]  garbage-first heap   total 524288K, used 2048K [0x00000000e0000000, 0x0000000100000000)
[2022-05-30T03:13:26.561+0000][402][gc,heap,exit]   region size 1024K, 2 young (2048K), 0 survivors (0K)
[2022-05-30T03:13:26.561+0000][402][gc,heap,exit]  Metaspace       used 3523K, committed 3584K, reserved 1114112K
[2022-05-30T03:13:26.562+0000][402][gc,heap,exit]   class space    used 271K, committed 320K, reserved 1048576K
