[2022-05-30T01:21:36.551+0000][7][gc,init] CardTable entry size: 512
[2022-05-30T01:21:36.561+0000][7][gc     ] Using G1
[2022-05-30T01:21:36.848+0000][7][gc,init] Version: 18.0.1.1+2-6 (release)
[2022-05-30T01:21:36.849+0000][7][gc,init] CPUs: 8 total, 8 available
[2022-05-30T01:21:36.850+0000][7][gc,init] Memory: 6914M
[2022-05-30T01:21:36.851+0000][7][gc,init] Large Page Support: Disabled
[2022-05-30T01:21:36.852+0000][7][gc,init] NUMA Support: Disabled
[2022-05-30T01:21:36.853+0000][7][gc,init] Compressed Oops: Enabled (32-bit)
[2022-05-30T01:21:36.855+0000][7][gc,init] Heap Region Size: 4M
[2022-05-30T01:21:36.856+0000][7][gc,init] Heap Min Capacity: 512M
[2022-05-30T01:21:36.857+0000][7][gc,init] Heap Initial Capacity: 512M
[2022-05-30T01:21:36.858+0000][7][gc,init] Heap Max Capacity: 512M
[2022-05-30T01:21:36.860+0000][7][gc,init] Pre-touch: Enabled
[2022-05-30T01:21:36.861+0000][7][gc,init] Parallel Workers: 8
[2022-05-30T01:21:36.862+0000][7][gc,init] Concurrent Workers: 2
[2022-05-30T01:21:36.863+0000][7][gc,init] Concurrent Refinement Workers: 8
[2022-05-30T01:21:36.865+0000][7][gc,init] Periodic GC: Disabled
[2022-05-30T01:21:36.866+0000][7][gc,metaspace] CDS archive(s) mapped at: [0x0000000800000000-0x0000000800baf000-0x0000000800baf000), size 12251136, SharedBaseAddress: 0x0000000800000000, ArchiveRelocationMode: 0.
[2022-05-30T01:21:36.868+0000][7][gc,metaspace] Compressed class space mapped at: 0x0000000800c00000-0x0000000840c00000, reserved size: 1073741824
[2022-05-30T01:21:36.869+0000][7][gc,metaspace] Narrow klass base: 0x0000000800000000, Narrow klass shift: 0, Narrow klass range: 0x100000000
[2022-05-30T01:21:38.813+0000][7][safepoint   ] Safepoint "Cleanup", Time since last: 1912712388 ns, Reaching safepoint: 13449947 ns, At safepoint: 22883 ns, Total: 13472830 ns
[2022-05-30T01:21:39.855+0000][7][safepoint   ] Safepoint "Cleanup", Time since last: 1041268265 ns, Reaching safepoint: 519133 ns, At safepoint: 56909 ns, Total: 576042 ns
[2022-05-30T01:21:41.033+0000][7][gc,start    ] GC(0) Pause Young (Normal) (G1 Evacuation Pause)
[2022-05-30T01:21:41.043+0000][7][gc,task     ] GC(0) Using 8 workers of 8 for evacuation
[2022-05-30T01:21:41.044+0000][7][gc,age      ] GC(0) Desired survivor size 2097152 bytes, new threshold 15 (max threshold 15)
[2022-05-30T01:21:41.068+0000][7][gc,phases   ] GC(0)   Pre Evacuate Collection Set: 0.2ms
[2022-05-30T01:21:41.069+0000][7][gc,phases   ] GC(0)   Merge Heap Roots: 0.1ms
[2022-05-30T01:21:41.073+0000][7][gc,phases   ] GC(0)   Evacuate Collection Set: 17.3ms
[2022-05-30T01:21:41.074+0000][7][gc,phases   ] GC(0)   Post Evacuate Collection Set: 5.3ms
[2022-05-30T01:21:41.075+0000][7][gc,phases   ] GC(0)   Other: 2.4ms
[2022-05-30T01:21:41.079+0000][7][gc,age      ] GC(0) Age table with threshold 15 (max threshold 15)
[2022-05-30T01:21:41.080+0000][7][gc,age      ] GC(0) - age   1:    4172936 bytes,    4172936 total
[2022-05-30T01:21:41.081+0000][7][gc,heap     ] GC(0) Eden regions: 6->0(5)
[2022-05-30T01:21:41.085+0000][7][gc,heap     ] GC(0) Survivor regions: 0->1(1)
[2022-05-30T01:21:41.086+0000][7][gc,heap     ] GC(0) Old regions: 0->1
[2022-05-30T01:21:41.088+0000][7][gc,heap     ] GC(0) Archive regions: 2->2
[2022-05-30T01:21:41.088+0000][7][gc,heap     ] GC(0) Humongous regions: 0->0
[2022-05-30T01:21:41.089+0000][7][gc,metaspace] GC(0) Metaspace: 8496K(8704K)->8496K(8704K) NonClass: 7555K(7680K)->7555K(7680K) Class: 940K(1024K)->940K(1024K)
[2022-05-30T01:21:41.090+0000][7][gc          ] GC(0) Pause Young (Normal) (G1 Evacuation Pause) 27M->8M(512M) 57.295ms
[2022-05-30T01:21:41.091+0000][7][gc,cpu      ] GC(0) User=0.02s Sys=0.01s Real=0.05s
[2022-05-30T01:21:41.092+0000][7][safepoint   ] Safepoint "G1CollectForAllocation", Time since last: 1157907216 ns, Reaching safepoint: 20037952 ns, At safepoint: 59277138 ns, Total: 79315090 ns
[2022-05-30T01:21:42.353+0000][7][safepoint   ] Safepoint "Cleanup", Time since last: 1261357902 ns, Reaching safepoint: 229287 ns, At safepoint: 50567 ns, Total: 279854 ns
[2022-05-30T01:21:42.954+0000][7][gc,start    ] GC(1) Pause Young (Normal) (G1 Evacuation Pause)
[2022-05-30T01:21:42.970+0000][7][gc,task     ] GC(1) Using 8 workers of 8 for evacuation
[2022-05-30T01:21:42.986+0000][7][gc,age      ] GC(1) Desired survivor size 2097152 bytes, new threshold 1 (max threshold 15)
[2022-05-30T01:21:43.014+0000][7][gc,phases   ] GC(1)   Pre Evacuate Collection Set: 0.1ms
[2022-05-30T01:21:43.026+0000][7][gc,phases   ] GC(1)   Merge Heap Roots: 0.1ms
[2022-05-30T01:21:43.035+0000][7][gc,phases   ] GC(1)   Evacuate Collection Set: 24.0ms
[2022-05-30T01:21:43.045+0000][7][gc,phases   ] GC(1)   Post Evacuate Collection Set: 1.5ms
[2022-05-30T01:21:43.051+0000][7][gc,phases   ] GC(1)   Other: 18.8ms
[2022-05-30T01:21:43.054+0000][7][gc,age      ] GC(1) Age table with threshold 1 (max threshold 15)
[2022-05-30T01:21:43.055+0000][7][gc,age      ] GC(1) - age   1:    2081720 bytes,    2081720 total
[2022-05-30T01:21:43.060+0000][7][gc,heap     ] GC(1) Eden regions: 5->0(10)
[2022-05-30T01:21:43.063+0000][7][gc,heap     ] GC(1) Survivor regions: 1->1(1)
[2022-05-30T01:21:43.069+0000][7][gc,heap     ] GC(1) Old regions: 1->2
[2022-05-30T01:21:43.070+0000][7][gc,heap     ] GC(1) Archive regions: 2->2
[2022-05-30T01:21:43.072+0000][7][gc,heap     ] GC(1) Humongous regions: 0->0
[2022-05-30T01:21:43.072+0000][7][gc,metaspace] GC(1) Metaspace: 11819K(12160K)->11819K(12160K) NonClass: 10405K(10624K)->10405K(10624K) Class: 1413K(1536K)->1413K(1536K)
[2022-05-30T01:21:43.073+0000][7][gc          ] GC(1) Pause Young (Normal) (G1 Evacuation Pause) 28M->10M(512M) 119.089ms
[2022-05-30T01:21:43.074+0000][7][gc,cpu      ] GC(1) User=0.25s Sys=0.02s Real=0.12s
[2022-05-30T01:21:43.075+0000][7][safepoint   ] Safepoint "G1CollectForAllocation", Time since last: 600373228 ns, Reaching safepoint: 227224 ns, At safepoint: 120989763 ns, Total: 121216987 ns
[2022-05-30T01:21:44.423+0000][7][safepoint   ] Safepoint "Cleanup", Time since last: 1347442435 ns, Reaching safepoint: 322635 ns, At safepoint: 15560 ns, Total: 338195 ns
[2022-05-30T01:21:45.440+0000][7][safepoint   ] Safepoint "Cleanup", Time since last: 1017285628 ns, Reaching safepoint: 335060 ns, At safepoint: 14738 ns, Total: 349798 ns
[2022-05-30T01:21:46.084+0000][7][gc,start    ] GC(2) Pause Young (Normal) (G1 Evacuation Pause)
[2022-05-30T01:21:46.097+0000][7][gc,task     ] GC(2) Using 8 workers of 8 for evacuation
[2022-05-30T01:21:46.103+0000][7][gc,age      ] GC(2) Desired survivor size 4194304 bytes, new threshold 15 (max threshold 15)
[2022-05-30T01:21:46.154+0000][7][gc,phases   ] GC(2)   Pre Evacuate Collection Set: 0.2ms
[2022-05-30T01:21:46.160+0000][7][gc,phases   ] GC(2)   Merge Heap Roots: 0.1ms
[2022-05-30T01:21:46.162+0000][7][gc,phases   ] GC(2)   Evacuate Collection Set: 30.6ms
[2022-05-30T01:21:46.164+0000][7][gc,phases   ] GC(2)   Post Evacuate Collection Set: 10.2ms
[2022-05-30T01:21:46.166+0000][7][gc,phases   ] GC(2)   Other: 15.3ms
[2022-05-30T01:21:46.173+0000][7][gc,age      ] GC(2) Age table with threshold 15 (max threshold 15)
[2022-05-30T01:21:46.174+0000][7][gc,age      ] GC(2) - age   1:    1354304 bytes,    1354304 total
[2022-05-30T01:21:46.175+0000][7][gc,age      ] GC(2) - age   2:    2055712 bytes,    3410016 total
[2022-05-30T01:21:46.175+0000][7][gc,heap     ] GC(2) Eden regions: 10->0(58)
[2022-05-30T01:21:46.178+0000][7][gc,heap     ] GC(2) Survivor regions: 1->1(2)
[2022-05-30T01:21:46.179+0000][7][gc,heap     ] GC(2) Old regions: 2->2
[2022-05-30T01:21:46.180+0000][7][gc,heap     ] GC(2) Archive regions: 2->2
[2022-05-30T01:21:46.181+0000][7][gc,heap     ] GC(2) Humongous regions: 0->0
[2022-05-30T01:21:46.182+0000][7][gc,metaspace] GC(2) Metaspace: 15058K(15424K)->15058K(15424K) NonClass: 13317K(13504K)->13317K(13504K) Class: 1741K(1920K)->1741K(1920K)
[2022-05-30T01:21:46.183+0000][7][gc          ] GC(2) Pause Young (Normal) (G1 Evacuation Pause) 50M->11M(512M) 98.588ms
[2022-05-30T01:21:46.183+0000][7][gc,cpu      ] GC(2) User=0.20s Sys=0.01s Real=0.10s
[2022-05-30T01:21:46.193+0000][7][safepoint   ] Safepoint "G1CollectForAllocation", Time since last: 632031792 ns, Reaching safepoint: 11382460 ns, At safepoint: 108718269 ns, Total: 120100729 ns
[2022-05-30T01:21:48.093+0000][7][safepoint   ] Safepoint "Cleanup", Time since last: 1900295477 ns, Reaching safepoint: 350708 ns, At safepoint: 11282 ns, Total: 361990 ns
[2022-05-30T01:21:49.900+0000][7][safepoint   ] Safepoint "Cleanup", Time since last: 1799225526 ns, Reaching safepoint: 7578687 ns, At safepoint: 18125 ns, Total: 7596812 ns
[2022-05-30T01:21:50.415+0000][7][gc,start    ] GC(3) Pause Young (Concurrent Start) (Metadata GC Threshold)
[2022-05-30T01:21:50.415+0000][7][gc,task     ] GC(3) Using 8 workers of 8 for evacuation
[2022-05-30T01:21:50.417+0000][7][gc,age      ] GC(3) Desired survivor size 16777216 bytes, new threshold 15 (max threshold 15)
[2022-05-30T01:21:50.434+0000][7][gc,phases   ] GC(3)   Pre Evacuate Collection Set: 0.4ms
[2022-05-30T01:21:50.435+0000][7][gc,phases   ] GC(3)   Merge Heap Roots: 0.1ms
[2022-05-30T01:21:50.436+0000][7][gc,phases   ] GC(3)   Evacuate Collection Set: 14.7ms
[2022-05-30T01:21:50.437+0000][7][gc,phases   ] GC(3)   Post Evacuate Collection Set: 1.5ms
[2022-05-30T01:21:50.438+0000][7][gc,phases   ] GC(3)   Other: 2.2ms
[2022-05-30T01:21:50.438+0000][7][gc,age      ] GC(3) Age table with threshold 15 (max threshold 15)
[2022-05-30T01:21:50.439+0000][7][gc,age      ] GC(3) - age   1:    3052632 bytes,    3052632 total
[2022-05-30T01:21:50.441+0000][7][gc,age      ] GC(3) - age   2:    1248088 bytes,    4300720 total
[2022-05-30T01:21:50.443+0000][7][gc,age      ] GC(3) - age   3:    2039488 bytes,    6340208 total
[2022-05-30T01:21:50.443+0000][7][gc,heap     ] GC(3) Eden regions: 40->0(74)
[2022-05-30T01:21:50.444+0000][7][gc,heap     ] GC(3) Survivor regions: 1->2(8)
[2022-05-30T01:21:50.445+0000][7][gc,heap     ] GC(3) Old regions: 2->2
[2022-05-30T01:21:50.446+0000][7][gc,heap     ] GC(3) Archive regions: 2->2
[2022-05-30T01:21:50.446+0000][7][gc,heap     ] GC(3) Humongous regions: 0->0
[2022-05-30T01:21:50.447+0000][7][gc,metaspace] GC(3) Metaspace: 21102K(21504K)->21102K(21504K) NonClass: 18714K(18880K)->18714K(18880K) Class: 2387K(2624K)->2387K(2624K)
[2022-05-30T01:21:50.448+0000][7][gc          ] GC(3) Pause Young (Concurrent Start) (Metadata GC Threshold) 169M->14M(512M) 33.506ms
[2022-05-30T01:21:50.449+0000][7][gc          ] GC(4) Concurrent Mark Cycle
[2022-05-30T01:21:50.449+0000][7][gc,cpu      ] GC(3) User=0.06s Sys=0.00s Real=0.03s
[2022-05-30T01:21:50.449+0000][7][gc,marking  ] GC(4) Concurrent Clear Claimed Marks
[2022-05-30T01:21:50.450+0000][7][safepoint   ] Safepoint "CollectForMetadataAllocation", Time since last: 513179664 ns, Reaching safepoint: 1214171 ns, At safepoint: 35725307 ns, Total: 36939478 ns
[2022-05-30T01:21:50.451+0000][7][gc,marking  ] GC(4) Concurrent Clear Claimed Marks 2.173ms
[2022-05-30T01:21:50.453+0000][7][gc,marking  ] GC(4) Concurrent Scan Root Regions
[2022-05-30T01:21:50.471+0000][7][gc,marking  ] GC(4) Concurrent Scan Root Regions 17.872ms
[2022-05-30T01:21:50.473+0000][7][gc,marking  ] GC(4) Concurrent Mark
[2022-05-30T01:21:50.475+0000][7][gc,marking  ] GC(4) Concurrent Mark From Roots
[2022-05-30T01:21:50.476+0000][7][gc,task     ] GC(4) Using 2 workers of 2 for marking
[2022-05-30T01:21:50.503+0000][7][gc,marking  ] GC(4) Concurrent Mark From Roots 28.052ms
[2022-05-30T01:21:50.503+0000][7][gc,marking  ] GC(4) Concurrent Preclean
[2022-05-30T01:21:50.504+0000][7][gc,marking  ] GC(4) Concurrent Preclean 0.712ms
[2022-05-30T01:21:50.505+0000][7][gc,start    ] GC(4) Pause Remark
[2022-05-30T01:21:50.527+0000][7][gc          ] GC(4) Pause Remark 16M->16M(512M) 21.953ms
[2022-05-30T01:21:50.528+0000][7][gc,cpu      ] GC(4) User=0.02s Sys=0.01s Real=0.02s
[2022-05-30T01:21:50.529+0000][7][safepoint   ] Safepoint "G1Concurrent", Time since last: 54442751 ns, Reaching safepoint: 303139 ns, At safepoint: 23782740 ns, Total: 24085879 ns
[2022-05-30T01:21:50.543+0000][7][gc,marking  ] GC(4) Concurrent Mark 69.308ms
[2022-05-30T01:21:50.544+0000][7][gc,marking  ] GC(4) Concurrent Rebuild Remembered Sets
[2022-05-30T01:21:50.555+0000][7][gc,marking  ] GC(4) Concurrent Rebuild Remembered Sets 11.352ms
[2022-05-30T01:21:50.558+0000][7][gc,start    ] GC(4) Pause Cleanup
[2022-05-30T01:21:50.559+0000][7][gc          ] GC(4) Pause Cleanup 16M->16M(512M) 1.105ms
[2022-05-30T01:21:50.560+0000][7][gc,cpu      ] GC(4) User=0.00s Sys=0.00s Real=0.00s
[2022-05-30T01:21:50.565+0000][7][safepoint   ] Safepoint "G1Concurrent", Time since last: 29122631 ns, Reaching safepoint: 210760 ns, At safepoint: 6436106 ns, Total: 6646866 ns
[2022-05-30T01:21:50.565+0000][7][gc,marking  ] GC(4) Concurrent Cleanup for Next Mark
[2022-05-30T01:21:50.572+0000][7][gc,marking  ] GC(4) Concurrent Cleanup for Next Mark 6.285ms
[2022-05-30T01:21:50.578+0000][7][gc          ] GC(4) Concurrent Mark Cycle 129.235ms
[2022-05-30T01:21:51.580+0000][7][safepoint   ] Safepoint "Cleanup", Time since last: 1012334502 ns, Reaching safepoint: 3557574 ns, At safepoint: 14397 ns, Total: 3571971 ns
[2022-05-30T01:21:52.618+0000][7][safepoint   ] Safepoint "Cleanup", Time since last: 1037592821 ns, Reaching safepoint: 167510 ns, At safepoint: 4519 ns, Total: 172029 ns
[2022-05-30T01:21:53.597+0000][7][gc,start    ] GC(5) Pause Young (Normal) (G1 Evacuation Pause)
[2022-05-30T01:21:53.597+0000][7][gc,task     ] GC(5) Using 8 workers of 8 for evacuation
[2022-05-30T01:21:53.602+0000][7][gc,age      ] GC(5) Desired survivor size 20971520 bytes, new threshold 15 (max threshold 15)
[2022-05-30T01:21:53.653+0000][7][gc,phases   ] GC(5)   Pre Evacuate Collection Set: 0.2ms
[2022-05-30T01:21:53.654+0000][7][gc,phases   ] GC(5)   Merge Heap Roots: 0.1ms
[2022-05-30T01:21:53.655+0000][7][gc,phases   ] GC(5)   Evacuate Collection Set: 48.3ms
[2022-05-30T01:21:53.656+0000][7][gc,phases   ] GC(5)   Post Evacuate Collection Set: 2.3ms
[2022-05-30T01:21:53.657+0000][7][gc,phases   ] GC(5)   Other: 5.2ms
[2022-05-30T01:21:53.661+0000][7][gc,age      ] GC(5) Age table with threshold 15 (max threshold 15)
[2022-05-30T01:21:53.665+0000][7][gc,age      ] GC(5) - age   1:    7169368 bytes,    7169368 total
[2022-05-30T01:21:53.668+0000][7][gc,age      ] GC(5) - age   2:    3029680 bytes,   10199048 total
[2022-05-30T01:21:53.670+0000][7][gc,age      ] GC(5) - age   3:    1245176 bytes,   11444224 total
[2022-05-30T01:21:53.670+0000][7][gc,age      ] GC(5) - age   4:    2038600 bytes,   13482824 total
[2022-05-30T01:21:53.673+0000][7][gc,heap     ] GC(5) Eden regions: 74->0(72)
[2022-05-30T01:21:53.674+0000][7][gc,heap     ] GC(5) Survivor regions: 2->4(10)
[2022-05-30T01:21:53.675+0000][7][gc,heap     ] GC(5) Old regions: 2->2
[2022-05-30T01:21:53.676+0000][7][gc,heap     ] GC(5) Archive regions: 2->2
[2022-05-30T01:21:53.676+0000][7][gc,heap     ] GC(5) Humongous regions: 0->0
[2022-05-30T01:21:53.677+0000][7][gc,metaspace] GC(5) Metaspace: 23531K(24000K)->23531K(24000K) NonClass: 20786K(21056K)->20786K(21056K) Class: 2745K(2944K)->2745K(2944K)
[2022-05-30T01:21:53.678+0000][7][gc          ] GC(5) Pause Young (Normal) (G1 Evacuation Pause) 310M->21M(512M) 81.241ms
[2022-05-30T01:21:53.681+0000][7][gc,cpu      ] GC(5) User=0.12s Sys=0.02s Real=0.08s
[2022-05-30T01:21:53.681+0000][7][safepoint   ] Safepoint "G1CollectForAllocation", Time since last: 979682352 ns, Reaching safepoint: 322216 ns, At safepoint: 84662009 ns, Total: 84984225 ns
[2022-05-30T01:21:54.683+0000][7][safepoint   ] Safepoint "Cleanup", Time since last: 1001016271 ns, Reaching safepoint: 421576 ns, At safepoint: 11402 ns, Total: 432978 ns
[2022-05-30T01:21:56.102+0000][7][safepoint   ] Safepoint "Cleanup", Time since last: 1418228836 ns, Reaching safepoint: 582754 ns, At safepoint: 61527 ns, Total: 644281 ns
[2022-05-30T01:21:56.109+0000][7][gc,start    ] GC(6) Pause Young (Normal) (G1 Evacuation Pause)
[2022-05-30T01:21:56.110+0000][7][gc,task     ] GC(6) Using 8 workers of 8 for evacuation
[2022-05-30T01:21:56.110+0000][7][gc,age      ] GC(6) Desired survivor size 20971520 bytes, new threshold 15 (max threshold 15)
[2022-05-30T01:21:56.128+0000][7][gc,phases   ] GC(6)   Pre Evacuate Collection Set: 0.5ms
[2022-05-30T01:21:56.129+0000][7][gc,phases   ] GC(6)   Merge Heap Roots: 0.3ms
[2022-05-30T01:21:56.130+0000][7][gc,phases   ] GC(6)   Evacuate Collection Set: 14.0ms
[2022-05-30T01:21:56.131+0000][7][gc,phases   ] GC(6)   Post Evacuate Collection Set: 2.8ms
[2022-05-30T01:21:56.131+0000][7][gc,phases   ] GC(6)   Other: 1.1ms
[2022-05-30T01:21:56.132+0000][7][gc,age      ] GC(6) Age table with threshold 15 (max threshold 15)
[2022-05-30T01:21:56.133+0000][7][gc,age      ] GC(6) - age   1:    3849712 bytes,    3849712 total
[2022-05-30T01:21:56.134+0000][7][gc,age      ] GC(6) - age   2:    4829312 bytes,    8679024 total
[2022-05-30T01:21:56.134+0000][7][gc,age      ] GC(6) - age   3:    3025120 bytes,   11704144 total
[2022-05-30T01:21:56.135+0000][7][gc,age      ] GC(6) - age   4:    1225016 bytes,   12929160 total
[2022-05-30T01:21:56.135+0000][7][gc,age      ] GC(6) - age   5:    2036256 bytes,   14965416 total
[2022-05-30T01:21:56.136+0000][7][gc,heap     ] GC(6) Eden regions: 72->0(72)
[2022-05-30T01:21:56.136+0000][7][gc,heap     ] GC(6) Survivor regions: 4->4(10)
[2022-05-30T01:21:56.137+0000][7][gc,heap     ] GC(6) Old regions: 2->2
[2022-05-30T01:21:56.137+0000][7][gc,heap     ] GC(6) Archive regions: 2->2
[2022-05-30T01:21:56.138+0000][7][gc,heap     ] GC(6) Humongous regions: 0->0
[2022-05-30T01:21:56.138+0000][7][gc,metaspace] GC(6) Metaspace: 29458K(30080K)->29458K(30080K) NonClass: 26050K(26432K)->26050K(26432K) Class: 3408K(3648K)->3408K(3648K)
[2022-05-30T01:21:56.139+0000][7][gc          ] GC(6) Pause Young (Normal) (G1 Evacuation Pause) 309M->22M(512M) 29.789ms
[2022-05-30T01:21:56.140+0000][7][gc,cpu      ] GC(6) User=0.10s Sys=0.03s Real=0.03s
[2022-05-30T01:21:56.141+0000][7][safepoint   ] Safepoint "G1CollectForAllocation", Time since last: 7002718 ns, Reaching safepoint: 132523 ns, At safepoint: 31702661 ns, Total: 31835184 ns
[2022-05-30T01:21:57.161+0000][7][safepoint   ] Safepoint "Cleanup", Time since last: 1010500087 ns, Reaching safepoint: 10294107 ns, At safepoint: 59133 ns, Total: 10353240 ns
[2022-05-30T01:21:57.823+0000][7][gc,start    ] GC(7) Pause Young (Normal) (G1 Evacuation Pause)
[2022-05-30T01:21:57.824+0000][7][gc,task     ] GC(7) Using 8 workers of 8 for evacuation
[2022-05-30T01:21:57.825+0000][7][gc,age      ] GC(7) Desired survivor size 20971520 bytes, new threshold 15 (max threshold 15)
[2022-05-30T01:21:57.857+0000][7][gc,phases   ] GC(7)   Pre Evacuate Collection Set: 0.2ms
[2022-05-30T01:21:57.857+0000][7][gc,phases   ] GC(7)   Merge Heap Roots: 0.2ms
[2022-05-30T01:21:57.858+0000][7][gc,phases   ] GC(7)   Evacuate Collection Set: 29.0ms
[2022-05-30T01:21:57.859+0000][7][gc,phases   ] GC(7)   Post Evacuate Collection Set: 1.8ms
[2022-05-30T01:21:57.859+0000][7][gc,phases   ] GC(7)   Other: 1.3ms
[2022-05-30T01:21:57.860+0000][7][gc,age      ] GC(7) Age table with threshold 15 (max threshold 15)
[2022-05-30T01:21:57.861+0000][7][gc,age      ] GC(7) - age   1:    2658232 bytes,    2658232 total
[2022-05-30T01:21:57.861+0000][7][gc,age      ] GC(7) - age   2:    3825536 bytes,    6483768 total
[2022-05-30T01:21:57.862+0000][7][gc,age      ] GC(7) - age   3:    4828104 bytes,   11311872 total
[2022-05-30T01:21:57.863+0000][7][gc,age      ] GC(7) - age   4:    3024912 bytes,   14336784 total
[2022-05-30T01:21:57.863+0000][7][gc,age      ] GC(7) - age   5:    1224328 bytes,   15561112 total
[2022-05-30T01:21:57.864+0000][7][gc,age      ] GC(7) - age   6:    2036256 bytes,   17597368 total
[2022-05-30T01:21:57.865+0000][7][gc,heap     ] GC(7) Eden regions: 72->0(71)
[2022-05-30T01:21:57.865+0000][7][gc,heap     ] GC(7) Survivor regions: 4->5(10)
[2022-05-30T01:21:57.866+0000][7][gc,heap     ] GC(7) Old regions: 2->2
[2022-05-30T01:21:57.867+0000][7][gc,heap     ] GC(7) Archive regions: 2->2
[2022-05-30T01:21:57.867+0000][7][gc,heap     ] GC(7) Humongous regions: 0->0
[2022-05-30T01:21:57.868+0000][7][gc,metaspace] GC(7) Metaspace: 30892K(31616K)->30892K(31616K) NonClass: 27284K(27712K)->27284K(27712K) Class: 3607K(3904K)->3607K(3904K)
[2022-05-30T01:21:57.868+0000][7][gc          ] GC(7) Pause Young (Normal) (G1 Evacuation Pause) 310M->25M(512M) 44.931ms
[2022-05-30T01:21:57.869+0000][7][gc,cpu      ] GC(7) User=0.06s Sys=0.00s Real=0.04s
[2022-05-30T01:21:57.870+0000][7][safepoint   ] Safepoint "G1CollectForAllocation", Time since last: 661831812 ns, Reaching safepoint: 160446 ns, At safepoint: 46755808 ns, Total: 46916254 ns
[2022-05-30T01:21:59.717+0000][7][safepoint   ] Safepoint "Cleanup", Time since last: 1846614913 ns, Reaching safepoint: 574787 ns, At safepoint: 16852 ns, Total: 591639 ns
[2022-05-30T01:22:00.525+0000][7][gc,start    ] GC(8) Pause Young (Normal) (G1 Evacuation Pause)
[2022-05-30T01:22:00.526+0000][7][gc,task     ] GC(8) Using 8 workers of 8 for evacuation
[2022-05-30T01:22:00.526+0000][7][gc,age      ] GC(8) Desired survivor size 20971520 bytes, new threshold 15 (max threshold 15)
[2022-05-30T01:22:00.574+0000][7][gc,phases   ] GC(8)   Pre Evacuate Collection Set: 0.1ms
[2022-05-30T01:22:00.574+0000][7][gc,phases   ] GC(8)   Merge Heap Roots: 0.1ms
[2022-05-30T01:22:00.575+0000][7][gc,phases   ] GC(8)   Evacuate Collection Set: 43.8ms
[2022-05-30T01:22:00.576+0000][7][gc,phases   ] GC(8)   Post Evacuate Collection Set: 2.4ms
[2022-05-30T01:22:00.576+0000][7][gc,phases   ] GC(8)   Other: 1.3ms
[2022-05-30T01:22:00.577+0000][7][gc,age      ] GC(8) Age table with threshold 15 (max threshold 15)
[2022-05-30T01:22:00.578+0000][7][gc,age      ] GC(8) - age   1:    2066096 bytes,    2066096 total
[2022-05-30T01:22:00.579+0000][7][gc,age      ] GC(8) - age   2:    2623760 bytes,    4689856 total
[2022-05-30T01:22:00.580+0000][7][gc,age      ] GC(8) - age   3:    3813592 bytes,    8503448 total
[2022-05-30T01:22:00.580+0000][7][gc,age      ] GC(8) - age   4:    4814008 bytes,   13317456 total
[2022-05-30T01:22:00.581+0000][7][gc,age      ] GC(8) - age   5:    2935208 bytes,   16252664 total
[2022-05-30T01:22:00.582+0000][7][gc,age      ] GC(8) - age   6:    1213256 bytes,   17465920 total
[2022-05-30T01:22:00.582+0000][7][gc,age      ] GC(8) - age   7:    2020160 bytes,   19486080 total
[2022-05-30T01:22:00.583+0000][7][gc,heap     ] GC(8) Eden regions: 71->0(71)
[2022-05-30T01:22:00.584+0000][7][gc,heap     ] GC(8) Survivor regions: 5->5(10)
[2022-05-30T01:22:00.584+0000][7][gc,heap     ] GC(8) Old regions: 2->2
[2022-05-30T01:22:00.585+0000][7][gc,heap     ] GC(8) Archive regions: 2->2
[2022-05-30T01:22:00.586+0000][7][gc,heap     ] GC(8) Humongous regions: 0->0
[2022-05-30T01:22:00.586+0000][7][gc,metaspace] GC(8) Metaspace: 34902K(35712K)->34902K(35712K) NonClass: 30797K(31296K)->30797K(31296K) Class: 4104K(4416K)->4104K(4416K)
[2022-05-30T01:22:00.587+0000][7][gc          ] GC(8) Pause Young (Normal) (G1 Evacuation Pause) 309M->27M(512M) 62.043ms
[2022-05-30T01:22:00.588+0000][7][gc,cpu      ] GC(8) User=0.07s Sys=0.01s Real=0.06s
[2022-05-30T01:22:00.594+0000][7][safepoint   ] Safepoint "G1CollectForAllocation", Time since last: 806842884 ns, Reaching safepoint: 905594 ns, At safepoint: 69036692 ns, Total: 69942286 ns
[2022-05-30T01:22:01.027+0000][7][gc,start    ] GC(9) Pause Young (Concurrent Start) (Metadata GC Threshold)
[2022-05-30T01:22:01.083+0000][7][gc,task     ] GC(9) Using 8 workers of 8 for evacuation
[2022-05-30T01:22:01.128+0000][7][gc,age      ] GC(9) Desired survivor size 20971520 bytes, new threshold 15 (max threshold 15)
[2022-05-30T01:22:01.256+0000][7][gc,phases   ] GC(9)   Pre Evacuate Collection Set: 0.3ms
[2022-05-30T01:22:01.724+0000][7][gc,phases   ] GC(9)   Merge Heap Roots: 0.1ms
[2022-05-30T01:22:01.725+0000][7][gc,phases   ] GC(9)   Evacuate Collection Set: 61.4ms
[2022-05-30T01:22:01.726+0000][7][gc,phases   ] GC(9)   Post Evacuate Collection Set: 1.7ms
[2022-05-30T01:22:01.727+0000][7][gc,phases   ] GC(9)   Other: 108.9ms
[2022-05-30T01:22:01.728+0000][7][gc,age      ] GC(9) Age table with threshold 15 (max threshold 15)
[2022-05-30T01:22:01.729+0000][7][gc,age      ] GC(9) - age   1:     240208 bytes,     240208 total
[2022-05-30T01:22:01.730+0000][7][gc,age      ] GC(9) - age   2:    1939904 bytes,    2180112 total
[2022-05-30T01:22:01.796+0000][7][gc,age      ] GC(9) - age   3:    2623760 bytes,    4803872 total
[2022-05-30T01:22:01.797+0000][7][gc,age      ] GC(9) - age   4:    3813592 bytes,    8617464 total
[2022-05-30T01:22:01.797+0000][7][gc,age      ] GC(9) - age   5:    4813784 bytes,   13431248 total
[2022-05-30T01:22:01.798+0000][7][gc,age      ] GC(9) - age   6:    2934304 bytes,   16365552 total
[2022-05-30T01:22:01.799+0000][7][gc,age      ] GC(9) - age   7:    1213256 bytes,   17578808 total
[2022-05-30T01:22:01.800+0000][7][gc,age      ] GC(9) - age   8:    2020160 bytes,   19598968 total
[2022-05-30T01:22:01.801+0000][7][gc,heap     ] GC(9) Eden regions: 1->0(71)
[2022-05-30T01:22:01.801+0000][7][gc,heap     ] GC(9) Survivor regions: 5->5(10)
[2022-05-30T01:22:01.802+0000][7][gc,heap     ] GC(9) Old regions: 2->2
[2022-05-30T01:22:01.803+0000][7][gc,heap     ] GC(9) Archive regions: 2->2
[2022-05-30T01:22:01.803+0000][7][gc,heap     ] GC(9) Humongous regions: 0->0
[2022-05-30T01:22:01.804+0000][7][gc,metaspace] GC(9) Metaspace: 35286K(36096K)->35286K(36096K) NonClass: 31122K(31616K)->31122K(31616K) Class: 4163K(4480K)->4163K(4480K)
[2022-05-30T01:22:01.805+0000][7][gc          ] GC(9) Pause Young (Concurrent Start) (Metadata GC Threshold) 31M->27M(512M) 777.851ms
[2022-05-30T01:22:01.806+0000][7][gc,cpu      ] GC(9) User=0.41s Sys=0.04s Real=0.79s
[2022-05-30T01:22:01.811+0000][7][safepoint   ] Safepoint "CollectForMetadataAllocation", Time since last: 432609238 ns, Reaching safepoint: 175575 ns, At safepoint: 784229459 ns, Total: 784405034 ns
[2022-05-30T01:22:01.872+0000][7][gc          ] GC(10) Concurrent Mark Cycle
[2022-05-30T01:22:01.909+0000][7][gc,marking  ] GC(10) Concurrent Clear Claimed Marks
[2022-05-30T01:22:01.910+0000][7][gc,marking  ] GC(10) Concurrent Clear Claimed Marks 1.089ms
[2022-05-30T01:22:01.931+0000][7][gc,marking  ] GC(10) Concurrent Scan Root Regions
[2022-05-30T01:22:01.969+0000][7][gc,marking  ] GC(10) Concurrent Scan Root Regions 37.189ms
[2022-05-30T01:22:01.975+0000][7][gc,marking  ] GC(10) Concurrent Mark
[2022-05-30T01:22:01.976+0000][7][gc,marking  ] GC(10) Concurrent Mark From Roots
[2022-05-30T01:22:01.977+0000][7][safepoint   ] Safepoint "CollectForMetadataAllocation", Time since last: 164629840 ns, Reaching safepoint: 618488 ns, At safepoint: 175846 ns, Total: 794334 ns
[2022-05-30T01:22:02.001+0000][7][gc,task     ] GC(10) Using 2 workers of 2 for marking
[2022-05-30T01:22:02.088+0000][7][safepoint   ] Safepoint "CollectForMetadataAllocation", Time since last: 110812567 ns, Reaching safepoint: 204380 ns, At safepoint: 138344 ns, Total: 342724 ns
[2022-05-30T01:22:02.088+0000][7][gc,marking  ] GC(10) Concurrent Mark From Roots 112.317ms
[2022-05-30T01:22:02.103+0000][7][gc,marking  ] GC(10) Concurrent Preclean
[2022-05-30T01:22:02.120+0000][7][gc,marking  ] GC(10) Concurrent Preclean 16.636ms
[2022-05-30T01:22:02.121+0000][7][gc,start    ] GC(10) Pause Remark
[2022-05-30T01:22:02.142+0000][7][gc          ] GC(10) Pause Remark 31M->31M(512M) 20.401ms
[2022-05-30T01:22:02.157+0000][7][gc,cpu      ] GC(10) User=0.05s Sys=0.00s Real=0.03s
[2022-05-30T01:22:02.178+0000][7][safepoint   ] Safepoint "G1Concurrent", Time since last: 33300887 ns, Reaching safepoint: 212449 ns, At safepoint: 56784009 ns, Total: 56996458 ns
[2022-05-30T01:22:02.185+0000][7][gc,marking  ] GC(10) Concurrent Mark 210.018ms
[2022-05-30T01:22:02.185+0000][7][gc,marking  ] GC(10) Concurrent Rebuild Remembered Sets
[2022-05-30T01:22:02.199+0000][7][gc,marking  ] GC(10) Concurrent Rebuild Remembered Sets 13.449ms
[2022-05-30T01:22:02.201+0000][7][gc,start    ] GC(10) Pause Cleanup
[2022-05-30T01:22:02.203+0000][7][gc          ] GC(10) Pause Cleanup 31M->31M(512M) 2.093ms
[2022-05-30T01:22:02.205+0000][7][gc,cpu      ] GC(10) User=0.00s Sys=0.00s Real=0.00s
[2022-05-30T01:22:02.217+0000][7][safepoint   ] Safepoint "G1Concurrent", Time since last: 22255215 ns, Reaching safepoint: 610517 ns, At safepoint: 15721751 ns, Total: 16332268 ns
[2022-05-30T01:22:02.235+0000][7][gc,marking  ] GC(10) Concurrent Cleanup for Next Mark
[2022-05-30T01:22:02.252+0000][7][gc,marking  ] GC(10) Concurrent Cleanup for Next Mark 16.862ms
[2022-05-30T01:22:02.265+0000][7][gc          ] GC(10) Concurrent Mark Cycle 392.986ms
[2022-05-30T01:22:03.246+0000][7][safepoint   ] Safepoint "Cleanup", Time since last: 1018974560 ns, Reaching safepoint: 10783979 ns, At safepoint: 82858 ns, Total: 10866837 ns
[2022-05-30T01:22:04.820+0000][7][safepoint   ] Safepoint "Cleanup", Time since last: 1569551244 ns, Reaching safepoint: 3673047 ns, At safepoint: 66286 ns, Total: 3739333 ns
[2022-05-30T01:22:05.826+0000][7][safepoint   ] Safepoint "Cleanup", Time since last: 1001289234 ns, Reaching safepoint: 4550928 ns, At safepoint: 25579 ns, Total: 4576507 ns
[2022-05-30T01:22:06.828+0000][7][safepoint   ] Safepoint "Cleanup", Time since last: 1001518458 ns, Reaching safepoint: 569307 ns, At safepoint: 22924 ns, Total: 592231 ns
[2022-05-30T01:22:07.829+0000][7][safepoint   ] Safepoint "Cleanup", Time since last: 1001152538 ns, Reaching safepoint: 348065 ns, At safepoint: 56267 ns, Total: 404332 ns
[2022-05-30T01:22:09.419+0000][7][safepoint   ] Safepoint "Cleanup", Time since last: 1589158005 ns, Reaching safepoint: 291338 ns, At safepoint: 12975 ns, Total: 304313 ns
[2022-05-30T01:22:10.422+0000][7][safepoint   ] Safepoint "Cleanup", Time since last: 1000886689 ns, Reaching safepoint: 2424357 ns, At safepoint: 21781 ns, Total: 2446138 ns
[2022-05-30T01:22:11.450+0000][7][gc,start    ] GC(11) Pause Young (Normal) (G1 Evacuation Pause)
[2022-05-30T01:22:11.451+0000][7][gc,task     ] GC(11) Using 8 workers of 8 for evacuation
[2022-05-30T01:22:11.453+0000][7][gc,age      ] GC(11) Desired survivor size 20971520 bytes, new threshold 15 (max threshold 15)
[2022-05-30T01:22:11.540+0000][7][gc,phases   ] GC(11)   Pre Evacuate Collection Set: 0.2ms
[2022-05-30T01:22:11.541+0000][7][gc,phases   ] GC(11)   Merge Heap Roots: 0.1ms
[2022-05-30T01:22:11.542+0000][7][gc,phases   ] GC(11)   Evacuate Collection Set: 77.0ms
[2022-05-30T01:22:11.542+0000][7][gc,phases   ] GC(11)   Post Evacuate Collection Set: 9.3ms
[2022-05-30T01:22:11.543+0000][7][gc,phases   ] GC(11)   Other: 2.5ms
[2022-05-30T01:22:11.543+0000][7][gc,age      ] GC(11) Age table with threshold 15 (max threshold 15)
[2022-05-30T01:22:11.544+0000][7][gc,age      ] GC(11) - age   1:   19908352 bytes,   19908352 total
[2022-05-30T01:22:11.545+0000][7][gc,age      ] GC(11) - age   2:     205552 bytes,   20113904 total
[2022-05-30T01:22:11.545+0000][7][gc,age      ] GC(11) - age   3:    1887208 bytes,   22001112 total
[2022-05-30T01:22:11.546+0000][7][gc,age      ] GC(11) - age   4:    2610280 bytes,   24611392 total
[2022-05-30T01:22:11.546+0000][7][gc,age      ] GC(11) - age   5:    3802944 bytes,   28414336 total
[2022-05-30T01:22:11.547+0000][7][gc,age      ] GC(11) - age   6:    4799848 bytes,   33214184 total
[2022-05-30T01:22:11.548+0000][7][gc,age      ] GC(11) - age   7:    2930448 bytes,   36144632 total
[2022-05-30T01:22:11.548+0000][7][gc,age      ] GC(11) - age   8:    1205008 bytes,   37349640 total
[2022-05-30T01:22:11.549+0000][7][gc,age      ] GC(11) - age   9:    2015984 bytes,   39365624 total
[2022-05-30T01:22:11.549+0000][7][gc,heap     ] GC(11) Eden regions: 71->0(66)
[2022-05-30T01:22:11.550+0000][7][gc,heap     ] GC(11) Survivor regions: 5->10(10)
[2022-05-30T01:22:11.550+0000][7][gc,heap     ] GC(11) Old regions: 2->2
[2022-05-30T01:22:11.551+0000][7][gc,heap     ] GC(11) Archive regions: 2->2
[2022-05-30T01:22:11.552+0000][7][gc,heap     ] GC(11) Humongous regions: 0->0
[2022-05-30T01:22:11.552+0000][7][gc,metaspace] GC(11) Metaspace: 47311K(48576K)->47311K(48576K) NonClass: 41446K(42176K)->41446K(42176K) Class: 5865K(6400K)->5865K(6400K)
[2022-05-30T01:22:11.553+0000][7][gc          ] GC(11) Pause Young (Normal) (G1 Evacuation Pause) 311M->47M(512M) 103.084ms
[2022-05-30T01:22:11.553+0000][7][gc,cpu      ] GC(11) User=0.31s Sys=0.00s Real=0.11s
[2022-05-30T01:22:11.554+0000][7][safepoint   ] Safepoint "G1CollectForAllocation", Time since last: 1024284263 ns, Reaching safepoint: 3307469 ns, At safepoint: 104503322 ns, Total: 107810791 ns
[2022-05-30T01:22:12.556+0000][7][safepoint   ] Safepoint "Cleanup", Time since last: 1001463972 ns, Reaching safepoint: 326393 ns, At safepoint: 33695 ns, Total: 360088 ns
[2022-05-30T01:22:13.621+0000][7][safepoint   ] Safepoint "Cleanup", Time since last: 1064545643 ns, Reaching safepoint: 328328 ns, At safepoint: 38864 ns, Total: 367192 ns
[2022-05-30T01:22:14.622+0000][7][safepoint   ] Safepoint "Cleanup", Time since last: 1000980668 ns, Reaching safepoint: 598153 ns, At safepoint: 23375 ns, Total: 621528 ns
[2022-05-30T01:22:14.809+0000][7][gc,start    ] GC(12) Pause Young (Concurrent Start) (Metadata GC Threshold)
[2022-05-30T01:22:14.810+0000][7][gc,task     ] GC(12) Using 8 workers of 8 for evacuation
[2022-05-30T01:22:14.811+0000][7][gc,age      ] GC(12) Desired survivor size 20971520 bytes, new threshold 3 (max threshold 15)
[2022-05-30T01:22:14.869+0000][7][gc,phases   ] GC(12)   Pre Evacuate Collection Set: 0.4ms
[2022-05-30T01:22:14.870+0000][7][gc,phases   ] GC(12)   Merge Heap Roots: 0.1ms
[2022-05-30T01:22:14.870+0000][7][gc,phases   ] GC(12)   Evacuate Collection Set: 53.0ms
[2022-05-30T01:22:14.871+0000][7][gc,phases   ] GC(12)   Post Evacuate Collection Set: 3.2ms
[2022-05-30T01:22:14.872+0000][7][gc,phases   ] GC(12)   Other: 2.6ms
[2022-05-30T01:22:14.873+0000][7][gc,age      ] GC(12) Age table with threshold 3 (max threshold 15)
[2022-05-30T01:22:14.873+0000][7][gc,age      ] GC(12) - age   1:    5057768 bytes,    5057768 total
[2022-05-30T01:22:14.874+0000][7][gc,age      ] GC(12) - age   2:   19624152 bytes,   24681920 total
[2022-05-30T01:22:14.874+0000][7][gc,age      ] GC(12) - age   3:     199144 bytes,   24881064 total
[2022-05-30T01:22:14.875+0000][7][gc,heap     ] GC(12) Eden regions: 31->0(69)
[2022-05-30T01:22:14.876+0000][7][gc,heap     ] GC(12) Survivor regions: 10->7(10)
[2022-05-30T01:22:14.877+0000][7][gc,heap     ] GC(12) Old regions: 2->6
[2022-05-30T01:22:14.877+0000][7][gc,heap     ] GC(12) Archive regions: 2->2
[2022-05-30T01:22:14.878+0000][7][gc,heap     ] GC(12) Humongous regions: 0->0
[2022-05-30T01:22:14.878+0000][7][gc,metaspace] GC(12) Metaspace: 59899K(61376K)->59899K(61376K) NonClass: 52159K(52992K)->52159K(52992K) Class: 7739K(8384K)->7739K(8384K)
[2022-05-30T01:22:14.879+0000][7][gc          ] GC(12) Pause Young (Concurrent Start) (Metadata GC Threshold) 169M->52M(512M) 69.936ms
[2022-05-30T01:22:14.880+0000][7][gc,cpu      ] GC(12) User=0.26s Sys=0.00s Real=0.07s
[2022-05-30T01:22:14.880+0000][7][gc          ] GC(13) Concurrent Mark Cycle
[2022-05-30T01:22:14.891+0000][7][gc,marking  ] GC(13) Concurrent Clear Claimed Marks
[2022-05-30T01:22:14.892+0000][7][gc,marking  ] GC(13) Concurrent Clear Claimed Marks 0.894ms
[2022-05-30T01:22:14.892+0000][7][gc,marking  ] GC(13) Concurrent Scan Root Regions
[2022-05-30T01:22:14.881+0000][7][safepoint   ] Safepoint "CollectForMetadataAllocation", Time since last: 186341217 ns, Reaching safepoint: 142181 ns, At safepoint: 71861593 ns, Total: 72003774 ns
[2022-05-30T01:22:14.939+0000][7][gc,marking  ] GC(13) Concurrent Scan Root Regions 46.622ms
[2022-05-30T01:22:14.941+0000][7][gc,marking  ] GC(13) Concurrent Mark
[2022-05-30T01:22:14.942+0000][7][gc,marking  ] GC(13) Concurrent Mark From Roots
[2022-05-30T01:22:14.944+0000][7][gc,task     ] GC(13) Using 2 workers of 2 for marking
[2022-05-30T01:22:14.954+0000][7][gc,marking  ] GC(13) Concurrent Mark From Roots 12.075ms
[2022-05-30T01:22:14.954+0000][7][gc,marking  ] GC(13) Concurrent Preclean
[2022-05-30T01:22:14.955+0000][7][gc,marking  ] GC(13) Concurrent Preclean 0.627ms
[2022-05-30T01:22:14.956+0000][7][gc,start    ] GC(13) Pause Remark
[2022-05-30T01:22:14.983+0000][7][gc          ] GC(13) Pause Remark 54M->54M(512M) 27.653ms
[2022-05-30T01:22:14.984+0000][7][gc,cpu      ] GC(13) User=0.09s Sys=0.00s Real=0.03s
[2022-05-30T01:22:14.985+0000][7][safepoint   ] Safepoint "G1Concurrent", Time since last: 74767633 ns, Reaching safepoint: 222223 ns, At safepoint: 29027524 ns, Total: 29249747 ns
[2022-05-30T01:22:14.986+0000][7][gc,marking  ] GC(13) Concurrent Mark 44.795ms
[2022-05-30T01:22:14.986+0000][7][gc,marking  ] GC(13) Concurrent Rebuild Remembered Sets
[2022-05-30T01:22:15.004+0000][7][gc,marking  ] GC(13) Concurrent Rebuild Remembered Sets 17.726ms
[2022-05-30T01:22:15.010+0000][7][gc,start    ] GC(13) Pause Cleanup
[2022-05-30T01:22:15.016+0000][7][gc          ] GC(13) Pause Cleanup 54M->54M(512M) 6.259ms
[2022-05-30T01:22:15.029+0000][7][gc,cpu      ] GC(13) User=0.05s Sys=0.01s Real=0.02s
[2022-05-30T01:22:15.047+0000][7][safepoint   ] Safepoint "G1Concurrent", Time since last: 24589393 ns, Reaching safepoint: 320241 ns, At safepoint: 37455406 ns, Total: 37775647 ns
[2022-05-30T01:22:15.049+0000][7][gc,marking  ] GC(13) Concurrent Cleanup for Next Mark
[2022-05-30T01:22:15.066+0000][7][gc,marking  ] GC(13) Concurrent Cleanup for Next Mark 16.680ms
[2022-05-30T01:22:15.067+0000][7][gc          ] GC(13) Concurrent Mark Cycle 186.723ms
[2022-05-30T01:22:16.061+0000][7][safepoint   ] Safepoint "Cleanup", Time since last: 1001988670 ns, Reaching safepoint: 11818041 ns, At safepoint: 30568 ns, Total: 11848609 ns
[2022-05-30T01:22:17.063+0000][7][safepoint   ] Safepoint "Cleanup", Time since last: 1001564706 ns, Reaching safepoint: 262071 ns, At safepoint: 10621 ns, Total: 272692 ns
[2022-05-30T01:22:18.064+0000][7][safepoint   ] Safepoint "Cleanup", Time since last: 1001051117 ns, Reaching safepoint: 231912 ns, At safepoint: 6232 ns, Total: 238144 ns
[2022-05-30T01:22:19.105+0000][7][safepoint   ] Safepoint "Cleanup", Time since last: 1040124858 ns, Reaching safepoint: 378322 ns, At safepoint: 261089 ns, Total: 639411 ns
[2022-05-30T01:22:20.129+0000][7][safepoint   ] Safepoint "Cleanup", Time since last: 1023890693 ns, Reaching safepoint: 537997 ns, At safepoint: 44695 ns, Total: 582692 ns
[2022-05-30T01:22:20.284+0000][7][gc,start    ] GC(14) Pause Young (Normal) (G1 Evacuation Pause)
[2022-05-30T01:22:20.284+0000][7][gc,task     ] GC(14) Using 8 workers of 8 for evacuation
[2022-05-30T01:22:20.285+0000][7][gc,age      ] GC(14) Desired survivor size 20971520 bytes, new threshold 2 (max threshold 15)
[2022-05-30T01:22:20.328+0000][7][gc,phases   ] GC(14)   Pre Evacuate Collection Set: 0.3ms
[2022-05-30T01:22:20.328+0000][7][gc,phases   ] GC(14)   Merge Heap Roots: 0.2ms
[2022-05-30T01:22:20.329+0000][7][gc,phases   ] GC(14)   Evacuate Collection Set: 38.0ms
[2022-05-30T01:22:20.329+0000][7][gc,phases   ] GC(14)   Post Evacuate Collection Set: 3.2ms
[2022-05-30T01:22:20.330+0000][7][gc,phases   ] GC(14)   Other: 1.8ms
[2022-05-30T01:22:20.330+0000][7][gc,age      ] GC(14) Age table with threshold 2 (max threshold 15)
[2022-05-30T01:22:20.330+0000][7][gc,age      ] GC(14) - age   1:    5628136 bytes,    5628136 total
[2022-05-30T01:22:20.331+0000][7][gc,age      ] GC(14) - age   2:    4822672 bytes,   10450808 total
[2022-05-30T01:22:20.331+0000][7][gc,heap     ] GC(14) Eden regions: 69->0(72)
[2022-05-30T01:22:20.332+0000][7][gc,heap     ] GC(14) Survivor regions: 7->4(10)
[2022-05-30T01:22:20.332+0000][7][gc,heap     ] GC(14) Old regions: 6->11
[2022-05-30T01:22:20.333+0000][7][gc,heap     ] GC(14) Archive regions: 2->2
[2022-05-30T01:22:20.333+0000][7][gc,heap     ] GC(14) Humongous regions: 0->0
[2022-05-30T01:22:20.333+0000][7][gc,metaspace] GC(14) Metaspace: 70257K(71808K)->70257K(71808K) NonClass: 61108K(62016K)->61108K(62016K) Class: 9148K(9792K)->9148K(9792K)
[2022-05-30T01:22:20.334+0000][7][gc          ] GC(14) Pause Young (Normal) (G1 Evacuation Pause) 328M->59M(512M) 50.087ms
[2022-05-30T01:22:20.334+0000][7][gc,cpu      ] GC(14) User=0.28s Sys=0.00s Real=0.05s
[2022-05-30T01:22:20.335+0000][7][safepoint   ] Safepoint "G1CollectForAllocation", Time since last: 153875387 ns, Reaching safepoint: 391036 ns, At safepoint: 51176770 ns, Total: 51567806 ns
[2022-05-30T01:22:21.701+0000][7][safepoint   ] Safepoint "Cleanup", Time since last: 1365966970 ns, Reaching safepoint: 431513 ns, At safepoint: 41159 ns, Total: 472672 ns
[2022-05-30T01:22:22.831+0000][7][safepoint   ] Safepoint "Cleanup", Time since last: 1126929271 ns, Reaching safepoint: 1315421 ns, At safepoint: 45036 ns, Total: 1360457 ns
[2022-05-30T01:22:24.044+0000][7][safepoint   ] Safepoint "ICBufferFull", Time since last: 1212823786 ns, Reaching safepoint: 608854 ns, At safepoint: 10610 ns, Total: 619464 ns
[2022-05-30T01:22:25.215+0000][7][safepoint   ] Safepoint "Cleanup", Time since last: 1170582170 ns, Reaching safepoint: 824205 ns, At safepoint: 81395 ns, Total: 905600 ns
[2022-05-30T01:22:25.687+0000][7][gc,start    ] GC(15) Pause Young (Concurrent Start) (Metadata GC Threshold)
[2022-05-30T01:22:25.688+0000][7][gc,task     ] GC(15) Using 8 workers of 8 for evacuation
[2022-05-30T01:22:25.688+0000][7][gc,age      ] GC(15) Desired survivor size 20971520 bytes, new threshold 15 (max threshold 15)
[2022-05-30T01:22:25.712+0000][7][gc,phases   ] GC(15)   Pre Evacuate Collection Set: 0.8ms
[2022-05-30T01:22:25.712+0000][7][gc,phases   ] GC(15)   Merge Heap Roots: 0.3ms
[2022-05-30T01:22:25.712+0000][7][gc,phases   ] GC(15)   Evacuate Collection Set: 19.4ms
[2022-05-30T01:22:25.713+0000][7][gc,phases   ] GC(15)   Post Evacuate Collection Set: 3.0ms
[2022-05-30T01:22:25.713+0000][7][gc,phases   ] GC(15)   Other: 0.8ms
[2022-05-30T01:22:25.713+0000][7][gc,age      ] GC(15) Age table with threshold 15 (max threshold 15)
[2022-05-30T01:22:25.713+0000][7][gc,age      ] GC(15) - age   1:   13683872 bytes,   13683872 total
[2022-05-30T01:22:25.713+0000][7][gc,age      ] GC(15) - age   2:    5405432 bytes,   19089304 total
[2022-05-30T01:22:25.714+0000][7][gc,age      ] GC(15) - age   3:    4712664 bytes,   23801968 total
[2022-05-30T01:22:25.714+0000][7][gc,heap     ] GC(15) Eden regions: 71->0(69)
[2022-05-30T01:22:25.714+0000][7][gc,heap     ] GC(15) Survivor regions: 4->7(10)
[2022-05-30T01:22:25.714+0000][7][gc,heap     ] GC(15) Old regions: 11->11
[2022-05-30T01:22:25.714+0000][7][gc,heap     ] GC(15) Archive regions: 2->2
[2022-05-30T01:22:25.715+0000][7][gc,heap     ] GC(15) Humongous regions: 0->0
[2022-05-30T01:22:25.715+0000][7][gc,metaspace] GC(15) Metaspace: 99541K(102528K)->99541K(102528K) NonClass: 86006K(87552K)->86006K(87552K) Class: 13535K(14976K)->13535K(14976K)
[2022-05-30T01:22:25.715+0000][7][gc          ] GC(15) Pause Young (Concurrent Start) (Metadata GC Threshold) 341M->70M(512M) 28.069ms
[2022-05-30T01:22:25.715+0000][7][gc,cpu      ] GC(15) User=0.17s Sys=0.00s Real=0.03s
[2022-05-30T01:22:25.715+0000][7][gc          ] GC(16) Concurrent Mark Cycle
[2022-05-30T01:22:25.716+0000][7][gc,marking  ] GC(16) Concurrent Clear Claimed Marks
[2022-05-30T01:22:25.716+0000][7][safepoint   ] Safepoint "CollectForMetadataAllocation", Time since last: 471144236 ns, Reaching safepoint: 330655 ns, At safepoint: 28932199 ns, Total: 29262854 ns
[2022-05-30T01:22:25.717+0000][7][gc,marking  ] GC(16) Concurrent Clear Claimed Marks 0.746ms
[2022-05-30T01:22:25.717+0000][7][gc,marking  ] GC(16) Concurrent Scan Root Regions
[2022-05-30T01:22:25.736+0000][7][gc,marking  ] GC(16) Concurrent Scan Root Regions 19.097ms
[2022-05-30T01:22:25.737+0000][7][gc,marking  ] GC(16) Concurrent Mark
[2022-05-30T01:22:25.737+0000][7][gc,marking  ] GC(16) Concurrent Mark From Roots
[2022-05-30T01:22:25.738+0000][7][gc,task     ] GC(16) Using 2 workers of 2 for marking
[2022-05-30T01:22:25.761+0000][7][safepoint   ] Safepoint "CollectForMetadataAllocation", Time since last: 44420814 ns, Reaching safepoint: 311715 ns, At safepoint: 119428 ns, Total: 431143 ns
[2022-05-30T01:22:25.781+0000][7][gc,marking  ] GC(16) Concurrent Mark From Roots 43.744ms
[2022-05-30T01:22:25.781+0000][7][gc,marking  ] GC(16) Concurrent Preclean
[2022-05-30T01:22:25.782+0000][7][gc,marking  ] GC(16) Concurrent Preclean 0.552ms
[2022-05-30T01:22:25.783+0000][7][gc,start    ] GC(16) Pause Remark
[2022-05-30T01:22:25.794+0000][7][gc          ] GC(16) Pause Remark 73M->73M(512M) 11.097ms
[2022-05-30T01:22:25.794+0000][7][gc,cpu      ] GC(16) User=0.07s Sys=0.00s Real=0.01s
[2022-05-30T01:22:25.795+0000][7][safepoint   ] Safepoint "G1Concurrent", Time since last: 21691334 ns, Reaching safepoint: 294101 ns, At safepoint: 11945107 ns, Total: 12239208 ns
[2022-05-30T01:22:25.795+0000][7][gc,marking  ] GC(16) Concurrent Mark 58.303ms
[2022-05-30T01:22:25.796+0000][7][gc,marking  ] GC(16) Concurrent Rebuild Remembered Sets
[2022-05-30T01:22:25.821+0000][7][gc,marking  ] GC(16) Concurrent Rebuild Remembered Sets 24.922ms
[2022-05-30T01:22:25.824+0000][7][gc,start    ] GC(16) Pause Cleanup
[2022-05-30T01:22:25.825+0000][7][gc          ] GC(16) Pause Cleanup 76M->76M(512M) 0.826ms
[2022-05-30T01:22:25.825+0000][7][gc,cpu      ] GC(16) User=0.00s Sys=0.00s Real=0.00s
[2022-05-30T01:22:25.825+0000][7][safepoint   ] Safepoint "G1Concurrent", Time since last: 26634383 ns, Reaching safepoint: 2462430 ns, At safepoint: 1678887 ns, Total: 4141317 ns
[2022-05-30T01:22:25.826+0000][7][gc,marking  ] GC(16) Concurrent Cleanup for Next Mark
[2022-05-30T01:22:25.828+0000][7][gc,marking  ] GC(16) Concurrent Cleanup for Next Mark 2.284ms
[2022-05-30T01:22:25.829+0000][7][gc          ] GC(16) Concurrent Mark Cycle 113.576ms
[2022-05-30T01:22:26.980+0000][7][safepoint   ] Safepoint "ICBufferFull", Time since last: 1153935940 ns, Reaching safepoint: 335581 ns, At safepoint: 37151 ns, Total: 372732 ns
[2022-05-30T01:22:28.597+0000][7][safepoint   ] Safepoint "Cleanup", Time since last: 1617097954 ns, Reaching safepoint: 326753 ns, At safepoint: 37482 ns, Total: 364235 ns
[2022-05-30T01:22:30.273+0000][7][safepoint   ] Safepoint "Cleanup", Time since last: 1675983887 ns, Reaching safepoint: 267671 ns, At safepoint: 13315 ns, Total: 280986 ns
[2022-05-30T01:22:32.264+0000][7][safepoint   ] Safepoint "Cleanup", Time since last: 1989881935 ns, Reaching safepoint: 271548 ns, At safepoint: 87176 ns, Total: 358724 ns
[2022-05-30T01:22:33.265+0000][7][safepoint   ] Safepoint "Cleanup", Time since last: 1000822436 ns, Reaching safepoint: 342033 ns, At safepoint: 18655 ns, Total: 360688 ns
[2022-05-30T01:22:34.592+0000][7][safepoint   ] Safepoint "Cleanup", Time since last: 1326859430 ns, Reaching safepoint: 323708 ns, At safepoint: 48472 ns, Total: 372180 ns
[2022-05-30T01:22:35.655+0000][7][safepoint   ] Safepoint "Cleanup", Time since last: 1062656435 ns, Reaching safepoint: 575049 ns, At safepoint: 116482 ns, Total: 691531 ns
[2022-05-30T01:22:36.706+0000][7][safepoint   ] Safepoint "Cleanup", Time since last: 1044306083 ns, Reaching safepoint: 5823948 ns, At safepoint: 206023 ns, Total: 6029971 ns
[2022-05-30T01:22:38.224+0000][7][safepoint   ] Safepoint "Cleanup", Time since last: 1121733755 ns, Reaching safepoint: 395771564 ns, At safepoint: 329028 ns, Total: 396100592 ns
[2022-05-30T01:22:39.237+0000][7][safepoint   ] Safepoint "Cleanup", Time since last: 1007544267 ns, Reaching safepoint: 5811797 ns, At safepoint: 166247 ns, Total: 5978044 ns
[2022-05-30T01:22:40.369+0000][7][safepoint   ] Safepoint "Cleanup", Time since last: 1000837456 ns, Reaching safepoint: 130703907 ns, At safepoint: 228106 ns, Total: 130932013 ns
[2022-05-30T01:22:40.458+0000][7][gc,start    ] GC(17) Pause Young (Normal) (G1 Evacuation Pause)
[2022-05-30T01:22:40.459+0000][7][gc,task     ] GC(17) Using 8 workers of 8 for evacuation
[2022-05-30T01:22:40.460+0000][7][gc,age      ] GC(17) Desired survivor size 20971520 bytes, new threshold 3 (max threshold 15)
[2022-05-30T01:22:40.517+0000][7][gc,phases   ] GC(17)   Pre Evacuate Collection Set: 0.5ms
[2022-05-30T01:22:40.518+0000][7][gc,phases   ] GC(17)   Merge Heap Roots: 0.3ms
[2022-05-30T01:22:40.518+0000][7][gc,phases   ] GC(17)   Evacuate Collection Set: 51.2ms
[2022-05-30T01:22:40.518+0000][7][gc,phases   ] GC(17)   Post Evacuate Collection Set: 4.1ms
[2022-05-30T01:22:40.519+0000][7][gc,phases   ] GC(17)   Other: 1.7ms
[2022-05-30T01:22:40.519+0000][7][gc,age      ] GC(17) Age table with threshold 3 (max threshold 15)
[2022-05-30T01:22:40.520+0000][7][gc,age      ] GC(17) - age   1:   12028776 bytes,   12028776 total
[2022-05-30T01:22:40.520+0000][7][gc,age      ] GC(17) - age   2:   13214744 bytes,   25243520 total
[2022-05-30T01:22:40.520+0000][7][gc,age      ] GC(17) - age   3:    5383416 bytes,   30626936 total
[2022-05-30T01:22:40.521+0000][7][gc,heap     ] GC(17) Eden regions: 69->0(68)
[2022-05-30T01:22:40.521+0000][7][gc,heap     ] GC(17) Survivor regions: 7->8(10)
[2022-05-30T01:22:40.522+0000][7][gc,heap     ] GC(17) Old regions: 11->12
[2022-05-30T01:22:40.523+0000][7][gc,heap     ] GC(17) Archive regions: 2->2
[2022-05-30T01:22:40.523+0000][7][gc,heap     ] GC(17) Humongous regions: 2->2
[2022-05-30T01:22:40.524+0000][7][gc,metaspace] GC(17) Metaspace: 112627K(115840K)->112627K(115840K) NonClass: 97101K(98816K)->97101K(98816K) Class: 15526K(17024K)->15526K(17024K)
[2022-05-30T01:22:40.524+0000][7][gc          ] GC(17) Pause Young (Normal) (G1 Evacuation Pause) 354M->90M(512M) 65.947ms
[2022-05-30T01:22:40.525+0000][7][gc,cpu      ] GC(17) User=0.36s Sys=0.01s Real=0.07s
[2022-05-30T01:22:40.527+0000][7][safepoint   ] Safepoint "G1CollectForAllocation", Time since last: 68913923 ns, Reaching safepoint: 20502169 ns, At safepoint: 68461664 ns, Total: 88963833 ns
[2022-05-30T01:22:41.533+0000][7][safepoint   ] Safepoint "Cleanup", Time since last: 1005662330 ns, Reaching safepoint: 428217 ns, At safepoint: 74633 ns, Total: 502850 ns
[2022-05-30T01:22:42.534+0000][7][safepoint   ] Safepoint "Cleanup", Time since last: 1000894216 ns, Reaching safepoint: 306966 ns, At safepoint: 12905 ns, Total: 319871 ns
[2022-05-30T01:22:44.787+0000][7][safepoint   ] Safepoint "Cleanup", Time since last: 2252338962 ns, Reaching safepoint: 317225 ns, At safepoint: 14648 ns, Total: 331873 ns
[2022-05-30T01:22:45.788+0000][7][safepoint   ] Safepoint "Cleanup", Time since last: 1000811585 ns, Reaching safepoint: 544861 ns, At safepoint: 53262 ns, Total: 598123 ns
[2022-05-30T01:22:46.791+0000][7][safepoint   ] Safepoint "Cleanup", Time since last: 1002323613 ns, Reaching safepoint: 399332 ns, At safepoint: 17153 ns, Total: 416485 ns
[2022-05-30T01:22:48.793+0000][7][safepoint   ] Safepoint "Cleanup", Time since last: 2001015384 ns, Reaching safepoint: 423679 ns, At safepoint: 61898 ns, Total: 485577 ns
[2022-05-30T01:22:49.870+0000][7][safepoint   ] Safepoint "Cleanup", Time since last: 1076943566 ns, Reaching safepoint: 496438 ns, At safepoint: 26300 ns, Total: 522738 ns
[2022-05-30T01:22:51.565+0000][7][safepoint   ] Safepoint "Cleanup", Time since last: 1694828231 ns, Reaching safepoint: 336201 ns, At safepoint: 84392 ns, Total: 420593 ns
[2022-05-30T01:22:51.851+0000][7][safepoint   ] Safepoint "ICBufferFull", Time since last: 282905228 ns, Reaching safepoint: 2685310 ns, At safepoint: 202737 ns, Total: 2888047 ns
[2022-05-30T01:22:51.860+0000][7][safepoint   ] Safepoint "ICBufferFull", Time since last: 8073750 ns, Reaching safepoint: 330801 ns, At safepoint: 152621 ns, Total: 483422 ns
[2022-05-30T01:22:52.548+0000][7][safepoint   ] Safepoint "ICBufferFull", Time since last: 688034437 ns, Reaching safepoint: 446212 ns, At safepoint: 62740 ns, Total: 508952 ns
[2022-05-30T01:22:53.546+0000][7][safepoint   ] Safepoint "Cleanup", Time since last: 1000764266 ns, Reaching safepoint: 357973 ns, At safepoint: 48473 ns, Total: 406446 ns
[2022-05-30T01:22:55.122+0000][7][safepoint   ] Safepoint "Cleanup", Time since last: 1575923971 ns, Reaching safepoint: 370478 ns, At safepoint: 51969 ns, Total: 422447 ns
[2022-05-30T01:22:56.043+0000][7][safepoint   ] Safepoint "ICBufferFull", Time since last: 920532090 ns, Reaching safepoint: 321804 ns, At safepoint: 87257 ns, Total: 409061 ns
[2022-05-30T01:22:57.893+0000][7][safepoint   ] Safepoint "Cleanup", Time since last: 1849650015 ns, Reaching safepoint: 403040 ns, At safepoint: 27713 ns, Total: 430753 ns
[2022-05-30T01:22:59.860+0000][7][safepoint   ] Safepoint "Cleanup", Time since last: 1946966374 ns, Reaching safepoint: 19098890 ns, At safepoint: 97446 ns, Total: 19196336 ns
[2022-05-30T01:23:01.052+0000][7][safepoint   ] Safepoint "Cleanup", Time since last: 1192223716 ns, Reaching safepoint: 386658 ns, At safepoint: 25830 ns, Total: 412488 ns
[2022-05-30T01:23:02.350+0000][7][safepoint   ] Safepoint "Cleanup", Time since last: 1293972725 ns, Reaching safepoint: 3792670 ns, At safepoint: 212666 ns, Total: 4005336 ns
[2022-05-30T01:23:03.356+0000][7][safepoint   ] Safepoint "Cleanup", Time since last: 1005688360 ns, Reaching safepoint: 363073 ns, At safepoint: 20369 ns, Total: 383442 ns
[2022-05-30T01:23:05.507+0000][7][safepoint   ] Safepoint "Cleanup", Time since last: 2150027064 ns, Reaching safepoint: 420263 ns, At safepoint: 24767 ns, Total: 445030 ns
[2022-05-30T01:23:06.843+0000][7][safepoint   ] Safepoint "Cleanup", Time since last: 1336024202 ns, Reaching safepoint: 500245 ns, At safepoint: 28505 ns, Total: 528750 ns
[2022-05-30T01:23:07.880+0000][7][safepoint   ] Safepoint "Cleanup", Time since last: 1036586861 ns, Reaching safepoint: 385997 ns, At safepoint: 28134 ns, Total: 414131 ns
[2022-05-30T01:23:08.883+0000][7][safepoint   ] Safepoint "Cleanup", Time since last: 1002052837 ns, Reaching safepoint: 380456 ns, At safepoint: 26971 ns, Total: 407427 ns
[2022-05-30T01:23:10.217+0000][7][safepoint   ] Safepoint "Cleanup", Time since last: 1334327582 ns, Reaching safepoint: 355379 ns, At safepoint: 24506 ns, Total: 379885 ns
[2022-05-30T01:23:11.222+0000][7][safepoint   ] Safepoint "Cleanup", Time since last: 1003607501 ns, Reaching safepoint: 355699 ns, At safepoint: 30808 ns, Total: 386507 ns
[2022-05-30T01:23:12.223+0000][7][safepoint   ] Safepoint "Cleanup", Time since last: 1001471528 ns, Reaching safepoint: 391146 ns, At safepoint: 14368 ns, Total: 405514 ns
[2022-05-30T01:23:13.621+0000][7][safepoint   ] Safepoint "Cleanup", Time since last: 1397521195 ns, Reaching safepoint: 322456 ns, At safepoint: 48623 ns, Total: 371079 ns
[2022-05-30T01:23:14.688+0000][7][safepoint   ] Safepoint "Cleanup", Time since last: 1066053729 ns, Reaching safepoint: 391567 ns, At safepoint: 28054 ns, Total: 419621 ns
[2022-05-30T01:23:15.699+0000][7][safepoint   ] Safepoint "Cleanup", Time since last: 1010802145 ns, Reaching safepoint: 515925 ns, At safepoint: 29627 ns, Total: 545552 ns
[2022-05-30T01:23:16.944+0000][7][safepoint   ] Safepoint "Cleanup", Time since last: 1239245399 ns, Reaching safepoint: 5412301 ns, At safepoint: 173141 ns, Total: 5585442 ns
[2022-05-30T01:23:17.952+0000][7][safepoint   ] Safepoint "Cleanup", Time since last: 1006605850 ns, Reaching safepoint: 1028818 ns, At safepoint: 200202 ns, Total: 1229020 ns
[2022-05-30T01:23:18.335+0000][7][gc,start    ] GC(18) Pause Young (Normal) (G1 Evacuation Pause)
[2022-05-30T01:23:18.336+0000][7][gc,task     ] GC(18) Using 8 workers of 8 for evacuation
[2022-05-30T01:23:18.337+0000][7][gc,age      ] GC(18) Desired survivor size 20971520 bytes, new threshold 2 (max threshold 15)
[2022-05-30T01:23:18.374+0000][7][gc,phases   ] GC(18)   Pre Evacuate Collection Set: 0.4ms
[2022-05-30T01:23:18.374+0000][7][gc,phases   ] GC(18)   Merge Heap Roots: 0.3ms
[2022-05-30T01:23:18.375+0000][7][gc,phases   ] GC(18)   Evacuate Collection Set: 31.4ms
[2022-05-30T01:23:18.375+0000][7][gc,phases   ] GC(18)   Post Evacuate Collection Set: 3.5ms
[2022-05-30T01:23:18.376+0000][7][gc,phases   ] GC(18)   Other: 2.4ms
[2022-05-30T01:23:18.376+0000][7][gc,age      ] GC(18) Age table with threshold 2 (max threshold 15)
[2022-05-30T01:23:18.376+0000][7][gc,age      ] GC(18) - age   1:   19243376 bytes,   19243376 total
[2022-05-30T01:23:18.376+0000][7][gc,age      ] GC(18) - age   2:    9705960 bytes,   28949336 total
[2022-05-30T01:23:18.377+0000][7][gc,heap     ] GC(18) Eden regions: 68->0(68)
[2022-05-30T01:23:18.377+0000][7][gc,heap     ] GC(18) Survivor regions: 8->8(10)
[2022-05-30T01:23:18.377+0000][7][gc,heap     ] GC(18) Old regions: 12->17
[2022-05-30T01:23:18.378+0000][7][gc,heap     ] GC(18) Archive regions: 2->2
[2022-05-30T01:23:18.378+0000][7][gc,heap     ] GC(18) Humongous regions: 2->2
[2022-05-30T01:23:18.378+0000][7][gc,metaspace] GC(18) Metaspace: 121109K(124416K)->121109K(124416K) NonClass: 104441K(106176K)->104441K(106176K) Class: 16668K(18240K)->16668K(18240K)
[2022-05-30T01:23:18.379+0000][7][gc          ] GC(18) Pause Young (Normal) (G1 Evacuation Pause) 362M->109M(512M) 43.556ms
[2022-05-30T01:23:18.379+0000][7][gc,cpu      ] GC(18) User=0.24s Sys=0.03s Real=0.05s
[2022-05-30T01:23:18.380+0000][7][safepoint   ] Safepoint "G1CollectForAllocation", Time since last: 382389028 ns, Reaching safepoint: 825578 ns, At safepoint: 44754507 ns, Total: 45580085 ns
[2022-05-30T01:23:19.619+0000][7][safepoint   ] Safepoint "Cleanup", Time since last: 1239270847 ns, Reaching safepoint: 286988 ns, At safepoint: 76216 ns, Total: 363204 ns
[2022-05-30T01:23:20.640+0000][7][safepoint   ] Safepoint "Cleanup", Time since last: 1011568793 ns, Reaching safepoint: 6762819 ns, At safepoint: 2637086 ns, Total: 9399905 ns
[2022-05-30T01:23:21.644+0000][7][safepoint   ] Safepoint "Cleanup", Time since last: 1002206319 ns, Reaching safepoint: 1604503 ns, At safepoint: 134547 ns, Total: 1739050 ns
[2022-05-30T01:23:22.836+0000][7][safepoint   ] Safepoint "Cleanup", Time since last: 1186047748 ns, Reaching safepoint: 5216124 ns, At safepoint: 117604 ns, Total: 5333728 ns
[2022-05-30T01:23:23.879+0000][7][safepoint   ] Safepoint "Cleanup", Time since last: 1011688766 ns, Reaching safepoint: 7105220 ns, At safepoint: 147301 ns, Total: 7252521 ns
[2022-05-30T01:23:24.885+0000][7][safepoint   ] Safepoint "Cleanup", Time since last: 1005089769 ns, Reaching safepoint: 747286 ns, At safepoint: 129267 ns, Total: 876553 ns
[2022-05-30T01:23:26.199+0000][7][safepoint   ] Safepoint "Cleanup", Time since last: 1313549834 ns, Reaching safepoint: 489163 ns, At safepoint: 24277 ns, Total: 513440 ns
[2022-05-30T01:23:27.264+0000][7][safepoint   ] Safepoint "Cleanup", Time since last: 1064879166 ns, Reaching safepoint: 327896 ns, At safepoint: 45036 ns, Total: 372932 ns
[2022-05-30T01:23:28.304+0000][7][safepoint   ] Safepoint "Cleanup", Time since last: 1038601669 ns, Reaching safepoint: 816426 ns, At safepoint: 183520 ns, Total: 999946 ns
[2022-05-30T01:23:28.859+0000][7][safepoint   ] Safepoint "ICBufferFull", Time since last: 555192247 ns, Reaching safepoint: 440260 ns, At safepoint: 91745 ns, Total: 532005 ns
[2022-05-30T01:23:30.742+0000][7][safepoint   ] Safepoint "Cleanup", Time since last: 1882080917 ns, Reaching safepoint: 389574 ns, At safepoint: 24206 ns, Total: 413780 ns
[2022-05-30T01:23:31.937+0000][7][safepoint   ] Safepoint "Cleanup", Time since last: 1069122227 ns, Reaching safepoint: 125537208 ns, At safepoint: 136320 ns, Total: 125673528 ns
[2022-05-30T01:23:32.951+0000][7][safepoint   ] Safepoint "Cleanup", Time since last: 1014362767 ns, Reaching safepoint: 454449 ns, At safepoint: 109439 ns, Total: 563888 ns
[2022-05-30T01:23:34.480+0000][7][safepoint   ] Safepoint "Cleanup", Time since last: 1007360962 ns, Reaching safepoint: 520443799 ns, At safepoint: 319941 ns, Total: 520763740 ns
[2022-05-30T01:23:36.184+0000][7][safepoint   ] Safepoint "Cleanup", Time since last: 1704046497 ns, Reaching safepoint: 416999 ns, At safepoint: 32913 ns, Total: 449912 ns
[2022-05-30T01:23:37.197+0000][7][safepoint   ] Safepoint "Cleanup", Time since last: 1011913884 ns, Reaching safepoint: 324099 ns, At safepoint: 208247 ns, Total: 532346 ns
[2022-05-30T01:23:38.609+0000][7][safepoint   ] Safepoint "Cleanup", Time since last: 1064831783 ns, Reaching safepoint: 295945321 ns, At safepoint: 51686616 ns, Total: 347631937 ns
[2022-05-30T01:23:39.632+0000][7][safepoint   ] Safepoint "Cleanup", Time since last: 1022362813 ns, Reaching safepoint: 564327 ns, At safepoint: 69533 ns, Total: 633860 ns
[2022-05-30T01:23:40.636+0000][7][safepoint   ] Safepoint "Cleanup", Time since last: 1003280226 ns, Reaching safepoint: 368684 ns, At safepoint: 17193 ns, Total: 385877 ns
[2022-05-30T01:23:41.841+0000][7][safepoint   ] Safepoint "Cleanup", Time since last: 1182486075 ns, Reaching safepoint: 22353463 ns, At safepoint: 214941 ns, Total: 22568404 ns
[2022-05-30T01:23:42.848+0000][7][safepoint   ] Safepoint "Cleanup", Time since last: 1006606860 ns, Reaching safepoint: 348596 ns, At safepoint: 15890 ns, Total: 364486 ns
[2022-05-30T01:23:44.310+0000][7][safepoint   ] Safepoint "Cleanup", Time since last: 1462251813 ns, Reaching safepoint: 386468 ns, At safepoint: 27633 ns, Total: 414101 ns
[2022-05-30T01:23:45.317+0000][7][safepoint   ] Safepoint "Cleanup", Time since last: 1005871704 ns, Reaching safepoint: 391448 ns, At safepoint: 45797 ns, Total: 437245 ns
[2022-05-30T01:23:46.323+0000][7][safepoint   ] Safepoint "Cleanup", Time since last: 1001732109 ns, Reaching safepoint: 3971758 ns, At safepoint: 174523 ns, Total: 4146281 ns
[2022-05-30T01:23:47.810+0000][7][safepoint   ] Safepoint "Cleanup", Time since last: 1151079422 ns, Reaching safepoint: 336682061 ns, At safepoint: 135038 ns, Total: 336817099 ns
[2022-05-30T01:23:48.815+0000][7][safepoint   ] Safepoint "Cleanup", Time since last: 1002584167 ns, Reaching safepoint: 976498 ns, At safepoint: 540548 ns, Total: 1517046 ns
[2022-05-30T01:23:50.141+0000][7][safepoint   ] Safepoint "Cleanup", Time since last: 1325629653 ns, Reaching safepoint: 335610 ns, At safepoint: 61758 ns, Total: 397368 ns
[2022-05-30T01:23:51.274+0000][7][safepoint   ] Safepoint "Cleanup", Time since last: 1131776317 ns, Reaching safepoint: 1462891 ns, At safepoint: 85243 ns, Total: 1548134 ns
[2022-05-30T01:23:52.284+0000][7][safepoint   ] Safepoint "Cleanup", Time since last: 1009958503 ns, Reaching safepoint: 356791 ns, At safepoint: 18676 ns, Total: 375467 ns
[2022-05-30T01:23:53.115+0000][7][gc,start    ] GC(19) Pause Young (Normal) (G1 Evacuation Pause)
[2022-05-30T01:23:53.123+0000][7][gc,task     ] GC(19) Using 8 workers of 8 for evacuation
[2022-05-30T01:23:53.182+0000][7][gc,age      ] GC(19) Desired survivor size 20971520 bytes, new threshold 2 (max threshold 15)
[2022-05-30T01:23:53.273+0000][7][gc,phases   ] GC(19)   Pre Evacuate Collection Set: 0.5ms
[2022-05-30T01:23:53.294+0000][7][gc,phases   ] GC(19)   Merge Heap Roots: 0.3ms
[2022-05-30T01:23:53.297+0000][7][gc,phases   ] GC(19)   Evacuate Collection Set: 73.8ms
[2022-05-30T01:23:53.315+0000][7][gc,phases   ] GC(19)   Post Evacuate Collection Set: 2.7ms
[2022-05-30T01:23:53.320+0000][7][gc,phases   ] GC(19)   Other: 73.3ms
[2022-05-30T01:23:53.325+0000][7][gc,age      ] GC(19) Age table with threshold 2 (max threshold 15)
[2022-05-30T01:23:53.335+0000][7][gc,age      ] GC(19) - age   1:   18153952 bytes,   18153952 total
[2022-05-30T01:23:53.337+0000][7][gc,age      ] GC(19) - age   2:    8989976 bytes,   27143928 total
[2022-05-30T01:23:53.342+0000][7][gc,heap     ] GC(19) Eden regions: 68->0(65)
[2022-05-30T01:23:53.344+0000][7][gc,heap     ] GC(19) Survivor regions: 8->7(10)
[2022-05-30T01:23:53.353+0000][7][gc,heap     ] GC(19) Old regions: 17->19
[2022-05-30T01:23:53.360+0000][7][gc,heap     ] GC(19) Archive regions: 2->2
[2022-05-30T01:23:53.365+0000][7][gc,heap     ] GC(19) Humongous regions: 2->2
[2022-05-30T01:23:53.367+0000][7][gc,metaspace] GC(19) Metaspace: 124859K(128320K)->124859K(128320K) NonClass: 107807K(109632K)->107807K(109632K) Class: 17052K(18688K)->17052K(18688K)
[2022-05-30T01:23:53.373+0000][7][gc          ] GC(19) Pause Young (Normal) (G1 Evacuation Pause) 381M->115M(512M) 257.402ms
[2022-05-30T01:23:53.377+0000][7][gc,cpu      ] GC(19) User=0.44s Sys=0.04s Real=0.27s
[2022-05-30T01:23:53.385+0000][7][safepoint   ] Safepoint "G1CollectForAllocation", Time since last: 877639016 ns, Reaching safepoint: 494253 ns, At safepoint: 269366092 ns, Total: 269860345 ns
[2022-05-30T01:23:54.414+0000][7][safepoint   ] Safepoint "Cleanup", Time since last: 1029133498 ns, Reaching safepoint: 355900 ns, At safepoint: 21581 ns, Total: 377481 ns
[2022-05-30T01:23:55.421+0000][7][safepoint   ] Safepoint "Cleanup", Time since last: 1005915963 ns, Reaching safepoint: 469306 ns, At safepoint: 37842 ns, Total: 507148 ns
[2022-05-30T01:23:56.423+0000][7][safepoint   ] Safepoint "Cleanup", Time since last: 1002154481 ns, Reaching safepoint: 347273 ns, At safepoint: 22372 ns, Total: 369645 ns
[2022-05-30T01:23:57.929+0000][7][safepoint   ] Safepoint "Cleanup", Time since last: 1505393518 ns, Reaching safepoint: 188070 ns, At safepoint: 13015 ns, Total: 201085 ns
[2022-05-30T01:23:59.181+0000][7][safepoint   ] Safepoint "Cleanup", Time since last: 1252012059 ns, Reaching safepoint: 199171 ns, At safepoint: 23655 ns, Total: 222826 ns
[2022-05-30T01:24:00.186+0000][7][safepoint   ] Safepoint "Cleanup", Time since last: 1004509988 ns, Reaching safepoint: 511717 ns, At safepoint: 28585 ns, Total: 540302 ns
[2022-05-30T01:24:01.840+0000][7][safepoint   ] Safepoint "Cleanup", Time since last: 1652955595 ns, Reaching safepoint: 571291 ns, At safepoint: 118436 ns, Total: 689727 ns
[2022-05-30T01:24:02.848+0000][7][safepoint   ] Safepoint "Cleanup", Time since last: 1007414378 ns, Reaching safepoint: 537240 ns, At safepoint: 152751 ns, Total: 689991 ns
[2022-05-30T01:24:03.863+0000][7][safepoint   ] Safepoint "Cleanup", Time since last: 1009820713 ns, Reaching safepoint: 4811268 ns, At safepoint: 179322 ns, Total: 4990590 ns
[2022-05-30T01:24:04.872+0000][7][safepoint   ] Safepoint "Cleanup", Time since last: 1008785139 ns, Reaching safepoint: 205413 ns, At safepoint: 9307 ns, Total: 214720 ns
[2022-05-30T01:24:05.969+0000][7][safepoint   ] Safepoint "Cleanup", Time since last: 1097214177 ns, Reaching safepoint: 500678 ns, At safepoint: 76005 ns, Total: 576683 ns
[2022-05-30T01:24:06.983+0000][7][safepoint   ] Safepoint "Cleanup", Time since last: 1013422615 ns, Reaching safepoint: 496969 ns, At safepoint: 63671 ns, Total: 560640 ns
[2022-05-30T01:24:07.999+0000][7][safepoint   ] Safepoint "Cleanup", Time since last: 1014939883 ns, Reaching safepoint: 378743 ns, At safepoint: 29126 ns, Total: 407869 ns
[2022-05-30T01:24:10.262+0000][7][safepoint   ] Safepoint "Cleanup", Time since last: 2262308067 ns, Reaching safepoint: 475969 ns, At safepoint: 123456 ns, Total: 599425 ns
[2022-05-30T01:24:11.332+0000][7][safepoint   ] Safepoint "Cleanup", Time since last: 1066606002 ns, Reaching safepoint: 3420254 ns, At safepoint: 121912 ns, Total: 3542166 ns
[2022-05-30T01:24:12.337+0000][7][safepoint   ] Safepoint "Cleanup", Time since last: 1004383457 ns, Reaching safepoint: 439649 ns, At safepoint: 44775 ns, Total: 484424 ns
[2022-05-30T01:24:13.346+0000][7][safepoint   ] Safepoint "Cleanup", Time since last: 1007031046 ns, Reaching safepoint: 1945920 ns, At safepoint: 331334 ns, Total: 2277254 ns
[2022-05-30T01:24:14.350+0000][7][safepoint   ] Safepoint "Cleanup", Time since last: 1004017646 ns, Reaching safepoint: 400796 ns, At safepoint: 81906 ns, Total: 482702 ns
[2022-05-30T01:24:15.354+0000][7][safepoint   ] Safepoint "Cleanup", Time since last: 1003517904 ns, Reaching safepoint: 323949 ns, At safepoint: 46889 ns, Total: 370838 ns
[2022-05-30T01:24:16.614+0000][7][safepoint   ] Safepoint "Cleanup", Time since last: 1258811391 ns, Reaching safepoint: 488462 ns, At safepoint: 28865 ns, Total: 517327 ns
[2022-05-30T01:24:18.187+0000][7][safepoint   ] Safepoint "Cleanup", Time since last: 1569919143 ns, Reaching safepoint: 2756438 ns, At safepoint: 187588 ns, Total: 2944026 ns
[2022-05-30T01:24:19.190+0000][7][safepoint   ] Safepoint "Cleanup", Time since last: 1002973766 ns, Reaching safepoint: 450653 ns, At safepoint: 103227 ns, Total: 553880 ns
[2022-05-30T01:24:20.462+0000][7][safepoint   ] Safepoint "Cleanup", Time since last: 1042386364 ns, Reaching safepoint: 229059767 ns, At safepoint: 184412 ns, Total: 229244179 ns
[2022-05-30T01:24:21.666+0000][7][safepoint   ] Safepoint "Cleanup", Time since last: 1204114815 ns, Reaching safepoint: 316024 ns, At safepoint: 20218 ns, Total: 336242 ns
[2022-05-30T01:24:22.672+0000][7][safepoint   ] Safepoint "Cleanup", Time since last: 1005500207 ns, Reaching safepoint: 475177 ns, At safepoint: 91084 ns, Total: 566261 ns
[2022-05-30T01:24:23.956+0000][7][safepoint   ] Safepoint "Cleanup", Time since last: 1006142913 ns, Reaching safepoint: 11130692 ns, At safepoint: 253765 ns, Total: 11384457 ns
[2022-05-30T01:24:24.964+0000][7][safepoint   ] Safepoint "Cleanup", Time since last: 1007559275 ns, Reaching safepoint: 353154 ns, At safepoint: 87597 ns, Total: 440751 ns
[2022-05-30T01:24:26.783+0000][7][safepoint   ] Safepoint "Cleanup", Time since last: 1817721958 ns, Reaching safepoint: 394062 ns, At safepoint: 98698 ns, Total: 492760 ns
[2022-05-30T01:24:27.784+0000][7][safepoint   ] Safepoint "Cleanup", Time since last: 1000928960 ns, Reaching safepoint: 362102 ns, At safepoint: 16381 ns, Total: 378483 ns
[2022-05-30T01:24:28.980+0000][7][safepoint   ] Safepoint "Cleanup", Time since last: 1195149942 ns, Reaching safepoint: 378884 ns, At safepoint: 26179 ns, Total: 405063 ns
[2022-05-30T01:24:30.379+0000][7][safepoint   ] Safepoint "Cleanup", Time since last: 1398668159 ns, Reaching safepoint: 521306 ns, At safepoint: 120760 ns, Total: 642066 ns
[2022-05-30T01:24:31.380+0000][7][safepoint   ] Safepoint "Cleanup", Time since last: 1000862126 ns, Reaching safepoint: 377852 ns, At safepoint: 23334 ns, Total: 401186 ns
[2022-05-30T01:24:32.874+0000][7][safepoint   ] Safepoint "Cleanup", Time since last: 1493646008 ns, Reaching safepoint: 387970 ns, At safepoint: 31050 ns, Total: 419020 ns
[2022-05-30T01:24:33.876+0000][7][safepoint   ] Safepoint "Cleanup", Time since last: 1000910276 ns, Reaching safepoint: 511857 ns, At safepoint: 25408 ns, Total: 537265 ns
[2022-05-30T01:24:35.015+0000][7][safepoint   ] Safepoint "Cleanup", Time since last: 1138354702 ns, Reaching safepoint: 525293 ns, At safepoint: 95893 ns, Total: 621186 ns
[2022-05-30T01:24:36.016+0000][7][safepoint   ] Safepoint "Cleanup", Time since last: 1001228009 ns, Reaching safepoint: 469841 ns, At safepoint: 59794 ns, Total: 529635 ns
[2022-05-30T01:24:36.633+0000][7][gc,start    ] GC(20) Pause Young (Normal) (G1 Evacuation Pause)
[2022-05-30T01:24:36.634+0000][7][gc,task     ] GC(20) Using 8 workers of 8 for evacuation
[2022-05-30T01:24:36.635+0000][7][gc,age      ] GC(20) Desired survivor size 18874368 bytes, new threshold 2 (max threshold 15)
[2022-05-30T01:24:36.662+0000][7][gc,phases   ] GC(20)   Pre Evacuate Collection Set: 0.4ms
[2022-05-30T01:24:36.663+0000][7][gc,phases   ] GC(20)   Merge Heap Roots: 0.2ms
[2022-05-30T01:24:36.663+0000][7][gc,phases   ] GC(20)   Evacuate Collection Set: 23.7ms
[2022-05-30T01:24:36.663+0000][7][gc,phases   ] GC(20)   Post Evacuate Collection Set: 2.0ms
[2022-05-30T01:24:36.664+0000][7][gc,phases   ] GC(20)   Other: 1.6ms
[2022-05-30T01:24:36.665+0000][7][gc,age      ] GC(20) Age table with threshold 2 (max threshold 15)
[2022-05-30T01:24:36.665+0000][7][gc,age      ] GC(20) - age   1:   11010712 bytes,   11010712 total
[2022-05-30T01:24:36.666+0000][7][gc,age      ] GC(20) - age   2:   14026280 bytes,   25036992 total
[2022-05-30T01:24:36.667+0000][7][gc,heap     ] GC(20) Eden regions: 65->0(63)
[2022-05-30T01:24:36.667+0000][7][gc,heap     ] GC(20) Survivor regions: 7->7(9)
[2022-05-30T01:24:36.668+0000][7][gc,heap     ] GC(20) Old regions: 19->22
[2022-05-30T01:24:36.669+0000][7][gc,heap     ] GC(20) Archive regions: 2->2
[2022-05-30T01:24:36.669+0000][7][gc,heap     ] GC(20) Humongous regions: 2->2
[2022-05-30T01:24:36.669+0000][7][gc,metaspace] GC(20) Metaspace: 126984K(130496K)->126984K(130496K) NonClass: 109785K(111680K)->109785K(111680K) Class: 17198K(18816K)->17198K(18816K)
[2022-05-30T01:24:36.670+0000][7][gc          ] GC(20) Pause Young (Normal) (G1 Evacuation Pause) 375M->123M(512M) 36.458ms
[2022-05-30T01:24:36.670+0000][7][gc,cpu      ] GC(20) User=0.16s Sys=0.03s Real=0.03s
[2022-05-30T01:24:36.671+0000][7][safepoint   ] Safepoint "G1CollectForAllocation", Time since last: 616522136 ns, Reaching safepoint: 412127 ns, At safepoint: 37877984 ns, Total: 38290111 ns
[2022-05-30T01:24:37.674+0000][7][safepoint   ] Safepoint "Cleanup", Time since last: 1002150176 ns, Reaching safepoint: 321123 ns, At safepoint: 19387 ns, Total: 340510 ns
[2022-05-30T01:24:38.763+0000][7][safepoint   ] Safepoint "Cleanup", Time since last: 1088602099 ns, Reaching safepoint: 483236 ns, At safepoint: 25258 ns, Total: 508494 ns
[2022-05-30T01:24:39.764+0000][7][safepoint   ] Safepoint "Cleanup", Time since last: 1000645656 ns, Reaching safepoint: 422787 ns, At safepoint: 32352 ns, Total: 455139 ns
[2022-05-30T01:24:40.765+0000][7][safepoint   ] Safepoint "Cleanup", Time since last: 1000912620 ns, Reaching safepoint: 377110 ns, At safepoint: 18696 ns, Total: 395806 ns
[2022-05-30T01:24:41.892+0000][7][safepoint   ] Safepoint "Cleanup", Time since last: 1125990931 ns, Reaching safepoint: 372451 ns, At safepoint: 40006 ns, Total: 412457 ns
[2022-05-30T01:24:42.968+0000][7][safepoint   ] Safepoint "Cleanup", Time since last: 1076066335 ns, Reaching safepoint: 392669 ns, At safepoint: 132764 ns, Total: 525433 ns
[2022-05-30T01:24:43.970+0000][7][safepoint   ] Safepoint "Cleanup", Time since last: 1001436504 ns, Reaching safepoint: 373002 ns, At safepoint: 48954 ns, Total: 421956 ns
[2022-05-30T01:24:44.972+0000][7][safepoint   ] Safepoint "Cleanup", Time since last: 1001238031 ns, Reaching safepoint: 334589 ns, At safepoint: 86074 ns, Total: 420663 ns
[2022-05-30T01:24:45.978+0000][7][safepoint   ] Safepoint "Cleanup", Time since last: 1005773770 ns, Reaching safepoint: 330401 ns, At safepoint: 49946 ns, Total: 380347 ns
[2022-05-30T01:24:46.979+0000][7][safepoint   ] Safepoint "Cleanup", Time since last: 1000779622 ns, Reaching safepoint: 390916 ns, At safepoint: 54965 ns, Total: 445881 ns
[2022-05-30T01:24:47.980+0000][7][safepoint   ] Safepoint "Cleanup", Time since last: 1000767616 ns, Reaching safepoint: 296717 ns, At safepoint: 105281 ns, Total: 401998 ns
[2022-05-30T01:24:49.171+0000][7][safepoint   ] Safepoint "Cleanup", Time since last: 1180554536 ns, Reaching safepoint: 9762781 ns, At safepoint: 119058 ns, Total: 9881839 ns
[2022-05-30T01:24:50.403+0000][7][safepoint   ] Safepoint "Cleanup", Time since last: 1232171981 ns, Reaching safepoint: 435522 ns, At safepoint: 65726 ns, Total: 501248 ns
[2022-05-30T01:24:52.293+0000][7][safepoint   ] Safepoint "Cleanup", Time since last: 1889401202 ns, Reaching safepoint: 504163 ns, At safepoint: 21220 ns, Total: 525383 ns
[2022-05-30T01:24:53.343+0000][7][safepoint   ] Safepoint "Cleanup", Time since last: 1049216306 ns, Reaching safepoint: 323197 ns, At safepoint: 42922 ns, Total: 366119 ns
[2022-05-30T01:24:54.582+0000][7][safepoint   ] Safepoint "Cleanup", Time since last: 1466812923 ns, Reaching safepoint: 449649 ns, At safepoint: 71466 ns, Total: 521115 ns
[2022-05-30T01:24:55.670+0000][7][safepoint   ] Safepoint "Cleanup", Time since last: 1087250070 ns, Reaching safepoint: 350399 ns, At safepoint: 41860 ns, Total: 392259 ns
[2022-05-30T01:24:57.165+0000][7][safepoint   ] Safepoint "Cleanup", Time since last: 1494764432 ns, Reaching safepoint: 411144 ns, At safepoint: 30188 ns, Total: 441332 ns
[2022-05-30T01:24:58.848+0000][7][safepoint   ] Safepoint "Cleanup", Time since last: 1682383754 ns, Reaching safepoint: 462704 ns, At safepoint: 42481 ns, Total: 505185 ns
[2022-05-30T01:24:59.910+0000][7][safepoint   ] Safepoint "Cleanup", Time since last: 1062015313 ns, Reaching safepoint: 385366 ns, At safepoint: 27773 ns, Total: 413139 ns
[2022-05-30T01:25:01.525+0000][7][safepoint   ] Safepoint "Cleanup", Time since last: 1614527835 ns, Reaching safepoint: 374776 ns, At safepoint: 65144 ns, Total: 439920 ns
[2022-05-30T01:25:03.630+0000][7][safepoint   ] Safepoint "Cleanup", Time since last: 2104208334 ns, Reaching safepoint: 312917 ns, At safepoint: 18946 ns, Total: 331863 ns
[2022-05-30T01:25:04.925+0000][7][safepoint   ] Safepoint "Cleanup", Time since last: 1294715449 ns, Reaching safepoint: 160617 ns, At safepoint: 11502 ns, Total: 172119 ns
[2022-05-30T01:25:06.123+0000][7][safepoint   ] Safepoint "Cleanup", Time since last: 1198082861 ns, Reaching safepoint: 380426 ns, At safepoint: 22282 ns, Total: 402708 ns
[2022-05-30T01:25:07.795+0000][7][safepoint   ] Safepoint "Cleanup", Time since last: 1671520988 ns, Reaching safepoint: 442276 ns, At safepoint: 113357 ns, Total: 555633 ns
[2022-05-30T01:25:09.347+0000][7][safepoint   ] Safepoint "Cleanup", Time since last: 1551725583 ns, Reaching safepoint: 440956 ns, At safepoint: 35648 ns, Total: 476604 ns
[2022-05-30T01:25:10.502+0000][7][safepoint   ] Safepoint "Cleanup", Time since last: 1154396418 ns, Reaching safepoint: 318658 ns, At safepoint: 90273 ns, Total: 408931 ns
[2022-05-30T01:25:11.506+0000][7][safepoint   ] Safepoint "Cleanup", Time since last: 1002488579 ns, Reaching safepoint: 792907 ns, At safepoint: 112194 ns, Total: 905101 ns
[2022-05-30T01:25:12.508+0000][7][safepoint   ] Safepoint "Cleanup", Time since last: 1001607733 ns, Reaching safepoint: 445851 ns, At safepoint: 79492 ns, Total: 525343 ns
[2022-05-30T01:25:13.516+0000][7][safepoint   ] Safepoint "Cleanup", Time since last: 1000983079 ns, Reaching safepoint: 7320925 ns, At safepoint: 116643 ns, Total: 7437568 ns
[2022-05-30T01:25:14.099+0000][7][gc,start    ] GC(21) Pause Young (Normal) (G1 Evacuation Pause)
[2022-05-30T01:25:14.120+0000][7][gc,task     ] GC(21) Using 8 workers of 8 for evacuation
[2022-05-30T01:25:14.122+0000][7][gc,age      ] GC(21) Desired survivor size 18874368 bytes, new threshold 2 (max threshold 15)
[2022-05-30T01:25:14.150+0000][7][gc,phases   ] GC(21)   Pre Evacuate Collection Set: 0.6ms
[2022-05-30T01:25:14.164+0000][7][gc,phases   ] GC(21)   Merge Heap Roots: 0.3ms
[2022-05-30T01:25:14.166+0000][7][gc,phases   ] GC(21)   Evacuate Collection Set: 22.7ms
[2022-05-30T01:25:14.167+0000][7][gc,phases   ] GC(21)   Post Evacuate Collection Set: 1.9ms
[2022-05-30T01:25:14.169+0000][7][gc,phases   ] GC(21)   Other: 4.5ms
[2022-05-30T01:25:14.176+0000][7][gc,age      ] GC(21) Age table with threshold 2 (max threshold 15)
[2022-05-30T01:25:14.177+0000][7][gc,age      ] GC(21) - age   1:    7572344 bytes,    7572344 total
[2022-05-30T01:25:14.180+0000][7][gc,age      ] GC(21) - age   2:    8603616 bytes,   16175960 total
[2022-05-30T01:25:14.184+0000][7][gc,heap     ] GC(21) Eden regions: 63->0(63)
[2022-05-30T01:25:14.185+0000][7][gc,heap     ] GC(21) Survivor regions: 7->5(9)
[2022-05-30T01:25:14.186+0000][7][gc,heap     ] GC(21) Old regions: 22->25
[2022-05-30T01:25:14.187+0000][7][gc,heap     ] GC(21) Archive regions: 2->2
[2022-05-30T01:25:14.188+0000][7][gc,heap     ] GC(21) Humongous regions: 2->2
[2022-05-30T01:25:14.189+0000][7][gc,metaspace] GC(21) Metaspace: 127673K(131200K)->127673K(131200K) NonClass: 110456K(112320K)->110456K(112320K) Class: 17217K(18880K)->17217K(18880K)
[2022-05-30T01:25:14.192+0000][7][gc          ] GC(21) Pause Young (Normal) (G1 Evacuation Pause) 375M->128M(512M) 92.673ms
[2022-05-30T01:25:14.195+0000][7][gc,cpu      ] GC(21) User=0.12s Sys=0.02s Real=0.10s
[2022-05-30T01:25:14.196+0000][7][safepoint   ] Safepoint "G1CollectForAllocation", Time since last: 582804575 ns, Reaching safepoint: 371259 ns, At safepoint: 96201683 ns, Total: 96572942 ns
[2022-05-30T01:25:15.206+0000][7][safepoint   ] Safepoint "Cleanup", Time since last: 1010086720 ns, Reaching safepoint: 347384 ns, At safepoint: 81005 ns, Total: 428389 ns
[2022-05-30T01:25:16.344+0000][7][safepoint   ] Safepoint "Cleanup", Time since last: 1137636716 ns, Reaching safepoint: 414251 ns, At safepoint: 34386 ns, Total: 448637 ns
[2022-05-30T01:25:17.347+0000][7][safepoint   ] Safepoint "Cleanup", Time since last: 1002023646 ns, Reaching safepoint: 769806 ns, At safepoint: 122734 ns, Total: 892540 ns
[2022-05-30T01:25:18.360+0000][7][safepoint   ] Safepoint "Cleanup", Time since last: 1012861846 ns, Reaching safepoint: 452453 ns, At safepoint: 64974 ns, Total: 517427 ns
[2022-05-30T01:25:19.364+0000][7][safepoint   ] Safepoint "Cleanup", Time since last: 1002877037 ns, Reaching safepoint: 589419 ns, At safepoint: 176477 ns, Total: 765896 ns
[2022-05-30T01:25:20.367+0000][7][safepoint   ] Safepoint "Cleanup", Time since last: 1002594128 ns, Reaching safepoint: 294570 ns, At safepoint: 42972 ns, Total: 337542 ns
[2022-05-30T01:25:21.368+0000][7][safepoint   ] Safepoint "Cleanup", Time since last: 1000612347 ns, Reaching safepoint: 339889 ns, At safepoint: 15019 ns, Total: 354908 ns
[2022-05-30T01:25:22.369+0000][7][safepoint   ] Safepoint "Cleanup", Time since last: 1000922169 ns, Reaching safepoint: 344067 ns, At safepoint: 21050 ns, Total: 365117 ns
[2022-05-30T01:25:23.371+0000][7][safepoint   ] Safepoint "Cleanup", Time since last: 1000919685 ns, Reaching safepoint: 339558 ns, At safepoint: 81195 ns, Total: 420753 ns
[2022-05-30T01:25:24.349+0000][7][safepoint   ] Safepoint "Cleanup", Time since last: 1000743586 ns, Reaching safepoint: 397389 ns, At safepoint: 40928 ns, Total: 438317 ns
[2022-05-30T01:25:25.351+0000][7][safepoint   ] Safepoint "Cleanup", Time since last: 1001012851 ns, Reaching safepoint: 414331 ns, At safepoint: 35528 ns, Total: 449859 ns
[2022-05-30T01:25:26.352+0000][7][safepoint   ] Safepoint "Cleanup", Time since last: 1000806557 ns, Reaching safepoint: 350620 ns, At safepoint: 28965 ns, Total: 379585 ns
[2022-05-30T01:25:27.354+0000][7][safepoint   ] Safepoint "Cleanup", Time since last: 1001143911 ns, Reaching safepoint: 380707 ns, At safepoint: 34095 ns, Total: 414802 ns
[2022-05-30T01:25:28.355+0000][7][safepoint   ] Safepoint "Cleanup", Time since last: 1001089633 ns, Reaching safepoint: 391888 ns, At safepoint: 20860 ns, Total: 412748 ns
[2022-05-30T01:25:29.356+0000][7][safepoint   ] Safepoint "Cleanup", Time since last: 1000591727 ns, Reaching safepoint: 353645 ns, At safepoint: 66938 ns, Total: 420583 ns
[2022-05-30T01:25:30.357+0000][7][safepoint   ] Safepoint "Cleanup", Time since last: 1000928330 ns, Reaching safepoint: 339308 ns, At safepoint: 29837 ns, Total: 369145 ns
[2022-05-30T01:25:31.359+0000][7][safepoint   ] Safepoint "Cleanup", Time since last: 1001537590 ns, Reaching safepoint: 367662 ns, At safepoint: 33494 ns, Total: 401156 ns
[2022-05-30T01:25:31.686+0000][7][gc,start    ] GC(22) Pause Young (Normal) (G1 Evacuation Pause)
[2022-05-30T01:25:31.687+0000][7][gc,task     ] GC(22) Using 8 workers of 8 for evacuation
[2022-05-30T01:25:31.687+0000][7][gc,age      ] GC(22) Desired survivor size 18874368 bytes, new threshold 15 (max threshold 15)
[2022-05-30T01:25:31.703+0000][7][gc,phases   ] GC(22)   Pre Evacuate Collection Set: 0.4ms
[2022-05-30T01:25:31.704+0000][7][gc,phases   ] GC(22)   Merge Heap Roots: 0.3ms
[2022-05-30T01:25:31.704+0000][7][gc,phases   ] GC(22)   Evacuate Collection Set: 13.3ms
[2022-05-30T01:25:31.704+0000][7][gc,phases   ] GC(22)   Post Evacuate Collection Set: 1.9ms
[2022-05-30T01:25:31.705+0000][7][gc,phases   ] GC(22)   Other: 0.8ms
[2022-05-30T01:25:31.705+0000][7][gc,age      ] GC(22) Age table with threshold 15 (max threshold 15)
[2022-05-30T01:25:31.705+0000][7][gc,age      ] GC(22) - age   1:    9151928 bytes,    9151928 total
[2022-05-30T01:25:31.705+0000][7][gc,age      ] GC(22) - age   2:    5760984 bytes,   14912912 total
[2022-05-30T01:25:31.706+0000][7][gc,age      ] GC(22) - age   3:    8496976 bytes,   23409888 total
[2022-05-30T01:25:31.706+0000][7][gc,heap     ] GC(22) Eden regions: 63->0(63)
[2022-05-30T01:25:31.706+0000][7][gc,heap     ] GC(22) Survivor regions: 5->6(9)
[2022-05-30T01:25:31.707+0000][7][gc,heap     ] GC(22) Old regions: 25->25
[2022-05-30T01:25:31.707+0000][7][gc,heap     ] GC(22) Archive regions: 2->2
[2022-05-30T01:25:31.708+0000][7][gc,heap     ] GC(22) Humongous regions: 2->2
[2022-05-30T01:25:31.709+0000][7][gc,metaspace] GC(22) Metaspace: 128097K(131584K)->128097K(131584K) NonClass: 110867K(112704K)->110867K(112704K) Class: 17230K(18880K)->17230K(18880K)
[2022-05-30T01:25:31.709+0000][7][gc          ] GC(22) Pause Young (Normal) (G1 Evacuation Pause) 380M->134M(512M) 23.034ms
[2022-05-30T01:25:31.710+0000][7][gc,cpu      ] GC(22) User=0.10s Sys=0.01s Real=0.02s
[2022-05-30T01:25:31.710+0000][7][safepoint   ] Safepoint "G1CollectForAllocation", Time since last: 326330140 ns, Reaching safepoint: 402408 ns, At safepoint: 24384636 ns, Total: 24787044 ns
[2022-05-30T01:25:32.712+0000][7][safepoint   ] Safepoint "Cleanup", Time since last: 1000746163 ns, Reaching safepoint: 1035099 ns, At safepoint: 198809 ns, Total: 1233908 ns
[2022-05-30T01:25:33.716+0000][7][safepoint   ] Safepoint "Cleanup", Time since last: 1002191323 ns, Reaching safepoint: 1329796 ns, At safepoint: 218176 ns, Total: 1547972 ns
[2022-05-30T01:25:34.718+0000][7][safepoint   ] Safepoint "Cleanup", Time since last: 1000777472 ns, Reaching safepoint: 611928 ns, At safepoint: 35207 ns, Total: 647135 ns
[2022-05-30T01:25:35.719+0000][7][safepoint   ] Safepoint "Cleanup", Time since last: 1000977233 ns, Reaching safepoint: 522418 ns, At safepoint: 35227 ns, Total: 557645 ns
[2022-05-30T01:25:36.721+0000][7][safepoint   ] Safepoint "Cleanup", Time since last: 1000847722 ns, Reaching safepoint: 725610 ns, At safepoint: 173452 ns, Total: 899062 ns
[2022-05-30T01:25:37.724+0000][7][safepoint   ] Safepoint "Cleanup", Time since last: 1002164394 ns, Reaching safepoint: 526501 ns, At safepoint: 163602 ns, Total: 690103 ns
[2022-05-30T01:25:38.727+0000][7][safepoint   ] Safepoint "Cleanup", Time since last: 1002003465 ns, Reaching safepoint: 1057248 ns, At safepoint: 95542 ns, Total: 1152790 ns
[2022-05-30T01:25:39.890+0000][7][safepoint   ] Safepoint "Cleanup", Time since last: 1162536742 ns, Reaching safepoint: 913755 ns, At safepoint: 55916 ns, Total: 969671 ns
[2022-05-30T01:25:40.912+0000][7][safepoint   ] Safepoint "Cleanup", Time since last: 1021679695 ns, Reaching safepoint: 378142 ns, At safepoint: 37993 ns, Total: 416135 ns
[2022-05-30T01:25:42.657+0000][7][safepoint   ] Safepoint "Cleanup", Time since last: 1743854030 ns, Reaching safepoint: 243925 ns, At safepoint: 21781 ns, Total: 265706 ns
[2022-05-30T01:25:43.772+0000][7][safepoint   ] Safepoint "Cleanup", Time since last: 1115140794 ns, Reaching safepoint: 454789 ns, At safepoint: 23184 ns, Total: 477973 ns
[2022-05-30T01:25:45.743+0000][7][safepoint   ] Safepoint "Cleanup", Time since last: 1970197185 ns, Reaching safepoint: 346691 ns, At safepoint: 57520 ns, Total: 404211 ns
[2022-05-30T01:25:46.752+0000][7][safepoint   ] Safepoint "Cleanup", Time since last: 1009008886 ns, Reaching safepoint: 413700 ns, At safepoint: 24747 ns, Total: 438447 ns
[2022-05-30T01:25:48.917+0000][7][safepoint   ] Safepoint "Cleanup", Time since last: 2164698876 ns, Reaching safepoint: 478032 ns, At safepoint: 34206 ns, Total: 512238 ns
[2022-05-30T01:25:49.932+0000][7][safepoint   ] Safepoint "Cleanup", Time since last: 1013418733 ns, Reaching safepoint: 872329 ns, At safepoint: 116823 ns, Total: 989152 ns
[2022-05-30T01:25:50.822+0000][7][safepoint   ] Safepoint "ICBufferFull", Time since last: 889829240 ns, Reaching safepoint: 576753 ns, At safepoint: 114749 ns, Total: 691502 ns
[2022-05-30T01:25:51.877+0000][7][safepoint   ] Safepoint "Cleanup", Time since last: 1053920990 ns, Reaching safepoint: 332174 ns, At safepoint: 25719 ns, Total: 357893 ns
[2022-05-30T01:25:52.958+0000][7][safepoint   ] Safepoint "Cleanup", Time since last: 1081085584 ns, Reaching safepoint: 385687 ns, At safepoint: 28163 ns, Total: 413850 ns
[2022-05-30T01:25:54.552+0000][7][safepoint   ] Safepoint "Cleanup", Time since last: 1593750400 ns, Reaching safepoint: 142973 ns, At safepoint: 9809 ns, Total: 152782 ns
[2022-05-30T01:25:56.004+0000][7][safepoint   ] Safepoint "Cleanup", Time since last: 1451666917 ns, Reaching safepoint: 415894 ns, At safepoint: 35067 ns, Total: 450961 ns
[2022-05-30T01:25:58.407+0000][7][safepoint   ] Safepoint "Cleanup", Time since last: 1011943786 ns, Reaching safepoint: 9018246 ns, At safepoint: 185915 ns, Total: 9204161 ns
[2022-05-30T01:25:59.829+0000][7][safepoint   ] Safepoint "Cleanup", Time since last: 1421209600 ns, Reaching safepoint: 385195 ns, At safepoint: 24868 ns, Total: 410063 ns
[2022-05-30T01:26:01.149+0000][7][safepoint   ] Safepoint "Cleanup", Time since last: 1282237876 ns, Reaching safepoint: 37014882 ns, At safepoint: 333977 ns, Total: 37348859 ns
[2022-05-30T01:26:02.166+0000][7][safepoint   ] Safepoint "Cleanup", Time since last: 1017090923 ns, Reaching safepoint: 590269 ns, At safepoint: 127062 ns, Total: 717331 ns
[2022-05-30T01:26:03.176+0000][7][safepoint   ] Safepoint "Cleanup", Time since last: 1009049294 ns, Reaching safepoint: 541914 ns, At safepoint: 16412 ns, Total: 558326 ns
[2022-05-30T01:26:04.190+0000][7][safepoint   ] Safepoint "Cleanup", Time since last: 1012972718 ns, Reaching safepoint: 481178 ns, At safepoint: 67429 ns, Total: 548607 ns
[2022-05-30T01:26:05.196+0000][7][safepoint   ] Safepoint "Cleanup", Time since last: 1006034620 ns, Reaching safepoint: 404172 ns, At safepoint: 75935 ns, Total: 480107 ns
[2022-05-30T01:26:06.200+0000][7][safepoint   ] Safepoint "Cleanup", Time since last: 1003586294 ns, Reaching safepoint: 451121 ns, At safepoint: 41279 ns, Total: 492400 ns
[2022-05-30T01:26:07.204+0000][7][safepoint   ] Safepoint "Cleanup", Time since last: 1003191844 ns, Reaching safepoint: 394713 ns, At safepoint: 33073 ns, Total: 427786 ns
[2022-05-30T01:26:08.373+0000][7][safepoint   ] Safepoint "Cleanup", Time since last: 1168767184 ns, Reaching safepoint: 422196 ns, At safepoint: 40537 ns, Total: 462733 ns
[2022-05-30T01:26:09.655+0000][7][safepoint   ] Safepoint "Cleanup", Time since last: 1274864730 ns, Reaching safepoint: 7207104 ns, At safepoint: 134728 ns, Total: 7341832 ns
[2022-05-30T01:26:10.657+0000][7][safepoint   ] Safepoint "Cleanup", Time since last: 1000928751 ns, Reaching safepoint: 412788 ns, At safepoint: 19277 ns, Total: 432065 ns
[2022-05-30T01:26:11.734+0000][7][safepoint   ] Safepoint "Cleanup", Time since last: 1077536409 ns, Reaching safepoint: 338186 ns, At safepoint: 33454 ns, Total: 371640 ns
[2022-05-30T01:26:12.802+0000][7][safepoint   ] Safepoint "Cleanup", Time since last: 1066881114 ns, Reaching safepoint: 375918 ns, At safepoint: 19147 ns, Total: 395065 ns
[2022-05-30T01:26:17.123+0000][7][safepoint   ] Safepoint "Cleanup", Time since last: 4320841100 ns, Reaching safepoint: 377371 ns, At safepoint: 24336 ns, Total: 401707 ns
[2022-05-30T01:26:18.265+0000][7][safepoint   ] Safepoint "Cleanup", Time since last: 1141499618 ns, Reaching safepoint: 458245 ns, At safepoint: 39355 ns, Total: 497600 ns
[2022-05-30T01:26:19.268+0000][7][safepoint   ] Safepoint "Cleanup", Time since last: 1002249965 ns, Reaching safepoint: 271198 ns, At safepoint: 20248 ns, Total: 291446 ns
[2022-05-30T01:26:20.276+0000][7][safepoint   ] Safepoint "Cleanup", Time since last: 1008035136 ns, Reaching safepoint: 324911 ns, At safepoint: 14778 ns, Total: 339689 ns
[2022-05-30T01:26:21.489+0000][7][safepoint   ] Safepoint "Cleanup", Time since last: 1212343525 ns, Reaching safepoint: 416675 ns, At safepoint: 27332 ns, Total: 444007 ns
[2022-05-30T01:26:21.878+0000][7][gc,start    ] GC(23) Pause Young (Normal) (G1 Evacuation Pause)
[2022-05-30T01:26:21.879+0000][7][gc,task     ] GC(23) Using 8 workers of 8 for evacuation
[2022-05-30T01:26:21.880+0000][7][gc,age      ] GC(23) Desired survivor size 18874368 bytes, new threshold 3 (max threshold 15)
[2022-05-30T01:26:21.931+0000][7][gc,phases   ] GC(23)   Pre Evacuate Collection Set: 0.6ms
[2022-05-30T01:26:21.932+0000][7][gc,phases   ] GC(23)   Merge Heap Roots: 0.2ms
[2022-05-30T01:26:21.933+0000][7][gc,phases   ] GC(23)   Evacuate Collection Set: 46.5ms
[2022-05-30T01:26:21.933+0000][7][gc,phases   ] GC(23)   Post Evacuate Collection Set: 2.8ms
[2022-05-30T01:26:21.934+0000][7][gc,phases   ] GC(23)   Other: 1.7ms
[2022-05-30T01:26:21.934+0000][7][gc,age      ] GC(23) Age table with threshold 3 (max threshold 15)
[2022-05-30T01:26:21.935+0000][7][gc,age      ] GC(23) - age   1:   11161672 bytes,   11161672 total
[2022-05-30T01:26:21.936+0000][7][gc,age      ] GC(23) - age   2:    5734328 bytes,   16896000 total
[2022-05-30T01:26:21.938+0000][7][gc,age      ] GC(23) - age   3:    5551008 bytes,   22447008 total
[2022-05-30T01:26:21.939+0000][7][gc,heap     ] GC(23) Eden regions: 63->0(61)
[2022-05-30T01:26:21.939+0000][7][gc,heap     ] GC(23) Survivor regions: 6->6(9)
[2022-05-30T01:26:21.940+0000][7][gc,heap     ] GC(23) Old regions: 25->27
[2022-05-30T01:26:21.941+0000][7][gc,heap     ] GC(23) Archive regions: 2->2
[2022-05-30T01:26:21.942+0000][7][gc,heap     ] GC(23) Humongous regions: 2->2
[2022-05-30T01:26:21.943+0000][7][gc,metaspace] GC(23) Metaspace: 129900K(133440K)->129900K(133440K) NonClass: 112401K(114304K)->112401K(114304K) Class: 17499K(19136K)->17499K(19136K)
[2022-05-30T01:26:21.944+0000][7][gc          ] GC(23) Pause Young (Normal) (G1 Evacuation Pause) 386M->143M(512M) 66.024ms
[2022-05-30T01:26:21.949+0000][7][gc,cpu      ] GC(23) User=0.30s Sys=0.03s Real=0.07s
[2022-05-30T01:26:21.950+0000][7][safepoint   ] Safepoint "G1CollectForAllocation", Time since last: 388734817 ns, Reaching safepoint: 366710 ns, At safepoint: 72153051 ns, Total: 72519761 ns
[2022-05-30T01:26:23.973+0000][7][safepoint   ] Safepoint "Cleanup", Time since last: 2022470784 ns, Reaching safepoint: 320602 ns, At safepoint: 78771 ns, Total: 399373 ns
[2022-05-30T01:26:24.977+0000][7][safepoint   ] Safepoint "Cleanup", Time since last: 1003906047 ns, Reaching safepoint: 362393 ns, At safepoint: 22392 ns, Total: 384785 ns
[2022-05-30T01:26:26.298+0000][7][safepoint   ] Safepoint "Cleanup", Time since last: 1318509392 ns, Reaching safepoint: 2464524 ns, At safepoint: 123596 ns, Total: 2588120 ns
[2022-05-30T01:26:27.318+0000][7][safepoint   ] Safepoint "Cleanup", Time since last: 1019864714 ns, Reaching safepoint: 318839 ns, At safepoint: 27993 ns, Total: 346832 ns
[2022-05-30T01:26:28.392+0000][7][safepoint   ] Safepoint "Cleanup", Time since last: 2158941056 ns, Reaching safepoint: 460414 ns, At safepoint: 64924 ns, Total: 525338 ns
[2022-05-30T01:26:29.393+0000][7][safepoint   ] Safepoint "Cleanup", Time since last: 1000884468 ns, Reaching safepoint: 397839 ns, At safepoint: 68802 ns, Total: 466641 ns
[2022-05-30T01:26:30.398+0000][7][safepoint   ] Safepoint "Cleanup", Time since last: 1000886832 ns, Reaching safepoint: 3656030 ns, At safepoint: 111182 ns, Total: 3767212 ns
[2022-05-30T01:26:31.401+0000][7][safepoint   ] Safepoint "Cleanup", Time since last: 1002855790 ns, Reaching safepoint: 335931 ns, At safepoint: 19778 ns, Total: 355709 ns
[2022-05-30T01:26:33.270+0000][7][safepoint   ] Safepoint "Cleanup", Time since last: 1847510930 ns, Reaching safepoint: 20677676 ns, At safepoint: 83249 ns, Total: 20760925 ns
[2022-05-30T01:26:34.341+0000][7][safepoint   ] Safepoint "Cleanup", Time since last: 1071319616 ns, Reaching safepoint: 435311 ns, At safepoint: 51038 ns, Total: 486349 ns
[2022-05-30T01:26:35.346+0000][7][safepoint   ] Safepoint "Cleanup", Time since last: 1004223985 ns, Reaching safepoint: 376990 ns, At safepoint: 18596 ns, Total: 395586 ns
[2022-05-30T01:26:36.389+0000][7][safepoint   ] Safepoint "Cleanup", Time since last: 1042302790 ns, Reaching safepoint: 353926 ns, At safepoint: 29236 ns, Total: 383162 ns
[2022-05-30T01:26:37.390+0000][7][safepoint   ] Safepoint "Cleanup", Time since last: 1000978496 ns, Reaching safepoint: 571711 ns, At safepoint: 74482 ns, Total: 646193 ns
[2022-05-30T01:26:39.392+0000][7][safepoint   ] Safepoint "Cleanup", Time since last: 2001089557 ns, Reaching safepoint: 493442 ns, At safepoint: 114007 ns, Total: 607449 ns
[2022-05-30T01:26:40.393+0000][7][safepoint   ] Safepoint "Cleanup", Time since last: 1000762756 ns, Reaching safepoint: 441964 ns, At safepoint: 95953 ns, Total: 537917 ns
[2022-05-30T01:26:41.465+0000][7][safepoint   ] Safepoint "Cleanup", Time since last: 1001159752 ns, Reaching safepoint: 70602784 ns, At safepoint: 228015 ns, Total: 70830799 ns
[2022-05-30T01:26:43.534+0000][7][safepoint   ] Safepoint "Cleanup", Time since last: 2068067955 ns, Reaching safepoint: 366780 ns, At safepoint: 33975 ns, Total: 400755 ns
[2022-05-30T01:26:44.535+0000][7][safepoint   ] Safepoint "Cleanup", Time since last: 1001271305 ns, Reaching safepoint: 367832 ns, At safepoint: 56578 ns, Total: 424410 ns
[2022-05-30T01:26:46.537+0000][7][safepoint   ] Safepoint "Cleanup", Time since last: 2001098986 ns, Reaching safepoint: 420112 ns, At safepoint: 23815 ns, Total: 443927 ns
[2022-05-30T01:26:48.598+0000][7][safepoint   ] Safepoint "Cleanup", Time since last: 2059958506 ns, Reaching safepoint: 456411 ns, At safepoint: 112064 ns, Total: 568475 ns
[2022-05-30T01:26:49.599+0000][7][safepoint   ] Safepoint "Cleanup", Time since last: 1000997062 ns, Reaching safepoint: 323708 ns, At safepoint: 57369 ns, Total: 381077 ns
[2022-05-30T01:26:52.189+0000][7][safepoint   ] Safepoint "Cleanup", Time since last: 2589964068 ns, Reaching safepoint: 361129 ns, At safepoint: 20669 ns, Total: 381798 ns
[2022-05-30T01:26:53.199+0000][7][safepoint   ] Safepoint "Cleanup", Time since last: 1009406280 ns, Reaching safepoint: 334879 ns, At safepoint: 23685 ns, Total: 358564 ns
[2022-05-30T01:26:55.212+0000][7][safepoint   ] Safepoint "Cleanup", Time since last: 2012944579 ns, Reaching safepoint: 317537 ns, At safepoint: 18375 ns, Total: 335912 ns
[2022-05-30T01:26:56.215+0000][7][safepoint   ] Safepoint "Cleanup", Time since last: 1001710061 ns, Reaching safepoint: 467723 ns, At safepoint: 146329 ns, Total: 614052 ns
[2022-05-30T01:26:57.217+0000][7][safepoint   ] Safepoint "Cleanup", Time since last: 1001349827 ns, Reaching safepoint: 579476 ns, At safepoint: 56248 ns, Total: 635724 ns
[2022-05-30T01:26:58.143+0000][7][safepoint   ] Safepoint "Cleanup", Time since last: 1109584677 ns, Reaching safepoint: 380457 ns, At safepoint: 24527 ns, Total: 404984 ns
[2022-05-30T01:26:58.235+0000][7][gc,start    ] GC(24) Pause Young (Normal) (G1 Evacuation Pause)
[2022-05-30T01:26:58.236+0000][7][gc,task     ] GC(24) Using 8 workers of 8 for evacuation
[2022-05-30T01:26:58.236+0000][7][gc,age      ] GC(24) Desired survivor size 18874368 bytes, new threshold 3 (max threshold 15)
[2022-05-30T01:26:58.259+0000][7][gc,phases   ] GC(24)   Pre Evacuate Collection Set: 0.4ms
[2022-05-30T01:26:58.259+0000][7][gc,phases   ] GC(24)   Merge Heap Roots: 0.3ms
[2022-05-30T01:26:58.260+0000][7][gc,phases   ] GC(24)   Evacuate Collection Set: 19.3ms
[2022-05-30T01:26:58.260+0000][7][gc,phases   ] GC(24)   Post Evacuate Collection Set: 1.9ms
[2022-05-30T01:26:58.260+0000][7][gc,phases   ] GC(24)   Other: 1.2ms
[2022-05-30T01:26:58.260+0000][7][gc,age      ] GC(24) Age table with threshold 3 (max threshold 15)
[2022-05-30T01:26:58.261+0000][7][gc,age      ] GC(24) - age   1:    7855896 bytes,    7855896 total
[2022-05-30T01:26:58.261+0000][7][gc,age      ] GC(24) - age   2:    9693248 bytes,   17549144 total
[2022-05-30T01:26:58.261+0000][7][gc,age      ] GC(24) - age   3:    5654520 bytes,   23203664 total
[2022-05-30T01:26:58.262+0000][7][gc,heap     ] GC(24) Eden regions: 61->0(59)
[2022-05-30T01:26:58.262+0000][7][gc,heap     ] GC(24) Survivor regions: 6->7(9)
[2022-05-30T01:26:58.263+0000][7][gc,heap     ] GC(24) Old regions: 27->29
[2022-05-30T01:26:58.263+0000][7][gc,heap     ] GC(24) Archive regions: 2->2
[2022-05-30T01:26:58.263+0000][7][gc,heap     ] GC(24) Humongous regions: 2->2
[2022-05-30T01:26:58.264+0000][7][gc,metaspace] GC(24) Metaspace: 130384K(134016K)->130384K(134016K) NonClass: 112881K(114816K)->112881K(114816K) Class: 17503K(19200K)->17503K(19200K)
[2022-05-30T01:26:58.264+0000][7][gc          ] GC(24) Pause Young (Normal) (G1 Evacuation Pause) 387M->150M(512M) 29.456ms
[2022-05-30T01:26:58.265+0000][7][gc,cpu      ] GC(24) User=0.18s Sys=0.00s Real=0.04s
[2022-05-30T01:26:58.266+0000][7][safepoint   ] Safepoint "G1CollectForAllocation", Time since last: 91046107 ns, Reaching safepoint: 357433 ns, At safepoint: 31512956 ns, Total: 31870389 ns
[2022-05-30T01:26:59.268+0000][7][safepoint   ] Safepoint "Cleanup", Time since last: 1001439404 ns, Reaching safepoint: 412027 ns, At safepoint: 43383 ns, Total: 455410 ns
[2022-05-30T01:27:00.270+0000][7][safepoint   ] Safepoint "Cleanup", Time since last: 1001337341 ns, Reaching safepoint: 489264 ns, At safepoint: 33253 ns, Total: 522517 ns
[2022-05-30T01:27:01.275+0000][7][safepoint   ] Safepoint "Cleanup", Time since last: 1004143640 ns, Reaching safepoint: 372621 ns, At safepoint: 33374 ns, Total: 405995 ns
[2022-05-30T01:27:03.276+0000][7][safepoint   ] Safepoint "Cleanup", Time since last: 2001130774 ns, Reaching safepoint: 344888 ns, At safepoint: 27172 ns, Total: 372060 ns
[2022-05-30T01:27:04.287+0000][7][safepoint   ] Safepoint "Cleanup", Time since last: 1010030929 ns, Reaching safepoint: 334508 ns, At safepoint: 17083 ns, Total: 351591 ns
[2022-05-30T01:27:06.429+0000][7][safepoint   ] Safepoint "Cleanup", Time since last: 2141944972 ns, Reaching safepoint: 219289 ns, At safepoint: 11051 ns, Total: 230340 ns
[2022-05-30T01:27:07.439+0000][7][safepoint   ] Safepoint "Cleanup", Time since last: 1010150372 ns, Reaching safepoint: 371148 ns, At safepoint: 35428 ns, Total: 406576 ns
[2022-05-30T01:27:09.441+0000][7][safepoint   ] Safepoint "Cleanup", Time since last: 2001113262 ns, Reaching safepoint: 448300 ns, At safepoint: 39235 ns, Total: 487535 ns
[2022-05-30T01:27:10.442+0000][7][safepoint   ] Safepoint "Cleanup", Time since last: 1000809458 ns, Reaching safepoint: 395676 ns, At safepoint: 43603 ns, Total: 439279 ns
[2022-05-30T01:27:11.444+0000][7][safepoint   ] Safepoint "Cleanup", Time since last: 1000918382 ns, Reaching safepoint: 527778 ns, At safepoint: 33063 ns, Total: 560841 ns
[2022-05-30T01:27:12.691+0000][7][safepoint   ] Safepoint "Cleanup", Time since last: 1247287643 ns, Reaching safepoint: 465541 ns, At safepoint: 38603 ns, Total: 504144 ns
[2022-05-30T01:27:13.795+0000][7][safepoint   ] Safepoint "Cleanup", Time since last: 1102726121 ns, Reaching safepoint: 492019 ns, At safepoint: 40858 ns, Total: 532877 ns
[2022-05-30T01:27:14.803+0000][7][safepoint   ] Safepoint "Cleanup", Time since last: 1008125372 ns, Reaching safepoint: 362953 ns, At safepoint: 28976 ns, Total: 391929 ns
[2022-05-30T01:27:15.853+0000][7][safepoint   ] Safepoint "Cleanup", Time since last: 1048989946 ns, Reaching safepoint: 351070 ns, At safepoint: 64093 ns, Total: 415163 ns
[2022-05-30T01:27:16.871+0000][7][safepoint   ] Safepoint "Cleanup", Time since last: 1018239651 ns, Reaching safepoint: 371099 ns, At safepoint: 26791 ns, Total: 397890 ns
[2022-05-30T01:27:19.002+0000][7][safepoint   ] Safepoint "Cleanup", Time since last: 2130841063 ns, Reaching safepoint: 333697 ns, At safepoint: 21711 ns, Total: 355408 ns
[2022-05-30T01:27:20.004+0000][7][safepoint   ] Safepoint "Cleanup", Time since last: 1000918710 ns, Reaching safepoint: 361390 ns, At safepoint: 26079 ns, Total: 387469 ns
[2022-05-30T01:27:21.005+0000][7][safepoint   ] Safepoint "Cleanup", Time since last: 1000612620 ns, Reaching safepoint: 438678 ns, At safepoint: 37912 ns, Total: 476590 ns
[2022-05-30T01:27:22.066+0000][7][safepoint   ] Safepoint "Cleanup", Time since last: 1061091548 ns, Reaching safepoint: 394103 ns, At safepoint: 38473 ns, Total: 432576 ns
[2022-05-30T01:27:23.105+0000][7][safepoint   ] Safepoint "Cleanup", Time since last: 1036986649 ns, Reaching safepoint: 1195214 ns, At safepoint: 190203 ns, Total: 1385417 ns
[2022-05-30T01:27:25.133+0000][7][safepoint   ] Safepoint "Cleanup", Time since last: 2027902522 ns, Reaching safepoint: 402749 ns, At safepoint: 22072 ns, Total: 424821 ns
[2022-05-30T01:27:26.224+0000][7][safepoint   ] Safepoint "Cleanup", Time since last: 1090610521 ns, Reaching safepoint: 392429 ns, At safepoint: 60115 ns, Total: 452544 ns
[2022-05-30T01:27:28.226+0000][7][safepoint   ] Safepoint "Cleanup", Time since last: 2001404128 ns, Reaching safepoint: 348305 ns, At safepoint: 22874 ns, Total: 371179 ns
[2022-05-30T01:27:29.901+0000][7][safepoint   ] Safepoint "Cleanup", Time since last: 1259371221 ns, Reaching safepoint: 380396 ns, At safepoint: 108417 ns, Total: 488813 ns
[2022-05-30T01:27:30.904+0000][7][safepoint   ] Safepoint "Cleanup", Time since last: 1003212536 ns, Reaching safepoint: 369095 ns, At safepoint: 26901 ns, Total: 395996 ns
[2022-05-30T01:27:32.015+0000][7][safepoint   ] Safepoint "Cleanup", Time since last: 1109932305 ns, Reaching safepoint: 326163 ns, At safepoint: 18896 ns, Total: 345059 ns
[2022-05-30T01:27:33.184+0000][7][safepoint   ] Safepoint "Cleanup", Time since last: 1168902594 ns, Reaching safepoint: 394533 ns, At safepoint: 63812 ns, Total: 458345 ns
[2022-05-30T01:27:34.207+0000][7][safepoint   ] Safepoint "Cleanup", Time since last: 1022802475 ns, Reaching safepoint: 376849 ns, At safepoint: 20519 ns, Total: 397368 ns
[2022-05-30T01:27:36.316+0000][7][safepoint   ] Safepoint "Cleanup", Time since last: 2108419211 ns, Reaching safepoint: 422296 ns, At safepoint: 19257 ns, Total: 441553 ns
[2022-05-30T01:27:37.427+0000][7][safepoint   ] Safepoint "Cleanup", Time since last: 1109994216 ns, Reaching safepoint: 848244 ns, At safepoint: 146656 ns, Total: 994900 ns
[2022-05-30T01:27:38.207+0000][7][gc,start    ] GC(25) Pause Young (Normal) (G1 Evacuation Pause)
[2022-05-30T01:27:38.208+0000][7][gc,task     ] GC(25) Using 8 workers of 8 for evacuation
[2022-05-30T01:27:38.208+0000][7][gc,age      ] GC(25) Desired survivor size 18874368 bytes, new threshold 3 (max threshold 15)
[2022-05-30T01:27:38.223+0000][7][gc,phases   ] GC(25)   Pre Evacuate Collection Set: 0.4ms
[2022-05-30T01:27:38.223+0000][7][gc,phases   ] GC(25)   Merge Heap Roots: 0.3ms
[2022-05-30T01:27:38.224+0000][7][gc,phases   ] GC(25)   Evacuate Collection Set: 11.4ms
[2022-05-30T01:27:38.224+0000][7][gc,phases   ] GC(25)   Post Evacuate Collection Set: 1.9ms
[2022-05-30T01:27:38.224+0000][7][gc,phases   ] GC(25)   Other: 1.1ms
[2022-05-30T01:27:38.225+0000][7][gc,age      ] GC(25) Age table with threshold 3 (max threshold 15)
[2022-05-30T01:27:38.225+0000][7][gc,age      ] GC(25) - age   1:    2718544 bytes,    2718544 total
[2022-05-30T01:27:38.225+0000][7][gc,age      ] GC(25) - age   2:    5701912 bytes,    8420456 total
[2022-05-30T01:27:38.226+0000][7][gc,age      ] GC(25) - age   3:    9460576 bytes,   17881032 total
[2022-05-30T01:27:38.226+0000][7][gc,heap     ] GC(25) Eden regions: 59->0(61)
[2022-05-30T01:27:38.227+0000][7][gc,heap     ] GC(25) Survivor regions: 7->5(9)
[2022-05-30T01:27:38.227+0000][7][gc,heap     ] GC(25) Old regions: 29->30
[2022-05-30T01:27:38.227+0000][7][gc,heap     ] GC(25) Archive regions: 2->2
[2022-05-30T01:27:38.228+0000][7][gc,heap     ] GC(25) Humongous regions: 2->2
[2022-05-30T01:27:38.228+0000][7][gc,metaspace] GC(25) Metaspace: 130621K(134272K)->130621K(134272K) NonClass: 113117K(115072K)->113117K(115072K) Class: 17504K(19200K)->17504K(19200K)
[2022-05-30T01:27:38.228+0000][7][gc          ] GC(25) Pause Young (Normal) (G1 Evacuation Pause) 386M->150M(512M) 21.140ms
[2022-05-30T01:27:38.229+0000][7][gc,cpu      ] GC(25) User=0.09s Sys=0.00s Real=0.02s
[2022-05-30T01:27:38.229+0000][7][safepoint   ] Safepoint "G1CollectForAllocation", Time since last: 779531205 ns, Reaching safepoint: 351802 ns, At safepoint: 22142246 ns, Total: 22494048 ns
[2022-05-30T01:27:41.231+0000][7][safepoint   ] Safepoint "Cleanup", Time since last: 3000901684 ns, Reaching safepoint: 463575 ns, At safepoint: 33053 ns, Total: 496628 ns
[2022-05-30T01:27:42.232+0000][7][safepoint   ] Safepoint "Cleanup", Time since last: 1000595260 ns, Reaching safepoint: 357202 ns, At safepoint: 24847 ns, Total: 382049 ns
[2022-05-30T01:27:43.290+0000][7][safepoint   ] Safepoint "Cleanup", Time since last: 1058305130 ns, Reaching safepoint: 426283 ns, At safepoint: 60736 ns, Total: 487019 ns
[2022-05-30T01:27:44.608+0000][7][safepoint   ] Safepoint "Cleanup", Time since last: 1021051680 ns, Reaching safepoint: 296008868 ns, At safepoint: 244136 ns, Total: 296253004 ns
[2022-05-30T01:27:45.650+0000][7][safepoint   ] Safepoint "Cleanup", Time since last: 1041872014 ns, Reaching safepoint: 369435 ns, At safepoint: 24948 ns, Total: 394383 ns
[2022-05-30T01:27:46.651+0000][7][safepoint   ] Safepoint "Cleanup", Time since last: 1000610572 ns, Reaching safepoint: 367271 ns, At safepoint: 27403 ns, Total: 394674 ns
[2022-05-30T01:27:48.816+0000][7][safepoint   ] Safepoint "Cleanup", Time since last: 2165145801 ns, Reaching safepoint: 365568 ns, At safepoint: 38634 ns, Total: 404202 ns
[2022-05-30T01:27:49.818+0000][7][safepoint   ] Safepoint "Cleanup", Time since last: 1000952897 ns, Reaching safepoint: 415553 ns, At safepoint: 38003 ns, Total: 453556 ns
[2022-05-30T01:27:50.819+0000][7][safepoint   ] Safepoint "Cleanup", Time since last: 1000989037 ns, Reaching safepoint: 430582 ns, At safepoint: 61517 ns, Total: 492099 ns
[2022-05-30T01:27:51.866+0000][7][safepoint   ] Safepoint "Cleanup", Time since last: 1045967940 ns, Reaching safepoint: 338476 ns, At safepoint: 45317 ns, Total: 383793 ns
[2022-05-30T01:27:52.867+0000][7][safepoint   ] Safepoint "Cleanup", Time since last: 1001218285 ns, Reaching safepoint: 278181 ns, At safepoint: 51408 ns, Total: 329589 ns
[2022-05-30T01:27:53.868+0000][7][safepoint   ] Safepoint "Cleanup", Time since last: 1000695669 ns, Reaching safepoint: 434606 ns, At safepoint: 38273 ns, Total: 472879 ns
[2022-05-30T01:27:54.896+0000][7][safepoint   ] Safepoint "Cleanup", Time since last: 1027438883 ns, Reaching safepoint: 363674 ns, At safepoint: 24396 ns, Total: 388070 ns
[2022-05-30T01:27:56.024+0000][7][safepoint   ] Safepoint "Cleanup", Time since last: 1127315242 ns, Reaching safepoint: 407418 ns, At safepoint: 74742 ns, Total: 482160 ns
[2022-05-30T01:27:57.026+0000][7][safepoint   ] Safepoint "Cleanup", Time since last: 1001252810 ns, Reaching safepoint: 341823 ns, At safepoint: 86906 ns, Total: 428729 ns
[2022-05-30T01:27:58.027+0000][7][safepoint   ] Safepoint "Cleanup", Time since last: 1000976722 ns, Reaching safepoint: 414963 ns, At safepoint: 30187 ns, Total: 445150 ns
[2022-05-30T01:27:59.200+0000][7][safepoint   ] Safepoint "Cleanup", Time since last: 1111692721 ns, Reaching safepoint: 61253942 ns, At safepoint: 352714 ns, Total: 61606656 ns
[2022-05-30T01:28:00.026+0000][7][safepoint   ] Safepoint "Cleanup", Time since last: 1048562543 ns, Reaching safepoint: 347674 ns, At safepoint: 27172 ns, Total: 374846 ns
[2022-05-30T01:28:01.027+0000][7][safepoint   ] Safepoint "Cleanup", Time since last: 1001031267 ns, Reaching safepoint: 286687 ns, At safepoint: 16762 ns, Total: 303449 ns
[2022-05-30T01:28:02.126+0000][7][safepoint   ] Safepoint "Cleanup", Time since last: 1098013117 ns, Reaching safepoint: 357954 ns, At safepoint: 20629 ns, Total: 378583 ns
[2022-05-30T01:28:03.255+0000][7][safepoint   ] Safepoint "Cleanup", Time since last: 1128956657 ns, Reaching safepoint: 340069 ns, At safepoint: 60225 ns, Total: 400294 ns
[2022-05-30T01:28:04.257+0000][7][safepoint   ] Safepoint "Cleanup", Time since last: 1001334289 ns, Reaching safepoint: 369356 ns, At safepoint: 55896 ns, Total: 425252 ns
[2022-05-30T01:28:05.258+0000][7][safepoint   ] Safepoint "Cleanup", Time since last: 1000971297 ns, Reaching safepoint: 400725 ns, At safepoint: 33645 ns, Total: 434370 ns
[2022-05-30T01:28:06.260+0000][7][safepoint   ] Safepoint "Cleanup", Time since last: 1001785908 ns, Reaching safepoint: 368945 ns, At safepoint: 29747 ns, Total: 398692 ns
[2022-05-30T01:28:07.263+0000][7][safepoint   ] Safepoint "Cleanup", Time since last: 1002235417 ns, Reaching safepoint: 364285 ns, At safepoint: 30288 ns, Total: 394573 ns
[2022-05-30T01:28:09.267+0000][7][safepoint   ] Safepoint "Cleanup", Time since last: 2003665063 ns, Reaching safepoint: 411645 ns, At safepoint: 20510 ns, Total: 432155 ns
[2022-05-30T01:28:10.271+0000][7][safepoint   ] Safepoint "Cleanup", Time since last: 1003652383 ns, Reaching safepoint: 440180 ns, At safepoint: 22773 ns, Total: 462953 ns
[2022-05-30T01:28:11.355+0000][7][safepoint   ] Safepoint "Cleanup", Time since last: 1083418491 ns, Reaching safepoint: 425543 ns, At safepoint: 124878 ns, Total: 550421 ns
[2022-05-30T01:28:12.357+0000][7][safepoint   ] Safepoint "Cleanup", Time since last: 1001159796 ns, Reaching safepoint: 571497 ns, At safepoint: 42742 ns, Total: 614239 ns
[2022-05-30T01:28:13.453+0000][7][safepoint   ] Safepoint "Cleanup", Time since last: 1095839410 ns, Reaching safepoint: 488783 ns, At safepoint: 78861 ns, Total: 567644 ns
[2022-05-30T01:28:14.455+0000][7][safepoint   ] Safepoint "Cleanup", Time since last: 1000916735 ns, Reaching safepoint: 354858 ns, At safepoint: 24286 ns, Total: 379144 ns
[2022-05-30T01:28:16.605+0000][7][safepoint   ] Safepoint "Cleanup", Time since last: 2149770788 ns, Reaching safepoint: 328346 ns, At safepoint: 31690 ns, Total: 360036 ns
[2022-05-30T01:28:19.046+0000][7][gc,start    ] GC(26) Pause Young (Normal) (G1 Evacuation Pause)
[2022-05-30T01:28:19.047+0000][7][gc,task     ] GC(26) Using 8 workers of 8 for evacuation
[2022-05-30T01:28:19.047+0000][7][gc,age      ] GC(26) Desired survivor size 18874368 bytes, new threshold 15 (max threshold 15)
[2022-05-30T01:28:19.063+0000][7][gc,phases   ] GC(26)   Pre Evacuate Collection Set: 0.4ms
[2022-05-30T01:28:19.064+0000][7][gc,phases   ] GC(26)   Merge Heap Roots: 0.3ms
[2022-05-30T01:28:19.064+0000][7][gc,phases   ] GC(26)   Evacuate Collection Set: 12.5ms
[2022-05-30T01:28:19.065+0000][7][gc,phases   ] GC(26)   Post Evacuate Collection Set: 2.1ms
[2022-05-30T01:28:19.065+0000][7][gc,phases   ] GC(26)   Other: 1.1ms
[2022-05-30T01:28:19.065+0000][7][gc,age      ] GC(26) Age table with threshold 15 (max threshold 15)
[2022-05-30T01:28:19.066+0000][7][gc,age      ] GC(26) - age   1:    2767568 bytes,    2767568 total
[2022-05-30T01:28:19.066+0000][7][gc,age      ] GC(26) - age   2:     450728 bytes,    3218296 total
[2022-05-30T01:28:19.067+0000][7][gc,age      ] GC(26) - age   3:    5576872 bytes,    8795168 total
[2022-05-30T01:28:19.067+0000][7][gc,age      ] GC(26) - age   4:    7456800 bytes,   16251968 total
[2022-05-30T01:28:19.067+0000][7][gc,heap     ] GC(26) Eden regions: 61->0(62)
[2022-05-30T01:28:19.068+0000][7][gc,heap     ] GC(26) Survivor regions: 5->5(9)
[2022-05-30T01:28:19.068+0000][7][gc,heap     ] GC(26) Old regions: 30->30
[2022-05-30T01:28:19.069+0000][7][gc,heap     ] GC(26) Archive regions: 2->2
[2022-05-30T01:28:19.070+0000][7][gc,heap     ] GC(26) Humongous regions: 2->2
[2022-05-30T01:28:19.070+0000][7][gc,metaspace] GC(26) Metaspace: 130838K(134464K)->130838K(134464K) NonClass: 113332K(115264K)->113332K(115264K) Class: 17506K(19200K)->17506K(19200K)
[2022-05-30T01:28:19.071+0000][7][gc          ] GC(26) Pause Young (Normal) (G1 Evacuation Pause) 394M->148M(512M) 24.408ms
[2022-05-30T01:28:19.071+0000][7][gc,cpu      ] GC(26) User=0.10s Sys=0.01s Real=0.03s
[2022-05-30T01:28:19.072+0000][7][safepoint   ] Safepoint "G1CollectForAllocation", Time since last: 2440990963 ns, Reaching safepoint: 344458 ns, At safepoint: 25412163 ns, Total: 25756621 ns
[2022-05-30T01:28:20.073+0000][7][safepoint   ] Safepoint "Cleanup", Time since last: 1000702562 ns, Reaching safepoint: 406045 ns, At safepoint: 55637 ns, Total: 461682 ns
[2022-05-30T01:28:21.074+0000][7][safepoint   ] Safepoint "Cleanup", Time since last: 1000782001 ns, Reaching safepoint: 309019 ns, At safepoint: 86355 ns, Total: 395374 ns
[2022-05-30T01:28:22.086+0000][7][safepoint   ] Safepoint "Cleanup", Time since last: 1012177485 ns, Reaching safepoint: 447755 ns, At safepoint: 29376 ns, Total: 477131 ns
[2022-05-30T01:28:23.413+0000][7][safepoint   ] Safepoint "Cleanup", Time since last: 1325891526 ns, Reaching safepoint: 378522 ns, At safepoint: 35598 ns, Total: 414120 ns
[2022-05-30T01:28:24.578+0000][7][safepoint   ] Safepoint "Cleanup", Time since last: 1164531148 ns, Reaching safepoint: 367181 ns, At safepoint: 32071 ns, Total: 399252 ns
[2022-05-30T01:28:26.720+0000][7][safepoint   ] Safepoint "Cleanup", Time since last: 2141371069 ns, Reaching safepoint: 538538 ns, At safepoint: 74091 ns, Total: 612629 ns
[2022-05-30T01:28:27.721+0000][7][safepoint   ] Safepoint "Cleanup", Time since last: 1001122446 ns, Reaching safepoint: 487232 ns, At safepoint: 69542 ns, Total: 556774 ns
[2022-05-30T01:28:28.726+0000][7][safepoint   ] Safepoint "Cleanup", Time since last: 1004130888 ns, Reaching safepoint: 385476 ns, At safepoint: 42050 ns, Total: 427526 ns
[2022-05-30T01:28:29.435+0000][7][safepoint   ] Safepoint "Cleanup", Time since last: 1001225866 ns, Reaching safepoint: 451311 ns, At safepoint: 48362 ns, Total: 499673 ns
[2022-05-30T01:28:30.436+0000][7][safepoint   ] Safepoint "Cleanup", Time since last: 1001021180 ns, Reaching safepoint: 348997 ns, At safepoint: 22352 ns, Total: 371349 ns
[2022-05-30T01:28:31.571+0000][7][safepoint   ] Safepoint "Cleanup", Time since last: 1123624554 ns, Reaching safepoint: 10474379 ns, At safepoint: 153524 ns, Total: 10627903 ns
[2022-05-30T01:28:32.576+0000][7][safepoint   ] Safepoint "Cleanup", Time since last: 1005135610 ns, Reaching safepoint: 557061 ns, At safepoint: 92587 ns, Total: 649648 ns
[2022-05-30T01:28:33.579+0000][7][safepoint   ] Safepoint "Cleanup", Time since last: 1000951004 ns, Reaching safepoint: 1098147 ns, At safepoint: 124488 ns, Total: 1222635 ns
[2022-05-30T01:28:37.580+0000][7][safepoint   ] Safepoint "Cleanup", Time since last: 4001423600 ns, Reaching safepoint: 381318 ns, At safepoint: 27613 ns, Total: 408931 ns
[2022-05-30T01:28:38.775+0000][7][safepoint   ] Safepoint "Cleanup", Time since last: 1194440946 ns, Reaching safepoint: 383833 ns, At safepoint: 23084 ns, Total: 406917 ns
[2022-05-30T01:28:40.573+0000][7][safepoint   ] Safepoint "Cleanup", Time since last: 1797326024 ns, Reaching safepoint: 649687 ns, At safepoint: 91715 ns, Total: 741402 ns
[2022-05-30T01:28:42.575+0000][7][safepoint   ] Safepoint "Cleanup", Time since last: 2001072683 ns, Reaching safepoint: 421855 ns, At safepoint: 34777 ns, Total: 456632 ns
[2022-05-30T01:28:43.576+0000][7][safepoint   ] Safepoint "Cleanup", Time since last: 1000861673 ns, Reaching safepoint: 425182 ns, At safepoint: 34366 ns, Total: 459548 ns
[2022-05-30T01:28:45.591+0000][7][safepoint   ] Safepoint "Cleanup", Time since last: 2014360463 ns, Reaching safepoint: 375948 ns, At safepoint: 20559 ns, Total: 396507 ns
[2022-05-30T01:28:46.686+0000][7][safepoint   ] Safepoint "Cleanup", Time since last: 1094789350 ns, Reaching safepoint: 478383 ns, At safepoint: 37962 ns, Total: 516345 ns
[2022-05-30T01:28:48.792+0000][7][safepoint   ] Safepoint "Cleanup", Time since last: 2105543830 ns, Reaching safepoint: 364556 ns, At safepoint: 63531 ns, Total: 428087 ns
[2022-05-30T01:28:52.018+0000][7][safepoint   ] Safepoint "Cleanup", Time since last: 3225549611 ns, Reaching safepoint: 391858 ns, At safepoint: 29707 ns, Total: 421565 ns
[2022-05-30T01:28:53.056+0000][7][safepoint   ] Safepoint "Cleanup", Time since last: 1037296968 ns, Reaching safepoint: 437826 ns, At safepoint: 22563 ns, Total: 460389 ns
[2022-05-30T01:28:54.154+0000][7][safepoint   ] Safepoint "Cleanup", Time since last: 1097477834 ns, Reaching safepoint: 396908 ns, At safepoint: 26040 ns, Total: 422948 ns
[2022-05-30T01:28:58.168+0000][7][safepoint   ] Safepoint "Cleanup", Time since last: 4013658970 ns, Reaching safepoint: 349828 ns, At safepoint: 31169 ns, Total: 380997 ns
[2022-05-30T01:28:59.168+0000][7][safepoint   ] Safepoint "Cleanup", Time since last: 1001160794 ns, Reaching safepoint: 360097 ns, At safepoint: 22794 ns, Total: 382891 ns
[2022-05-30T01:29:00.721+0000][7][gc,start    ] GC(27) Pause Young (Normal) (G1 Evacuation Pause)
[2022-05-30T01:29:00.721+0000][7][gc,task     ] GC(27) Using 8 workers of 8 for evacuation
[2022-05-30T01:29:00.722+0000][7][gc,age      ] GC(27) Desired survivor size 18874368 bytes, new threshold 15 (max threshold 15)
[2022-05-30T01:29:00.732+0000][7][gc,phases   ] GC(27)   Pre Evacuate Collection Set: 0.4ms
[2022-05-30T01:29:00.733+0000][7][gc,phases   ] GC(27)   Merge Heap Roots: 0.3ms
[2022-05-30T01:29:00.733+0000][7][gc,phases   ] GC(27)   Evacuate Collection Set: 7.2ms
[2022-05-30T01:29:00.734+0000][7][gc,phases   ] GC(27)   Post Evacuate Collection Set: 1.8ms
[2022-05-30T01:29:00.734+0000][7][gc,phases   ] GC(27)   Other: 1.2ms
[2022-05-30T01:29:00.734+0000][7][gc,age      ] GC(27) Age table with threshold 15 (max threshold 15)
[2022-05-30T01:29:00.735+0000][7][gc,age      ] GC(27) - age   1:    2686120 bytes,    2686120 total
[2022-05-30T01:29:00.736+0000][7][gc,age      ] GC(27) - age   2:     422088 bytes,    3108208 total
[2022-05-30T01:29:00.736+0000][7][gc,age      ] GC(27) - age   3:     226864 bytes,    3335072 total
[2022-05-30T01:29:00.737+0000][7][gc,age      ] GC(27) - age   4:    5575968 bytes,    8911040 total
[2022-05-30T01:29:00.737+0000][7][gc,age      ] GC(27) - age   5:    7455256 bytes,   16366296 total
[2022-05-30T01:29:00.738+0000][7][gc,heap     ] GC(27) Eden regions: 62->0(63)
[2022-05-30T01:29:00.738+0000][7][gc,heap     ] GC(27) Survivor regions: 5->5(9)
[2022-05-30T01:29:00.739+0000][7][gc,heap     ] GC(27) Old regions: 30->30
[2022-05-30T01:29:00.740+0000][7][gc,heap     ] GC(27) Archive regions: 2->2
[2022-05-30T01:29:00.740+0000][7][gc,heap     ] GC(27) Humongous regions: 2->2
[2022-05-30T01:29:00.741+0000][7][gc,metaspace] GC(27) Metaspace: 130993K(134592K)->130993K(134592K) NonClass: 113482K(115392K)->113482K(115392K) Class: 17511K(19200K)->17511K(19200K)
[2022-05-30T01:29:00.741+0000][7][gc          ] GC(27) Pause Young (Normal) (G1 Evacuation Pause) 396M->148M(512M) 20.342ms
[2022-05-30T01:29:00.742+0000][7][gc,cpu      ] GC(27) User=0.05s Sys=0.01s Real=0.02s
[2022-05-30T01:29:00.743+0000][7][safepoint   ] Safepoint "G1CollectForAllocation", Time since last: 1552622560 ns, Reaching safepoint: 480176 ns, At safepoint: 21845759 ns, Total: 22325935 ns
[2022-05-30T01:29:01.744+0000][7][safepoint   ] Safepoint "Cleanup", Time since last: 1000890939 ns, Reaching safepoint: 386057 ns, At safepoint: 26621 ns, Total: 412678 ns
[2022-05-30T01:29:02.787+0000][7][safepoint   ] Safepoint "Cleanup", Time since last: 1042329716 ns, Reaching safepoint: 366811 ns, At safepoint: 32291 ns, Total: 399102 ns
[2022-05-30T01:29:03.788+0000][7][safepoint   ] Safepoint "Cleanup", Time since last: 1000681960 ns, Reaching safepoint: 349567 ns, At safepoint: 89351 ns, Total: 438918 ns
[2022-05-30T01:29:04.790+0000][7][safepoint   ] Safepoint "Cleanup", Time since last: 1001316422 ns, Reaching safepoint: 448116 ns, At safepoint: 29756 ns, Total: 477872 ns
[2022-05-30T01:29:06.791+0000][7][safepoint   ] Safepoint "Cleanup", Time since last: 2001049079 ns, Reaching safepoint: 334188 ns, At safepoint: 18606 ns, Total: 352794 ns
[2022-05-30T01:29:08.897+0000][7][safepoint   ] Safepoint "Cleanup", Time since last: 2105688208 ns, Reaching safepoint: 409041 ns, At safepoint: 34636 ns, Total: 443677 ns
[2022-05-30T01:29:09.899+0000][7][safepoint   ] Safepoint "Cleanup", Time since last: 1000925676 ns, Reaching safepoint: 808764 ns, At safepoint: 63592 ns, Total: 872356 ns
[2022-05-30T01:29:10.903+0000][7][safepoint   ] Safepoint "Cleanup", Time since last: 1003459767 ns, Reaching safepoint: 345159 ns, At safepoint: 62279 ns, Total: 407438 ns
[2022-05-30T01:29:12.905+0000][7][safepoint   ] Safepoint "Cleanup", Time since last: 2001481546 ns, Reaching safepoint: 387540 ns, At safepoint: 36940 ns, Total: 424480 ns
[2022-05-30T01:29:16.007+0000][7][safepoint   ] Safepoint "Cleanup", Time since last: 3101708526 ns, Reaching safepoint: 394082 ns, At safepoint: 31190 ns, Total: 425272 ns
[2022-05-30T01:29:18.069+0000][7][safepoint   ] Safepoint "Cleanup", Time since last: 2061904954 ns, Reaching safepoint: 348466 ns, At safepoint: 55986 ns, Total: 404452 ns
[2022-05-30T01:29:21.071+0000][7][safepoint   ] Safepoint "Cleanup", Time since last: 3001287072 ns, Reaching safepoint: 400464 ns, At safepoint: 62840 ns, Total: 463304 ns
[2022-05-30T01:29:22.073+0000][7][safepoint   ] Safepoint "Cleanup", Time since last: 1001159115 ns, Reaching safepoint: 465679 ns, At safepoint: 73200 ns, Total: 538879 ns
[2022-05-30T01:29:24.077+0000][7][safepoint   ] Safepoint "Cleanup", Time since last: 2003445770 ns, Reaching safepoint: 586198 ns, At safepoint: 77458 ns, Total: 663656 ns
[2022-05-30T01:29:25.079+0000][7][safepoint   ] Safepoint "Cleanup", Time since last: 1001640112 ns, Reaching safepoint: 412938 ns, At safepoint: 32672 ns, Total: 445610 ns
[2022-05-30T01:29:26.084+0000][7][safepoint   ] Safepoint "Cleanup", Time since last: 1005093028 ns, Reaching safepoint: 303790 ns, At safepoint: 17013 ns, Total: 320803 ns
[2022-05-30T01:29:28.142+0000][7][safepoint   ] Safepoint "Cleanup", Time since last: 2057258763 ns, Reaching safepoint: 701801 ns, At safepoint: 92738 ns, Total: 794539 ns
[2022-05-30T01:29:29.144+0000][7][safepoint   ] Safepoint "Cleanup", Time since last: 1000861122 ns, Reaching safepoint: 302407 ns, At safepoint: 46719 ns, Total: 349126 ns
[2022-05-30T01:29:31.162+0000][7][safepoint   ] Safepoint "Cleanup", Time since last: 2017639030 ns, Reaching safepoint: 448988 ns, At safepoint: 28123 ns, Total: 477111 ns
[2022-05-30T01:29:32.242+0000][7][safepoint   ] Safepoint "Cleanup", Time since last: 1080321756 ns, Reaching safepoint: 434710 ns, At safepoint: 44615 ns, Total: 479325 ns
[2022-05-30T01:29:33.244+0000][7][safepoint   ] Safepoint "Cleanup", Time since last: 1000879152 ns, Reaching safepoint: 347434 ns, At safepoint: 22583 ns, Total: 370017 ns
[2022-05-30T01:29:34.400+0000][7][safepoint   ] Safepoint "Cleanup", Time since last: 1010054302 ns, Reaching safepoint: 146386707 ns, At safepoint: 329068 ns, Total: 146715775 ns
[2022-05-30T01:29:35.405+0000][7][safepoint   ] Safepoint "Cleanup", Time since last: 1004321959 ns, Reaching safepoint: 397298 ns, At safepoint: 32392 ns, Total: 429690 ns
[2022-05-30T01:29:39.407+0000][7][safepoint   ] Safepoint "Cleanup", Time since last: 4001522048 ns, Reaching safepoint: 432636 ns, At safepoint: 61137 ns, Total: 493773 ns
[2022-05-30T01:29:39.866+0000][7][gc,start    ] GC(28) Pause Young (Normal) (G1 Evacuation Pause)
[2022-05-30T01:29:39.867+0000][7][gc,task     ] GC(28) Using 8 workers of 8 for evacuation
[2022-05-30T01:29:39.868+0000][7][gc,age      ] GC(28) Desired survivor size 18874368 bytes, new threshold 15 (max threshold 15)
[2022-05-30T01:29:39.879+0000][7][gc,phases   ] GC(28)   Pre Evacuate Collection Set: 0.4ms
[2022-05-30T01:29:39.880+0000][7][gc,phases   ] GC(28)   Merge Heap Roots: 0.3ms
[2022-05-30T01:29:39.880+0000][7][gc,phases   ] GC(28)   Evacuate Collection Set: 7.8ms
[2022-05-30T01:29:39.881+0000][7][gc,phases   ] GC(28)   Post Evacuate Collection Set: 2.1ms
[2022-05-30T01:29:39.881+0000][7][gc,phases   ] GC(28)   Other: 1.5ms
[2022-05-30T01:29:39.882+0000][7][gc,age      ] GC(28) Age table with threshold 15 (max threshold 15)
[2022-05-30T01:29:39.882+0000][7][gc,age      ] GC(28) - age   1:    2472928 bytes,    2472928 total
[2022-05-30T01:29:39.883+0000][7][gc,age      ] GC(28) - age   2:     371912 bytes,    2844840 total
[2022-05-30T01:29:39.883+0000][7][gc,age      ] GC(28) - age   3:     150584 bytes,    2995424 total
[2022-05-30T01:29:39.884+0000][7][gc,age      ] GC(28) - age   4:      83672 bytes,    3079096 total
[2022-05-30T01:29:39.884+0000][7][gc,age      ] GC(28) - age   5:    5575624 bytes,    8654720 total
[2022-05-30T01:29:39.885+0000][7][gc,age      ] GC(28) - age   6:    7453320 bytes,   16108040 total
[2022-05-30T01:29:39.885+0000][7][gc,heap     ] GC(28) Eden regions: 63->0(64)
[2022-05-30T01:29:39.886+0000][7][gc,heap     ] GC(28) Survivor regions: 5->5(9)
[2022-05-30T01:29:39.886+0000][7][gc,heap     ] GC(28) Old regions: 30->30
[2022-05-30T01:29:39.887+0000][7][gc,heap     ] GC(28) Archive regions: 2->2
[2022-05-30T01:29:39.887+0000][7][gc,heap     ] GC(28) Humongous regions: 2->2
[2022-05-30T01:29:39.887+0000][7][gc,metaspace] GC(28) Metaspace: 131136K(134720K)->131136K(134720K) NonClass: 113624K(115520K)->113624K(115520K) Class: 17511K(19200K)->17511K(19200K)
[2022-05-30T01:29:39.888+0000][7][gc          ] GC(28) Pause Young (Normal) (G1 Evacuation Pause) 400M->148M(512M) 21.686ms
[2022-05-30T01:29:39.889+0000][7][gc,cpu      ] GC(28) User=0.07s Sys=0.00s Real=0.02s
[2022-05-30T01:29:39.889+0000][7][safepoint   ] Safepoint "G1CollectForAllocation", Time since last: 458761365 ns, Reaching safepoint: 317877 ns, At safepoint: 23093545 ns, Total: 23411422 ns
[2022-05-30T01:29:40.891+0000][7][safepoint   ] Safepoint "Cleanup", Time since last: 1000872486 ns, Reaching safepoint: 387439 ns, At safepoint: 23676 ns, Total: 411115 ns
[2022-05-30T01:29:42.034+0000][7][safepoint   ] Safepoint "Cleanup", Time since last: 1142694731 ns, Reaching safepoint: 394814 ns, At safepoint: 29657 ns, Total: 424471 ns
[2022-05-30T01:29:43.052+0000][7][safepoint   ] Safepoint "Cleanup", Time since last: 1017424461 ns, Reaching safepoint: 404011 ns, At safepoint: 66307 ns, Total: 470318 ns
[2022-05-30T01:29:45.053+0000][7][safepoint   ] Safepoint "Cleanup", Time since last: 2001064800 ns, Reaching safepoint: 386327 ns, At safepoint: 24708 ns, Total: 411035 ns
[2022-05-30T01:29:47.055+0000][7][safepoint   ] Safepoint "Cleanup", Time since last: 2001745386 ns, Reaching safepoint: 372872 ns, At safepoint: 34005 ns, Total: 406877 ns
[2022-05-30T01:29:48.170+0000][7][safepoint   ] Safepoint "Cleanup", Time since last: 1001004928 ns, Reaching safepoint: 113247241 ns, At safepoint: 170285 ns, Total: 113417526 ns
[2022-05-30T01:29:49.308+0000][7][safepoint   ] Safepoint "Cleanup", Time since last: 1137737981 ns, Reaching safepoint: 395535 ns, At safepoint: 28204 ns, Total: 423739 ns
[2022-05-30T01:29:50.309+0000][7][safepoint   ] Safepoint "Cleanup", Time since last: 1000917790 ns, Reaching safepoint: 458255 ns, At safepoint: 65505 ns, Total: 523760 ns
[2022-05-30T01:29:51.311+0000][7][safepoint   ] Safepoint "Cleanup", Time since last: 1000898806 ns, Reaching safepoint: 494011 ns, At safepoint: 76847 ns, Total: 570858 ns
[2022-05-30T01:29:52.315+0000][7][safepoint   ] Safepoint "Cleanup", Time since last: 1003533893 ns, Reaching safepoint: 360378 ns, At safepoint: 23515 ns, Total: 383893 ns
[2022-05-30T01:29:53.317+0000][7][safepoint   ] Safepoint "Cleanup", Time since last: 1001287136 ns, Reaching safepoint: 736276 ns, At safepoint: 94821 ns, Total: 831097 ns
[2022-05-30T01:29:56.319+0000][7][safepoint   ] Safepoint "Cleanup", Time since last: 3001467706 ns, Reaching safepoint: 336983 ns, At safepoint: 50186 ns, Total: 387169 ns
[2022-05-30T01:29:59.309+0000][7][safepoint   ] Safepoint "Cleanup", Time since last: 3001285059 ns, Reaching safepoint: 418860 ns, At safepoint: 33243 ns, Total: 452103 ns
[2022-05-30T01:30:00.311+0000][7][safepoint   ] Safepoint "Cleanup", Time since last: 1000779591 ns, Reaching safepoint: 341352 ns, At safepoint: 24246 ns, Total: 365598 ns
[2022-05-30T01:30:01.315+0000][7][safepoint   ] Safepoint "Cleanup", Time since last: 1002049516 ns, Reaching safepoint: 1910335 ns, At safepoint: 122844 ns, Total: 2033179 ns
[2022-05-30T01:30:03.317+0000][7][safepoint   ] Safepoint "Cleanup", Time since last: 2001618667 ns, Reaching safepoint: 339157 ns, At safepoint: 60756 ns, Total: 399913 ns
[2022-05-30T01:30:04.318+0000][7][safepoint   ] Safepoint "Cleanup", Time since last: 1001263533 ns, Reaching safepoint: 381237 ns, At safepoint: 21592 ns, Total: 402829 ns
[2022-05-30T01:30:08.759+0000][7][safepoint   ] Safepoint "Cleanup", Time since last: 4160480467 ns, Reaching safepoint: 279529204 ns, At safepoint: 190604 ns, Total: 279719808 ns
[2022-05-30T01:30:09.824+0000][7][safepoint   ] Safepoint "Cleanup", Time since last: 1065010662 ns, Reaching safepoint: 446202 ns, At safepoint: 36129 ns, Total: 482331 ns
[2022-05-30T01:30:10.850+0000][7][safepoint   ] Safepoint "Cleanup", Time since last: 1025111266 ns, Reaching safepoint: 529791 ns, At safepoint: 93569 ns, Total: 623360 ns
[2022-05-30T01:30:14.852+0000][7][safepoint   ] Safepoint "Cleanup", Time since last: 4001874402 ns, Reaching safepoint: 390014 ns, At safepoint: 29737 ns, Total: 419751 ns
[2022-05-30T01:30:15.854+0000][7][safepoint   ] Safepoint "Cleanup", Time since last: 1001444997 ns, Reaching safepoint: 385706 ns, At safepoint: 26240 ns, Total: 411946 ns
[2022-05-30T01:30:18.934+0000][7][safepoint   ] Safepoint "Cleanup", Time since last: 3079868082 ns, Reaching safepoint: 425362 ns, At safepoint: 69122 ns, Total: 494484 ns
[2022-05-30T01:30:19.936+0000][7][safepoint   ] Safepoint "Cleanup", Time since last: 1000885348 ns, Reaching safepoint: 380707 ns, At safepoint: 23555 ns, Total: 404262 ns
[2022-05-30T01:30:21.131+0000][7][safepoint   ] Safepoint "Cleanup", Time since last: 1194523068 ns, Reaching safepoint: 370026 ns, At safepoint: 19387 ns, Total: 389413 ns
[2022-05-30T01:30:22.214+0000][7][safepoint   ] Safepoint "Cleanup", Time since last: 1083097569 ns, Reaching safepoint: 406365 ns, At safepoint: 52731 ns, Total: 459096 ns
[2022-05-30T01:30:25.041+0000][7][gc,start    ] GC(29) Pause Young (Normal) (G1 Evacuation Pause)
[2022-05-30T01:30:25.042+0000][7][gc,task     ] GC(29) Using 8 workers of 8 for evacuation
[2022-05-30T01:30:25.042+0000][7][gc,age      ] GC(29) Desired survivor size 18874368 bytes, new threshold 15 (max threshold 15)
[2022-05-30T01:30:25.059+0000][7][gc,phases   ] GC(29)   Pre Evacuate Collection Set: 0.4ms
[2022-05-30T01:30:25.059+0000][7][gc,phases   ] GC(29)   Merge Heap Roots: 0.3ms
[2022-05-30T01:30:25.060+0000][7][gc,phases   ] GC(29)   Evacuate Collection Set: 12.9ms
[2022-05-30T01:30:25.061+0000][7][gc,phases   ] GC(29)   Post Evacuate Collection Set: 1.8ms
[2022-05-30T01:30:25.061+0000][7][gc,phases   ] GC(29)   Other: 1.5ms
[2022-05-30T01:30:25.062+0000][7][gc,age      ] GC(29) Age table with threshold 15 (max threshold 15)
[2022-05-30T01:30:25.062+0000][7][gc,age      ] GC(29) - age   1:    1637192 bytes,    1637192 total
[2022-05-30T01:30:25.063+0000][7][gc,age      ] GC(29) - age   2:     507752 bytes,    2144944 total
[2022-05-30T01:30:25.063+0000][7][gc,age      ] GC(29) - age   3:     267608 bytes,    2412552 total
[2022-05-30T01:30:25.064+0000][7][gc,age      ] GC(29) - age   4:      72568 bytes,    2485120 total
[2022-05-30T01:30:25.064+0000][7][gc,age      ] GC(29) - age   5:      83480 bytes,    2568600 total
[2022-05-30T01:30:25.065+0000][7][gc,age      ] GC(29) - age   6:    5575560 bytes,    8144160 total
[2022-05-30T01:30:25.066+0000][7][gc,age      ] GC(29) - age   7:    7452816 bytes,   15596976 total
[2022-05-30T01:30:25.066+0000][7][gc,heap     ] GC(29) Eden regions: 64->0(66)
[2022-05-30T01:30:25.067+0000][7][gc,heap     ] GC(29) Survivor regions: 5->4(9)
[2022-05-30T01:30:25.067+0000][7][gc,heap     ] GC(29) Old regions: 30->30
[2022-05-30T01:30:25.068+0000][7][gc,heap     ] GC(29) Archive regions: 2->2
[2022-05-30T01:30:25.068+0000][7][gc,heap     ] GC(29) Humongous regions: 2->2
[2022-05-30T01:30:25.069+0000][7][gc,metaspace] GC(29) Metaspace: 131307K(134912K)->131307K(134912K) NonClass: 113792K(115712K)->113792K(115712K) Class: 17515K(19200K)->17515K(19200K)
[2022-05-30T01:30:25.069+0000][7][gc          ] GC(29) Pause Young (Normal) (G1 Evacuation Pause) 404M->147M(512M) 28.335ms
[2022-05-30T01:30:25.070+0000][7][gc,cpu      ] GC(29) User=0.07s Sys=0.01s Real=0.03s
[2022-05-30T01:30:25.071+0000][7][safepoint   ] Safepoint "G1CollectForAllocation", Time since last: 2826607150 ns, Reaching safepoint: 358725 ns, At safepoint: 29838613 ns, Total: 30197338 ns
[2022-05-30T01:30:27.073+0000][7][safepoint   ] Safepoint "Cleanup", Time since last: 2001440756 ns, Reaching safepoint: 379945 ns, At safepoint: 90423 ns, Total: 470368 ns
[2022-05-30T01:30:28.074+0000][7][safepoint   ] Safepoint "Cleanup", Time since last: 1000992600 ns, Reaching safepoint: 389253 ns, At safepoint: 21451 ns, Total: 410704 ns
[2022-05-30T01:30:29.274+0000][7][safepoint   ] Safepoint "Cleanup", Time since last: 1166240926 ns, Reaching safepoint: 33273720 ns, At safepoint: 142742 ns, Total: 33416462 ns
[2022-05-30T01:30:32.564+0000][7][safepoint   ] Safepoint "Cleanup", Time since last: 3040976730 ns, Reaching safepoint: 401817 ns, At safepoint: 23224 ns, Total: 425041 ns
[2022-05-30T01:30:34.634+0000][7][safepoint   ] Safepoint "Cleanup", Time since last: 2069339773 ns, Reaching safepoint: 413359 ns, At safepoint: 26140 ns, Total: 439499 ns
[2022-05-30T01:30:44.638+0000][7][safepoint   ] Safepoint "Cleanup", Time since last: 10003863637 ns, Reaching safepoint: 378944 ns, At safepoint: 24967 ns, Total: 403911 ns
[2022-05-30T01:30:49.108+0000][7][safepoint   ] Safepoint "Cleanup", Time since last: 4468749508 ns, Reaching safepoint: 472002 ns, At safepoint: 70264 ns, Total: 542266 ns
[2022-05-30T01:30:50.109+0000][7][safepoint   ] Safepoint "Cleanup", Time since last: 1001230025 ns, Reaching safepoint: 316725 ns, At safepoint: 14969 ns, Total: 331694 ns
[2022-05-30T01:30:51.409+0000][7][safepoint   ] Safepoint "Cleanup", Time since last: 1299319853 ns, Reaching safepoint: 363614 ns, At safepoint: 32723 ns, Total: 396337 ns
[2022-05-30T01:30:52.417+0000][7][safepoint   ] Safepoint "Cleanup", Time since last: 1007115522 ns, Reaching safepoint: 418709 ns, At safepoint: 24567 ns, Total: 443276 ns
[2022-05-30T01:30:54.037+0000][7][safepoint   ] Safepoint "Cleanup", Time since last: 1620025344 ns, Reaching safepoint: 389253 ns, At safepoint: 37341 ns, Total: 426594 ns
[2022-05-30T01:30:55.777+0000][7][safepoint   ] Safepoint "Cleanup", Time since last: 1739712942 ns, Reaching safepoint: 347173 ns, At safepoint: 21291 ns, Total: 368464 ns
[2022-05-30T01:30:58.109+0000][7][safepoint   ] Safepoint "Cleanup", Time since last: 2330973268 ns, Reaching safepoint: 422817 ns, At safepoint: 61558 ns, Total: 484375 ns
[2022-05-30T01:31:01.111+0000][7][safepoint   ] Safepoint "Cleanup", Time since last: 3001748090 ns, Reaching safepoint: 406406 ns, At safepoint: 137132 ns, Total: 543538 ns
[2022-05-30T01:31:02.373+0000][7][safepoint   ] Safepoint "Cleanup", Time since last: 1002084306 ns, Reaching safepoint: 380587 ns, At safepoint: 28043 ns, Total: 408630 ns
[2022-05-30T01:31:05.966+0000][7][safepoint   ] Safepoint "Cleanup", Time since last: 3592873567 ns, Reaching safepoint: 385827 ns, At safepoint: 37612 ns, Total: 423439 ns
[2022-05-30T01:31:08.977+0000][7][safepoint   ] Safepoint "Cleanup", Time since last: 3001305135 ns, Reaching safepoint: 9678548 ns, At safepoint: 168512 ns, Total: 9847060 ns
[2022-05-30T01:31:09.985+0000][7][safepoint   ] Safepoint "Cleanup", Time since last: 1007302074 ns, Reaching safepoint: 413389 ns, At safepoint: 26892 ns, Total: 440281 ns
[2022-05-30T01:31:12.175+0000][7][safepoint   ] Safepoint "Cleanup", Time since last: 2189679810 ns, Reaching safepoint: 403620 ns, At safepoint: 35488 ns, Total: 439108 ns
[2022-05-30T01:31:14.181+0000][7][safepoint   ] Safepoint "Cleanup", Time since last: 2005314889 ns, Reaching safepoint: 355859 ns, At safepoint: 16942 ns, Total: 372801 ns
[2022-05-30T01:31:16.608+0000][7][safepoint   ] Safepoint "Cleanup", Time since last: 2427203736 ns, Reaching safepoint: 442936 ns, At safepoint: 78359 ns, Total: 521295 ns
[2022-05-30T01:31:16.814+0000][7][gc,start    ] GC(30) Pause Young (Normal) (G1 Evacuation Pause)
[2022-05-30T01:31:16.817+0000][7][gc,task     ] GC(30) Using 8 workers of 8 for evacuation
[2022-05-30T01:31:16.819+0000][7][gc,age      ] GC(30) Desired survivor size 18874368 bytes, new threshold 15 (max threshold 15)
[2022-05-30T01:31:16.842+0000][7][gc,phases   ] GC(30)   Pre Evacuate Collection Set: 0.4ms
[2022-05-30T01:31:16.843+0000][7][gc,phases   ] GC(30)   Merge Heap Roots: 0.3ms
[2022-05-30T01:31:16.844+0000][7][gc,phases   ] GC(30)   Evacuate Collection Set: 19.0ms
[2022-05-30T01:31:16.844+0000][7][gc,phases   ] GC(30)   Post Evacuate Collection Set: 2.0ms
[2022-05-30T01:31:16.845+0000][7][gc,phases   ] GC(30)   Other: 3.8ms
[2022-05-30T01:31:16.845+0000][7][gc,age      ] GC(30) Age table with threshold 15 (max threshold 15)
[2022-05-30T01:31:16.846+0000][7][gc,age      ] GC(30) - age   1:    4899224 bytes,    4899224 total
[2022-05-30T01:31:16.847+0000][7][gc,age      ] GC(30) - age   2:     184480 bytes,    5083704 total
[2022-05-30T01:31:16.847+0000][7][gc,age      ] GC(30) - age   3:     384848 bytes,    5468552 total
[2022-05-30T01:31:16.848+0000][7][gc,age      ] GC(30) - age   4:     246536 bytes,    5715088 total
[2022-05-30T01:31:16.849+0000][7][gc,age      ] GC(30) - age   5:      19504 bytes,    5734592 total
[2022-05-30T01:31:16.849+0000][7][gc,age      ] GC(30) - age   6:      38720 bytes,    5773312 total
[2022-05-30T01:31:16.852+0000][7][gc,age      ] GC(30) - age   7:    5567936 bytes,   11341248 total
[2022-05-30T01:31:16.853+0000][7][gc,age      ] GC(30) - age   8:    6985848 bytes,   18327096 total
[2022-05-30T01:31:16.853+0000][7][gc,heap     ] GC(30) Eden regions: 66->0(64)
[2022-05-30T01:31:16.854+0000][7][gc,heap     ] GC(30) Survivor regions: 4->5(9)
[2022-05-30T01:31:16.855+0000][7][gc,heap     ] GC(30) Old regions: 30->30
[2022-05-30T01:31:16.855+0000][7][gc,heap     ] GC(30) Archive regions: 2->2
[2022-05-30T01:31:16.856+0000][7][gc,heap     ] GC(30) Humongous regions: 2->2
[2022-05-30T01:31:16.856+0000][7][gc,metaspace] GC(30) Metaspace: 131382K(134976K)->131382K(134976K) NonClass: 113867K(115776K)->113867K(115776K) Class: 17515K(19200K)->17515K(19200K)
[2022-05-30T01:31:16.857+0000][7][gc          ] GC(30) Pause Young (Normal) (G1 Evacuation Pause) 411M->150M(512M) 42.771ms
[2022-05-30T01:31:16.858+0000][7][gc,cpu      ] GC(30) User=0.05s Sys=0.06s Real=0.04s
[2022-05-30T01:31:16.859+0000][7][safepoint   ] Safepoint "G1CollectForAllocation", Time since last: 205243802 ns, Reaching safepoint: 395535 ns, At safepoint: 44866710 ns, Total: 45262245 ns
[2022-05-30T01:31:17.862+0000][7][safepoint   ] Safepoint "Cleanup", Time since last: 1002605915 ns, Reaching safepoint: 382009 ns, At safepoint: 27863 ns, Total: 409872 ns
[2022-05-30T01:31:19.046+0000][7][safepoint   ] Safepoint "Cleanup", Time since last: 1183216971 ns, Reaching safepoint: 650249 ns, At safepoint: 89220 ns, Total: 739469 ns
[2022-05-30T01:31:23.172+0000][7][safepoint   ] Safepoint "Cleanup", Time since last: 4125214507 ns, Reaching safepoint: 489955 ns, At safepoint: 39225 ns, Total: 529180 ns
[2022-05-30T01:31:28.196+0000][7][safepoint   ] Safepoint "Cleanup", Time since last: 5024067780 ns, Reaching safepoint: 457684 ns, At safepoint: 69924 ns, Total: 527608 ns
[2022-05-30T01:31:29.306+0000][7][safepoint   ] Safepoint "Cleanup", Time since last: 1000940954 ns, Reaching safepoint: 108716448 ns, At safepoint: 124768 ns, Total: 108841216 ns
[2022-05-30T01:31:30.308+0000][7][safepoint   ] Safepoint "Cleanup", Time since last: 1001057620 ns, Reaching safepoint: 621977 ns, At safepoint: 123907 ns, Total: 745884 ns
[2022-05-30T01:31:31.309+0000][7][safepoint   ] Safepoint "Cleanup", Time since last: 1000940561 ns, Reaching safepoint: 415804 ns, At safepoint: 139977 ns, Total: 555781 ns
[2022-05-30T01:31:33.833+0000][7][safepoint   ] Safepoint "Cleanup", Time since last: 3003344738 ns, Reaching safepoint: 466614 ns, At safepoint: 120851 ns, Total: 587465 ns
[2022-05-30T01:31:34.841+0000][7][safepoint   ] Safepoint "Cleanup", Time since last: 1000872321 ns, Reaching safepoint: 7369708 ns, At safepoint: 183700 ns, Total: 7553408 ns
[2022-05-30T01:31:36.847+0000][7][safepoint   ] Safepoint "Cleanup", Time since last: 2005231964 ns, Reaching safepoint: 392189 ns, At safepoint: 119077 ns, Total: 511266 ns
[2022-05-30T01:31:42.085+0000][7][safepoint   ] Safepoint "Cleanup", Time since last: 5237538244 ns, Reaching safepoint: 418910 ns, At safepoint: 71927 ns, Total: 490837 ns
[2022-05-30T01:31:43.086+0000][7][safepoint   ] Safepoint "Cleanup", Time since last: 1000905485 ns, Reaching safepoint: 374615 ns, At safepoint: 18816 ns, Total: 393431 ns
[2022-05-30T01:31:44.331+0000][7][safepoint   ] Safepoint "Cleanup", Time since last: 1244521501 ns, Reaching safepoint: 400846 ns, At safepoint: 77157 ns, Total: 478003 ns
[2022-05-30T01:31:48.333+0000][7][safepoint   ] Safepoint "Cleanup", Time since last: 4001499811 ns, Reaching safepoint: 354517 ns, At safepoint: 25308 ns, Total: 379825 ns
[2022-05-30T01:31:49.334+0000][7][safepoint   ] Safepoint "Cleanup", Time since last: 1000728705 ns, Reaching safepoint: 466831 ns, At safepoint: 104380 ns, Total: 571211 ns
[2022-05-30T01:31:51.345+0000][7][safepoint   ] Safepoint "Cleanup", Time since last: 2010278817 ns, Reaching safepoint: 416736 ns, At safepoint: 46689 ns, Total: 463425 ns
[2022-05-30T01:31:52.358+0000][7][safepoint   ] Safepoint "Cleanup", Time since last: 1012831568 ns, Reaching safepoint: 366599 ns, At safepoint: 24587 ns, Total: 391186 ns
[2022-05-30T01:31:53.367+0000][7][safepoint   ] Safepoint "Cleanup", Time since last: 1008233975 ns, Reaching safepoint: 580418 ns, At safepoint: 98839 ns, Total: 679257 ns
[2022-05-30T01:31:54.835+0000][7][safepoint   ] Safepoint "Cleanup", Time since last: 1450179738 ns, Reaching safepoint: 17004048 ns, At safepoint: 183641 ns, Total: 17187689 ns
[2022-05-30T01:31:55.851+0000][7][safepoint   ] Safepoint "Cleanup", Time since last: 1015558828 ns, Reaching safepoint: 338767 ns, At safepoint: 26150 ns, Total: 364917 ns
[2022-05-30T01:32:01.835+0000][7][safepoint   ] Safepoint "Cleanup", Time since last: 6001905988 ns, Reaching safepoint: 359747 ns, At safepoint: 31480 ns, Total: 391227 ns
[2022-05-30T01:32:02.376+0000][7][gc,start    ] GC(31) Pause Young (Normal) (G1 Evacuation Pause)
[2022-05-30T01:32:02.377+0000][7][gc,task     ] GC(31) Using 8 workers of 8 for evacuation
[2022-05-30T01:32:02.377+0000][7][gc,age      ] GC(31) Desired survivor size 18874368 bytes, new threshold 15 (max threshold 15)
[2022-05-30T01:32:02.404+0000][7][gc,phases   ] GC(31)   Pre Evacuate Collection Set: 0.5ms
[2022-05-30T01:32:02.405+0000][7][gc,phases   ] GC(31)   Merge Heap Roots: 0.3ms
[2022-05-30T01:32:02.405+0000][7][gc,phases   ] GC(31)   Evacuate Collection Set: 22.2ms
[2022-05-30T01:32:02.406+0000][7][gc,phases   ] GC(31)   Post Evacuate Collection Set: 2.7ms
[2022-05-30T01:32:02.406+0000][7][gc,phases   ] GC(31)   Other: 1.4ms
[2022-05-30T01:32:02.407+0000][7][gc,age      ] GC(31) Age table with threshold 15 (max threshold 15)
[2022-05-30T01:32:02.409+0000][7][gc,age      ] GC(31) - age   1:    3635968 bytes,    3635968 total
[2022-05-30T01:32:02.410+0000][7][gc,age      ] GC(31) - age   2:     452504 bytes,    4088472 total
[2022-05-30T01:32:02.410+0000][7][gc,age      ] GC(31) - age   3:      63400 bytes,    4151872 total
[2022-05-30T01:32:02.411+0000][7][gc,age      ] GC(31) - age   4:     114848 bytes,    4266720 total
[2022-05-30T01:32:02.411+0000][7][gc,age      ] GC(31) - age   5:     246408 bytes,    4513128 total
[2022-05-30T01:32:02.411+0000][7][gc,age      ] GC(31) - age   6:      19176 bytes,    4532304 total
[2022-05-30T01:32:02.412+0000][7][gc,age      ] GC(31) - age   7:      38464 bytes,    4570768 total
[2022-05-30T01:32:02.412+0000][7][gc,age      ] GC(31) - age   8:    5567936 bytes,   10138704 total
[2022-05-30T01:32:02.412+0000][7][gc,age      ] GC(31) - age   9:    6984992 bytes,   17123696 total
[2022-05-30T01:32:02.413+0000][7][gc,heap     ] GC(31) Eden regions: 64->0(64)
[2022-05-30T01:32:02.414+0000][7][gc,heap     ] GC(31) Survivor regions: 5->5(9)
[2022-05-30T01:32:02.414+0000][7][gc,heap     ] GC(31) Old regions: 30->30
[2022-05-30T01:32:02.415+0000][7][gc,heap     ] GC(31) Archive regions: 2->2
[2022-05-30T01:32:02.415+0000][7][gc,heap     ] GC(31) Humongous regions: 2->2
[2022-05-30T01:32:02.416+0000][7][gc,metaspace] GC(31) Metaspace: 131478K(135040K)->131478K(135040K) NonClass: 113963K(115840K)->113963K(115840K) Class: 17515K(19200K)->17515K(19200K)
[2022-05-30T01:32:02.416+0000][7][gc          ] GC(31) Pause Young (Normal) (G1 Evacuation Pause) 406M->149M(512M) 40.367ms
[2022-05-30T01:32:02.417+0000][7][gc,cpu      ] GC(31) User=0.17s Sys=0.00s Real=0.04s
[2022-05-30T01:32:02.418+0000][7][safepoint   ] Safepoint "G1CollectForAllocation", Time since last: 540233851 ns, Reaching safepoint: 567881 ns, At safepoint: 41993707 ns, Total: 42561588 ns
[2022-05-30T01:32:03.419+0000][7][safepoint   ] Safepoint "Cleanup", Time since last: 1000930377 ns, Reaching safepoint: 441292 ns, At safepoint: 73030 ns, Total: 514322 ns
[2022-05-30T01:32:04.421+0000][7][safepoint   ] Safepoint "Cleanup", Time since last: 1001054418 ns, Reaching safepoint: 590607 ns, At safepoint: 47491 ns, Total: 638098 ns
[2022-05-30T01:32:06.445+0000][7][safepoint   ] Safepoint "Cleanup", Time since last: 2022389619 ns, Reaching safepoint: 1251643 ns, At safepoint: 112274 ns, Total: 1363917 ns
[2022-05-30T01:32:08.448+0000][7][safepoint   ] Safepoint "Cleanup", Time since last: 2003117686 ns, Reaching safepoint: 348335 ns, At safepoint: 32943 ns, Total: 381278 ns
[2022-05-30T01:32:09.466+0000][7][safepoint   ] Safepoint "Cleanup", Time since last: 1017565779 ns, Reaching safepoint: 396618 ns, At safepoint: 19677 ns, Total: 416295 ns
[2022-05-30T01:32:12.722+0000][7][safepoint   ] Safepoint "Cleanup", Time since last: 3255521828 ns, Reaching safepoint: 442474 ns, At safepoint: 105843 ns, Total: 548317 ns
[2022-05-30T01:32:15.726+0000][7][safepoint   ] Safepoint "Cleanup", Time since last: 3003211726 ns, Reaching safepoint: 468544 ns, At safepoint: 98859 ns, Total: 567403 ns
[2022-05-30T01:32:19.559+0000][7][safepoint   ] Safepoint "Cleanup", Time since last: 3832035917 ns, Reaching safepoint: 521696 ns, At safepoint: 60466 ns, Total: 582162 ns
[2022-05-30T01:32:20.561+0000][7][safepoint   ] Safepoint "Cleanup", Time since last: 1001335498 ns, Reaching safepoint: 413900 ns, At safepoint: 39536 ns, Total: 453436 ns
[2022-05-30T01:32:22.562+0000][7][safepoint   ] Safepoint "Cleanup", Time since last: 2001170319 ns, Reaching safepoint: 345159 ns, At safepoint: 31831 ns, Total: 376990 ns
[2022-05-30T01:32:23.581+0000][7][safepoint   ] Safepoint "Cleanup", Time since last: 1017842192 ns, Reaching safepoint: 472960 ns, At safepoint: 76536 ns, Total: 549496 ns
[2022-05-30T01:32:24.582+0000][7][safepoint   ] Safepoint "Cleanup", Time since last: 1001131759 ns, Reaching safepoint: 322996 ns, At safepoint: 24457 ns, Total: 347453 ns
[2022-05-30T01:32:29.661+0000][7][safepoint   ] Safepoint "Cleanup", Time since last: 5002270365 ns, Reaching safepoint: 76712618 ns, At safepoint: 141881 ns, Total: 76854499 ns
[2022-05-30T01:32:30.689+0000][7][safepoint   ] Safepoint "Cleanup", Time since last: 1027935254 ns, Reaching safepoint: 389143 ns, At safepoint: 18425 ns, Total: 407568 ns
[2022-05-30T01:32:31.713+0000][7][safepoint   ] Safepoint "Cleanup", Time since last: 1012505108 ns, Reaching safepoint: 390516 ns, At safepoint: 67268 ns, Total: 457784 ns
[2022-05-30T01:32:33.715+0000][7][safepoint   ] Safepoint "Cleanup", Time since last: 2001783242 ns, Reaching safepoint: 421274 ns, At safepoint: 40277 ns, Total: 461551 ns
[2022-05-30T01:32:34.719+0000][7][safepoint   ] Safepoint "Cleanup", Time since last: 1003375856 ns, Reaching safepoint: 421776 ns, At safepoint: 64964 ns, Total: 486740 ns
[2022-05-30T01:32:35.720+0000][7][safepoint   ] Safepoint "Cleanup", Time since last: 1000816272 ns, Reaching safepoint: 374144 ns, At safepoint: 30699 ns, Total: 404843 ns
[2022-05-30T01:32:37.260+0000][7][safepoint   ] Safepoint "Cleanup", Time since last: 1538903270 ns, Reaching safepoint: 308166 ns, At safepoint: 51248 ns, Total: 359414 ns
[2022-05-30T01:32:38.266+0000][7][safepoint   ] Safepoint "Cleanup", Time since last: 1002628059 ns, Reaching safepoint: 3804339 ns, At safepoint: 181907 ns, Total: 3986246 ns
[2022-05-30T01:32:39.268+0000][7][safepoint   ] Safepoint "Cleanup", Time since last: 1001395794 ns, Reaching safepoint: 364085 ns, At safepoint: 22293 ns, Total: 386378 ns
[2022-05-30T01:32:40.703+0000][7][safepoint   ] Safepoint "Cleanup", Time since last: 1434446328 ns, Reaching safepoint: 424671 ns, At safepoint: 23254 ns, Total: 447925 ns
[2022-05-30T01:32:41.705+0000][7][safepoint   ] Safepoint "Cleanup", Time since last: 1001464534 ns, Reaching safepoint: 402548 ns, At safepoint: 35909 ns, Total: 438457 ns
[2022-05-30T01:32:42.706+0000][7][safepoint   ] Safepoint "Cleanup", Time since last: 1001079162 ns, Reaching safepoint: 444779 ns, At safepoint: 33514 ns, Total: 478293 ns
[2022-05-30T01:32:46.710+0000][7][safepoint   ] Safepoint "Cleanup", Time since last: 4002608819 ns, Reaching safepoint: 409071 ns, At safepoint: 119668 ns, Total: 528739 ns
[2022-05-30T01:32:48.957+0000][7][safepoint   ] Safepoint "Cleanup", Time since last: 2222302104 ns, Reaching safepoint: 25112264 ns, At safepoint: 261859 ns, Total: 25374123 ns
[2022-05-30T01:32:49.966+0000][7][safepoint   ] Safepoint "Cleanup", Time since last: 1007964898 ns, Reaching safepoint: 380527 ns, At safepoint: 37141 ns, Total: 417668 ns
[2022-05-30T01:32:52.330+0000][7][gc,start    ] GC(32) Pause Young (Normal) (G1 Evacuation Pause)
[2022-05-30T01:32:52.339+0000][7][gc,task     ] GC(32) Using 8 workers of 8 for evacuation
[2022-05-30T01:32:52.348+0000][7][gc,age      ] GC(32) Desired survivor size 18874368 bytes, new threshold 15 (max threshold 15)
[2022-05-30T01:32:52.376+0000][7][gc,phases   ] GC(32)   Pre Evacuate Collection Set: 0.5ms
[2022-05-30T01:32:52.379+0000][7][gc,phases   ] GC(32)   Merge Heap Roots: 0.3ms
[2022-05-30T01:32:52.380+0000][7][gc,phases   ] GC(32)   Evacuate Collection Set: 22.5ms
[2022-05-30T01:32:52.380+0000][7][gc,phases   ] GC(32)   Post Evacuate Collection Set: 2.0ms
[2022-05-30T01:32:52.386+0000][7][gc,phases   ] GC(32)   Other: 11.8ms
[2022-05-30T01:32:52.391+0000][7][gc,age      ] GC(32) Age table with threshold 15 (max threshold 15)
[2022-05-30T01:32:52.391+0000][7][gc,age      ] GC(32) - age   1:    2504040 bytes,    2504040 total
[2022-05-30T01:32:52.401+0000][7][gc,age      ] GC(32) - age   2:     743208 bytes,    3247248 total
[2022-05-30T01:32:52.402+0000][7][gc,age      ] GC(32) - age   3:     329320 bytes,    3576568 total
[2022-05-30T01:32:52.403+0000][7][gc,age      ] GC(32) - age   4:      62880 bytes,    3639448 total
[2022-05-30T01:32:52.406+0000][7][gc,age      ] GC(32) - age   5:     114472 bytes,    3753920 total
[2022-05-30T01:32:52.407+0000][7][gc,age      ] GC(32) - age   6:     246408 bytes,    4000328 total
[2022-05-30T01:32:52.408+0000][7][gc,age      ] GC(32) - age   7:      19080 bytes,    4019408 total
[2022-05-30T01:32:52.409+0000][7][gc,age      ] GC(32) - age   8:      38096 bytes,    4057504 total
[2022-05-30T01:32:52.409+0000][7][gc,age      ] GC(32) - age   9:    5567872 bytes,    9625376 total
[2022-05-30T01:32:52.410+0000][7][gc,age      ] GC(32) - age  10:    6966744 bytes,   16592120 total
[2022-05-30T01:32:52.410+0000][7][gc,heap     ] GC(32) Eden regions: 64->0(64)
[2022-05-30T01:32:52.411+0000][7][gc,heap     ] GC(32) Survivor regions: 5->5(9)
[2022-05-30T01:32:52.412+0000][7][gc,heap     ] GC(32) Old regions: 30->30
[2022-05-30T01:32:52.412+0000][7][gc,heap     ] GC(32) Archive regions: 2->2
[2022-05-30T01:32:52.413+0000][7][gc,heap     ] GC(32) Humongous regions: 2->2
[2022-05-30T01:32:52.416+0000][7][gc,metaspace] GC(32) Metaspace: 131646K(135168K)->131646K(135168K) NonClass: 114098K(115968K)->114098K(115968K) Class: 17548K(19200K)->17548K(19200K)
[2022-05-30T01:32:52.417+0000][7][gc          ] GC(32) Pause Young (Normal) (G1 Evacuation Pause) 405M->149M(512M) 86.453ms
[2022-05-30T01:32:52.417+0000][7][gc,cpu      ] GC(32) User=0.16s Sys=0.00s Real=0.09s
[2022-05-30T01:32:52.418+0000][7][safepoint   ] Safepoint "G1CollectForAllocation", Time since last: 2364232682 ns, Reaching safepoint: 373323 ns, At safepoint: 87918846 ns, Total: 88292169 ns
[2022-05-30T01:32:53.430+0000][7][safepoint   ] Safepoint "Cleanup", Time since last: 1011190489 ns, Reaching safepoint: 366560 ns, At safepoint: 16963 ns, Total: 383523 ns
[2022-05-30T01:32:55.624+0000][7][safepoint   ] Safepoint "Cleanup", Time since last: 2193875621 ns, Reaching safepoint: 403791 ns, At safepoint: 23144 ns, Total: 426935 ns
[2022-05-30T01:32:56.878+0000][7][safepoint   ] Safepoint "Cleanup", Time since last: 1252884032 ns, Reaching safepoint: 615355 ns, At safepoint: 68090 ns, Total: 683445 ns
[2022-05-30T01:32:57.879+0000][7][safepoint   ] Safepoint "Cleanup", Time since last: 1000901578 ns, Reaching safepoint: 361680 ns, At safepoint: 21321 ns, Total: 383001 ns
[2022-05-30T01:32:59.389+0000][7][safepoint   ] Safepoint "Cleanup", Time since last: 1508763834 ns, Reaching safepoint: 792933 ns, At safepoint: 115581 ns, Total: 908514 ns
[2022-05-30T01:33:07.574+0000][7][safepoint   ] Safepoint "Cleanup", Time since last: 8003091796 ns, Reaching safepoint: 402829 ns, At safepoint: 28003 ns, Total: 430832 ns
[2022-05-30T01:33:09.239+0000][7][safepoint   ] Safepoint "Cleanup", Time since last: 1665327734 ns, Reaching safepoint: 435692 ns, At safepoint: 23254 ns, Total: 458946 ns
[2022-05-30T01:33:11.990+0000][7][safepoint   ] Safepoint "Cleanup", Time since last: 2750613233 ns, Reaching safepoint: 378062 ns, At safepoint: 31911 ns, Total: 409973 ns
[2022-05-30T01:33:13.556+0000][7][safepoint   ] Safepoint "Cleanup", Time since last: 1564943330 ns, Reaching safepoint: 400404 ns, At safepoint: 21992 ns, Total: 422396 ns
[2022-05-30T01:33:16.674+0000][7][safepoint   ] Safepoint "Cleanup", Time since last: 3117482031 ns, Reaching safepoint: 266491 ns, At safepoint: 59694 ns, Total: 326185 ns
[2022-05-30T01:33:20.689+0000][7][safepoint   ] Safepoint "Cleanup", Time since last: 4014975547 ns, Reaching safepoint: 424631 ns, At safepoint: 44154 ns, Total: 468785 ns
[2022-05-30T01:33:22.680+0000][7][safepoint   ] Safepoint "Cleanup", Time since last: 1990915072 ns, Reaching safepoint: 419851 ns, At safepoint: 39976 ns, Total: 459827 ns
[2022-05-30T01:33:24.803+0000][7][safepoint   ] Safepoint "Cleanup", Time since last: 2066551196 ns, Reaching safepoint: 56182756 ns, At safepoint: 118085 ns, Total: 56300841 ns
[2022-05-30T01:33:26.992+0000][7][safepoint   ] Safepoint "Cleanup", Time since last: 2188270727 ns, Reaching safepoint: 365899 ns, At safepoint: 21240 ns, Total: 387139 ns
[2022-05-30T01:33:30.490+0000][7][safepoint   ] Safepoint "Cleanup", Time since last: 3142542396 ns, Reaching safepoint: 355097543 ns, At safepoint: 250358 ns, Total: 355347901 ns
[2022-05-30T01:33:37.374+0000][7][safepoint   ] Safepoint "Cleanup", Time since last: 7002862420 ns, Reaching safepoint: 355278 ns, At safepoint: 108658 ns, Total: 463936 ns
[2022-05-30T01:33:38.382+0000][7][safepoint   ] Safepoint "Cleanup", Time since last: 1007637563 ns, Reaching safepoint: 361580 ns, At safepoint: 20940 ns, Total: 382520 ns
[2022-05-30T01:33:41.551+0000][7][safepoint   ] Safepoint "Cleanup", Time since last: 3167140898 ns, Reaching safepoint: 2583199 ns, At safepoint: 153663 ns, Total: 2736862 ns
[2022-05-30T01:33:43.554+0000][7][safepoint   ] Safepoint "Cleanup", Time since last: 2001681885 ns, Reaching safepoint: 354066 ns, At safepoint: 20408 ns, Total: 374474 ns
[2022-05-30T01:33:44.779+0000][7][safepoint   ] Safepoint "Cleanup", Time since last: 1225071878 ns, Reaching safepoint: 355348 ns, At safepoint: 27342 ns, Total: 382690 ns
[2022-05-30T01:33:46.738+0000][7][gc,start    ] GC(33) Pause Young (Normal) (G1 Evacuation Pause)
[2022-05-30T01:33:46.739+0000][7][gc,task     ] GC(33) Using 8 workers of 8 for evacuation
[2022-05-30T01:33:46.740+0000][7][gc,age      ] GC(33) Desired survivor size 18874368 bytes, new threshold 15 (max threshold 15)
[2022-05-30T01:33:46.763+0000][7][gc,phases   ] GC(33)   Pre Evacuate Collection Set: 0.5ms
[2022-05-30T01:33:46.765+0000][7][gc,phases   ] GC(33)   Merge Heap Roots: 0.3ms
[2022-05-30T01:33:46.766+0000][7][gc,phases   ] GC(33)   Evacuate Collection Set: 19.5ms
[2022-05-30T01:33:46.766+0000][7][gc,phases   ] GC(33)   Post Evacuate Collection Set: 2.0ms
[2022-05-30T01:33:46.767+0000][7][gc,phases   ] GC(33)   Other: 1.5ms
[2022-05-30T01:33:46.768+0000][7][gc,age      ] GC(33) Age table with threshold 15 (max threshold 15)
[2022-05-30T01:33:46.769+0000][7][gc,age      ] GC(33) - age   1:    3364016 bytes,    3364016 total
[2022-05-30T01:33:46.770+0000][7][gc,age      ] GC(33) - age   2:     317360 bytes,    3681376 total
[2022-05-30T01:33:46.771+0000][7][gc,age      ] GC(33) - age   3:     489392 bytes,    4170768 total
[2022-05-30T01:33:46.771+0000][7][gc,age      ] GC(33) - age   4:     329128 bytes,    4499896 total
[2022-05-30T01:33:46.772+0000][7][gc,age      ] GC(33) - age   5:      62752 bytes,    4562648 total
[2022-05-30T01:33:46.776+0000][7][gc,age      ] GC(33) - age   6:     114472 bytes,    4677120 total
[2022-05-30T01:33:46.776+0000][7][gc,age      ] GC(33) - age   7:     246344 bytes,    4923464 total
[2022-05-30T01:33:46.777+0000][7][gc,age      ] GC(33) - age   8:      19080 bytes,    4942544 total
[2022-05-30T01:33:46.778+0000][7][gc,age      ] GC(33) - age   9:      38096 bytes,    4980640 total
[2022-05-30T01:33:46.778+0000][7][gc,age      ] GC(33) - age  10:    5567872 bytes,   10548512 total
[2022-05-30T01:33:46.779+0000][7][gc,age      ] GC(33) - age  11:    6966712 bytes,   17515224 total
[2022-05-30T01:33:46.780+0000][7][gc,heap     ] GC(33) Eden regions: 64->0(64)
[2022-05-30T01:33:46.780+0000][7][gc,heap     ] GC(33) Survivor regions: 5->5(9)
[2022-05-30T01:33:46.781+0000][7][gc,heap     ] GC(33) Old regions: 30->30
[2022-05-30T01:33:46.781+0000][7][gc,heap     ] GC(33) Archive regions: 2->2
[2022-05-30T01:33:46.782+0000][7][gc,heap     ] GC(33) Humongous regions: 2->2
[2022-05-30T01:33:46.782+0000][7][gc,metaspace] GC(33) Metaspace: 131697K(135232K)->131697K(135232K) NonClass: 114149K(116032K)->114149K(116032K) Class: 17548K(19200K)->17548K(19200K)
[2022-05-30T01:33:46.783+0000][7][gc          ] GC(33) Pause Young (Normal) (G1 Evacuation Pause) 405M->149M(512M) 45.296ms
[2022-05-30T01:33:46.783+0000][7][gc,cpu      ] GC(33) User=0.11s Sys=0.00s Real=0.04s
[2022-05-30T01:33:46.784+0000][7][safepoint   ] Safepoint "G1CollectForAllocation", Time since last: 1958057713 ns, Reaching safepoint: 425352 ns, At safepoint: 46920292 ns, Total: 47345644 ns
[2022-05-30T01:33:47.787+0000][7][safepoint   ] Safepoint "Cleanup", Time since last: 1001965841 ns, Reaching safepoint: 657967 ns, At safepoint: 107636 ns, Total: 765603 ns
[2022-05-30T01:33:51.789+0000][7][safepoint   ] Safepoint "Cleanup", Time since last: 4001653838 ns, Reaching safepoint: 357022 ns, At safepoint: 48152 ns, Total: 405174 ns
[2022-05-30T01:33:52.825+0000][7][safepoint   ] Safepoint "Cleanup", Time since last: 1035408704 ns, Reaching safepoint: 403450 ns, At safepoint: 52149 ns, Total: 455599 ns
[2022-05-30T01:33:55.827+0000][7][safepoint   ] Safepoint "Cleanup", Time since last: 3001652389 ns, Reaching safepoint: 524152 ns, At safepoint: 74372 ns, Total: 598524 ns
[2022-05-30T01:33:57.829+0000][7][safepoint   ] Safepoint "Cleanup", Time since last: 2001200049 ns, Reaching safepoint: 426865 ns, At safepoint: 19127 ns, Total: 445992 ns
[2022-05-30T01:33:59.962+0000][7][safepoint   ] Safepoint "Cleanup", Time since last: 2132993618 ns, Reaching safepoint: 446082 ns, At safepoint: 30307 ns, Total: 476389 ns
[2022-05-30T01:34:04.951+0000][7][safepoint   ] Safepoint "Cleanup", Time since last: 5002871723 ns, Reaching safepoint: 362021 ns, At safepoint: 22834 ns, Total: 384855 ns
[2022-05-30T01:34:06.953+0000][7][safepoint   ] Safepoint "Cleanup", Time since last: 2001280290 ns, Reaching safepoint: 520403 ns, At safepoint: 34456 ns, Total: 554859 ns
[2022-05-30T01:34:07.956+0000][7][safepoint   ] Safepoint "Cleanup", Time since last: 1002822216 ns, Reaching safepoint: 450109 ns, At safepoint: 29717 ns, Total: 479826 ns
[2022-05-30T01:34:11.647+0000][7][safepoint   ] Safepoint "Cleanup", Time since last: 3690887305 ns, Reaching safepoint: 360628 ns, At safepoint: 78410 ns, Total: 439038 ns
[2022-05-30T01:34:14.650+0000][7][safepoint   ] Safepoint "Cleanup", Time since last: 3001946609 ns, Reaching safepoint: 291516 ns, At safepoint: 18656 ns, Total: 310172 ns
[2022-05-30T01:34:16.828+0000][7][safepoint   ] Safepoint "Cleanup", Time since last: 2002188198 ns, Reaching safepoint: 175390629 ns, At safepoint: 415834 ns, Total: 175806463 ns
[2022-05-30T01:34:17.844+0000][7][safepoint   ] Safepoint "Cleanup", Time since last: 1015568472 ns, Reaching safepoint: 515734 ns, At safepoint: 68291 ns, Total: 584025 ns
[2022-05-30T01:34:23.906+0000][7][safepoint   ] Safepoint "Cleanup", Time since last: 6061852601 ns, Reaching safepoint: 325822 ns, At safepoint: 75965 ns, Total: 401787 ns
[2022-05-30T01:34:24.933+0000][7][safepoint   ] Safepoint "Cleanup", Time since last: 1026714045 ns, Reaching safepoint: 396277 ns, At safepoint: 29476 ns, Total: 425753 ns
[2022-05-30T01:34:25.935+0000][7][safepoint   ] Safepoint "Cleanup", Time since last: 1001711395 ns, Reaching safepoint: 436434 ns, At safepoint: 66416 ns, Total: 502850 ns
[2022-05-30T01:34:26.891+0000][7][gc,start    ] GC(34) Pause Young (Normal) (G1 Evacuation Pause)
[2022-05-30T01:34:26.892+0000][7][gc,task     ] GC(34) Using 8 workers of 8 for evacuation
[2022-05-30T01:34:26.893+0000][7][gc,age      ] GC(34) Desired survivor size 18874368 bytes, new threshold 15 (max threshold 15)
[2022-05-30T01:34:26.916+0000][7][gc,phases   ] GC(34)   Pre Evacuate Collection Set: 0.4ms
[2022-05-30T01:34:26.916+0000][7][gc,phases   ] GC(34)   Merge Heap Roots: 0.3ms
[2022-05-30T01:34:26.917+0000][7][gc,phases   ] GC(34)   Evacuate Collection Set: 19.1ms
[2022-05-30T01:34:26.918+0000][7][gc,phases   ] GC(34)   Post Evacuate Collection Set: 2.1ms
[2022-05-30T01:34:26.919+0000][7][gc,phases   ] GC(34)   Other: 1.5ms
[2022-05-30T01:34:26.919+0000][7][gc,age      ] GC(34) Age table with threshold 15 (max threshold 15)
[2022-05-30T01:34:26.920+0000][7][gc,age      ] GC(34) - age   1:    2578280 bytes,    2578280 total
[2022-05-30T01:34:26.920+0000][7][gc,age      ] GC(34) - age   2:      44064 bytes,    2622344 total
[2022-05-30T01:34:26.921+0000][7][gc,age      ] GC(34) - age   3:     311160 bytes,    2933504 total
[2022-05-30T01:34:26.922+0000][7][gc,age      ] GC(34) - age   4:     211056 bytes,    3144560 total
[2022-05-30T01:34:26.922+0000][7][gc,age      ] GC(34) - age   5:     329128 bytes,    3473688 total
[2022-05-30T01:34:26.923+0000][7][gc,age      ] GC(34) - age   6:      62688 bytes,    3536376 total
[2022-05-30T01:34:26.923+0000][7][gc,age      ] GC(34) - age   7:     114408 bytes,    3650784 total
[2022-05-30T01:34:26.924+0000][7][gc,age      ] GC(34) - age   8:     246344 bytes,    3897128 total
[2022-05-30T01:34:26.925+0000][7][gc,age      ] GC(34) - age   9:      19080 bytes,    3916208 total
[2022-05-30T01:34:26.925+0000][7][gc,age      ] GC(34) - age  10:      38072 bytes,    3954280 total
[2022-05-30T01:34:26.926+0000][7][gc,age      ] GC(34) - age  11:    5567872 bytes,    9522152 total
[2022-05-30T01:34:26.927+0000][7][gc,age      ] GC(34) - age  12:    6966600 bytes,   16488752 total
[2022-05-30T01:34:26.927+0000][7][gc,heap     ] GC(34) Eden regions: 64->0(64)
[2022-05-30T01:34:26.928+0000][7][gc,heap     ] GC(34) Survivor regions: 5->5(9)
[2022-05-30T01:34:26.929+0000][7][gc,heap     ] GC(34) Old regions: 30->30
[2022-05-30T01:34:26.929+0000][7][gc,heap     ] GC(34) Archive regions: 2->2
[2022-05-30T01:34:26.930+0000][7][gc,heap     ] GC(34) Humongous regions: 2->2
[2022-05-30T01:34:26.931+0000][7][gc,metaspace] GC(34) Metaspace: 131772K(135296K)->131772K(135296K) NonClass: 114224K(116096K)->114224K(116096K) Class: 17548K(19200K)->17548K(19200K)
[2022-05-30T01:34:26.931+0000][7][gc          ] GC(34) Pause Young (Normal) (G1 Evacuation Pause) 405M->149M(512M) 39.813ms
[2022-05-30T01:34:26.932+0000][7][gc,cpu      ] GC(34) User=0.10s Sys=0.01s Real=0.04s
[2022-05-30T01:34:26.933+0000][7][safepoint   ] Safepoint "G1CollectForAllocation", Time since last: 955584382 ns, Reaching safepoint: 345129 ns, At safepoint: 41409758 ns, Total: 41754887 ns
[2022-05-30T01:34:29.936+0000][7][safepoint   ] Safepoint "Cleanup", Time since last: 3002397291 ns, Reaching safepoint: 423819 ns, At safepoint: 34155 ns, Total: 457974 ns
[2022-05-30T01:34:35.417+0000][7][safepoint   ] Safepoint "Cleanup", Time since last: 5538886612 ns, Reaching safepoint: 386027 ns, At safepoint: 29536 ns, Total: 415563 ns
[2022-05-30T01:34:36.419+0000][7][safepoint   ] Safepoint "Cleanup", Time since last: 1001531173 ns, Reaching safepoint: 364566 ns, At safepoint: 39325 ns, Total: 403891 ns
[2022-05-30T01:34:37.421+0000][7][safepoint   ] Safepoint "Cleanup", Time since last: 1001333590 ns, Reaching safepoint: 558036 ns, At safepoint: 91274 ns, Total: 649310 ns
[2022-05-30T01:34:39.423+0000][7][safepoint   ] Safepoint "Cleanup", Time since last: 2001669757 ns, Reaching safepoint: 457494 ns, At safepoint: 66336 ns, Total: 523830 ns
[2022-05-30T01:34:41.786+0000][7][safepoint   ] Safepoint "Cleanup", Time since last: 2362041696 ns, Reaching safepoint: 365738 ns, At safepoint: 68541 ns, Total: 434279 ns
[2022-05-30T01:34:42.789+0000][7][safepoint   ] Safepoint "Cleanup", Time since last: 1002426519 ns, Reaching safepoint: 338846 ns, At safepoint: 65776 ns, Total: 404622 ns
[2022-05-30T01:34:52.792+0000][7][safepoint   ] Safepoint "Cleanup", Time since last: 10003210150 ns, Reaching safepoint: 387329 ns, At safepoint: 30589 ns, Total: 417918 ns
[2022-05-30T01:34:54.109+0000][7][safepoint   ] Safepoint "Cleanup", Time since last: 1316614947 ns, Reaching safepoint: 377170 ns, At safepoint: 30608 ns, Total: 407778 ns
[2022-05-30T01:34:55.135+0000][7][safepoint   ] Safepoint "Cleanup", Time since last: 1025023310 ns, Reaching safepoint: 360969 ns, At safepoint: 28434 ns, Total: 389403 ns
[2022-05-30T01:34:56.136+0000][7][safepoint   ] Safepoint "Cleanup", Time since last: 1001089757 ns, Reaching safepoint: 420342 ns, At safepoint: 21121 ns, Total: 441463 ns
[2022-05-30T01:35:04.570+0000][7][safepoint   ] Safepoint "Cleanup", Time since last: 8422401664 ns, Reaching safepoint: 394122 ns, At safepoint: 82427 ns, Total: 476549 ns
[2022-05-30T01:35:06.701+0000][7][safepoint   ] Safepoint "Cleanup", Time since last: 2129846315 ns, Reaching safepoint: 446252 ns, At safepoint: 23294 ns, Total: 469546 ns
[2022-05-30T01:35:11.910+0000][7][safepoint   ] Safepoint "Cleanup", Time since last: 5209351894 ns, Reaching safepoint: 379494 ns, At safepoint: 67569 ns, Total: 447063 ns
[2022-05-30T01:35:13.129+0000][7][gc,start    ] GC(35) Pause Young (Normal) (G1 Evacuation Pause)
[2022-05-30T01:35:13.130+0000][7][gc,task     ] GC(35) Using 8 workers of 8 for evacuation
[2022-05-30T01:35:13.131+0000][7][gc,age      ] GC(35) Desired survivor size 18874368 bytes, new threshold 15 (max threshold 15)
[2022-05-30T01:35:13.161+0000][7][gc,phases   ] GC(35)   Pre Evacuate Collection Set: 0.5ms
[2022-05-30T01:35:13.162+0000][7][gc,phases   ] GC(35)   Merge Heap Roots: 0.3ms
[2022-05-30T01:35:13.163+0000][7][gc,phases   ] GC(35)   Evacuate Collection Set: 26.7ms
[2022-05-30T01:35:13.163+0000][7][gc,phases   ] GC(35)   Post Evacuate Collection Set: 2.1ms
[2022-05-30T01:35:13.164+0000][7][gc,phases   ] GC(35)   Other: 1.8ms
[2022-05-30T01:35:13.165+0000][7][gc,age      ] GC(35) Age table with threshold 15 (max threshold 15)
[2022-05-30T01:35:13.166+0000][7][gc,age      ] GC(35) - age   1:    2236176 bytes,    2236176 total
[2022-05-30T01:35:13.166+0000][7][gc,age      ] GC(35) - age   2:     386168 bytes,    2622344 total
[2022-05-30T01:35:13.167+0000][7][gc,age      ] GC(35) - age   3:      33056 bytes,    2655400 total
[2022-05-30T01:35:13.168+0000][7][gc,age      ] GC(35) - age   4:     310904 bytes,    2966304 total
[2022-05-30T01:35:13.168+0000][7][gc,age      ] GC(35) - age   5:     210992 bytes,    3177296 total
[2022-05-30T01:35:13.169+0000][7][gc,age      ] GC(35) - age   6:     329064 bytes,    3506360 total
[2022-05-30T01:35:13.170+0000][7][gc,age      ] GC(35) - age   7:      62688 bytes,    3569048 total
[2022-05-30T01:35:13.171+0000][7][gc,age      ] GC(35) - age   8:     114408 bytes,    3683456 total
[2022-05-30T01:35:13.171+0000][7][gc,age      ] GC(35) - age   9:     246344 bytes,    3929800 total
[2022-05-30T01:35:13.172+0000][7][gc,age      ] GC(35) - age  10:      19080 bytes,    3948880 total
[2022-05-30T01:35:13.173+0000][7][gc,age      ] GC(35) - age  11:      38072 bytes,    3986952 total
[2022-05-30T01:35:13.173+0000][7][gc,age      ] GC(35) - age  12:    5567872 bytes,    9554824 total
[2022-05-30T01:35:13.174+0000][7][gc,age      ] GC(35) - age  13:    6966600 bytes,   16521424 total
[2022-05-30T01:35:13.175+0000][7][gc,heap     ] GC(35) Eden regions: 64->0(64)
[2022-05-30T01:35:13.176+0000][7][gc,heap     ] GC(35) Survivor regions: 5->5(9)
[2022-05-30T01:35:13.177+0000][7][gc,heap     ] GC(35) Old regions: 30->30
[2022-05-30T01:35:13.177+0000][7][gc,heap     ] GC(35) Archive regions: 2->2
[2022-05-30T01:35:13.178+0000][7][gc,heap     ] GC(35) Humongous regions: 2->2
[2022-05-30T01:35:13.179+0000][7][gc,metaspace] GC(35) Metaspace: 131817K(135360K)->131817K(135360K) NonClass: 114269K(116160K)->114269K(116160K) Class: 17548K(19200K)->17548K(19200K)
[2022-05-30T01:35:13.182+0000][7][gc          ] GC(35) Pause Young (Normal) (G1 Evacuation Pause) 405M->148M(512M) 52.538ms
[2022-05-30T01:35:13.183+0000][7][gc,cpu      ] GC(35) User=0.12s Sys=0.00s Real=0.05s
[2022-05-30T01:35:13.184+0000][7][safepoint   ] Safepoint "G1CollectForAllocation", Time since last: 1218153525 ns, Reaching safepoint: 332995 ns, At safepoint: 54723779 ns, Total: 55056774 ns
[2022-05-30T01:35:14.185+0000][7][safepoint   ] Safepoint "Cleanup", Time since last: 1001438104 ns, Reaching safepoint: 420623 ns, At safepoint: 18415 ns, Total: 439038 ns
[2022-05-30T01:35:15.384+0000][7][safepoint   ] Safepoint "Cleanup", Time since last: 1197525419 ns, Reaching safepoint: 1192737 ns, At safepoint: 137131 ns, Total: 1329868 ns
[2022-05-30T01:35:16.388+0000][7][safepoint   ] Safepoint "Cleanup", Time since last: 1003440763 ns, Reaching safepoint: 374385 ns, At safepoint: 31530 ns, Total: 405915 ns
[2022-05-30T01:35:18.998+0000][7][safepoint   ] Safepoint "Cleanup", Time since last: 2609381785 ns, Reaching safepoint: 456301 ns, At safepoint: 56187 ns, Total: 512488 ns
[2022-05-30T01:35:24.002+0000][7][safepoint   ] Safepoint "Cleanup", Time since last: 5003286000 ns, Reaching safepoint: 383893 ns, At safepoint: 24467 ns, Total: 408360 ns
[2022-05-30T01:35:26.003+0000][7][safepoint   ] Safepoint "Cleanup", Time since last: 2001208914 ns, Reaching safepoint: 413449 ns, At safepoint: 25629 ns, Total: 439078 ns
[2022-05-30T01:35:29.404+0000][7][safepoint   ] Safepoint "Cleanup", Time since last: 3399732847 ns, Reaching safepoint: 422707 ns, At safepoint: 37923 ns, Total: 460630 ns
[2022-05-30T01:35:31.804+0000][7][safepoint   ] Safepoint "Cleanup", Time since last: 2393142131 ns, Reaching safepoint: 7374735 ns, At safepoint: 155167 ns, Total: 7529902 ns
[2022-05-30T01:35:33.797+0000][7][safepoint   ] Safepoint "Cleanup", Time since last: 2001673119 ns, Reaching safepoint: 342213 ns, At safepoint: 26651 ns, Total: 368864 ns
[2022-05-30T01:35:35.167+0000][7][safepoint   ] Safepoint "Cleanup", Time since last: 1369749483 ns, Reaching safepoint: 396467 ns, At safepoint: 26160 ns, Total: 422627 ns
[2022-05-30T01:35:36.170+0000][7][safepoint   ] Safepoint "Cleanup", Time since last: 1001842395 ns, Reaching safepoint: 371319 ns, At safepoint: 21050 ns, Total: 392369 ns
[2022-05-30T01:35:44.183+0000][7][safepoint   ] Safepoint "Cleanup", Time since last: 8012704913 ns, Reaching safepoint: 578745 ns, At safepoint: 40387 ns, Total: 619132 ns
[2022-05-30T01:35:45.862+0000][7][safepoint   ] Safepoint "Cleanup", Time since last: 1515184867 ns, Reaching safepoint: 163570962 ns, At safepoint: 197838 ns, Total: 163768800 ns
[2022-05-30T01:35:48.434+0000][7][safepoint   ] Safepoint "Cleanup", Time since last: 2571469115 ns, Reaching safepoint: 520373 ns, At safepoint: 35328 ns, Total: 555701 ns
[2022-05-30T01:35:53.060+0000][7][safepoint   ] Safepoint "Cleanup", Time since last: 4625307629 ns, Reaching safepoint: 327715 ns, At safepoint: 28645 ns, Total: 356360 ns
[2022-05-30T01:36:00.072+0000][7][safepoint   ] Safepoint "Cleanup", Time since last: 7011958463 ns, Reaching safepoint: 368734 ns, At safepoint: 63712 ns, Total: 432446 ns
[2022-05-30T01:36:02.079+0000][7][safepoint   ] Safepoint "Cleanup", Time since last: 2002494927 ns, Reaching safepoint: 380446 ns, At safepoint: 53382 ns, Total: 433828 ns
[2022-05-30T01:36:03.960+0000][7][gc,start    ] GC(36) Pause Young (Normal) (G1 Evacuation Pause)
[2022-05-30T01:36:03.961+0000][7][gc,task     ] GC(36) Using 8 workers of 8 for evacuation
[2022-05-30T01:36:03.962+0000][7][gc,age      ] GC(36) Desired survivor size 18874368 bytes, new threshold 15 (max threshold 15)
[2022-05-30T01:36:03.986+0000][7][gc,phases   ] GC(36)   Pre Evacuate Collection Set: 0.4ms
[2022-05-30T01:36:03.987+0000][7][gc,phases   ] GC(36)   Merge Heap Roots: 0.4ms
[2022-05-30T01:36:03.987+0000][7][gc,phases   ] GC(36)   Evacuate Collection Set: 20.3ms
[2022-05-30T01:36:03.988+0000][7][gc,phases   ] GC(36)   Post Evacuate Collection Set: 2.1ms
[2022-05-30T01:36:03.989+0000][7][gc,phases   ] GC(36)   Other: 1.6ms
[2022-05-30T01:36:03.989+0000][7][gc,age      ] GC(36) Age table with threshold 15 (max threshold 15)
[2022-05-30T01:36:03.990+0000][7][gc,age      ] GC(36) - age   1:    2430512 bytes,    2430512 total
[2022-05-30T01:36:03.991+0000][7][gc,age      ] GC(36) - age   2:     163192 bytes,    2593704 total
[2022-05-30T01:36:03.991+0000][7][gc,age      ] GC(36) - age   3:     383824 bytes,    2977528 total
[2022-05-30T01:36:03.992+0000][7][gc,age      ] GC(36) - age   4:      32480 bytes,    3010008 total
[2022-05-30T01:36:03.993+0000][7][gc,age      ] GC(36) - age   5:     309584 bytes,    3319592 total
[2022-05-30T01:36:03.993+0000][7][gc,age      ] GC(36) - age   6:     210864 bytes,    3530456 total
[2022-05-30T01:36:03.994+0000][7][gc,age      ] GC(36) - age   7:     329064 bytes,    3859520 total
[2022-05-30T01:36:03.994+0000][7][gc,age      ] GC(36) - age   8:      62624 bytes,    3922144 total
[2022-05-30T01:36:04.001+0000][7][gc,age      ] GC(36) - age   9:     114408 bytes,    4036552 total
[2022-05-30T01:36:04.002+0000][7][gc,age      ] GC(36) - age  10:     246344 bytes,    4282896 total
[2022-05-30T01:36:04.003+0000][7][gc,age      ] GC(36) - age  11:      19080 bytes,    4301976 total
[2022-05-30T01:36:04.004+0000][7][gc,age      ] GC(36) - age  12:      38072 bytes,    4340048 total
[2022-05-30T01:36:04.004+0000][7][gc,age      ] GC(36) - age  13:    5567872 bytes,    9907920 total
[2022-05-30T01:36:04.005+0000][7][gc,age      ] GC(36) - age  14:    6966600 bytes,   16874520 total
[2022-05-30T01:36:04.006+0000][7][gc,heap     ] GC(36) Eden regions: 64->0(64)
[2022-05-30T01:36:04.007+0000][7][gc,heap     ] GC(36) Survivor regions: 5->5(9)
[2022-05-30T01:36:04.008+0000][7][gc,heap     ] GC(36) Old regions: 30->30
[2022-05-30T01:36:04.008+0000][7][gc,heap     ] GC(36) Archive regions: 2->2
[2022-05-30T01:36:04.009+0000][7][gc,heap     ] GC(36) Humongous regions: 2->2
[2022-05-30T01:36:04.010+0000][7][gc,metaspace] GC(36) Metaspace: 131856K(135360K)->131856K(135360K) NonClass: 114308K(116160K)->114308K(116160K) Class: 17548K(19200K)->17548K(19200K)
[2022-05-30T01:36:04.011+0000][7][gc          ] GC(36) Pause Young (Normal) (G1 Evacuation Pause) 404M->149M(512M) 50.146ms
[2022-05-30T01:36:04.011+0000][7][gc,cpu      ] GC(36) User=0.10s Sys=0.01s Real=0.05s
[2022-05-30T01:36:04.012+0000][7][safepoint   ] Safepoint "G1CollectForAllocation", Time since last: 1881062576 ns, Reaching safepoint: 340891 ns, At safepoint: 51973917 ns, Total: 52314808 ns
[2022-05-30T01:36:06.024+0000][7][safepoint   ] Safepoint "Cleanup", Time since last: 2011589801 ns, Reaching safepoint: 395836 ns, At safepoint: 19066 ns, Total: 414902 ns
[2022-05-30T01:36:07.481+0000][7][safepoint   ] Safepoint "Cleanup", Time since last: 1456040154 ns, Reaching safepoint: 377080 ns, At safepoint: 21902 ns, Total: 398982 ns
[2022-05-30T01:36:20.611+0000][7][safepoint   ] Safepoint "Cleanup", Time since last: 13129414877 ns, Reaching safepoint: 391898 ns, At safepoint: 44926 ns, Total: 436824 ns
[2022-05-30T01:36:23.613+0000][7][safepoint   ] Safepoint "Cleanup", Time since last: 3001612917 ns, Reaching safepoint: 515655 ns, At safepoint: 44595 ns, Total: 560250 ns
[2022-05-30T01:36:25.614+0000][7][safepoint   ] Safepoint "Cleanup", Time since last: 2001097517 ns, Reaching safepoint: 385546 ns, At safepoint: 25940 ns, Total: 411486 ns
[2022-05-30T01:36:28.994+0000][7][safepoint   ] Safepoint "Cleanup", Time since last: 3378951847 ns, Reaching safepoint: 385787 ns, At safepoint: 27512 ns, Total: 413299 ns
[2022-05-30T01:36:29.995+0000][7][safepoint   ] Safepoint "Cleanup", Time since last: 1000959722 ns, Reaching safepoint: 610626 ns, At safepoint: 69032 ns, Total: 679658 ns
[2022-05-30T01:36:35.998+0000][7][safepoint   ] Safepoint "Cleanup", Time since last: 6009013287 ns, Reaching safepoint: 529070 ns, At safepoint: 37461 ns, Total: 566531 ns
[2022-05-30T01:36:37.273+0000][7][safepoint   ] Safepoint "Cleanup", Time since last: 1273816733 ns, Reaching safepoint: 490196 ns, At safepoint: 91534 ns, Total: 581730 ns
[2022-05-30T01:36:46.465+0000][7][safepoint   ] Safepoint "Cleanup", Time since last: 9191953604 ns, Reaching safepoint: 413068 ns, At safepoint: 96845 ns, Total: 509913 ns
[2022-05-30T01:36:47.473+0000][7][safepoint   ] Safepoint "Cleanup", Time since last: 1007333479 ns, Reaching safepoint: 513230 ns, At safepoint: 73159 ns, Total: 586389 ns
[2022-05-30T01:36:51.524+0000][7][safepoint   ] Safepoint "Cleanup", Time since last: 4050214907 ns, Reaching safepoint: 673111 ns, At safepoint: 83590 ns, Total: 756701 ns
[2022-05-30T01:36:52.527+0000][7][safepoint   ] Safepoint "Cleanup", Time since last: 1002300921 ns, Reaching safepoint: 391186 ns, At safepoint: 35167 ns, Total: 426353 ns
[2022-05-30T01:36:54.805+0000][7][gc,start    ] GC(37) Pause Young (Normal) (G1 Evacuation Pause)
[2022-05-30T01:36:54.805+0000][7][gc,task     ] GC(37) Using 8 workers of 8 for evacuation
[2022-05-30T01:36:54.806+0000][7][gc,age      ] GC(37) Desired survivor size 18874368 bytes, new threshold 15 (max threshold 15)
[2022-05-30T01:36:54.833+0000][7][gc,phases   ] GC(37)   Pre Evacuate Collection Set: 0.4ms
[2022-05-30T01:36:54.834+0000][7][gc,phases   ] GC(37)   Merge Heap Roots: 0.3ms
[2022-05-30T01:36:54.835+0000][7][gc,phases   ] GC(37)   Evacuate Collection Set: 23.6ms
[2022-05-30T01:36:54.835+0000][7][gc,phases   ] GC(37)   Post Evacuate Collection Set: 2.0ms
[2022-05-30T01:36:54.836+0000][7][gc,phases   ] GC(37)   Other: 1.6ms
[2022-05-30T01:36:54.837+0000][7][gc,age      ] GC(37) Age table with threshold 15 (max threshold 15)
[2022-05-30T01:36:54.837+0000][7][gc,age      ] GC(37) - age   1:    3488984 bytes,    3488984 total
[2022-05-30T01:36:54.838+0000][7][gc,age      ] GC(37) - age   2:     135968 bytes,    3624952 total
[2022-05-30T01:36:54.838+0000][7][gc,age      ] GC(37) - age   3:      24592 bytes,    3649544 total
[2022-05-30T01:36:54.839+0000][7][gc,age      ] GC(37) - age   4:     113312 bytes,    3762856 total
[2022-05-30T01:36:54.840+0000][7][gc,age      ] GC(37) - age   5:      32248 bytes,    3795104 total
[2022-05-30T01:36:54.840+0000][7][gc,age      ] GC(37) - age   6:     309584 bytes,    4104688 total
[2022-05-30T01:36:54.841+0000][7][gc,age      ] GC(37) - age   7:     210800 bytes,    4315488 total
[2022-05-30T01:36:54.841+0000][7][gc,age      ] GC(37) - age   8:     329032 bytes,    4644520 total
[2022-05-30T01:36:54.842+0000][7][gc,age      ] GC(37) - age   9:      62624 bytes,    4707144 total
[2022-05-30T01:36:54.842+0000][7][gc,age      ] GC(37) - age  10:     114408 bytes,    4821552 total
[2022-05-30T01:36:54.843+0000][7][gc,age      ] GC(37) - age  11:     246344 bytes,    5067896 total
[2022-05-30T01:36:54.844+0000][7][gc,age      ] GC(37) - age  12:      19080 bytes,    5086976 total
[2022-05-30T01:36:54.845+0000][7][gc,age      ] GC(37) - age  13:      38072 bytes,    5125048 total
[2022-05-30T01:36:54.845+0000][7][gc,age      ] GC(37) - age  14:    5567872 bytes,   10692920 total
[2022-05-30T01:36:54.846+0000][7][gc,age      ] GC(37) - age  15:    6836552 bytes,   17529472 total
[2022-05-30T01:36:54.847+0000][7][gc,heap     ] GC(37) Eden regions: 64->0(64)
[2022-05-30T01:36:54.847+0000][7][gc,heap     ] GC(37) Survivor regions: 5->5(9)
[2022-05-30T01:36:54.848+0000][7][gc,heap     ] GC(37) Old regions: 30->30
[2022-05-30T01:36:54.848+0000][7][gc,heap     ] GC(37) Archive regions: 2->2
[2022-05-30T01:36:54.849+0000][7][gc,heap     ] GC(37) Humongous regions: 2->2
[2022-05-30T01:36:54.850+0000][7][gc,metaspace] GC(37) Metaspace: 131919K(135424K)->131919K(135424K) NonClass: 114371K(116224K)->114371K(116224K) Class: 17548K(19200K)->17548K(19200K)
[2022-05-30T01:36:54.850+0000][7][gc          ] GC(37) Pause Young (Normal) (G1 Evacuation Pause) 405M->149M(512M) 45.653ms
[2022-05-30T01:36:54.851+0000][7][gc,cpu      ] GC(37) User=0.12s Sys=0.00s Real=0.05s
[2022-05-30T01:36:54.852+0000][7][safepoint   ] Safepoint "G1CollectForAllocation", Time since last: 2277696752 ns, Reaching safepoint: 375587 ns, At safepoint: 47527364 ns, Total: 47902951 ns
[2022-05-30T01:36:56.868+0000][7][safepoint   ] Safepoint "Cleanup", Time since last: 2001510326 ns, Reaching safepoint: 14516180 ns, At safepoint: 175986 ns, Total: 14692166 ns
[2022-05-30T01:36:57.877+0000][7][safepoint   ] Safepoint "Cleanup", Time since last: 1003835624 ns, Reaching safepoint: 4974196 ns, At safepoint: 113457 ns, Total: 5087653 ns
[2022-05-30T01:37:01.880+0000][7][safepoint   ] Safepoint "Cleanup", Time since last: 4002317222 ns, Reaching safepoint: 318458 ns, At safepoint: 44906 ns, Total: 363364 ns
[2022-05-30T01:37:03.111+0000][7][safepoint   ] Safepoint "Cleanup", Time since last: 1092235380 ns, Reaching safepoint: 494203 ns, At safepoint: 76586 ns, Total: 570789 ns
[2022-05-30T01:37:09.388+0000][7][safepoint   ] Safepoint "Cleanup", Time since last: 6276546478 ns, Reaching safepoint: 338616 ns, At safepoint: 20419 ns, Total: 359035 ns
[2022-05-30T01:37:10.524+0000][7][safepoint   ] Safepoint "Cleanup", Time since last: 1135974435 ns, Reaching safepoint: 376418 ns, At safepoint: 27673 ns, Total: 404091 ns
[2022-05-30T01:37:13.529+0000][7][safepoint   ] Safepoint "Cleanup", Time since last: 3004287245 ns, Reaching safepoint: 433839 ns, At safepoint: 32912 ns, Total: 466751 ns
[2022-05-30T01:37:19.560+0000][7][safepoint   ] Safepoint "Cleanup", Time since last: 6030974260 ns, Reaching safepoint: 358153 ns, At safepoint: 16803 ns, Total: 374956 ns
[2022-05-30T01:37:21.117+0000][7][safepoint   ] Safepoint "Cleanup", Time since last: 1002049741 ns, Reaching safepoint: 553822695 ns, At safepoint: 326082 ns, Total: 554148777 ns
[2022-05-30T01:37:22.137+0000][7][safepoint   ] Safepoint "Cleanup", Time since last: 1020181034 ns, Reaching safepoint: 330751 ns, At safepoint: 53673 ns, Total: 384424 ns
[2022-05-30T01:37:24.180+0000][7][safepoint   ] Safepoint "Cleanup", Time since last: 2042347453 ns, Reaching safepoint: 320372 ns, At safepoint: 50797 ns, Total: 371169 ns
[2022-05-30T01:37:25.204+0000][7][safepoint   ] Safepoint "Cleanup", Time since last: 1023903695 ns, Reaching safepoint: 347263 ns, At safepoint: 20298 ns, Total: 367561 ns
[2022-05-30T01:37:26.207+0000][7][safepoint   ] Safepoint "Cleanup", Time since last: 1002761216 ns, Reaching safepoint: 376479 ns, At safepoint: 55045 ns, Total: 431524 ns
[2022-05-30T01:37:29.209+0000][7][safepoint   ] Safepoint "Cleanup", Time since last: 3001269489 ns, Reaching safepoint: 352292 ns, At safepoint: 29847 ns, Total: 382139 ns
[2022-05-30T01:37:30.223+0000][7][safepoint   ] Safepoint "Cleanup", Time since last: 1013696303 ns, Reaching safepoint: 376850 ns, At safepoint: 29296 ns, Total: 406146 ns
[2022-05-30T01:37:32.372+0000][7][safepoint   ] Safepoint "Cleanup", Time since last: 2272345094 ns, Reaching safepoint: 418950 ns, At safepoint: 30257 ns, Total: 449207 ns
[2022-05-30T01:37:33.373+0000][7][safepoint   ] Safepoint "Cleanup", Time since last: 1001274502 ns, Reaching safepoint: 441262 ns, At safepoint: 43133 ns, Total: 484395 ns
[2022-05-30T01:37:35.388+0000][7][safepoint   ] Safepoint "Cleanup", Time since last: 2014452846 ns, Reaching safepoint: 420343 ns, At safepoint: 29907 ns, Total: 450250 ns
[2022-05-30T01:37:37.394+0000][7][safepoint   ] Safepoint "Cleanup", Time since last: 2005107480 ns, Reaching safepoint: 410654 ns, At safepoint: 75985 ns, Total: 486639 ns
[2022-05-30T01:37:39.395+0000][7][safepoint   ] Safepoint "Cleanup", Time since last: 2001048896 ns, Reaching safepoint: 437836 ns, At safepoint: 64623 ns, Total: 502459 ns
[2022-05-30T01:37:47.044+0000][7][gc,start    ] GC(38) Pause Young (Normal) (G1 Evacuation Pause)
[2022-05-30T01:37:47.044+0000][7][gc,task     ] GC(38) Using 8 workers of 8 for evacuation
[2022-05-30T01:37:47.045+0000][7][gc,age      ] GC(38) Desired survivor size 18874368 bytes, new threshold 15 (max threshold 15)
[2022-05-30T01:37:47.065+0000][7][gc,phases   ] GC(38)   Pre Evacuate Collection Set: 0.4ms
[2022-05-30T01:37:47.067+0000][7][gc,phases   ] GC(38)   Merge Heap Roots: 0.3ms
[2022-05-30T01:37:47.068+0000][7][gc,phases   ] GC(38)   Evacuate Collection Set: 14.4ms
[2022-05-30T01:37:47.068+0000][7][gc,phases   ] GC(38)   Post Evacuate Collection Set: 3.5ms
[2022-05-30T01:37:47.069+0000][7][gc,phases   ] GC(38)   Other: 1.6ms
[2022-05-30T01:37:47.070+0000][7][gc,age      ] GC(38) Age table with threshold 15 (max threshold 15)
[2022-05-30T01:37:47.070+0000][7][gc,age      ] GC(38) - age   1:    3468384 bytes,    3468384 total
[2022-05-30T01:37:47.071+0000][7][gc,age      ] GC(38) - age   2:     389640 bytes,    3858024 total
[2022-05-30T01:37:47.071+0000][7][gc,age      ] GC(38) - age   3:      10352 bytes,    3868376 total
[2022-05-30T01:37:47.072+0000][7][gc,age      ] GC(38) - age   4:      15696 bytes,    3884072 total
[2022-05-30T01:37:47.073+0000][7][gc,age      ] GC(38) - age   5:      15744 bytes,    3899816 total
[2022-05-30T01:37:47.073+0000][7][gc,age      ] GC(38) - age   6:      12824 bytes,    3912640 total
[2022-05-30T01:37:47.074+0000][7][gc,age      ] GC(38) - age   7:     219584 bytes,    4132224 total
[2022-05-30T01:37:47.074+0000][7][gc,age      ] GC(38) - age   8:     210536 bytes,    4342760 total
[2022-05-30T01:37:47.075+0000][7][gc,age      ] GC(38) - age   9:     329032 bytes,    4671792 total
[2022-05-30T01:37:47.076+0000][7][gc,age      ] GC(38) - age  10:      62112 bytes,    4733904 total
[2022-05-30T01:37:47.076+0000][7][gc,age      ] GC(38) - age  11:     114240 bytes,    4848144 total
[2022-05-30T01:37:47.077+0000][7][gc,age      ] GC(38) - age  12:     246344 bytes,    5094488 total
[2022-05-30T01:37:47.077+0000][7][gc,age      ] GC(38) - age  13:      19080 bytes,    5113568 total
[2022-05-30T01:37:47.078+0000][7][gc,age      ] GC(38) - age  14:      38072 bytes,    5151640 total
[2022-05-30T01:37:47.078+0000][7][gc,age      ] GC(38) - age  15:    5567872 bytes,   10719512 total
[2022-05-30T01:37:47.079+0000][7][gc,heap     ] GC(38) Eden regions: 64->0(66)
[2022-05-30T01:37:47.080+0000][7][gc,heap     ] GC(38) Survivor regions: 5->3(9)
[2022-05-30T01:37:47.080+0000][7][gc,heap     ] GC(38) Old regions: 30->32
[2022-05-30T01:37:47.081+0000][7][gc,heap     ] GC(38) Archive regions: 2->2
[2022-05-30T01:37:47.081+0000][7][gc,heap     ] GC(38) Humongous regions: 2->2
[2022-05-30T01:37:47.082+0000][7][gc,metaspace] GC(38) Metaspace: 131952K(135488K)->131952K(135488K) NonClass: 114402K(116288K)->114402K(116288K) Class: 17550K(19200K)->17550K(19200K)
[2022-05-30T01:37:47.083+0000][7][gc          ] GC(38) Pause Young (Normal) (G1 Evacuation Pause) 405M->149M(512M) 39.159ms
[2022-05-30T01:37:47.084+0000][7][gc,cpu      ] GC(38) User=0.10s Sys=0.01s Real=0.04s
[2022-05-30T01:37:47.084+0000][7][safepoint   ] Safepoint "G1CollectForAllocation", Time since last: 7647845163 ns, Reaching safepoint: 343926 ns, At safepoint: 40814515 ns, Total: 41158441 ns
[2022-05-30T01:37:50.087+0000][7][safepoint   ] Safepoint "Cleanup", Time since last: 3001183885 ns, Reaching safepoint: 1372837 ns, At safepoint: 99430 ns, Total: 1472267 ns
[2022-05-30T01:37:51.088+0000][7][safepoint   ] Safepoint "Cleanup", Time since last: 1000838099 ns, Reaching safepoint: 384454 ns, At safepoint: 20529 ns, Total: 404983 ns
[2022-05-30T01:37:53.090+0000][7][safepoint   ] Safepoint "Cleanup", Time since last: 2001011677 ns, Reaching safepoint: 494003 ns, At safepoint: 68581 ns, Total: 562584 ns
[2022-05-30T01:37:58.092+0000][7][safepoint   ] Safepoint "Cleanup", Time since last: 5001697992 ns, Reaching safepoint: 406897 ns, At safepoint: 60004 ns, Total: 466901 ns
[2022-05-30T01:38:01.185+0000][7][safepoint   ] Safepoint "Cleanup", Time since last: 3092757310 ns, Reaching safepoint: 481990 ns, At safepoint: 76727 ns, Total: 558717 ns
[2022-05-30T01:38:03.181+0000][7][safepoint   ] Safepoint "Cleanup", Time since last: 2001184674 ns, Reaching safepoint: 511840 ns, At safepoint: 172590 ns, Total: 684430 ns
[2022-05-30T01:38:04.184+0000][7][safepoint   ] Safepoint "Cleanup", Time since last: 1002951280 ns, Reaching safepoint: 443105 ns, At safepoint: 26611 ns, Total: 469716 ns
[2022-05-30T01:38:05.186+0000][7][safepoint   ] Safepoint "Cleanup", Time since last: 1001166996 ns, Reaching safepoint: 419782 ns, At safepoint: 22142 ns, Total: 441924 ns
[2022-05-30T01:38:06.501+0000][7][safepoint   ] Safepoint "Cleanup", Time since last: 1314929092 ns, Reaching safepoint: 360708 ns, At safepoint: 32582 ns, Total: 393290 ns
[2022-05-30T01:38:08.503+0000][7][safepoint   ] Safepoint "Cleanup", Time since last: 2001183855 ns, Reaching safepoint: 396698 ns, At safepoint: 27412 ns, Total: 424110 ns
[2022-05-30T01:38:09.510+0000][7][safepoint   ] Safepoint "Cleanup", Time since last: 1006832361 ns, Reaching safepoint: 423488 ns, At safepoint: 113016 ns, Total: 536504 ns
[2022-05-30T01:38:10.511+0000][7][safepoint   ] Safepoint "Cleanup", Time since last: 1000827208 ns, Reaching safepoint: 388912 ns, At safepoint: 28405 ns, Total: 417317 ns
[2022-05-30T01:38:11.513+0000][7][safepoint   ] Safepoint "Cleanup", Time since last: 1001090389 ns, Reaching safepoint: 453686 ns, At safepoint: 34055 ns, Total: 487741 ns
[2022-05-30T01:38:12.700+0000][7][safepoint   ] Safepoint "Cleanup", Time since last: 1186736372 ns, Reaching safepoint: 312346 ns, At safepoint: 54394 ns, Total: 366740 ns
[2022-05-30T01:38:14.707+0000][7][safepoint   ] Safepoint "Cleanup", Time since last: 2006790247 ns, Reaching safepoint: 422306 ns, At safepoint: 33144 ns, Total: 455450 ns
[2022-05-30T01:38:17.770+0000][7][safepoint   ] Safepoint "Cleanup", Time since last: 3062496761 ns, Reaching safepoint: 334018 ns, At safepoint: 54654 ns, Total: 388672 ns
[2022-05-30T01:38:18.773+0000][7][safepoint   ] Safepoint "Cleanup", Time since last: 1002693911 ns, Reaching safepoint: 199591 ns, At safepoint: 16261 ns, Total: 215852 ns
[2022-05-30T01:38:19.775+0000][7][safepoint   ] Safepoint "Cleanup", Time since last: 1001210152 ns, Reaching safepoint: 371379 ns, At safepoint: 28093 ns, Total: 399472 ns
[2022-05-30T01:38:21.018+0000][7][safepoint   ] Safepoint "Cleanup", Time since last: 1243028600 ns, Reaching safepoint: 511116 ns, At safepoint: 28855 ns, Total: 539971 ns
[2022-05-30T01:38:23.022+0000][7][safepoint   ] Safepoint "Cleanup", Time since last: 2001598780 ns, Reaching safepoint: 2489503 ns, At safepoint: 91104 ns, Total: 2580607 ns
[2022-05-30T01:38:24.031+0000][7][safepoint   ] Safepoint "Cleanup", Time since last: 1007844598 ns, Reaching safepoint: 433638 ns, At safepoint: 60946 ns, Total: 494584 ns
[2022-05-30T01:38:25.423+0000][7][gc,start    ] GC(39) Pause Young (Normal) (G1 Evacuation Pause)
[2022-05-30T01:38:25.424+0000][7][gc,task     ] GC(39) Using 8 workers of 8 for evacuation
[2022-05-30T01:38:25.424+0000][7][gc,age      ] GC(39) Desired survivor size 18874368 bytes, new threshold 15 (max threshold 15)
[2022-05-30T01:38:25.432+0000][7][gc,phases   ] GC(39)   Pre Evacuate Collection Set: 0.4ms
[2022-05-30T01:38:25.433+0000][7][gc,phases   ] GC(39)   Merge Heap Roots: 0.3ms
[2022-05-30T01:38:25.433+0000][7][gc,phases   ] GC(39)   Evacuate Collection Set: 5.0ms
[2022-05-30T01:38:25.433+0000][7][gc,phases   ] GC(39)   Post Evacuate Collection Set: 1.5ms
[2022-05-30T01:38:25.434+0000][7][gc,phases   ] GC(39)   Other: 1.4ms
[2022-05-30T01:38:25.434+0000][7][gc,age      ] GC(39) Age table with threshold 15 (max threshold 15)
[2022-05-30T01:38:25.434+0000][7][gc,age      ] GC(39) - age   1:    1500296 bytes,    1500296 total
[2022-05-30T01:38:25.434+0000][7][gc,age      ] GC(39) - age   2:      66064 bytes,    1566360 total
[2022-05-30T01:38:25.435+0000][7][gc,age      ] GC(39) - age   3:     280664 bytes,    1847024 total
[2022-05-30T01:38:25.435+0000][7][gc,age      ] GC(39) - age   4:       9416 bytes,    1856440 total
[2022-05-30T01:38:25.435+0000][7][gc,age      ] GC(39) - age   5:      15504 bytes,    1871944 total
[2022-05-30T01:38:25.436+0000][7][gc,age      ] GC(39) - age   6:      15680 bytes,    1887624 total
[2022-05-30T01:38:25.436+0000][7][gc,age      ] GC(39) - age   7:      12760 bytes,    1900384 total
[2022-05-30T01:38:25.436+0000][7][gc,age      ] GC(39) - age   8:     137440 bytes,    2037824 total
[2022-05-30T01:38:25.436+0000][7][gc,age      ] GC(39) - age   9:     138848 bytes,    2176672 total
[2022-05-30T01:38:25.437+0000][7][gc,age      ] GC(39) - age  10:     328752 bytes,    2505424 total
[2022-05-30T01:38:25.437+0000][7][gc,age      ] GC(39) - age  11:      62112 bytes,    2567536 total
[2022-05-30T01:38:25.437+0000][7][gc,age      ] GC(39) - age  12:     114240 bytes,    2681776 total
[2022-05-30T01:38:25.438+0000][7][gc,age      ] GC(39) - age  13:     246344 bytes,    2928120 total
[2022-05-30T01:38:25.438+0000][7][gc,age      ] GC(39) - age  14:      19080 bytes,    2947200 total
[2022-05-30T01:38:25.438+0000][7][gc,age      ] GC(39) - age  15:      38072 bytes,    2985272 total
[2022-05-30T01:38:25.438+0000][7][gc,heap     ] GC(39) Eden regions: 66->0(67)
[2022-05-30T01:38:25.439+0000][7][gc,heap     ] GC(39) Survivor regions: 3->1(9)
[2022-05-30T01:38:25.439+0000][7][gc,heap     ] GC(39) Old regions: 32->33
[2022-05-30T01:38:25.439+0000][7][gc,heap     ] GC(39) Archive regions: 2->2
[2022-05-30T01:38:25.440+0000][7][gc,heap     ] GC(39) Humongous regions: 2->2
[2022-05-30T01:38:25.440+0000][7][gc,metaspace] GC(39) Metaspace: 131996K(135616K)->131996K(135616K) NonClass: 114445K(116352K)->114445K(116352K) Class: 17550K(19264K)->17550K(19264K)
[2022-05-30T01:38:25.441+0000][7][gc          ] GC(39) Pause Young (Normal) (G1 Evacuation Pause) 413M->147M(512M) 17.862ms
[2022-05-30T01:38:25.441+0000][7][gc,cpu      ] GC(39) User=0.04s Sys=0.00s Real=0.02s
[2022-05-30T01:38:25.442+0000][7][safepoint   ] Safepoint "G1CollectForAllocation", Time since last: 1391834363 ns, Reaching safepoint: 377982 ns, At safepoint: 18979243 ns, Total: 19357225 ns
[2022-05-30T01:38:27.451+0000][7][safepoint   ] Safepoint "Cleanup", Time since last: 2008362952 ns, Reaching safepoint: 331884 ns, At safepoint: 61808 ns, Total: 393692 ns
[2022-05-30T01:38:32.457+0000][7][safepoint   ] Safepoint "Cleanup", Time since last: 5002426855 ns, Reaching safepoint: 11201634 ns, At safepoint: 166919 ns, Total: 11368553 ns
[2022-05-30T01:38:38.527+0000][7][safepoint   ] Safepoint "Cleanup", Time since last: 6070082877 ns, Reaching safepoint: 435992 ns, At safepoint: 52200 ns, Total: 488192 ns
[2022-05-30T01:38:39.528+0000][7][safepoint   ] Safepoint "Cleanup", Time since last: 1000884022 ns, Reaching safepoint: 429199 ns, At safepoint: 44836 ns, Total: 474035 ns
[2022-05-30T01:38:41.555+0000][7][safepoint   ] Safepoint "Cleanup", Time since last: 2026560735 ns, Reaching safepoint: 388251 ns, At safepoint: 18335 ns, Total: 406586 ns
[2022-05-30T01:38:45.563+0000][7][safepoint   ] Safepoint "Cleanup", Time since last: 4007120363 ns, Reaching safepoint: 400625 ns, At safepoint: 34626 ns, Total: 435251 ns
[2022-05-30T01:38:46.565+0000][7][safepoint   ] Safepoint "Cleanup", Time since last: 1001752974 ns, Reaching safepoint: 492691 ns, At safepoint: 64914 ns, Total: 557605 ns
[2022-05-30T01:38:47.698+0000][7][safepoint   ] Safepoint "Cleanup", Time since last: 1001132288 ns, Reaching safepoint: 131814804 ns, At safepoint: 248895 ns, Total: 132063699 ns
[2022-05-30T01:38:50.701+0000][7][safepoint   ] Safepoint "Cleanup", Time since last: 3002017407 ns, Reaching safepoint: 361881 ns, At safepoint: 59794 ns, Total: 421675 ns
[2022-05-30T01:38:51.850+0000][7][safepoint   ] Safepoint "Cleanup", Time since last: 1148574692 ns, Reaching safepoint: 426795 ns, At safepoint: 43904 ns, Total: 470699 ns
[2022-05-30T01:38:53.080+0000][7][safepoint   ] Safepoint "Cleanup", Time since last: 1229598842 ns, Reaching safepoint: 425370 ns, At safepoint: 78700 ns, Total: 504070 ns
[2022-05-30T01:38:57.098+0000][7][safepoint   ] Safepoint "Cleanup", Time since last: 4017690194 ns, Reaching safepoint: 350530 ns, At safepoint: 12293 ns, Total: 362823 ns
[2022-05-30T01:38:59.099+0000][7][safepoint   ] Safepoint "Cleanup", Time since last: 2000800593 ns, Reaching safepoint: 363474 ns, At safepoint: 22673 ns, Total: 386147 ns
[2022-05-30T01:39:03.207+0000][7][gc,start    ] GC(40) Pause Young (Normal) (G1 Evacuation Pause)
[2022-05-30T01:39:03.208+0000][7][gc,task     ] GC(40) Using 8 workers of 8 for evacuation
[2022-05-30T01:39:03.208+0000][7][gc,age      ] GC(40) Desired survivor size 18874368 bytes, new threshold 15 (max threshold 15)
[2022-05-30T01:39:03.238+0000][7][gc,phases   ] GC(40)   Pre Evacuate Collection Set: 0.4ms
[2022-05-30T01:39:03.239+0000][7][gc,phases   ] GC(40)   Merge Heap Roots: 0.3ms
[2022-05-30T01:39:03.240+0000][7][gc,phases   ] GC(40)   Evacuate Collection Set: 18.2ms
[2022-05-30T01:39:03.241+0000][7][gc,phases   ] GC(40)   Post Evacuate Collection Set: 8.4ms
[2022-05-30T01:39:03.241+0000][7][gc,phases   ] GC(40)   Other: 2.8ms
[2022-05-30T01:39:03.242+0000][7][gc,age      ] GC(40) Age table with threshold 15 (max threshold 15)
[2022-05-30T01:39:03.244+0000][7][gc,age      ] GC(40) - age   1:    3055768 bytes,    3055768 total
[2022-05-30T01:39:03.245+0000][7][gc,age      ] GC(40) - age   2:     259800 bytes,    3315568 total
[2022-05-30T01:39:03.248+0000][7][gc,age      ] GC(40) - age   3:      63472 bytes,    3379040 total
[2022-05-30T01:39:03.248+0000][7][gc,age      ] GC(40) - age   4:      10296 bytes,    3389336 total
[2022-05-30T01:39:03.249+0000][7][gc,age      ] GC(40) - age   5:       9288 bytes,    3398624 total
[2022-05-30T01:39:03.250+0000][7][gc,age      ] GC(40) - age   6:      15440 bytes,    3414064 total
[2022-05-30T01:39:03.250+0000][7][gc,age      ] GC(40) - age   7:      15616 bytes,    3429680 total
[2022-05-30T01:39:03.251+0000][7][gc,age      ] GC(40) - age   8:      12760 bytes,    3442440 total
[2022-05-30T01:39:03.251+0000][7][gc,age      ] GC(40) - age   9:     137048 bytes,    3579488 total
[2022-05-30T01:39:03.254+0000][7][gc,age      ] GC(40) - age  10:     138784 bytes,    3718272 total
[2022-05-30T01:39:03.255+0000][7][gc,age      ] GC(40) - age  11:     328752 bytes,    4047024 total
[2022-05-30T01:39:03.255+0000][7][gc,age      ] GC(40) - age  12:      62112 bytes,    4109136 total
[2022-05-30T01:39:03.256+0000][7][gc,age      ] GC(40) - age  13:     114240 bytes,    4223376 total
[2022-05-30T01:39:03.257+0000][7][gc,age      ] GC(40) - age  14:     246248 bytes,    4469624 total
[2022-05-30T01:39:03.257+0000][7][gc,age      ] GC(40) - age  15:      19080 bytes,    4488704 total
[2022-05-30T01:39:03.259+0000][7][gc,heap     ] GC(40) Eden regions: 67->0(65)
[2022-05-30T01:39:03.259+0000][7][gc,heap     ] GC(40) Survivor regions: 1->2(9)
[2022-05-30T01:39:03.260+0000][7][gc,heap     ] GC(40) Old regions: 33->34
[2022-05-30T01:39:03.261+0000][7][gc,heap     ] GC(40) Archive regions: 2->2
[2022-05-30T01:39:03.261+0000][7][gc,heap     ] GC(40) Humongous regions: 2->2
[2022-05-30T01:39:03.262+0000][7][gc,metaspace] GC(40) Metaspace: 132033K(135680K)->132033K(135680K) NonClass: 114482K(116416K)->114482K(116416K) Class: 17551K(19264K)->17551K(19264K)
[2022-05-30T01:39:03.264+0000][7][gc          ] GC(40) Pause Young (Normal) (G1 Evacuation Pause) 415M->148M(512M) 56.786ms
[2022-05-30T01:39:03.265+0000][7][gc,cpu      ] GC(40) User=0.05s Sys=0.03s Real=0.06s
[2022-05-30T01:39:03.266+0000][7][safepoint   ] Safepoint "G1CollectForAllocation", Time since last: 4089345694 ns, Reaching safepoint: 387450 ns, At safepoint: 59515295 ns, Total: 59902745 ns
[2022-05-30T01:39:04.271+0000][7][safepoint   ] Safepoint "Cleanup", Time since last: 1004477796 ns, Reaching safepoint: 360829 ns, At safepoint: 50336 ns, Total: 411165 ns
[2022-05-30T01:39:05.273+0000][7][safepoint   ] Safepoint "Cleanup", Time since last: 1000849243 ns, Reaching safepoint: 438768 ns, At safepoint: 30658 ns, Total: 469426 ns
[2022-05-30T01:39:07.464+0000][7][safepoint   ] Safepoint "Cleanup", Time since last: 2188600945 ns, Reaching safepoint: 2544546 ns, At safepoint: 126522 ns, Total: 2671068 ns
[2022-05-30T01:39:10.467+0000][7][safepoint   ] Safepoint "Cleanup", Time since last: 3002715418 ns, Reaching safepoint: 415223 ns, At safepoint: 18245 ns, Total: 433468 ns
[2022-05-30T01:39:12.475+0000][7][safepoint   ] Safepoint "Cleanup", Time since last: 2007709793 ns, Reaching safepoint: 501297 ns, At safepoint: 86415 ns, Total: 587712 ns
[2022-05-30T01:39:17.477+0000][7][safepoint   ] Safepoint "Cleanup", Time since last: 5001541548 ns, Reaching safepoint: 381077 ns, At safepoint: 22643 ns, Total: 403720 ns
[2022-05-30T01:39:18.479+0000][7][safepoint   ] Safepoint "Cleanup", Time since last: 1001441949 ns, Reaching safepoint: 378673 ns, At safepoint: 27823 ns, Total: 406496 ns
[2022-05-30T01:39:23.533+0000][7][safepoint   ] Safepoint "Cleanup", Time since last: 5053992175 ns, Reaching safepoint: 335280 ns, At safepoint: 50607 ns, Total: 385887 ns
[2022-05-30T01:39:27.535+0000][7][safepoint   ] Safepoint "Cleanup", Time since last: 4001277560 ns, Reaching safepoint: 409552 ns, At safepoint: 27863 ns, Total: 437415 ns
[2022-05-30T01:39:30.537+0000][7][safepoint   ] Safepoint "Cleanup", Time since last: 3001185154 ns, Reaching safepoint: 426374 ns, At safepoint: 29146 ns, Total: 455520 ns
[2022-05-30T01:39:31.539+0000][7][safepoint   ] Safepoint "Cleanup", Time since last: 1001571687 ns, Reaching safepoint: 385556 ns, At safepoint: 53743 ns, Total: 439299 ns
[2022-05-30T01:39:32.540+0000][7][safepoint   ] Safepoint "Cleanup", Time since last: 1001054246 ns, Reaching safepoint: 367180 ns, At safepoint: 39406 ns, Total: 406586 ns
[2022-05-30T01:39:36.051+0000][7][safepoint   ] Safepoint "Cleanup", Time since last: 3168206281 ns, Reaching safepoint: 463064 ns, At safepoint: 66557 ns, Total: 529621 ns
[2022-05-30T01:39:39.015+0000][7][gc,start    ] GC(41) Pause Young (Normal) (G1 Evacuation Pause)
[2022-05-30T01:39:39.015+0000][7][gc,task     ] GC(41) Using 8 workers of 8 for evacuation
[2022-05-30T01:39:39.016+0000][7][gc,age      ] GC(41) Desired survivor size 18874368 bytes, new threshold 15 (max threshold 15)
[2022-05-30T01:39:39.023+0000][7][gc,phases   ] GC(41)   Pre Evacuate Collection Set: 0.5ms
[2022-05-30T01:39:39.024+0000][7][gc,phases   ] GC(41)   Merge Heap Roots: 0.2ms
[2022-05-30T01:39:39.024+0000][7][gc,phases   ] GC(41)   Evacuate Collection Set: 4.1ms
[2022-05-30T01:39:39.025+0000][7][gc,phases   ] GC(41)   Post Evacuate Collection Set: 1.8ms
[2022-05-30T01:39:39.025+0000][7][gc,phases   ] GC(41)   Other: 1.4ms
[2022-05-30T01:39:39.025+0000][7][gc,age      ] GC(41) Age table with threshold 15 (max threshold 15)
[2022-05-30T01:39:39.026+0000][7][gc,age      ] GC(41) - age   1:    2827352 bytes,    2827352 total
[2022-05-30T01:39:39.026+0000][7][gc,age      ] GC(41) - age   2:     319488 bytes,    3146840 total
[2022-05-30T01:39:39.027+0000][7][gc,age      ] GC(41) - age   3:     149296 bytes,    3296136 total
[2022-05-30T01:39:39.027+0000][7][gc,age      ] GC(41) - age   4:      62712 bytes,    3358848 total
[2022-05-30T01:39:39.027+0000][7][gc,age      ] GC(41) - age   5:      10200 bytes,    3369048 total
[2022-05-30T01:39:39.028+0000][7][gc,age      ] GC(41) - age   6:       9288 bytes,    3378336 total
[2022-05-30T01:39:39.028+0000][7][gc,age      ] GC(41) - age   7:      15440 bytes,    3393776 total
[2022-05-30T01:39:39.028+0000][7][gc,age      ] GC(41) - age   8:      15616 bytes,    3409392 total
[2022-05-30T01:39:39.029+0000][7][gc,age      ] GC(41) - age   9:      12760 bytes,    3422152 total
[2022-05-30T01:39:39.029+0000][7][gc,age      ] GC(41) - age  10:     137048 bytes,    3559200 total
[2022-05-30T01:39:39.029+0000][7][gc,age      ] GC(41) - age  11:     138784 bytes,    3697984 total
[2022-05-30T01:39:39.030+0000][7][gc,age      ] GC(41) - age  12:     328752 bytes,    4026736 total
[2022-05-30T01:39:39.030+0000][7][gc,age      ] GC(41) - age  13:      62112 bytes,    4088848 total
[2022-05-30T01:39:39.030+0000][7][gc,age      ] GC(41) - age  14:     114240 bytes,    4203088 total
[2022-05-30T01:39:39.031+0000][7][gc,age      ] GC(41) - age  15:     246248 bytes,    4449336 total
[2022-05-30T01:39:39.031+0000][7][gc,heap     ] GC(41) Eden regions: 65->0(65)
[2022-05-30T01:39:39.031+0000][7][gc,heap     ] GC(41) Survivor regions: 2->2(9)
[2022-05-30T01:39:39.031+0000][7][gc,heap     ] GC(41) Old regions: 34->34
[2022-05-30T01:39:39.032+0000][7][gc,heap     ] GC(41) Archive regions: 2->2
[2022-05-30T01:39:39.032+0000][7][gc,heap     ] GC(41) Humongous regions: 2->2
[2022-05-30T01:39:39.033+0000][7][gc,metaspace] GC(41) Metaspace: 132054K(135680K)->132054K(135680K) NonClass: 114503K(116416K)->114503K(116416K) Class: 17551K(19264K)->17551K(19264K)
[2022-05-30T01:39:39.033+0000][7][gc          ] GC(41) Pause Young (Normal) (G1 Evacuation Pause) 408M->148M(512M) 17.993ms
[2022-05-30T01:39:39.033+0000][7][gc,cpu      ] GC(41) User=0.04s Sys=0.00s Real=0.02s
[2022-05-30T01:39:39.034+0000][7][safepoint   ] Safepoint "G1CollectForAllocation", Time since last: 2963437895 ns, Reaching safepoint: 372140 ns, At safepoint: 18902064 ns, Total: 19274204 ns
[2022-05-30T01:39:40.035+0000][7][safepoint   ] Safepoint "Cleanup", Time since last: 1000682614 ns, Reaching safepoint: 531244 ns, At safepoint: 38704 ns, Total: 569948 ns
[2022-05-30T01:39:43.119+0000][7][safepoint   ] Safepoint "Cleanup", Time since last: 3083595235 ns, Reaching safepoint: 464025 ns, At safepoint: 168572 ns, Total: 632597 ns
[2022-05-30T01:39:48.131+0000][7][safepoint   ] Safepoint "Cleanup", Time since last: 5011255296 ns, Reaching safepoint: 358936 ns, At safepoint: 20879 ns, Total: 379815 ns
[2022-05-30T01:39:51.231+0000][7][safepoint   ] Safepoint "Cleanup", Time since last: 3099411402 ns, Reaching safepoint: 474395 ns, At safepoint: 38263 ns, Total: 512658 ns
[2022-05-30T01:39:53.233+0000][7][safepoint   ] Safepoint "Cleanup", Time since last: 2002012460 ns, Reaching safepoint: 466270 ns, At safepoint: 43703 ns, Total: 509973 ns
[2022-05-30T01:39:55.236+0000][7][safepoint   ] Safepoint "Cleanup", Time since last: 2002388256 ns, Reaching safepoint: 369876 ns, At safepoint: 27122 ns, Total: 396998 ns
[2022-05-30T01:39:57.340+0000][7][safepoint   ] Safepoint "Cleanup", Time since last: 2103837166 ns, Reaching safepoint: 387630 ns, At safepoint: 102856 ns, Total: 490486 ns
[2022-05-30T01:40:01.342+0000][7][safepoint   ] Safepoint "Cleanup", Time since last: 4001636282 ns, Reaching safepoint: 391848 ns, At safepoint: 32292 ns, Total: 424140 ns
[2022-05-30T01:40:04.991+0000][7][safepoint   ] Safepoint "Cleanup", Time since last: 4001715110 ns, Reaching safepoint: 566391 ns, At safepoint: 46910 ns, Total: 613301 ns
[2022-05-30T01:40:05.992+0000][7][safepoint   ] Safepoint "Cleanup", Time since last: 1000798999 ns, Reaching safepoint: 365698 ns, At safepoint: 33765 ns, Total: 399463 ns
[2022-05-30T01:40:12.079+0000][7][safepoint   ] Safepoint "Cleanup", Time since last: 6086332336 ns, Reaching safepoint: 431895 ns, At safepoint: 12624 ns, Total: 444519 ns
[2022-05-30T01:40:18.082+0000][7][safepoint   ] Safepoint "Cleanup", Time since last: 6001753897 ns, Reaching safepoint: 629912 ns, At safepoint: 21802 ns, Total: 651714 ns
[2022-05-30T01:40:20.083+0000][7][safepoint   ] Safepoint "Cleanup", Time since last: 2001306901 ns, Reaching safepoint: 414742 ns, At safepoint: 77558 ns, Total: 492300 ns
[2022-05-30T01:40:21.085+0000][7][safepoint   ] Safepoint "Cleanup", Time since last: 1000810358 ns, Reaching safepoint: 423478 ns, At safepoint: 21872 ns, Total: 445350 ns
[2022-05-30T01:40:22.954+0000][7][gc,start    ] GC(42) Pause Young (Normal) (G1 Evacuation Pause)
[2022-05-30T01:40:22.955+0000][7][gc,task     ] GC(42) Using 8 workers of 8 for evacuation
[2022-05-30T01:40:22.956+0000][7][gc,age      ] GC(42) Desired survivor size 18874368 bytes, new threshold 15 (max threshold 15)
[2022-05-30T01:40:22.978+0000][7][gc,phases   ] GC(42)   Pre Evacuate Collection Set: 0.5ms
[2022-05-30T01:40:22.979+0000][7][gc,phases   ] GC(42)   Merge Heap Roots: 0.3ms
[2022-05-30T01:40:22.979+0000][7][gc,phases   ] GC(42)   Evacuate Collection Set: 18.3ms
[2022-05-30T01:40:22.980+0000][7][gc,phases   ] GC(42)   Post Evacuate Collection Set: 2.3ms
[2022-05-30T01:40:22.981+0000][7][gc,phases   ] GC(42)   Other: 1.6ms
[2022-05-30T01:40:22.981+0000][7][gc,age      ] GC(42) Age table with threshold 15 (max threshold 15)
[2022-05-30T01:40:22.982+0000][7][gc,age      ] GC(42) - age   1:    1953952 bytes,    1953952 total
[2022-05-30T01:40:22.982+0000][7][gc,age      ] GC(42) - age   2:     166280 bytes,    2120232 total
[2022-05-30T01:40:22.983+0000][7][gc,age      ] GC(42) - age   3:      47752 bytes,    2167984 total
[2022-05-30T01:40:22.984+0000][7][gc,age      ] GC(42) - age   4:     149168 bytes,    2317152 total
[2022-05-30T01:40:22.990+0000][7][gc,age      ] GC(42) - age   5:      62584 bytes,    2379736 total
[2022-05-30T01:40:22.992+0000][7][gc,age      ] GC(42) - age   6:      10200 bytes,    2389936 total
[2022-05-30T01:40:22.993+0000][7][gc,age      ] GC(42) - age   7:       9288 bytes,    2399224 total
[2022-05-30T01:40:22.994+0000][7][gc,age      ] GC(42) - age   8:      15440 bytes,    2414664 total
[2022-05-30T01:40:22.995+0000][7][gc,age      ] GC(42) - age   9:      15616 bytes,    2430280 total
[2022-05-30T01:40:22.995+0000][7][gc,age      ] GC(42) - age  10:      12760 bytes,    2443040 total
[2022-05-30T01:40:22.996+0000][7][gc,age      ] GC(42) - age  11:     137048 bytes,    2580088 total
[2022-05-30T01:40:22.997+0000][7][gc,age      ] GC(42) - age  12:     138784 bytes,    2718872 total
[2022-05-30T01:40:22.998+0000][7][gc,age      ] GC(42) - age  13:     328752 bytes,    3047624 total
[2022-05-30T01:40:22.998+0000][7][gc,age      ] GC(42) - age  14:      62088 bytes,    3109712 total
[2022-05-30T01:40:22.999+0000][7][gc,age      ] GC(42) - age  15:     114240 bytes,    3223952 total
[2022-05-30T01:40:23.000+0000][7][gc,heap     ] GC(42) Eden regions: 65->0(66)
[2022-05-30T01:40:23.000+0000][7][gc,heap     ] GC(42) Survivor regions: 2->1(9)
[2022-05-30T01:40:23.001+0000][7][gc,heap     ] GC(42) Old regions: 34->34
[2022-05-30T01:40:23.001+0000][7][gc,heap     ] GC(42) Archive regions: 2->2
[2022-05-30T01:40:23.002+0000][7][gc,heap     ] GC(42) Humongous regions: 2->2
[2022-05-30T01:40:23.002+0000][7][gc,metaspace] GC(42) Metaspace: 132073K(135680K)->132073K(135680K) NonClass: 114522K(116416K)->114522K(116416K) Class: 17551K(19264K)->17551K(19264K)
[2022-05-30T01:40:23.003+0000][7][gc          ] GC(42) Pause Young (Normal) (G1 Evacuation Pause) 408M->147M(512M) 48.965ms
[2022-05-30T01:40:23.004+0000][7][gc,cpu      ] GC(42) User=0.05s Sys=0.02s Real=0.05s
[2022-05-30T01:40:23.005+0000][7][safepoint   ] Safepoint "G1CollectForAllocation", Time since last: 1869314565 ns, Reaching safepoint: 370788 ns, At safepoint: 50557964 ns, Total: 50928752 ns
[2022-05-30T01:40:36.004+0000][7][safepoint   ] Safepoint "Cleanup", Time since last: 13002990815 ns, Reaching safepoint: 415854 ns, At safepoint: 12293 ns, Total: 428147 ns
[2022-05-30T01:40:41.006+0000][7][safepoint   ] Safepoint "Cleanup", Time since last: 5001314251 ns, Reaching safepoint: 394944 ns, At safepoint: 46509 ns, Total: 441453 ns
[2022-05-30T01:40:42.007+0000][7][safepoint   ] Safepoint "Cleanup", Time since last: 1000549337 ns, Reaching safepoint: 341532 ns, At safepoint: 12955 ns, Total: 354487 ns
[2022-05-30T01:40:44.008+0000][7][safepoint   ] Safepoint "Cleanup", Time since last: 2001180738 ns, Reaching safepoint: 426595 ns, At safepoint: 11852 ns, Total: 438447 ns
[2022-05-30T01:40:47.010+0000][7][safepoint   ] Safepoint "Cleanup", Time since last: 3001050069 ns, Reaching safepoint: 385176 ns, At safepoint: 21671 ns, Total: 406847 ns
[2022-05-30T01:40:48.011+0000][7][safepoint   ] Safepoint "Cleanup", Time since last: 1000608019 ns, Reaching safepoint: 288631 ns, At safepoint: 8646 ns, Total: 297277 ns
[2022-05-30T01:40:50.012+0000][7][safepoint   ] Safepoint "Cleanup", Time since last: 2000929171 ns, Reaching safepoint: 510735 ns, At safepoint: 18515 ns, Total: 529250 ns
[2022-05-30T01:40:53.014+0000][7][safepoint   ] Safepoint "Cleanup", Time since last: 3001130473 ns, Reaching safepoint: 357071 ns, At safepoint: 32102 ns, Total: 389173 ns
[2022-05-30T01:40:54.015+0000][7][safepoint   ] Safepoint "Cleanup", Time since last: 1000743376 ns, Reaching safepoint: 427506 ns, At safepoint: 14538 ns, Total: 442044 ns
[2022-05-30T01:40:59.017+0000][7][safepoint   ] Safepoint "Cleanup", Time since last: 5001365238 ns, Reaching safepoint: 298960 ns, At safepoint: 12234 ns, Total: 311194 ns
[2022-05-30T01:41:14.238+0000][7][safepoint   ] Safepoint "Cleanup", Time since last: 15002713972 ns, Reaching safepoint: 438507 ns, At safepoint: 19747 ns, Total: 458254 ns
[2022-05-30T01:41:18.240+0000][7][safepoint   ] Safepoint "Cleanup", Time since last: 4001337817 ns, Reaching safepoint: 413018 ns, At safepoint: 15490 ns, Total: 428508 ns
[2022-05-30T01:41:29.243+0000][7][safepoint   ] Safepoint "Cleanup", Time since last: 11002160865 ns, Reaching safepoint: 416675 ns, At safepoint: 44565 ns, Total: 461240 ns
[2022-05-30T01:41:33.244+0000][7][safepoint   ] Safepoint "Cleanup", Time since last: 4001136617 ns, Reaching safepoint: 409181 ns, At safepoint: 29867 ns, Total: 439048 ns
[2022-05-30T01:41:36.121+0000][7][safepoint   ] Safepoint "Cleanup", Time since last: 3059806444 ns, Reaching safepoint: 405144 ns, At safepoint: 17543 ns, Total: 422687 ns
[2022-05-30T01:41:38.123+0000][7][safepoint   ] Safepoint "Cleanup", Time since last: 2001012627 ns, Reaching safepoint: 499273 ns, At safepoint: 18165 ns, Total: 517438 ns
[2022-05-30T01:41:42.124+0000][7][safepoint   ] Safepoint "Cleanup", Time since last: 4001316949 ns, Reaching safepoint: 283191 ns, At safepoint: 11782 ns, Total: 294973 ns
[2022-05-30T01:41:43.126+0000][7][safepoint   ] Safepoint "Cleanup", Time since last: 1000605374 ns, Reaching safepoint: 503621 ns, At safepoint: 33955 ns, Total: 537576 ns
[2022-05-30T01:41:48.096+0000][7][gc,start    ] GC(43) Pause Young (Normal) (G1 Evacuation Pause)
[2022-05-30T01:41:48.096+0000][7][gc,task     ] GC(43) Using 8 workers of 8 for evacuation
[2022-05-30T01:41:48.096+0000][7][gc,age      ] GC(43) Desired survivor size 18874368 bytes, new threshold 15 (max threshold 15)
[2022-05-30T01:41:48.102+0000][7][gc,phases   ] GC(43)   Pre Evacuate Collection Set: 0.4ms
[2022-05-30T01:41:48.103+0000][7][gc,phases   ] GC(43)   Merge Heap Roots: 0.3ms
[2022-05-30T01:41:48.103+0000][7][gc,phases   ] GC(43)   Evacuate Collection Set: 3.2ms
[2022-05-30T01:41:48.103+0000][7][gc,phases   ] GC(43)   Post Evacuate Collection Set: 1.5ms
[2022-05-30T01:41:48.104+0000][7][gc,phases   ] GC(43)   Other: 0.8ms
[2022-05-30T01:41:48.104+0000][7][gc,age      ] GC(43) Age table with threshold 15 (max threshold 15)
[2022-05-30T01:41:48.104+0000][7][gc,age      ] GC(43) - age   1:    1075072 bytes,    1075072 total
[2022-05-30T01:41:48.105+0000][7][gc,age      ] GC(43) - age   2:     712592 bytes,    1787664 total
[2022-05-30T01:41:48.105+0000][7][gc,age      ] GC(43) - age   3:      35480 bytes,    1823144 total
[2022-05-30T01:41:48.105+0000][7][gc,age      ] GC(43) - age   4:      45992 bytes,    1869136 total
[2022-05-30T01:41:48.105+0000][7][gc,age      ] GC(43) - age   5:     149040 bytes,    2018176 total
[2022-05-30T01:41:48.106+0000][7][gc,age      ] GC(43) - age   6:      62304 bytes,    2080480 total
[2022-05-30T01:41:48.106+0000][7][gc,age      ] GC(43) - age   7:      10176 bytes,    2090656 total
[2022-05-30T01:41:48.106+0000][7][gc,age      ] GC(43) - age   8:       9160 bytes,    2099816 total
[2022-05-30T01:41:48.106+0000][7][gc,age      ] GC(43) - age   9:      15440 bytes,    2115256 total
[2022-05-30T01:41:48.107+0000][7][gc,age      ] GC(43) - age  10:      15616 bytes,    2130872 total
[2022-05-30T01:41:48.107+0000][7][gc,age      ] GC(43) - age  11:      12760 bytes,    2143632 total
[2022-05-30T01:41:48.107+0000][7][gc,age      ] GC(43) - age  12:     137048 bytes,    2280680 total
[2022-05-30T01:41:48.108+0000][7][gc,age      ] GC(43) - age  13:     138784 bytes,    2419464 total
[2022-05-30T01:41:48.108+0000][7][gc,age      ] GC(43) - age  14:     328752 bytes,    2748216 total
[2022-05-30T01:41:48.108+0000][7][gc,age      ] GC(43) - age  15:      62088 bytes,    2810304 total
[2022-05-30T01:41:48.108+0000][7][gc,heap     ] GC(43) Eden regions: 66->0(67)
[2022-05-30T01:41:48.109+0000][7][gc,heap     ] GC(43) Survivor regions: 1->1(9)
[2022-05-30T01:41:48.109+0000][7][gc,heap     ] GC(43) Old regions: 34->34
[2022-05-30T01:41:48.109+0000][7][gc,heap     ] GC(43) Archive regions: 2->2
[2022-05-30T01:41:48.109+0000][7][gc,heap     ] GC(43) Humongous regions: 2->2
[2022-05-30T01:41:48.110+0000][7][gc,metaspace] GC(43) Metaspace: 132140K(135744K)->132140K(135744K) NonClass: 114589K(116480K)->114589K(116480K) Class: 17551K(19264K)->17551K(19264K)
[2022-05-30T01:41:48.110+0000][7][gc          ] GC(43) Pause Young (Normal) (G1 Evacuation Pause) 411M->147M(512M) 14.297ms
[2022-05-30T01:41:48.110+0000][7][gc,cpu      ] GC(43) User=0.03s Sys=0.00s Real=0.02s
[2022-05-30T01:41:48.111+0000][7][safepoint   ] Safepoint "G1CollectForAllocation", Time since last: 4969712199 ns, Reaching safepoint: 346792 ns, At safepoint: 15040892 ns, Total: 15387684 ns
[2022-05-30T01:41:50.112+0000][7][safepoint   ] Safepoint "Cleanup", Time since last: 2000710767 ns, Reaching safepoint: 426224 ns, At safepoint: 57480 ns, Total: 483704 ns
[2022-05-30T01:41:53.113+0000][7][safepoint   ] Safepoint "Cleanup", Time since last: 3001054494 ns, Reaching safepoint: 461942 ns, At safepoint: 94811 ns, Total: 556753 ns
[2022-05-30T01:41:55.115+0000][7][safepoint   ] Safepoint "Cleanup", Time since last: 2000743414 ns, Reaching safepoint: 410333 ns, At safepoint: 81916 ns, Total: 492249 ns
[2022-05-30T01:42:00.117+0000][7][safepoint   ] Safepoint "Cleanup", Time since last: 5001351892 ns, Reaching safepoint: 428338 ns, At safepoint: 14818 ns, Total: 443156 ns
[2022-05-30T01:42:18.085+0000][7][safepoint   ] Safepoint "Cleanup", Time since last: 18003497993 ns, Reaching safepoint: 516306 ns, At safepoint: 41860 ns, Total: 558166 ns
[2022-05-30T01:42:25.087+0000][7][safepoint   ] Safepoint "Cleanup", Time since last: 7001873654 ns, Reaching safepoint: 569751 ns, At safepoint: 117124 ns, Total: 686875 ns
[2022-05-30T01:42:27.091+0000][7][safepoint   ] Safepoint "Cleanup", Time since last: 2003182081 ns, Reaching safepoint: 339738 ns, At safepoint: 27923 ns, Total: 367661 ns
[2022-05-30T01:42:29.155+0000][7][safepoint   ] Safepoint "Cleanup", Time since last: 2063597622 ns, Reaching safepoint: 382961 ns, At safepoint: 71587 ns, Total: 454548 ns
[2022-05-30T01:42:30.156+0000][7][safepoint   ] Safepoint "Cleanup", Time since last: 1000915740 ns, Reaching safepoint: 262641 ns, At safepoint: 28926 ns, Total: 291567 ns
[2022-05-30T01:42:32.157+0000][7][safepoint   ] Safepoint "Cleanup", Time since last: 2000714345 ns, Reaching safepoint: 444528 ns, At safepoint: 30499 ns, Total: 475027 ns
[2022-05-30T01:42:33.158+0000][7][safepoint   ] Safepoint "Cleanup", Time since last: 1000611099 ns, Reaching safepoint: 356541 ns, At safepoint: 17954 ns, Total: 374495 ns
[2022-05-30T01:42:36.159+0000][7][safepoint   ] Safepoint "Cleanup", Time since last: 3001025889 ns, Reaching safepoint: 453246 ns, At safepoint: 16962 ns, Total: 470208 ns
[2022-05-30T01:42:48.162+0000][7][safepoint   ] Safepoint "Cleanup", Time since last: 12002390049 ns, Reaching safepoint: 342564 ns, At safepoint: 25959 ns, Total: 368523 ns
[2022-05-30T01:42:53.164+0000][7][safepoint   ] Safepoint "Cleanup", Time since last: 5001418319 ns, Reaching safepoint: 354116 ns, At safepoint: 23855 ns, Total: 377971 ns
[2022-05-30T01:42:54.185+0000][7][safepoint   ] Safepoint "Cleanup", Time since last: 1020825409 ns, Reaching safepoint: 455249 ns, At safepoint: 12594 ns, Total: 467843 ns
[2022-05-30T01:43:11.495+0000][7][gc,start    ] GC(44) Pause Young (Normal) (G1 Evacuation Pause)
[2022-05-30T01:43:11.495+0000][7][gc,task     ] GC(44) Using 8 workers of 8 for evacuation
[2022-05-30T01:43:11.495+0000][7][gc,age      ] GC(44) Desired survivor size 18874368 bytes, new threshold 15 (max threshold 15)
[2022-05-30T01:43:11.503+0000][7][gc,phases   ] GC(44)   Pre Evacuate Collection Set: 0.4ms
[2022-05-30T01:43:11.503+0000][7][gc,phases   ] GC(44)   Merge Heap Roots: 0.2ms
[2022-05-30T01:43:11.504+0000][7][gc,phases   ] GC(44)   Evacuate Collection Set: 4.5ms
[2022-05-30T01:43:11.504+0000][7][gc,phases   ] GC(44)   Post Evacuate Collection Set: 1.6ms
[2022-05-30T01:43:11.504+0000][7][gc,phases   ] GC(44)   Other: 0.8ms
[2022-05-30T01:43:11.505+0000][7][gc,age      ] GC(44) Age table with threshold 15 (max threshold 15)
[2022-05-30T01:43:11.505+0000][7][gc,age      ] GC(44) - age   1:    2116000 bytes,    2116000 total
[2022-05-30T01:43:11.506+0000][7][gc,age      ] GC(44) - age   2:       8048 bytes,    2124048 total
[2022-05-30T01:43:11.506+0000][7][gc,age      ] GC(44) - age   3:     711744 bytes,    2835792 total
[2022-05-30T01:43:11.506+0000][7][gc,age      ] GC(44) - age   4:      34688 bytes,    2870480 total
[2022-05-30T01:43:11.507+0000][7][gc,age      ] GC(44) - age   5:      37912 bytes,    2908392 total
[2022-05-30T01:43:11.507+0000][7][gc,age      ] GC(44) - age   6:     149040 bytes,    3057432 total
[2022-05-30T01:43:11.508+0000][7][gc,age      ] GC(44) - age   7:      62304 bytes,    3119736 total
[2022-05-30T01:43:11.508+0000][7][gc,age      ] GC(44) - age   8:      10176 bytes,    3129912 total
[2022-05-30T01:43:11.508+0000][7][gc,age      ] GC(44) - age   9:       9160 bytes,    3139072 total
[2022-05-30T01:43:11.508+0000][7][gc,age      ] GC(44) - age  10:      15440 bytes,    3154512 total
[2022-05-30T01:43:11.509+0000][7][gc,age      ] GC(44) - age  11:      15616 bytes,    3170128 total
[2022-05-30T01:43:11.509+0000][7][gc,age      ] GC(44) - age  12:      12184 bytes,    3182312 total
[2022-05-30T01:43:11.509+0000][7][gc,age      ] GC(44) - age  13:     136072 bytes,    3318384 total
[2022-05-30T01:43:11.510+0000][7][gc,age      ] GC(44) - age  14:     138784 bytes,    3457168 total
[2022-05-30T01:43:11.510+0000][7][gc,age      ] GC(44) - age  15:     328568 bytes,    3785736 total
[2022-05-30T01:43:11.510+0000][7][gc,heap     ] GC(44) Eden regions: 67->0(67)
[2022-05-30T01:43:11.511+0000][7][gc,heap     ] GC(44) Survivor regions: 1->1(9)
[2022-05-30T01:43:11.511+0000][7][gc,heap     ] GC(44) Old regions: 34->34
[2022-05-30T01:43:11.511+0000][7][gc,heap     ] GC(44) Archive regions: 2->2
[2022-05-30T01:43:11.512+0000][7][gc,heap     ] GC(44) Humongous regions: 2->2
[2022-05-30T01:43:11.512+0000][7][gc,metaspace] GC(44) Metaspace: 132187K(135744K)->132187K(135744K) NonClass: 114636K(116480K)->114636K(116480K) Class: 17551K(19264K)->17551K(19264K)
[2022-05-30T01:43:11.512+0000][7][gc          ] GC(44) Pause Young (Normal) (G1 Evacuation Pause) 415M->148M(512M) 17.728ms
[2022-05-30T01:43:11.513+0000][7][gc,cpu      ] GC(44) User=0.02s Sys=0.01s Real=0.02s
[2022-05-30T01:43:11.513+0000][7][safepoint   ] Safepoint "G1CollectForAllocation", Time since last: 17215146129 ns, Reaching safepoint: 342865 ns, At safepoint: 18634104 ns, Total: 18976969 ns
[2022-05-30T01:43:12.514+0000][7][safepoint   ] Safepoint "Cleanup", Time since last: 1000650892 ns, Reaching safepoint: 346492 ns, At safepoint: 21190 ns, Total: 367682 ns
[2022-05-30T01:43:32.519+0000][7][safepoint   ] Safepoint "Cleanup", Time since last: 20004865941 ns, Reaching safepoint: 379484 ns, At safepoint: 68070 ns, Total: 447554 ns
[2022-05-30T01:43:38.614+0000][7][safepoint   ] Safepoint "Cleanup", Time since last: 6002578493 ns, Reaching safepoint: 447033 ns, At safepoint: 37021 ns, Total: 484054 ns
[2022-05-30T01:43:41.047+0000][7][safepoint   ] Safepoint "Cleanup", Time since last: 2433402352 ns, Reaching safepoint: 452815 ns, At safepoint: 62850 ns, Total: 515665 ns
[2022-05-30T01:43:42.050+0000][7][safepoint   ] Safepoint "Cleanup", Time since last: 1001875491 ns, Reaching safepoint: 407477 ns, At safepoint: 51419 ns, Total: 458896 ns
[2022-05-30T01:43:43.095+0000][7][safepoint   ] Safepoint "Cleanup", Time since last: 1044951198 ns, Reaching safepoint: 341812 ns, At safepoint: 14558 ns, Total: 356370 ns
[2022-05-30T01:43:44.104+0000][7][safepoint   ] Safepoint "Cleanup", Time since last: 1008774846 ns, Reaching safepoint: 357854 ns, At safepoint: 21881 ns, Total: 379735 ns
[2022-05-30T01:43:47.108+0000][7][safepoint   ] Safepoint "Cleanup", Time since last: 3003201299 ns, Reaching safepoint: 470488 ns, At safepoint: 32803 ns, Total: 503291 ns
[2022-05-30T01:43:50.117+0000][7][safepoint   ] Safepoint "Cleanup", Time since last: 3008974707 ns, Reaching safepoint: 384524 ns, At safepoint: 34526 ns, Total: 419050 ns
[2022-05-30T01:43:51.128+0000][7][safepoint   ] Safepoint "Cleanup", Time since last: 1010032730 ns, Reaching safepoint: 482311 ns, At safepoint: 47761 ns, Total: 530072 ns
[2022-05-30T01:43:52.131+0000][7][safepoint   ] Safepoint "Cleanup", Time since last: 1002291986 ns, Reaching safepoint: 440551 ns, At safepoint: 31641 ns, Total: 472192 ns
[2022-05-30T01:43:53.137+0000][7][safepoint   ] Safepoint "Cleanup", Time since last: 1005246133 ns, Reaching safepoint: 650191 ns, At safepoint: 51378 ns, Total: 701569 ns
[2022-05-30T01:43:56.329+0000][7][safepoint   ] Safepoint "Cleanup", Time since last: 3191910130 ns, Reaching safepoint: 335000 ns, At safepoint: 25328 ns, Total: 360328 ns
[2022-05-30T01:43:57.334+0000][7][safepoint   ] Safepoint "Cleanup", Time since last: 1004498725 ns, Reaching safepoint: 389193 ns, At safepoint: 55997 ns, Total: 445190 ns
[2022-05-30T01:44:06.152+0000][7][safepoint   ] Safepoint "Cleanup", Time since last: 9002340429 ns, Reaching safepoint: 493902 ns, At safepoint: 15480 ns, Total: 509382 ns
[2022-05-30T01:44:13.154+0000][7][safepoint   ] Safepoint "Cleanup", Time since last: 7001734512 ns, Reaching safepoint: 406326 ns, At safepoint: 37411 ns, Total: 443737 ns
[2022-05-30T01:44:18.156+0000][7][safepoint   ] Safepoint "Cleanup", Time since last: 5001590825 ns, Reaching safepoint: 476339 ns, At safepoint: 39917 ns, Total: 516256 ns
[2022-05-30T01:44:20.159+0000][7][safepoint   ] Safepoint "Cleanup", Time since last: 2001742565 ns, Reaching safepoint: 365418 ns, At safepoint: 47781 ns, Total: 413199 ns
[2022-05-30T01:44:23.170+0000][7][safepoint   ] Safepoint "Cleanup", Time since last: 3010969034 ns, Reaching safepoint: 367833 ns, At safepoint: 31169 ns, Total: 399002 ns
[2022-05-30T01:44:30.175+0000][7][safepoint   ] Safepoint "Cleanup", Time since last: 7004359269 ns, Reaching safepoint: 356030 ns, At safepoint: 22332 ns, Total: 378362 ns
[2022-05-30T01:44:36.215+0000][7][gc,start    ] GC(45) Pause Young (Normal) (G1 Evacuation Pause)
[2022-05-30T01:44:36.216+0000][7][gc,task     ] GC(45) Using 8 workers of 8 for evacuation
[2022-05-30T01:44:36.217+0000][7][gc,age      ] GC(45) Desired survivor size 18874368 bytes, new threshold 15 (max threshold 15)
[2022-05-30T01:44:36.235+0000][7][gc,phases   ] GC(45)   Pre Evacuate Collection Set: 0.4ms
[2022-05-30T01:44:36.235+0000][7][gc,phases   ] GC(45)   Merge Heap Roots: 0.3ms
[2022-05-30T01:44:36.236+0000][7][gc,phases   ] GC(45)   Evacuate Collection Set: 13.8ms
[2022-05-30T01:44:36.237+0000][7][gc,phases   ] GC(45)   Post Evacuate Collection Set: 2.4ms
[2022-05-30T01:44:36.238+0000][7][gc,phases   ] GC(45)   Other: 1.5ms
[2022-05-30T01:44:36.238+0000][7][gc,age      ] GC(45) Age table with threshold 15 (max threshold 15)
[2022-05-30T01:44:36.241+0000][7][gc,age      ] GC(45) - age   1:    1735320 bytes,    1735320 total
[2022-05-30T01:44:36.241+0000][7][gc,age      ] GC(45) - age   2:      79848 bytes,    1815168 total
[2022-05-30T01:44:36.242+0000][7][gc,age      ] GC(45) - age   3:       5960 bytes,    1821128 total
[2022-05-30T01:44:36.243+0000][7][gc,age      ] GC(45) - age   4:     703432 bytes,    2524560 total
[2022-05-30T01:44:36.243+0000][7][gc,age      ] GC(45) - age   5:      17104 bytes,    2541664 total
[2022-05-30T01:44:36.244+0000][7][gc,age      ] GC(45) - age   6:      17704 bytes,    2559368 total
[2022-05-30T01:44:36.245+0000][7][gc,age      ] GC(45) - age   7:      91632 bytes,    2651000 total
[2022-05-30T01:44:36.245+0000][7][gc,age      ] GC(45) - age   8:      28464 bytes,    2679464 total
[2022-05-30T01:44:36.246+0000][7][gc,age      ] GC(45) - age   9:      10176 bytes,    2689640 total
[2022-05-30T01:44:36.246+0000][7][gc,age      ] GC(45) - age  10:       9160 bytes,    2698800 total
[2022-05-30T01:44:36.247+0000][7][gc,age      ] GC(45) - age  11:      15440 bytes,    2714240 total
[2022-05-30T01:44:36.247+0000][7][gc,age      ] GC(45) - age  12:      15232 bytes,    2729472 total
[2022-05-30T01:44:36.248+0000][7][gc,age      ] GC(45) - age  13:      11992 bytes,    2741464 total
[2022-05-30T01:44:36.249+0000][7][gc,age      ] GC(45) - age  14:     134480 bytes,    2875944 total
[2022-05-30T01:44:36.252+0000][7][gc,age      ] GC(45) - age  15:     137536 bytes,    3013480 total
[2022-05-30T01:44:36.255+0000][7][gc,heap     ] GC(45) Eden regions: 67->0(67)
[2022-05-30T01:44:36.258+0000][7][gc,heap     ] GC(45) Survivor regions: 1->1(9)
[2022-05-30T01:44:36.258+0000][7][gc,heap     ] GC(45) Old regions: 34->34
[2022-05-30T01:44:36.259+0000][7][gc,heap     ] GC(45) Archive regions: 2->2
[2022-05-30T01:44:36.260+0000][7][gc,heap     ] GC(45) Humongous regions: 2->2
[2022-05-30T01:44:36.260+0000][7][gc,metaspace] GC(45) Metaspace: 132222K(135808K)->132222K(135808K) NonClass: 114670K(116544K)->114670K(116544K) Class: 17551K(19264K)->17551K(19264K)
[2022-05-30T01:44:36.261+0000][7][gc          ] GC(45) Pause Young (Normal) (G1 Evacuation Pause) 416M->148M(512M) 45.631ms
[2022-05-30T01:44:36.262+0000][7][gc,cpu      ] GC(45) User=0.04s Sys=0.02s Real=0.05s
[2022-05-30T01:44:36.263+0000][7][safepoint   ] Safepoint "G1CollectForAllocation", Time since last: 5716194381 ns, Reaching safepoint: 356510 ns, At safepoint: 47438892 ns, Total: 47795402 ns
[2022-05-30T01:44:41.265+0000][7][safepoint   ] Safepoint "Cleanup", Time since last: 5002040041 ns, Reaching safepoint: 357653 ns, At safepoint: 24306 ns, Total: 381959 ns
[2022-05-30T01:44:42.631+0000][7][safepoint   ] Safepoint "Cleanup", Time since last: 1365376927 ns, Reaching safepoint: 516386 ns, At safepoint: 40918 ns, Total: 557304 ns
[2022-05-30T01:44:51.639+0000][7][safepoint   ] Safepoint "Cleanup", Time since last: 9007257458 ns, Reaching safepoint: 426003 ns, At safepoint: 35137 ns, Total: 461140 ns
[2022-05-30T01:44:53.641+0000][7][safepoint   ] Safepoint "Cleanup", Time since last: 2001249620 ns, Reaching safepoint: 415534 ns, At safepoint: 34776 ns, Total: 450310 ns
[2022-05-30T01:44:56.646+0000][7][safepoint   ] Safepoint "Cleanup", Time since last: 3004576231 ns, Reaching safepoint: 356551 ns, At safepoint: 25969 ns, Total: 382520 ns
[2022-05-30T01:44:57.647+0000][7][safepoint   ] Safepoint "Cleanup", Time since last: 1001072880 ns, Reaching safepoint: 378322 ns, At safepoint: 22042 ns, Total: 400364 ns
[2022-05-30T01:45:03.649+0000][7][safepoint   ] Safepoint "Cleanup", Time since last: 6001798613 ns, Reaching safepoint: 327896 ns, At safepoint: 25038 ns, Total: 352934 ns
[2022-05-30T01:45:08.532+0000][7][safepoint   ] Safepoint "Cleanup", Time since last: 5050485544 ns, Reaching safepoint: 384585 ns, At safepoint: 28093 ns, Total: 412678 ns
[2022-05-30T01:45:31.538+0000][7][safepoint   ] Safepoint "Cleanup", Time since last: 23004907304 ns, Reaching safepoint: 458996 ns, At safepoint: 32602 ns, Total: 491598 ns
[2022-05-30T01:45:45.384+0000][7][safepoint   ] Safepoint "Cleanup", Time since last: 14003219780 ns, Reaching safepoint: 444198 ns, At safepoint: 27813 ns, Total: 472011 ns
[2022-05-30T01:45:47.386+0000][7][safepoint   ] Safepoint "Cleanup", Time since last: 2001169773 ns, Reaching safepoint: 398060 ns, At safepoint: 20620 ns, Total: 418680 ns
[2022-05-30T01:45:52.414+0000][7][safepoint   ] Safepoint "Cleanup", Time since last: 5028291366 ns, Reaching safepoint: 373183 ns, At safepoint: 57460 ns, Total: 430643 ns
[2022-05-30T01:45:52.872+0000][7][gc,start    ] GC(46) Pause Young (Normal) (G1 Evacuation Pause)
[2022-05-30T01:45:52.873+0000][7][gc,task     ] GC(46) Using 8 workers of 8 for evacuation
[2022-05-30T01:45:52.873+0000][7][gc,age      ] GC(46) Desired survivor size 18874368 bytes, new threshold 15 (max threshold 15)
[2022-05-30T01:45:52.881+0000][7][gc,phases   ] GC(46)   Pre Evacuate Collection Set: 0.5ms
[2022-05-30T01:45:52.881+0000][7][gc,phases   ] GC(46)   Merge Heap Roots: 0.3ms
[2022-05-30T01:45:52.882+0000][7][gc,phases   ] GC(46)   Evacuate Collection Set: 3.5ms
[2022-05-30T01:45:52.882+0000][7][gc,phases   ] GC(46)   Post Evacuate Collection Set: 2.1ms
[2022-05-30T01:45:52.883+0000][7][gc,phases   ] GC(46)   Other: 1.6ms
[2022-05-30T01:45:52.883+0000][7][gc,age      ] GC(46) Age table with threshold 15 (max threshold 15)
[2022-05-30T01:45:52.884+0000][7][gc,age      ] GC(46) - age   1:    1730216 bytes,    1730216 total
[2022-05-30T01:45:52.884+0000][7][gc,age      ] GC(46) - age   2:     137456 bytes,    1867672 total
[2022-05-30T01:45:52.885+0000][7][gc,age      ] GC(46) - age   3:      61448 bytes,    1929120 total
[2022-05-30T01:45:52.885+0000][7][gc,age      ] GC(46) - age   4:       5584 bytes,    1934704 total
[2022-05-30T01:45:52.886+0000][7][gc,age      ] GC(46) - age   5:     683112 bytes,    2617816 total
[2022-05-30T01:45:52.886+0000][7][gc,age      ] GC(46) - age   6:      17040 bytes,    2634856 total
[2022-05-30T01:45:52.887+0000][7][gc,age      ] GC(46) - age   7:      17672 bytes,    2652528 total
[2022-05-30T01:45:52.887+0000][7][gc,age      ] GC(46) - age   8:      91304 bytes,    2743832 total
[2022-05-30T01:45:52.888+0000][7][gc,age      ] GC(46) - age   9:      28432 bytes,    2772264 total
[2022-05-30T01:45:52.888+0000][7][gc,age      ] GC(46) - age  10:      10176 bytes,    2782440 total
[2022-05-30T01:45:52.888+0000][7][gc,age      ] GC(46) - age  11:       9160 bytes,    2791600 total
[2022-05-30T01:45:52.889+0000][7][gc,age      ] GC(46) - age  12:      15440 bytes,    2807040 total
[2022-05-30T01:45:52.890+0000][7][gc,age      ] GC(46) - age  13:      15232 bytes,    2822272 total
[2022-05-30T01:45:52.890+0000][7][gc,age      ] GC(46) - age  14:      11992 bytes,    2834264 total
[2022-05-30T01:45:52.891+0000][7][gc,age      ] GC(46) - age  15:     134480 bytes,    2968744 total
[2022-05-30T01:45:52.891+0000][7][gc,heap     ] GC(46) Eden regions: 67->0(67)
[2022-05-30T01:45:52.892+0000][7][gc,heap     ] GC(46) Survivor regions: 1->1(9)
[2022-05-30T01:45:52.893+0000][7][gc,heap     ] GC(46) Old regions: 34->34
[2022-05-30T01:45:52.893+0000][7][gc,heap     ] GC(46) Archive regions: 2->2
[2022-05-30T01:45:52.894+0000][7][gc,heap     ] GC(46) Humongous regions: 2->2
[2022-05-30T01:45:52.894+0000][7][gc,metaspace] GC(46) Metaspace: 132243K(135808K)->132243K(135808K) NonClass: 114692K(116544K)->114692K(116544K) Class: 17551K(19264K)->17551K(19264K)
[2022-05-30T01:45:52.895+0000][7][gc          ] GC(46) Pause Young (Normal) (G1 Evacuation Pause) 416M->148M(512M) 22.932ms
[2022-05-30T01:45:52.895+0000][7][gc,cpu      ] GC(46) User=0.02s Sys=0.01s Real=0.02s
[2022-05-30T01:45:52.896+0000][7][safepoint   ] Safepoint "G1CollectForAllocation", Time since last: 456832450 ns, Reaching safepoint: 385185 ns, At safepoint: 24099822 ns, Total: 24485007 ns
[2022-05-30T01:45:53.898+0000][7][safepoint   ] Safepoint "Cleanup", Time since last: 1001294344 ns, Reaching safepoint: 432876 ns, At safepoint: 22243 ns, Total: 455119 ns
[2022-05-30T01:45:55.272+0000][7][safepoint   ] Safepoint "Cleanup", Time since last: 1373860175 ns, Reaching safepoint: 437926 ns, At safepoint: 37531 ns, Total: 475457 ns
[2022-05-30T01:45:57.273+0000][7][safepoint   ] Safepoint "Cleanup", Time since last: 2001204817 ns, Reaching safepoint: 371268 ns, At safepoint: 23395 ns, Total: 394663 ns
[2022-05-30T01:46:05.276+0000][7][safepoint   ] Safepoint "Cleanup", Time since last: 8002394157 ns, Reaching safepoint: 438747 ns, At safepoint: 29066 ns, Total: 467813 ns
[2022-05-30T01:46:15.280+0000][7][safepoint   ] Safepoint "Cleanup", Time since last: 10002874312 ns, Reaching safepoint: 531224 ns, At safepoint: 46799 ns, Total: 578023 ns
[2022-05-30T01:46:20.283+0000][7][safepoint   ] Safepoint "Cleanup", Time since last: 5002081038 ns, Reaching safepoint: 683946 ns, At safepoint: 48553 ns, Total: 732499 ns
[2022-05-30T01:46:21.284+0000][7][safepoint   ] Safepoint "Cleanup", Time since last: 1000778116 ns, Reaching safepoint: 354046 ns, At safepoint: 29596 ns, Total: 383642 ns
[2022-05-30T01:46:26.293+0000][7][safepoint   ] Safepoint "Cleanup", Time since last: 5008265589 ns, Reaching safepoint: 550660 ns, At safepoint: 58081 ns, Total: 608741 ns
[2022-05-30T01:46:29.295+0000][7][safepoint   ] Safepoint "Cleanup", Time since last: 3001156675 ns, Reaching safepoint: 511596 ns, At safepoint: 44074 ns, Total: 555670 ns
[2022-05-30T01:46:37.298+0000][7][safepoint   ] Safepoint "Cleanup", Time since last: 8002405174 ns, Reaching safepoint: 298009 ns, At safepoint: 15129 ns, Total: 313138 ns
[2022-05-30T01:46:38.299+0000][7][safepoint   ] Safepoint "Cleanup", Time since last: 1000735116 ns, Reaching safepoint: 355879 ns, At safepoint: 40217 ns, Total: 396096 ns
[2022-05-30T01:46:40.300+0000][7][safepoint   ] Safepoint "Cleanup", Time since last: 2000930149 ns, Reaching safepoint: 336393 ns, At safepoint: 31390 ns, Total: 367783 ns
[2022-05-30T01:46:44.302+0000][7][safepoint   ] Safepoint "Cleanup", Time since last: 4001317046 ns, Reaching safepoint: 362082 ns, At safepoint: 63130 ns, Total: 425212 ns
[2022-05-30T01:46:53.305+0000][7][safepoint   ] Safepoint "Cleanup", Time since last: 9002359406 ns, Reaching safepoint: 442445 ns, At safepoint: 36349 ns, Total: 478794 ns
[2022-05-30T01:46:56.908+0000][7][safepoint   ] Safepoint "Cleanup", Time since last: 3602453583 ns, Reaching safepoint: 411507 ns, At safepoint: 93128 ns, Total: 504635 ns
[2022-05-30T01:46:57.909+0000][7][safepoint   ] Safepoint "Cleanup", Time since last: 1000955381 ns, Reaching safepoint: 327505 ns, At safepoint: 16782 ns, Total: 344287 ns
[2022-05-30T01:46:59.210+0000][7][safepoint   ] Safepoint "Cleanup", Time since last: 1300322015 ns, Reaching safepoint: 283842 ns, At safepoint: 13416 ns, Total: 297258 ns
[2022-05-30T01:47:11.213+0000][7][safepoint   ] Safepoint "Cleanup", Time since last: 12002942627 ns, Reaching safepoint: 396828 ns, At safepoint: 33614 ns, Total: 430442 ns
[2022-05-30T01:47:20.474+0000][7][gc,start    ] GC(47) Pause Young (Normal) (G1 Evacuation Pause)
[2022-05-30T01:47:20.475+0000][7][gc,task     ] GC(47) Using 8 workers of 8 for evacuation
[2022-05-30T01:47:20.476+0000][7][gc,age      ] GC(47) Desired survivor size 18874368 bytes, new threshold 15 (max threshold 15)
[2022-05-30T01:47:20.485+0000][7][gc,phases   ] GC(47)   Pre Evacuate Collection Set: 0.5ms
[2022-05-30T01:47:20.487+0000][7][gc,phases   ] GC(47)   Merge Heap Roots: 0.3ms
[2022-05-30T01:47:20.489+0000][7][gc,phases   ] GC(47)   Evacuate Collection Set: 4.1ms
[2022-05-30T01:47:20.490+0000][7][gc,phases   ] GC(47)   Post Evacuate Collection Set: 3.1ms
[2022-05-30T01:47:20.491+0000][7][gc,phases   ] GC(47)   Other: 1.6ms
[2022-05-30T01:47:20.492+0000][7][gc,age      ] GC(47) Age table with threshold 15 (max threshold 15)
[2022-05-30T01:47:20.493+0000][7][gc,age      ] GC(47) - age   1:    3488576 bytes,    3488576 total
[2022-05-30T01:47:20.494+0000][7][gc,age      ] GC(47) - age   2:     258664 bytes,    3747240 total
[2022-05-30T01:47:20.495+0000][7][gc,age      ] GC(47) - age   3:     135512 bytes,    3882752 total
[2022-05-30T01:47:20.496+0000][7][gc,age      ] GC(47) - age   4:      60952 bytes,    3943704 total
[2022-05-30T01:47:20.496+0000][7][gc,age      ] GC(47) - age   5:       5552 bytes,    3949256 total
[2022-05-30T01:47:20.497+0000][7][gc,age      ] GC(47) - age   6:     682832 bytes,    4632088 total
[2022-05-30T01:47:20.498+0000][7][gc,age      ] GC(47) - age   7:      17040 bytes,    4649128 total
[2022-05-30T01:47:20.499+0000][7][gc,age      ] GC(47) - age   8:      17488 bytes,    4666616 total
[2022-05-30T01:47:20.499+0000][7][gc,age      ] GC(47) - age   9:      91304 bytes,    4757920 total
[2022-05-30T01:47:20.500+0000][7][gc,age      ] GC(47) - age  10:      28432 bytes,    4786352 total
[2022-05-30T01:47:20.501+0000][7][gc,age      ] GC(47) - age  11:      10176 bytes,    4796528 total
[2022-05-30T01:47:20.502+0000][7][gc,age      ] GC(47) - age  12:       9160 bytes,    4805688 total
[2022-05-30T01:47:20.502+0000][7][gc,age      ] GC(47) - age  13:      15440 bytes,    4821128 total
[2022-05-30T01:47:20.506+0000][7][gc,age      ] GC(47) - age  14:      15232 bytes,    4836360 total
[2022-05-30T01:47:20.507+0000][7][gc,age      ] GC(47) - age  15:      11992 bytes,    4848352 total
[2022-05-30T01:47:20.508+0000][7][gc,heap     ] GC(47) Eden regions: 67->0(66)
[2022-05-30T01:47:20.508+0000][7][gc,heap     ] GC(47) Survivor regions: 1->2(9)
[2022-05-30T01:47:20.509+0000][7][gc,heap     ] GC(47) Old regions: 34->34
[2022-05-30T01:47:20.510+0000][7][gc,heap     ] GC(47) Archive regions: 2->2
[2022-05-30T01:47:20.510+0000][7][gc,heap     ] GC(47) Humongous regions: 2->2
[2022-05-30T01:47:20.511+0000][7][gc,metaspace] GC(47) Metaspace: 132261K(135808K)->132261K(135808K) NonClass: 114710K(116544K)->114710K(116544K) Class: 17551K(19264K)->17551K(19264K)
[2022-05-30T01:47:20.512+0000][7][gc          ] GC(47) Pause Young (Normal) (G1 Evacuation Pause) 416M->150M(512M) 37.464ms
[2022-05-30T01:47:20.513+0000][7][gc,cpu      ] GC(47) User=0.04s Sys=0.02s Real=0.04s
[2022-05-30T01:47:20.514+0000][7][safepoint   ] Safepoint "G1CollectForAllocation", Time since last: 9260775576 ns, Reaching safepoint: 386528 ns, At safepoint: 39313369 ns, Total: 39699897 ns
[2022-05-30T01:47:22.515+0000][7][safepoint   ] Safepoint "Cleanup", Time since last: 2001233938 ns, Reaching safepoint: 375778 ns, At safepoint: 63922 ns, Total: 439700 ns
[2022-05-30T01:47:23.516+0000][7][safepoint   ] Safepoint "Cleanup", Time since last: 1000725022 ns, Reaching safepoint: 399042 ns, At safepoint: 49284 ns, Total: 448326 ns
[2022-05-30T01:47:32.519+0000][7][safepoint   ] Safepoint "Cleanup", Time since last: 9002034410 ns, Reaching safepoint: 454779 ns, At safepoint: 38353 ns, Total: 493132 ns
[2022-05-30T01:47:38.521+0000][7][safepoint   ] Safepoint "Cleanup", Time since last: 6001489619 ns, Reaching safepoint: 430091 ns, At safepoint: 17423 ns, Total: 447514 ns
[2022-05-30T01:47:41.040+0000][7][safepoint   ] Safepoint "Cleanup", Time since last: 2518435802 ns, Reaching safepoint: 390366 ns, At safepoint: 35357 ns, Total: 425723 ns
[2022-05-30T01:47:51.042+0000][7][safepoint   ] Safepoint "Cleanup", Time since last: 10002435110 ns, Reaching safepoint: 333276 ns, At safepoint: 16943 ns, Total: 350219 ns
[2022-05-30T01:47:53.044+0000][7][safepoint   ] Safepoint "Cleanup", Time since last: 2000785200 ns, Reaching safepoint: 336322 ns, At safepoint: 16953 ns, Total: 353275 ns
[2022-05-30T01:47:56.045+0000][7][safepoint   ] Safepoint "Cleanup", Time since last: 3001119526 ns, Reaching safepoint: 325031 ns, At safepoint: 17834 ns, Total: 342865 ns
[2022-05-30T01:48:05.048+0000][7][safepoint   ] Safepoint "Cleanup", Time since last: 9002026822 ns, Reaching safepoint: 399292 ns, At safepoint: 43343 ns, Total: 442635 ns
[2022-05-30T01:48:23.052+0000][7][safepoint   ] Safepoint "Cleanup", Time since last: 18003912916 ns, Reaching safepoint: 507779 ns, At safepoint: 30499 ns, Total: 538278 ns
[2022-05-30T01:48:33.055+0000][7][safepoint   ] Safepoint "Cleanup", Time since last: 10002187297 ns, Reaching safepoint: 319029 ns, At safepoint: 21571 ns, Total: 340600 ns
[2022-05-30T01:48:39.056+0000][7][safepoint   ] Safepoint "Cleanup", Time since last: 6001858380 ns, Reaching safepoint: 411034 ns, At safepoint: 57079 ns, Total: 468113 ns
[2022-05-30T01:48:43.959+0000][7][gc,start    ] GC(48) Pause Young (Normal) (G1 Evacuation Pause)
[2022-05-30T01:48:43.960+0000][7][gc,task     ] GC(48) Using 8 workers of 8 for evacuation
[2022-05-30T01:48:43.960+0000][7][gc,age      ] GC(48) Desired survivor size 18874368 bytes, new threshold 15 (max threshold 15)
[2022-05-30T01:48:43.968+0000][7][gc,phases   ] GC(48)   Pre Evacuate Collection Set: 0.4ms
[2022-05-30T01:48:43.968+0000][7][gc,phases   ] GC(48)   Merge Heap Roots: 0.3ms
[2022-05-30T01:48:43.969+0000][7][gc,phases   ] GC(48)   Evacuate Collection Set: 3.7ms
[2022-05-30T01:48:43.969+0000][7][gc,phases   ] GC(48)   Post Evacuate Collection Set: 2.0ms
[2022-05-30T01:48:43.970+0000][7][gc,phases   ] GC(48)   Other: 1.1ms
[2022-05-30T01:48:43.970+0000][7][gc,age      ] GC(48) Age table with threshold 15 (max threshold 15)
[2022-05-30T01:48:43.971+0000][7][gc,age      ] GC(48) - age   1:     896368 bytes,     896368 total
[2022-05-30T01:48:43.971+0000][7][gc,age      ] GC(48) - age   2:    2085032 bytes,    2981400 total
[2022-05-30T01:48:43.972+0000][7][gc,age      ] GC(48) - age   3:     145016 bytes,    3126416 total
[2022-05-30T01:48:43.972+0000][7][gc,age      ] GC(48) - age   4:     135104 bytes,    3261520 total
[2022-05-30T01:48:43.973+0000][7][gc,age      ] GC(48) - age   5:      60920 bytes,    3322440 total
[2022-05-30T01:48:43.973+0000][7][gc,age      ] GC(48) - age   6:       5520 bytes,    3327960 total
[2022-05-30T01:48:43.974+0000][7][gc,age      ] GC(48) - age   7:     682768 bytes,    4010728 total
[2022-05-30T01:48:43.974+0000][7][gc,age      ] GC(48) - age   8:      17040 bytes,    4027768 total
[2022-05-30T01:48:43.975+0000][7][gc,age      ] GC(48) - age   9:      17488 bytes,    4045256 total
[2022-05-30T01:48:43.975+0000][7][gc,age      ] GC(48) - age  10:      91304 bytes,    4136560 total
[2022-05-30T01:48:43.976+0000][7][gc,age      ] GC(48) - age  11:      28432 bytes,    4164992 total
[2022-05-30T01:48:43.977+0000][7][gc,age      ] GC(48) - age  12:      10176 bytes,    4175168 total
[2022-05-30T01:48:43.977+0000][7][gc,age      ] GC(48) - age  13:       9160 bytes,    4184328 total
[2022-05-30T01:48:43.978+0000][7][gc,age      ] GC(48) - age  14:      15440 bytes,    4199768 total
[2022-05-30T01:48:43.978+0000][7][gc,age      ] GC(48) - age  15:      15232 bytes,    4215000 total
[2022-05-30T01:48:43.979+0000][7][gc,heap     ] GC(48) Eden regions: 66->0(66)
[2022-05-30T01:48:43.979+0000][7][gc,heap     ] GC(48) Survivor regions: 2->2(9)
[2022-05-30T01:48:43.980+0000][7][gc,heap     ] GC(48) Old regions: 34->34
[2022-05-30T01:48:43.983+0000][7][gc,heap     ] GC(48) Archive regions: 2->2
[2022-05-30T01:48:43.984+0000][7][gc,heap     ] GC(48) Humongous regions: 2->2
[2022-05-30T01:48:43.985+0000][7][gc,metaspace] GC(48) Metaspace: 132296K(135872K)->132296K(135872K) NonClass: 114744K(116608K)->114744K(116608K) Class: 17551K(19264K)->17551K(19264K)
[2022-05-30T01:48:43.986+0000][7][gc          ] GC(48) Pause Young (Normal) (G1 Evacuation Pause) 414M->149M(512M) 26.385ms
[2022-05-30T01:48:43.986+0000][7][gc,cpu      ] GC(48) User=0.03s Sys=0.01s Real=0.03s
[2022-05-30T01:48:43.988+0000][7][safepoint   ] Safepoint "G1CollectForAllocation", Time since last: 4902704824 ns, Reaching safepoint: 359075 ns, At safepoint: 28364693 ns, Total: 28723768 ns
[2022-05-30T01:48:46.989+0000][7][safepoint   ] Safepoint "Cleanup", Time since last: 3001107791 ns, Reaching safepoint: 386317 ns, At safepoint: 15670 ns, Total: 401987 ns
[2022-05-30T01:48:52.992+0000][7][safepoint   ] Safepoint "Cleanup", Time since last: 6001688847 ns, Reaching safepoint: 614824 ns, At safepoint: 188189 ns, Total: 803013 ns
[2022-05-30T01:48:54.993+0000][7][safepoint   ] Safepoint "Cleanup", Time since last: 2001280547 ns, Reaching safepoint: 355679 ns, At safepoint: 19006 ns, Total: 374685 ns
[2022-05-30T01:48:58.002+0000][7][safepoint   ] Safepoint "Cleanup", Time since last: 3008406564 ns, Reaching safepoint: 343436 ns, At safepoint: 59093 ns, Total: 402529 ns
[2022-05-30T01:49:20.104+0000][7][safepoint   ] Safepoint "Cleanup", Time since last: 22100439826 ns, Reaching safepoint: 610055 ns, At safepoint: 67880 ns, Total: 677935 ns
[2022-05-30T01:49:23.107+0000][7][safepoint   ] Safepoint "Cleanup", Time since last: 3003099151 ns, Reaching safepoint: 409812 ns, At safepoint: 29957 ns, Total: 439769 ns
[2022-05-30T01:49:29.110+0000][7][safepoint   ] Safepoint "Cleanup", Time since last: 6002371836 ns, Reaching safepoint: 524962 ns, At safepoint: 110531 ns, Total: 635493 ns
[2022-05-30T01:49:32.128+0000][7][safepoint   ] Safepoint "Cleanup", Time since last: 3017250968 ns, Reaching safepoint: 374645 ns, At safepoint: 36860 ns, Total: 411505 ns
[2022-05-30T01:49:33.130+0000][7][safepoint   ] Safepoint "Cleanup", Time since last: 1001079002 ns, Reaching safepoint: 429630 ns, At safepoint: 12093 ns, Total: 441723 ns
[2022-05-30T01:49:41.133+0000][7][safepoint   ] Safepoint "Cleanup", Time since last: 8002037194 ns, Reaching safepoint: 586990 ns, At safepoint: 25469 ns, Total: 612459 ns
[2022-05-30T01:49:47.135+0000][7][safepoint   ] Safepoint "Cleanup", Time since last: 6001637160 ns, Reaching safepoint: 378873 ns, At safepoint: 25228 ns, Total: 404101 ns
[2022-05-30T01:50:03.105+0000][7][gc,start    ] GC(49) Pause Young (Normal) (G1 Evacuation Pause)
[2022-05-30T01:50:03.106+0000][7][gc,task     ] GC(49) Using 8 workers of 8 for evacuation
[2022-05-30T01:50:03.106+0000][7][gc,age      ] GC(49) Desired survivor size 18874368 bytes, new threshold 15 (max threshold 15)
[2022-05-30T01:50:03.113+0000][7][gc,phases   ] GC(49)   Pre Evacuate Collection Set: 0.3ms
[2022-05-30T01:50:03.113+0000][7][gc,phases   ] GC(49)   Merge Heap Roots: 0.3ms
[2022-05-30T01:50:03.114+0000][7][gc,phases   ] GC(49)   Evacuate Collection Set: 4.1ms
[2022-05-30T01:50:03.114+0000][7][gc,phases   ] GC(49)   Post Evacuate Collection Set: 1.5ms
[2022-05-30T01:50:03.114+0000][7][gc,phases   ] GC(49)   Other: 0.8ms
[2022-05-30T01:50:03.115+0000][7][gc,age      ] GC(49) Age table with threshold 15 (max threshold 15)
[2022-05-30T01:50:03.115+0000][7][gc,age      ] GC(49) - age   1:    1374776 bytes,    1374776 total
[2022-05-30T01:50:03.115+0000][7][gc,age      ] GC(49) - age   2:       5872 bytes,    1380648 total
[2022-05-30T01:50:03.116+0000][7][gc,age      ] GC(49) - age   3:    2083272 bytes,    3463920 total
[2022-05-30T01:50:03.116+0000][7][gc,age      ] GC(49) - age   4:     136808 bytes,    3600728 total
[2022-05-30T01:50:03.116+0000][7][gc,age      ] GC(49) - age   5:     135000 bytes,    3735728 total
[2022-05-30T01:50:03.117+0000][7][gc,age      ] GC(49) - age   6:      52688 bytes,    3788416 total
[2022-05-30T01:50:03.117+0000][7][gc,age      ] GC(49) - age   7:       5240 bytes,    3793656 total
[2022-05-30T01:50:03.117+0000][7][gc,age      ] GC(49) - age   8:     682768 bytes,    4476424 total
[2022-05-30T01:50:03.117+0000][7][gc,age      ] GC(49) - age   9:      17040 bytes,    4493464 total
[2022-05-30T01:50:03.118+0000][7][gc,age      ] GC(49) - age  10:      17488 bytes,    4510952 total
[2022-05-30T01:50:03.118+0000][7][gc,age      ] GC(49) - age  11:      91304 bytes,    4602256 total
[2022-05-30T01:50:03.118+0000][7][gc,age      ] GC(49) - age  12:      28432 bytes,    4630688 total
[2022-05-30T01:50:03.119+0000][7][gc,age      ] GC(49) - age  13:      10176 bytes,    4640864 total
[2022-05-30T01:50:03.120+0000][7][gc,age      ] GC(49) - age  14:       9160 bytes,    4650024 total
[2022-05-30T01:50:03.120+0000][7][gc,age      ] GC(49) - age  15:      15440 bytes,    4665464 total
[2022-05-30T01:50:03.120+0000][7][gc,heap     ] GC(49) Eden regions: 66->0(66)
[2022-05-30T01:50:03.121+0000][7][gc,heap     ] GC(49) Survivor regions: 2->2(9)
[2022-05-30T01:50:03.121+0000][7][gc,heap     ] GC(49) Old regions: 34->34
[2022-05-30T01:50:03.122+0000][7][gc,heap     ] GC(49) Archive regions: 2->2
[2022-05-30T01:50:03.122+0000][7][gc,heap     ] GC(49) Humongous regions: 2->2
[2022-05-30T01:50:03.122+0000][7][gc,metaspace] GC(49) Metaspace: 132315K(135872K)->132315K(135872K) NonClass: 114764K(116608K)->114764K(116608K) Class: 17551K(19264K)->17551K(19264K)
[2022-05-30T01:50:03.123+0000][7][gc          ] GC(49) Pause Young (Normal) (G1 Evacuation Pause) 413M->149M(512M) 17.226ms
[2022-05-30T01:50:03.123+0000][7][gc,cpu      ] GC(49) User=0.02s Sys=0.01s Real=0.02s
[2022-05-30T01:50:03.123+0000][7][safepoint   ] Safepoint "G1CollectForAllocation", Time since last: 15970106224 ns, Reaching safepoint: 276838 ns, At safepoint: 17988920 ns, Total: 18265758 ns
[2022-05-30T01:50:04.258+0000][7][safepoint   ] Safepoint "Cleanup", Time since last: 1130662583 ns, Reaching safepoint: 3785843 ns, At safepoint: 95452 ns, Total: 3881295 ns
[2022-05-30T01:50:06.268+0000][7][safepoint   ] Safepoint "Cleanup", Time since last: 2009886570 ns, Reaching safepoint: 558195 ns, At safepoint: 22283 ns, Total: 580478 ns
[2022-05-30T01:50:21.471+0000][7][safepoint   ] Safepoint "Cleanup", Time since last: 15202704664 ns, Reaching safepoint: 399553 ns, At safepoint: 29947 ns, Total: 429500 ns
[2022-05-30T01:50:39.474+0000][7][safepoint   ] Safepoint "Cleanup", Time since last: 18003601388 ns, Reaching safepoint: 332595 ns, At safepoint: 20649 ns, Total: 353244 ns
[2022-05-30T01:50:50.548+0000][7][safepoint   ] Safepoint "Cleanup", Time since last: 11073465739 ns, Reaching safepoint: 377912 ns, At safepoint: 42060 ns, Total: 419972 ns
[2022-05-30T01:50:52.549+0000][7][safepoint   ] Safepoint "Cleanup", Time since last: 2000990377 ns, Reaching safepoint: 380106 ns, At safepoint: 31420 ns, Total: 411526 ns
[2022-05-30T01:51:05.555+0000][7][safepoint   ] Safepoint "Cleanup", Time since last: 13003975948 ns, Reaching safepoint: 421705 ns, At safepoint: 20709 ns, Total: 442414 ns
[2022-05-30T01:51:14.557+0000][7][safepoint   ] Safepoint "Cleanup", Time since last: 9002129838 ns, Reaching safepoint: 412147 ns, At safepoint: 37081 ns, Total: 449228 ns
[2022-05-30T01:51:15.558+0000][7][safepoint   ] Safepoint "Cleanup", Time since last: 1000727663 ns, Reaching safepoint: 375156 ns, At safepoint: 9869 ns, Total: 385025 ns
[2022-05-30T01:51:20.560+0000][7][safepoint   ] Safepoint "Cleanup", Time since last: 5001343896 ns, Reaching safepoint: 470479 ns, At safepoint: 26480 ns, Total: 496959 ns
[2022-05-30T01:51:24.562+0000][7][safepoint   ] Safepoint "Cleanup", Time since last: 4001320636 ns, Reaching safepoint: 365538 ns, At safepoint: 35107 ns, Total: 400645 ns
[2022-05-30T01:51:27.112+0000][7][safepoint   ] Safepoint "Cleanup", Time since last: 2549447695 ns, Reaching safepoint: 378914 ns, At safepoint: 27252 ns, Total: 406166 ns
[2022-05-30T01:51:29.373+0000][7][gc,start    ] GC(50) Pause Young (Normal) (G1 Evacuation Pause)
[2022-05-30T01:51:29.373+0000][7][gc,task     ] GC(50) Using 8 workers of 8 for evacuation
[2022-05-30T01:51:29.374+0000][7][gc,age      ] GC(50) Desired survivor size 18874368 bytes, new threshold 15 (max threshold 15)
[2022-05-30T01:51:29.380+0000][7][gc,phases   ] GC(50)   Pre Evacuate Collection Set: 0.4ms
[2022-05-30T01:51:29.380+0000][7][gc,phases   ] GC(50)   Merge Heap Roots: 0.3ms
[2022-05-30T01:51:29.381+0000][7][gc,phases   ] GC(50)   Evacuate Collection Set: 3.5ms
[2022-05-30T01:51:29.381+0000][7][gc,phases   ] GC(50)   Post Evacuate Collection Set: 1.4ms
[2022-05-30T01:51:29.381+0000][7][gc,phases   ] GC(50)   Other: 1.0ms
[2022-05-30T01:51:29.382+0000][7][gc,age      ] GC(50) Age table with threshold 15 (max threshold 15)
[2022-05-30T01:51:29.382+0000][7][gc,age      ] GC(50) - age   1:     884160 bytes,     884160 total
[2022-05-30T01:51:29.382+0000][7][gc,age      ] GC(50) - age   2:       6544 bytes,     890704 total
[2022-05-30T01:51:29.382+0000][7][gc,age      ] GC(50) - age   3:       3656 bytes,     894360 total
[2022-05-30T01:51:29.383+0000][7][gc,age      ] GC(50) - age   4:    2083120 bytes,    2977480 total
[2022-05-30T01:51:29.383+0000][7][gc,age      ] GC(50) - age   5:     136744 bytes,    3114224 total
[2022-05-30T01:51:29.383+0000][7][gc,age      ] GC(50) - age   6:     135000 bytes,    3249224 total
[2022-05-30T01:51:29.383+0000][7][gc,age      ] GC(50) - age   7:      52504 bytes,    3301728 total
[2022-05-30T01:51:29.384+0000][7][gc,age      ] GC(50) - age   8:       5240 bytes,    3306968 total
[2022-05-30T01:51:29.384+0000][7][gc,age      ] GC(50) - age   9:     682768 bytes,    3989736 total
[2022-05-30T01:51:29.384+0000][7][gc,age      ] GC(50) - age  10:      17040 bytes,    4006776 total
[2022-05-30T01:51:29.385+0000][7][gc,age      ] GC(50) - age  11:      17488 bytes,    4024264 total
[2022-05-30T01:51:29.385+0000][7][gc,age      ] GC(50) - age  12:      91304 bytes,    4115568 total
[2022-05-30T01:51:29.385+0000][7][gc,age      ] GC(50) - age  13:      28432 bytes,    4144000 total
[2022-05-30T01:51:29.385+0000][7][gc,age      ] GC(50) - age  14:      10176 bytes,    4154176 total
[2022-05-30T01:51:29.386+0000][7][gc,age      ] GC(50) - age  15:       9160 bytes,    4163336 total
[2022-05-30T01:51:29.386+0000][7][gc,heap     ] GC(50) Eden regions: 66->0(66)
[2022-05-30T01:51:29.386+0000][7][gc,heap     ] GC(50) Survivor regions: 2->2(9)
[2022-05-30T01:51:29.386+0000][7][gc,heap     ] GC(50) Old regions: 34->34
[2022-05-30T01:51:29.387+0000][7][gc,heap     ] GC(50) Archive regions: 2->2
[2022-05-30T01:51:29.387+0000][7][gc,heap     ] GC(50) Humongous regions: 2->2
[2022-05-30T01:51:29.387+0000][7][gc,metaspace] GC(50) Metaspace: 132327K(135936K)->132327K(135936K) NonClass: 114776K(116672K)->114776K(116672K) Class: 17551K(19264K)->17551K(19264K)
[2022-05-30T01:51:29.387+0000][7][gc          ] GC(50) Pause Young (Normal) (G1 Evacuation Pause) 413M->149M(512M) 14.573ms
[2022-05-30T01:51:29.388+0000][7][gc,cpu      ] GC(50) User=0.02s Sys=0.01s Real=0.01s
[2022-05-30T01:51:29.388+0000][7][safepoint   ] Safepoint "G1CollectForAllocation", Time since last: 2260618908 ns, Reaching safepoint: 266809 ns, At safepoint: 15311443 ns, Total: 15578252 ns
[2022-05-30T01:51:32.390+0000][7][safepoint   ] Safepoint "Cleanup", Time since last: 3000899117 ns, Reaching safepoint: 507154 ns, At safepoint: 67489 ns, Total: 574643 ns
[2022-05-30T01:51:52.394+0000][7][safepoint   ] Safepoint "Cleanup", Time since last: 20004005104 ns, Reaching safepoint: 398020 ns, At safepoint: 59433 ns, Total: 457453 ns
[2022-05-30T01:51:53.401+0000][7][safepoint   ] Safepoint "Cleanup", Time since last: 1006891563 ns, Reaching safepoint: 207556 ns, At safepoint: 15199 ns, Total: 222755 ns
[2022-05-30T01:51:54.403+0000][7][safepoint   ] Safepoint "Cleanup", Time since last: 1000988007 ns, Reaching safepoint: 431313 ns, At safepoint: 11993 ns, Total: 443306 ns
[2022-05-30T01:52:04.405+0000][7][safepoint   ] Safepoint "Cleanup", Time since last: 10002435499 ns, Reaching safepoint: 340801 ns, At safepoint: 15730 ns, Total: 356531 ns
[2022-05-30T01:52:05.552+0000][7][safepoint   ] Safepoint "Cleanup", Time since last: 1146341665 ns, Reaching safepoint: 583043 ns, At safepoint: 22483 ns, Total: 605526 ns
[2022-05-30T01:52:14.555+0000][7][safepoint   ] Safepoint "Cleanup", Time since last: 9002415966 ns, Reaching safepoint: 464727 ns, At safepoint: 21661 ns, Total: 486388 ns
[2022-05-30T01:52:15.556+0000][7][safepoint   ] Safepoint "Cleanup", Time since last: 1000654098 ns, Reaching safepoint: 408920 ns, At safepoint: 27202 ns, Total: 436122 ns
[2022-05-30T01:52:29.559+0000][7][safepoint   ] Safepoint "Cleanup", Time since last: 14002942551 ns, Reaching safepoint: 383513 ns, At safepoint: 11862 ns, Total: 395375 ns
[2022-05-30T01:52:32.561+0000][7][safepoint   ] Safepoint "Cleanup", Time since last: 3000987388 ns, Reaching safepoint: 378953 ns, At safepoint: 34626 ns, Total: 413579 ns
[2022-05-30T01:52:33.562+0000][7][safepoint   ] Safepoint "Cleanup", Time since last: 1000787661 ns, Reaching safepoint: 533098 ns, At safepoint: 32182 ns, Total: 565280 ns
[2022-05-30T01:52:38.563+0000][7][safepoint   ] Safepoint "Cleanup", Time since last: 5001627368 ns, Reaching safepoint: 390966 ns, At safepoint: 27953 ns, Total: 418919 ns
[2022-05-30T01:52:39.564+0000][7][safepoint   ] Safepoint "Cleanup", Time since last: 1000671050 ns, Reaching safepoint: 376730 ns, At safepoint: 51067 ns, Total: 427797 ns
[2022-05-30T01:52:47.566+0000][7][safepoint   ] Safepoint "Cleanup", Time since last: 8001980112 ns, Reaching safepoint: 350249 ns, At safepoint: 28344 ns, Total: 378593 ns
[2022-05-30T01:52:51.350+0000][7][gc,start    ] GC(51) Pause Young (Normal) (G1 Evacuation Pause)
[2022-05-30T01:52:51.350+0000][7][gc,task     ] GC(51) Using 8 workers of 8 for evacuation
[2022-05-30T01:52:51.351+0000][7][gc,age      ] GC(51) Desired survivor size 18874368 bytes, new threshold 15 (max threshold 15)
[2022-05-30T01:52:51.358+0000][7][gc,phases   ] GC(51)   Pre Evacuate Collection Set: 0.3ms
[2022-05-30T01:52:51.358+0000][7][gc,phases   ] GC(51)   Merge Heap Roots: 0.3ms
[2022-05-30T01:52:51.359+0000][7][gc,phases   ] GC(51)   Evacuate Collection Set: 4.1ms
[2022-05-30T01:52:51.360+0000][7][gc,phases   ] GC(51)   Post Evacuate Collection Set: 1.7ms
[2022-05-30T01:52:51.360+0000][7][gc,phases   ] GC(51)   Other: 1.0ms
[2022-05-30T01:52:51.360+0000][7][gc,age      ] GC(51) Age table with threshold 15 (max threshold 15)
[2022-05-30T01:52:51.361+0000][7][gc,age      ] GC(51) - age   1:    1956224 bytes,    1956224 total
[2022-05-30T01:52:51.361+0000][7][gc,age      ] GC(51) - age   2:      13664 bytes,    1969888 total
[2022-05-30T01:52:51.361+0000][7][gc,age      ] GC(51) - age   3:       5328 bytes,    1975216 total
[2022-05-30T01:52:51.362+0000][7][gc,age      ] GC(51) - age   4:       3312 bytes,    1978528 total
[2022-05-30T01:52:51.362+0000][7][gc,age      ] GC(51) - age   5:    2075040 bytes,    4053568 total
[2022-05-30T01:52:51.362+0000][7][gc,age      ] GC(51) - age   6:     120176 bytes,    4173744 total
[2022-05-30T01:52:51.363+0000][7][gc,age      ] GC(51) - age   7:     135000 bytes,    4308744 total
[2022-05-30T01:52:51.363+0000][7][gc,age      ] GC(51) - age   8:      51520 bytes,    4360264 total
[2022-05-30T01:52:51.364+0000][7][gc,age      ] GC(51) - age   9:       5240 bytes,    4365504 total
[2022-05-30T01:52:51.364+0000][7][gc,age      ] GC(51) - age  10:     682768 bytes,    5048272 total
[2022-05-30T01:52:51.365+0000][7][gc,age      ] GC(51) - age  11:      17040 bytes,    5065312 total
[2022-05-30T01:52:51.365+0000][7][gc,age      ] GC(51) - age  12:      17488 bytes,    5082800 total
[2022-05-30T01:52:51.366+0000][7][gc,age      ] GC(51) - age  13:      91304 bytes,    5174104 total
[2022-05-30T01:52:51.366+0000][7][gc,age      ] GC(51) - age  14:      28040 bytes,    5202144 total
[2022-05-30T01:52:51.367+0000][7][gc,age      ] GC(51) - age  15:      10176 bytes,    5212320 total
[2022-05-30T01:52:51.367+0000][7][gc,heap     ] GC(51) Eden regions: 66->0(66)
[2022-05-30T01:52:51.367+0000][7][gc,heap     ] GC(51) Survivor regions: 2->2(9)
[2022-05-30T01:52:51.367+0000][7][gc,heap     ] GC(51) Old regions: 34->34
[2022-05-30T01:52:51.368+0000][7][gc,heap     ] GC(51) Archive regions: 2->2
[2022-05-30T01:52:51.368+0000][7][gc,heap     ] GC(51) Humongous regions: 2->2
[2022-05-30T01:52:51.368+0000][7][gc,metaspace] GC(51) Metaspace: 132337K(136000K)->132337K(136000K) NonClass: 114786K(116736K)->114786K(116736K) Class: 17551K(19264K)->17551K(19264K)
[2022-05-30T01:52:51.369+0000][7][gc          ] GC(51) Pause Young (Normal) (G1 Evacuation Pause) 413M->150M(512M) 18.779ms
[2022-05-30T01:52:51.369+0000][7][gc,cpu      ] GC(51) User=0.03s Sys=0.01s Real=0.02s
[2022-05-30T01:52:51.369+0000][7][safepoint   ] Safepoint "G1CollectForAllocation", Time since last: 3783202084 ns, Reaching safepoint: 357182 ns, At safepoint: 19611869 ns, Total: 19969051 ns
[2022-05-30T01:52:53.371+0000][7][safepoint   ] Safepoint "Cleanup", Time since last: 2000766400 ns, Reaching safepoint: 397940 ns, At safepoint: 65766 ns, Total: 463706 ns
[2022-05-30T01:52:54.399+0000][7][safepoint   ] Safepoint "Cleanup", Time since last: 1028119657 ns, Reaching safepoint: 369195 ns, At safepoint: 26431 ns, Total: 395626 ns
[2022-05-30T01:53:03.402+0000][7][safepoint   ] Safepoint "Cleanup", Time since last: 9001945677 ns, Reaching safepoint: 471781 ns, At safepoint: 33504 ns, Total: 505285 ns
[2022-05-30T01:53:14.407+0000][7][safepoint   ] Safepoint "Cleanup", Time since last: 11003641375 ns, Reaching safepoint: 544975 ns, At safepoint: 52651 ns, Total: 597626 ns
[2022-05-30T01:53:15.408+0000][7][safepoint   ] Safepoint "Cleanup", Time since last: 1000723634 ns, Reaching safepoint: 432025 ns, At safepoint: 55025 ns, Total: 487050 ns
[2022-05-30T01:53:16.410+0000][7][safepoint   ] Safepoint "Cleanup", Time since last: 1000739215 ns, Reaching safepoint: 378142 ns, At safepoint: 17573 ns, Total: 395715 ns
[2022-05-30T01:53:27.444+0000][7][safepoint   ] Safepoint "Cleanup", Time since last: 11034227330 ns, Reaching safepoint: 483012 ns, At safepoint: 23134 ns, Total: 506146 ns
[2022-05-30T01:53:29.446+0000][7][safepoint   ] Safepoint "Cleanup", Time since last: 2001085690 ns, Reaching safepoint: 419842 ns, At safepoint: 19878 ns, Total: 439720 ns
[2022-05-30T01:53:32.447+0000][7][safepoint   ] Safepoint "Cleanup", Time since last: 3001017715 ns, Reaching safepoint: 277420 ns, At safepoint: 13967 ns, Total: 291387 ns
[2022-05-30T01:53:35.449+0000][7][safepoint   ] Safepoint "Cleanup", Time since last: 3001088527 ns, Reaching safepoint: 402418 ns, At safepoint: 15069 ns, Total: 417487 ns
[2022-05-30T01:53:39.450+0000][7][safepoint   ] Safepoint "Cleanup", Time since last: 4001334875 ns, Reaching safepoint: 419882 ns, At safepoint: 31450 ns, Total: 451332 ns
[2022-05-30T01:53:50.744+0000][7][safepoint   ] Safepoint "Cleanup", Time since last: 11292952999 ns, Reaching safepoint: 534640 ns, At safepoint: 68521 ns, Total: 603161 ns
[2022-05-30T01:53:52.745+0000][7][safepoint   ] Safepoint "Cleanup", Time since last: 2000841563 ns, Reaching safepoint: 346261 ns, At safepoint: 17694 ns, Total: 363955 ns
[2022-05-30T01:53:57.747+0000][7][safepoint   ] Safepoint "Cleanup", Time since last: 5001774047 ns, Reaching safepoint: 325852 ns, At safepoint: 54014 ns, Total: 379866 ns
[2022-05-30T01:54:00.749+0000][7][safepoint   ] Safepoint "Cleanup", Time since last: 3001241357 ns, Reaching safepoint: 377060 ns, At safepoint: 32512 ns, Total: 409572 ns
[2022-05-30T01:54:02.017+0000][7][safepoint   ] Safepoint "Cleanup", Time since last: 1267596002 ns, Reaching safepoint: 440190 ns, At safepoint: 13346 ns, Total: 453536 ns
[2022-05-30T01:54:09.141+0000][7][safepoint   ] Safepoint "Cleanup", Time since last: 7001609208 ns, Reaching safepoint: 261729 ns, At safepoint: 7414 ns, Total: 269143 ns
[2022-05-30T01:54:14.512+0000][7][gc,start    ] GC(52) Pause Young (Normal) (G1 Evacuation Pause)
[2022-05-30T01:54:14.512+0000][7][gc,task     ] GC(52) Using 8 workers of 8 for evacuation
[2022-05-30T01:54:14.512+0000][7][gc,age      ] GC(52) Desired survivor size 18874368 bytes, new threshold 15 (max threshold 15)
[2022-05-30T01:54:14.519+0000][7][gc,phases   ] GC(52)   Pre Evacuate Collection Set: 0.3ms
[2022-05-30T01:54:14.520+0000][7][gc,phases   ] GC(52)   Merge Heap Roots: 0.3ms
[2022-05-30T01:54:14.520+0000][7][gc,phases   ] GC(52)   Evacuate Collection Set: 3.7ms
[2022-05-30T01:54:14.521+0000][7][gc,phases   ] GC(52)   Post Evacuate Collection Set: 1.9ms
[2022-05-30T01:54:14.521+0000][7][gc,phases   ] GC(52)   Other: 1.0ms
[2022-05-30T01:54:14.521+0000][7][gc,age      ] GC(52) Age table with threshold 15 (max threshold 15)
[2022-05-30T01:54:14.521+0000][7][gc,age      ] GC(52) - age   1:    1559376 bytes,    1559376 total
[2022-05-30T01:54:14.522+0000][7][gc,age      ] GC(52) - age   2:      14632 bytes,    1574008 total
[2022-05-30T01:54:14.522+0000][7][gc,age      ] GC(52) - age   3:      12240 bytes,    1586248 total
[2022-05-30T01:54:14.522+0000][7][gc,age      ] GC(52) - age   4:       4952 bytes,    1591200 total
[2022-05-30T01:54:14.522+0000][7][gc,age      ] GC(52) - age   5:       3248 bytes,    1594448 total
[2022-05-30T01:54:14.523+0000][7][gc,age      ] GC(52) - age   6:    2075040 bytes,    3669488 total
[2022-05-30T01:54:14.523+0000][7][gc,age      ] GC(52) - age   7:     119896 bytes,    3789384 total
[2022-05-30T01:54:14.523+0000][7][gc,age      ] GC(52) - age   8:     134616 bytes,    3924000 total
[2022-05-30T01:54:14.523+0000][7][gc,age      ] GC(52) - age   9:      50944 bytes,    3974944 total
[2022-05-30T01:54:14.524+0000][7][gc,age      ] GC(52) - age  10:       5240 bytes,    3980184 total
[2022-05-30T01:54:14.524+0000][7][gc,age      ] GC(52) - age  11:     682768 bytes,    4662952 total
[2022-05-30T01:54:14.524+0000][7][gc,age      ] GC(52) - age  12:      17040 bytes,    4679992 total
[2022-05-30T01:54:14.524+0000][7][gc,age      ] GC(52) - age  13:      17488 bytes,    4697480 total
[2022-05-30T01:54:14.525+0000][7][gc,age      ] GC(52) - age  14:      91304 bytes,    4788784 total
[2022-05-30T01:54:14.525+0000][7][gc,age      ] GC(52) - age  15:      28040 bytes,    4816824 total
[2022-05-30T01:54:14.525+0000][7][gc,heap     ] GC(52) Eden regions: 66->0(66)
[2022-05-30T01:54:14.525+0000][7][gc,heap     ] GC(52) Survivor regions: 2->2(9)
[2022-05-30T01:54:14.526+0000][7][gc,heap     ] GC(52) Old regions: 34->34
[2022-05-30T01:54:14.526+0000][7][gc,heap     ] GC(52) Archive regions: 2->2
[2022-05-30T01:54:14.526+0000][7][gc,heap     ] GC(52) Humongous regions: 2->2
[2022-05-30T01:54:14.527+0000][7][gc,metaspace] GC(52) Metaspace: 132358K(136000K)->132358K(136000K) NonClass: 114806K(116736K)->114806K(116736K) Class: 17551K(19264K)->17551K(19264K)
[2022-05-30T01:54:14.527+0000][7][gc          ] GC(52) Pause Young (Normal) (G1 Evacuation Pause) 414M->150M(512M) 15.497ms
[2022-05-30T01:54:14.527+0000][7][gc,cpu      ] GC(52) User=0.03s Sys=0.00s Real=0.02s
[2022-05-30T01:54:14.528+0000][7][safepoint   ] Safepoint "G1CollectForAllocation", Time since last: 5370317176 ns, Reaching safepoint: 346892 ns, At safepoint: 16458959 ns, Total: 16805851 ns
[2022-05-30T01:54:23.531+0000][7][safepoint   ] Safepoint "Cleanup", Time since last: 9002301378 ns, Reaching safepoint: 348455 ns, At safepoint: 20679 ns, Total: 369134 ns
[2022-05-30T01:54:27.532+0000][7][safepoint   ] Safepoint "Cleanup", Time since last: 4001498957 ns, Reaching safepoint: 357152 ns, At safepoint: 24046 ns, Total: 381198 ns
[2022-05-30T01:54:53.415+0000][7][safepoint   ] Safepoint "Cleanup", Time since last: 26004734436 ns, Reaching safepoint: 394142 ns, At safepoint: 16091 ns, Total: 410233 ns
[2022-05-30T01:54:59.417+0000][7][safepoint   ] Safepoint "Cleanup", Time since last: 6001272137 ns, Reaching safepoint: 374936 ns, At safepoint: 22262 ns, Total: 397198 ns
[2022-05-30T01:55:00.418+0000][7][safepoint   ] Safepoint "Cleanup", Time since last: 1000930235 ns, Reaching safepoint: 408399 ns, At safepoint: 25339 ns, Total: 433738 ns
[2022-05-30T01:55:05.420+0000][7][safepoint   ] Safepoint "Cleanup", Time since last: 5001412811 ns, Reaching safepoint: 411626 ns, At safepoint: 22743 ns, Total: 434369 ns
[2022-05-30T01:55:06.422+0000][7][safepoint   ] Safepoint "Cleanup", Time since last: 1000714712 ns, Reaching safepoint: 322345 ns, At safepoint: 44545 ns, Total: 366890 ns
[2022-05-30T01:55:08.423+0000][7][safepoint   ] Safepoint "Cleanup", Time since last: 2001010981 ns, Reaching safepoint: 478463 ns, At safepoint: 35368 ns, Total: 513831 ns
[2022-05-30T01:55:09.458+0000][7][safepoint   ] Safepoint "Cleanup", Time since last: 1010967176 ns, Reaching safepoint: 23489032 ns, At safepoint: 95783 ns, Total: 23584815 ns
[2022-05-30T01:55:10.563+0000][7][safepoint   ] Safepoint "Cleanup", Time since last: 1104390282 ns, Reaching safepoint: 400054 ns, At safepoint: 18345 ns, Total: 418399 ns
[2022-05-30T01:55:15.565+0000][7][safepoint   ] Safepoint "Cleanup", Time since last: 5001394122 ns, Reaching safepoint: 377411 ns, At safepoint: 11572 ns, Total: 388983 ns
[2022-05-30T01:55:17.575+0000][7][safepoint   ] Safepoint "Cleanup", Time since last: 2009686554 ns, Reaching safepoint: 541875 ns, At safepoint: 23996 ns, Total: 565871 ns
[2022-05-30T01:55:18.576+0000][7][safepoint   ] Safepoint "Cleanup", Time since last: 1000815623 ns, Reaching safepoint: 309701 ns, At safepoint: 12454 ns, Total: 322155 ns
[2022-05-30T01:55:21.092+0000][7][safepoint   ] Safepoint "Cleanup", Time since last: 2516095878 ns, Reaching safepoint: 316504 ns, At safepoint: 15389 ns, Total: 331893 ns
[2022-05-30T01:55:27.094+0000][7][safepoint   ] Safepoint "Cleanup", Time since last: 6001561733 ns, Reaching safepoint: 236862 ns, At safepoint: 7685 ns, Total: 244547 ns
[2022-05-30T01:55:30.096+0000][7][safepoint   ] Safepoint "Cleanup", Time since last: 3001071362 ns, Reaching safepoint: 449037 ns, At safepoint: 13215 ns, Total: 462252 ns
[2022-05-30T01:55:33.097+0000][7][safepoint   ] Safepoint "Cleanup", Time since last: 3001105876 ns, Reaching safepoint: 551162 ns, At safepoint: 82858 ns, Total: 634020 ns
[2022-05-30T01:55:37.104+0000][7][safepoint   ] Safepoint "Cleanup", Time since last: 4006434445 ns, Reaching safepoint: 381599 ns, At safepoint: 22753 ns, Total: 404352 ns
[2022-05-30T01:55:38.904+0000][7][gc,start    ] GC(53) Pause Young (Normal) (G1 Evacuation Pause)
[2022-05-30T01:55:38.904+0000][7][gc,task     ] GC(53) Using 8 workers of 8 for evacuation
[2022-05-30T01:55:38.905+0000][7][gc,age      ] GC(53) Desired survivor size 18874368 bytes, new threshold 15 (max threshold 15)
[2022-05-30T01:55:38.912+0000][7][gc,phases   ] GC(53)   Pre Evacuate Collection Set: 0.4ms
[2022-05-30T01:55:38.913+0000][7][gc,phases   ] GC(53)   Merge Heap Roots: 0.2ms
[2022-05-30T01:55:38.913+0000][7][gc,phases   ] GC(53)   Evacuate Collection Set: 4.5ms
[2022-05-30T01:55:38.913+0000][7][gc,phases   ] GC(53)   Post Evacuate Collection Set: 1.8ms
[2022-05-30T01:55:38.913+0000][7][gc,phases   ] GC(53)   Other: 0.9ms
[2022-05-30T01:55:38.914+0000][7][gc,age      ] GC(53) Age table with threshold 15 (max threshold 15)
[2022-05-30T01:55:38.915+0000][7][gc,age      ] GC(53) - age   1:     724040 bytes,     724040 total
[2022-05-30T01:55:38.915+0000][7][gc,age      ] GC(53) - age   2:       8368 bytes,     732408 total
[2022-05-30T01:55:38.915+0000][7][gc,age      ] GC(53) - age   3:       4312 bytes,     736720 total
[2022-05-30T01:55:38.916+0000][7][gc,age      ] GC(53) - age   4:      11680 bytes,     748400 total
[2022-05-30T01:55:38.916+0000][7][gc,age      ] GC(53) - age   5:       4888 bytes,     753288 total
[2022-05-30T01:55:38.916+0000][7][gc,age      ] GC(53) - age   6:       3064 bytes,     756352 total
[2022-05-30T01:55:38.917+0000][7][gc,age      ] GC(53) - age   7:    2075040 bytes,    2831392 total
[2022-05-30T01:55:38.917+0000][7][gc,age      ] GC(53) - age   8:     119896 bytes,    2951288 total
[2022-05-30T01:55:38.917+0000][7][gc,age      ] GC(53) - age   9:     134424 bytes,    3085712 total
[2022-05-30T01:55:38.917+0000][7][gc,age      ] GC(53) - age  10:      50944 bytes,    3136656 total
[2022-05-30T01:55:38.918+0000][7][gc,age      ] GC(53) - age  11:       5240 bytes,    3141896 total
[2022-05-30T01:55:38.918+0000][7][gc,age      ] GC(53) - age  12:     682768 bytes,    3824664 total
[2022-05-30T01:55:38.918+0000][7][gc,age      ] GC(53) - age  13:      17040 bytes,    3841704 total
[2022-05-30T01:55:38.918+0000][7][gc,age      ] GC(53) - age  14:      17488 bytes,    3859192 total
[2022-05-30T01:55:38.919+0000][7][gc,age      ] GC(53) - age  15:      91304 bytes,    3950496 total
[2022-05-30T01:55:38.919+0000][7][gc,heap     ] GC(53) Eden regions: 66->0(66)
[2022-05-30T01:55:38.920+0000][7][gc,heap     ] GC(53) Survivor regions: 2->2(9)
[2022-05-30T01:55:38.920+0000][7][gc,heap     ] GC(53) Old regions: 34->34
[2022-05-30T01:55:38.921+0000][7][gc,heap     ] GC(53) Archive regions: 2->2
[2022-05-30T01:55:38.921+0000][7][gc,heap     ] GC(53) Humongous regions: 2->2
[2022-05-30T01:55:38.922+0000][7][gc,metaspace] GC(53) Metaspace: 132366K(136000K)->132366K(136000K) NonClass: 114815K(116736K)->114815K(116736K) Class: 17551K(19264K)->17551K(19264K)
[2022-05-30T01:55:38.922+0000][7][gc          ] GC(53) Pause Young (Normal) (G1 Evacuation Pause) 414M->149M(512M) 18.267ms
[2022-05-30T01:55:38.922+0000][7][gc,cpu      ] GC(53) User=0.02s Sys=0.02s Real=0.02s
[2022-05-30T01:55:38.923+0000][7][safepoint   ] Safepoint "G1CollectForAllocation", Time since last: 1799328939 ns, Reaching safepoint: 357302 ns, At safepoint: 19108291 ns, Total: 19465593 ns
[2022-05-30T01:55:42.925+0000][7][safepoint   ] Safepoint "Cleanup", Time since last: 4001190974 ns, Reaching safepoint: 385065 ns, At safepoint: 13376 ns, Total: 398441 ns
[2022-05-30T01:55:48.726+0000][7][safepoint   ] Safepoint "Cleanup", Time since last: 5801364562 ns, Reaching safepoint: 310353 ns, At safepoint: 14618 ns, Total: 324971 ns
[2022-05-30T01:55:52.728+0000][7][safepoint   ] Safepoint "Cleanup", Time since last: 4001072302 ns, Reaching safepoint: 394483 ns, At safepoint: 38243 ns, Total: 432726 ns
[2022-05-30T01:55:53.729+0000][7][safepoint   ] Safepoint "Cleanup", Time since last: 1000771038 ns, Reaching safepoint: 429721 ns, At safepoint: 25538 ns, Total: 455259 ns
[2022-05-30T01:55:57.731+0000][7][safepoint   ] Safepoint "Cleanup", Time since last: 4001297122 ns, Reaching safepoint: 380696 ns, At safepoint: 20419 ns, Total: 401115 ns
[2022-05-30T01:55:59.732+0000][7][safepoint   ] Safepoint "Cleanup", Time since last: 2000842382 ns, Reaching safepoint: 499955 ns, At safepoint: 15549 ns, Total: 515504 ns
[2022-05-30T01:56:03.734+0000][7][safepoint   ] Safepoint "Cleanup", Time since last: 4001211564 ns, Reaching safepoint: 359587 ns, At safepoint: 33925 ns, Total: 393512 ns
[2022-05-30T01:56:05.735+0000][7][safepoint   ] Safepoint "Cleanup", Time since last: 2000911768 ns, Reaching safepoint: 437435 ns, At safepoint: 25038 ns, Total: 462473 ns
[2022-05-30T01:56:06.736+0000][7][safepoint   ] Safepoint "Cleanup", Time since last: 1000914966 ns, Reaching safepoint: 416996 ns, At safepoint: 28474 ns, Total: 445470 ns
[2022-05-30T01:56:12.057+0000][7][safepoint   ] Safepoint "Cleanup", Time since last: 5320633479 ns, Reaching safepoint: 351381 ns, At safepoint: 26751 ns, Total: 378132 ns
[2022-05-30T01:56:13.390+0000][7][safepoint   ] Safepoint "Cleanup", Time since last: 1332462383 ns, Reaching safepoint: 384243 ns, At safepoint: 16782 ns, Total: 401025 ns
[2022-05-30T01:56:15.392+0000][7][safepoint   ] Safepoint "Cleanup", Time since last: 2000974876 ns, Reaching safepoint: 536264 ns, At safepoint: 56257 ns, Total: 592521 ns
[2022-05-30T01:56:36.396+0000][7][safepoint   ] Safepoint "Cleanup", Time since last: 21004732004 ns, Reaching safepoint: 567603 ns, At safepoint: 37822 ns, Total: 605425 ns
[2022-05-30T01:56:39.398+0000][7][safepoint   ] Safepoint "Cleanup", Time since last: 3001180707 ns, Reaching safepoint: 372802 ns, At safepoint: 51368 ns, Total: 424170 ns
[2022-05-30T01:56:40.673+0000][7][safepoint   ] Safepoint "Cleanup", Time since last: 1274977383 ns, Reaching safepoint: 377711 ns, At safepoint: 10009 ns, Total: 387720 ns
[2022-05-30T01:56:42.675+0000][7][safepoint   ] Safepoint "Cleanup", Time since last: 2000894256 ns, Reaching safepoint: 359255 ns, At safepoint: 16592 ns, Total: 375847 ns
[2022-05-30T01:56:52.677+0000][7][safepoint   ] Safepoint "Cleanup", Time since last: 10002319622 ns, Reaching safepoint: 376909 ns, At safepoint: 75745 ns, Total: 452654 ns
[2022-05-30T01:56:59.680+0000][7][safepoint   ] Safepoint "Cleanup", Time since last: 7002244529 ns, Reaching safepoint: 444709 ns, At safepoint: 22423 ns, Total: 467132 ns
[2022-05-30T01:57:03.682+0000][7][safepoint   ] Safepoint "Cleanup", Time since last: 4001653658 ns, Reaching safepoint: 442205 ns, At safepoint: 71246 ns, Total: 513451 ns
[2022-05-30T01:57:04.344+0000][7][gc,start    ] GC(54) Pause Young (Normal) (G1 Evacuation Pause)
[2022-05-30T01:57:04.345+0000][7][gc,task     ] GC(54) Using 8 workers of 8 for evacuation
[2022-05-30T01:57:04.346+0000][7][gc,age      ] GC(54) Desired survivor size 18874368 bytes, new threshold 15 (max threshold 15)
[2022-05-30T01:57:04.363+0000][7][gc,phases   ] GC(54)   Pre Evacuate Collection Set: 0.5ms
[2022-05-30T01:57:04.364+0000][7][gc,phases   ] GC(54)   Merge Heap Roots: 0.3ms
[2022-05-30T01:57:04.364+0000][7][gc,phases   ] GC(54)   Evacuate Collection Set: 13.4ms
[2022-05-30T01:57:04.366+0000][7][gc,phases   ] GC(54)   Post Evacuate Collection Set: 2.0ms
[2022-05-30T01:57:04.366+0000][7][gc,phases   ] GC(54)   Other: 1.6ms
[2022-05-30T01:57:04.367+0000][7][gc,age      ] GC(54) Age table with threshold 15 (max threshold 15)
[2022-05-30T01:57:04.368+0000][7][gc,age      ] GC(54) - age   1:     878856 bytes,     878856 total
[2022-05-30T01:57:04.369+0000][7][gc,age      ] GC(54) - age   2:      13024 bytes,     891880 total
[2022-05-30T01:57:04.369+0000][7][gc,age      ] GC(54) - age   3:       7168 bytes,     899048 total
[2022-05-30T01:57:04.370+0000][7][gc,age      ] GC(54) - age   4:       3968 bytes,     903016 total
[2022-05-30T01:57:04.371+0000][7][gc,age      ] GC(54) - age   5:      11616 bytes,     914632 total
[2022-05-30T01:57:04.372+0000][7][gc,age      ] GC(54) - age   6:       4888 bytes,     919520 total
[2022-05-30T01:57:04.372+0000][7][gc,age      ] GC(54) - age   7:       3064 bytes,     922584 total
[2022-05-30T01:57:04.373+0000][7][gc,age      ] GC(54) - age   8:    2075040 bytes,    2997624 total
[2022-05-30T01:57:04.374+0000][7][gc,age      ] GC(54) - age   9:     119896 bytes,    3117520 total
[2022-05-30T01:57:04.374+0000][7][gc,age      ] GC(54) - age  10:     134424 bytes,    3251944 total
[2022-05-30T01:57:04.374+0000][7][gc,age      ] GC(54) - age  11:      50944 bytes,    3302888 total
[2022-05-30T01:57:04.375+0000][7][gc,age      ] GC(54) - age  12:       5240 bytes,    3308128 total
[2022-05-30T01:57:04.376+0000][7][gc,age      ] GC(54) - age  13:     682768 bytes,    3990896 total
[2022-05-30T01:57:04.376+0000][7][gc,age      ] GC(54) - age  14:      17040 bytes,    4007936 total
[2022-05-30T01:57:04.376+0000][7][gc,age      ] GC(54) - age  15:      17488 bytes,    4025424 total
[2022-05-30T01:57:04.377+0000][7][gc,heap     ] GC(54) Eden regions: 66->0(66)
[2022-05-30T01:57:04.377+0000][7][gc,heap     ] GC(54) Survivor regions: 2->2(9)
[2022-05-30T01:57:04.378+0000][7][gc,heap     ] GC(54) Old regions: 34->34
[2022-05-30T01:57:04.378+0000][7][gc,heap     ] GC(54) Archive regions: 2->2
[2022-05-30T01:57:04.378+0000][7][gc,heap     ] GC(54) Humongous regions: 2->2
[2022-05-30T01:57:04.379+0000][7][gc,metaspace] GC(54) Metaspace: 132383K(136000K)->132383K(136000K) NonClass: 114832K(116736K)->114832K(116736K) Class: 17551K(19264K)->17551K(19264K)
[2022-05-30T01:57:04.380+0000][7][gc          ] GC(54) Pause Young (Normal) (G1 Evacuation Pause) 413M->149M(512M) 35.093ms
[2022-05-30T01:57:04.380+0000][7][gc,cpu      ] GC(54) User=0.11s Sys=0.01s Real=0.03s
[2022-05-30T01:57:04.381+0000][7][safepoint   ] Safepoint "G1CollectForAllocation", Time since last: 661837703 ns, Reaching safepoint: 354076 ns, At safepoint: 36443560 ns, Total: 36797636 ns
[2022-05-30T01:57:07.383+0000][7][safepoint   ] Safepoint "Cleanup", Time since last: 3001466107 ns, Reaching safepoint: 343346 ns, At safepoint: 18986 ns, Total: 362332 ns
[2022-05-30T01:57:15.386+0000][7][safepoint   ] Safepoint "Cleanup", Time since last: 8002336466 ns, Reaching safepoint: 577081 ns, At safepoint: 46339 ns, Total: 623420 ns
[2022-05-30T01:57:27.390+0000][7][safepoint   ] Safepoint "Cleanup", Time since last: 12002616818 ns, Reaching safepoint: 606007 ns, At safepoint: 21872 ns, Total: 627879 ns
[2022-05-30T01:57:30.391+0000][7][safepoint   ] Safepoint "Cleanup", Time since last: 3001109895 ns, Reaching safepoint: 466601 ns, At safepoint: 13466 ns, Total: 480067 ns
[2022-05-30T01:57:37.393+0000][7][safepoint   ] Safepoint "Cleanup", Time since last: 7001659734 ns, Reaching safepoint: 434038 ns, At safepoint: 33054 ns, Total: 467092 ns
[2022-05-30T01:57:45.396+0000][7][safepoint   ] Safepoint "Cleanup", Time since last: 8001974256 ns, Reaching safepoint: 361720 ns, At safepoint: 52511 ns, Total: 414231 ns
[2022-05-30T01:57:52.430+0000][7][safepoint   ] Safepoint "Cleanup", Time since last: 7001648724 ns, Reaching safepoint: 32027397 ns, At safepoint: 225731 ns, Total: 32253128 ns
[2022-05-30T01:57:56.472+0000][7][safepoint   ] Safepoint "Cleanup", Time since last: 4042104359 ns, Reaching safepoint: 391527 ns, At safepoint: 41209 ns, Total: 432736 ns
[2022-05-30T01:58:11.476+0000][7][safepoint   ] Safepoint "Cleanup", Time since last: 15003097875 ns, Reaching safepoint: 334259 ns, At safepoint: 19727 ns, Total: 353986 ns
[2022-05-30T01:58:18.478+0000][7][safepoint   ] Safepoint "Cleanup", Time since last: 7001730150 ns, Reaching safepoint: 266950 ns, At safepoint: 7133 ns, Total: 274083 ns
[2022-05-30T01:58:25.480+0000][7][safepoint   ] Safepoint "Cleanup", Time since last: 7001373910 ns, Reaching safepoint: 392850 ns, At safepoint: 10029 ns, Total: 402879 ns
[2022-05-30T01:58:28.855+0000][7][gc,start    ] GC(55) Pause Young (Normal) (G1 Evacuation Pause)
[2022-05-30T01:58:28.856+0000][7][gc,task     ] GC(55) Using 8 workers of 8 for evacuation
[2022-05-30T01:58:28.856+0000][7][gc,age      ] GC(55) Desired survivor size 18874368 bytes, new threshold 15 (max threshold 15)
[2022-05-30T01:58:28.864+0000][7][gc,phases   ] GC(55)   Pre Evacuate Collection Set: 0.4ms
[2022-05-30T01:58:28.865+0000][7][gc,phases   ] GC(55)   Merge Heap Roots: 0.3ms
[2022-05-30T01:58:28.865+0000][7][gc,phases   ] GC(55)   Evacuate Collection Set: 4.8ms
[2022-05-30T01:58:28.866+0000][7][gc,phases   ] GC(55)   Post Evacuate Collection Set: 1.6ms
[2022-05-30T01:58:28.866+0000][7][gc,phases   ] GC(55)   Other: 1.2ms
[2022-05-30T01:58:28.866+0000][7][gc,age      ] GC(55) Age table with threshold 15 (max threshold 15)
[2022-05-30T01:58:28.867+0000][7][gc,age      ] GC(55) - age   1:    1602904 bytes,    1602904 total
[2022-05-30T01:58:28.867+0000][7][gc,age      ] GC(55) - age   2:      17640 bytes,    1620544 total
[2022-05-30T01:58:28.867+0000][7][gc,age      ] GC(55) - age   3:       2768 bytes,    1623312 total
[2022-05-30T01:58:28.868+0000][7][gc,age      ] GC(55) - age   4:       6472 bytes,    1629784 total
[2022-05-30T01:58:28.868+0000][7][gc,age      ] GC(55) - age   5:       3560 bytes,    1633344 total
[2022-05-30T01:58:28.869+0000][7][gc,age      ] GC(55) - age   6:      11432 bytes,    1644776 total
[2022-05-30T01:58:28.869+0000][7][gc,age      ] GC(55) - age   7:       4888 bytes,    1649664 total
[2022-05-30T01:58:28.869+0000][7][gc,age      ] GC(55) - age   8:       3064 bytes,    1652728 total
[2022-05-30T01:58:28.870+0000][7][gc,age      ] GC(55) - age   9:    2074848 bytes,    3727576 total
[2022-05-30T01:58:28.870+0000][7][gc,age      ] GC(55) - age  10:     119816 bytes,    3847392 total
[2022-05-30T01:58:28.870+0000][7][gc,age      ] GC(55) - age  11:     134424 bytes,    3981816 total
[2022-05-30T01:58:28.871+0000][7][gc,age      ] GC(55) - age  12:      50944 bytes,    4032760 total
[2022-05-30T01:58:28.871+0000][7][gc,age      ] GC(55) - age  13:       5240 bytes,    4038000 total
[2022-05-30T01:58:28.872+0000][7][gc,age      ] GC(55) - age  14:     682768 bytes,    4720768 total
[2022-05-30T01:58:28.872+0000][7][gc,age      ] GC(55) - age  15:      17040 bytes,    4737808 total
[2022-05-30T01:58:28.872+0000][7][gc,heap     ] GC(55) Eden regions: 66->0(66)
[2022-05-30T01:58:28.873+0000][7][gc,heap     ] GC(55) Survivor regions: 2->2(9)
[2022-05-30T01:58:28.873+0000][7][gc,heap     ] GC(55) Old regions: 34->34
[2022-05-30T01:58:28.873+0000][7][gc,heap     ] GC(55) Archive regions: 2->2
[2022-05-30T01:58:28.874+0000][7][gc,heap     ] GC(55) Humongous regions: 2->2
[2022-05-30T01:58:28.874+0000][7][gc,metaspace] GC(55) Metaspace: 132403K(136064K)->132403K(136064K) NonClass: 114852K(116800K)->114852K(116800K) Class: 17551K(19264K)->17551K(19264K)
[2022-05-30T01:58:28.875+0000][7][gc          ] GC(55) Pause Young (Normal) (G1 Evacuation Pause) 413M->150M(512M) 19.537ms
[2022-05-30T01:58:28.875+0000][7][gc,cpu      ] GC(55) User=0.02s Sys=0.03s Real=0.02s
[2022-05-30T01:58:28.876+0000][7][safepoint   ] Safepoint "G1CollectForAllocation", Time since last: 3374772462 ns, Reaching safepoint: 372592 ns, At safepoint: 20705292 ns, Total: 21077884 ns
[2022-05-30T01:58:52.880+0000][7][safepoint   ] Safepoint "Cleanup", Time since last: 24004744123 ns, Reaching safepoint: 449618 ns, At safepoint: 19537 ns, Total: 469155 ns
[2022-05-30T01:59:15.095+0000][7][safepoint   ] Safepoint "Cleanup", Time since last: 22004277105 ns, Reaching safepoint: 407787 ns, At safepoint: 78310 ns, Total: 486097 ns
[2022-05-30T01:59:16.096+0000][7][safepoint   ] Safepoint "Cleanup", Time since last: 1000804957 ns, Reaching safepoint: 453696 ns, At safepoint: 27472 ns, Total: 481168 ns
[2022-05-30T01:59:36.317+0000][7][safepoint   ] Safepoint "Cleanup", Time since last: 20429122888 ns, Reaching safepoint: 280125 ns, At safepoint: 17313 ns, Total: 297438 ns
[2022-05-30T01:59:50.406+0000][7][gc,start    ] GC(56) Pause Young (Normal) (G1 Evacuation Pause)
[2022-05-30T01:59:50.406+0000][7][gc,task     ] GC(56) Using 8 workers of 8 for evacuation
[2022-05-30T01:59:50.407+0000][7][gc,age      ] GC(56) Desired survivor size 18874368 bytes, new threshold 15 (max threshold 15)
[2022-05-30T01:59:50.413+0000][7][gc,phases   ] GC(56)   Pre Evacuate Collection Set: 0.3ms
[2022-05-30T01:59:50.414+0000][7][gc,phases   ] GC(56)   Merge Heap Roots: 0.3ms
[2022-05-30T01:59:50.414+0000][7][gc,phases   ] GC(56)   Evacuate Collection Set: 3.9ms
[2022-05-30T01:59:50.414+0000][7][gc,phases   ] GC(56)   Post Evacuate Collection Set: 1.6ms
[2022-05-30T01:59:50.414+0000][7][gc,phases   ] GC(56)   Other: 0.9ms
[2022-05-30T01:59:50.415+0000][7][gc,age      ] GC(56) Age table with threshold 15 (max threshold 15)
[2022-05-30T01:59:50.415+0000][7][gc,age      ] GC(56) - age   1:    1103616 bytes,    1103616 total
[2022-05-30T01:59:50.415+0000][7][gc,age      ] GC(56) - age   2:       5776 bytes,    1109392 total
[2022-05-30T01:59:50.416+0000][7][gc,age      ] GC(56) - age   3:      16568 bytes,    1125960 total
[2022-05-30T01:59:50.416+0000][7][gc,age      ] GC(56) - age   4:       2488 bytes,    1128448 total
[2022-05-30T01:59:50.416+0000][7][gc,age      ] GC(56) - age   5:       6344 bytes,    1134792 total
[2022-05-30T01:59:50.417+0000][7][gc,age      ] GC(56) - age   6:       3560 bytes,    1138352 total
[2022-05-30T01:59:50.417+0000][7][gc,age      ] GC(56) - age   7:       3416 bytes,    1141768 total
[2022-05-30T01:59:50.417+0000][7][gc,age      ] GC(56) - age   8:       4768 bytes,    1146536 total
[2022-05-30T01:59:50.417+0000][7][gc,age      ] GC(56) - age   9:       3064 bytes,    1149600 total
[2022-05-30T01:59:50.418+0000][7][gc,age      ] GC(56) - age  10:    2074744 bytes,    3224344 total
[2022-05-30T01:59:50.418+0000][7][gc,age      ] GC(56) - age  11:     117024 bytes,    3341368 total
[2022-05-30T01:59:50.418+0000][7][gc,age      ] GC(56) - age  12:      23336 bytes,    3364704 total
[2022-05-30T01:59:50.419+0000][7][gc,age      ] GC(56) - age  13:      50944 bytes,    3415648 total
[2022-05-30T01:59:50.419+0000][7][gc,age      ] GC(56) - age  14:       5240 bytes,    3420888 total
[2022-05-30T01:59:50.419+0000][7][gc,age      ] GC(56) - age  15:     682768 bytes,    4103656 total
[2022-05-30T01:59:50.420+0000][7][gc,heap     ] GC(56) Eden regions: 66->0(66)
[2022-05-30T01:59:50.420+0000][7][gc,heap     ] GC(56) Survivor regions: 2->2(9)
[2022-05-30T01:59:50.420+0000][7][gc,heap     ] GC(56) Old regions: 34->34
[2022-05-30T01:59:50.420+0000][7][gc,heap     ] GC(56) Archive regions: 2->2
[2022-05-30T01:59:50.421+0000][7][gc,heap     ] GC(56) Humongous regions: 2->2
[2022-05-30T01:59:50.421+0000][7][gc,metaspace] GC(56) Metaspace: 132421K(136064K)->132421K(136064K) NonClass: 114870K(116800K)->114870K(116800K) Class: 17551K(19264K)->17551K(19264K)
[2022-05-30T01:59:50.421+0000][7][gc          ] GC(56) Pause Young (Normal) (G1 Evacuation Pause) 414M->149M(512M) 15.395ms
[2022-05-30T01:59:50.421+0000][7][gc,cpu      ] GC(56) User=0.02s Sys=0.01s Real=0.01s
[2022-05-30T01:59:50.422+0000][7][safepoint   ] Safepoint "G1CollectForAllocation", Time since last: 14088770492 ns, Reaching safepoint: 421772 ns, At safepoint: 16074687 ns, Total: 16496459 ns
[2022-05-30T01:59:52.423+0000][7][safepoint   ] Safepoint "Cleanup", Time since last: 2000649614 ns, Reaching safepoint: 444328 ns, At safepoint: 27874 ns, Total: 472202 ns
[2022-05-30T02:00:02.426+0000][7][safepoint   ] Safepoint "Cleanup", Time since last: 10002450440 ns, Reaching safepoint: 315072 ns, At safepoint: 40607 ns, Total: 355679 ns
[2022-05-30T02:00:09.612+0000][7][safepoint   ] Safepoint "Cleanup", Time since last: 7002308166 ns, Reaching safepoint: 185148546 ns, At safepoint: 122424 ns, Total: 185270970 ns
[2022-05-30T02:00:52.635+0000][7][safepoint   ] Safepoint "Cleanup", Time since last: 43021966153 ns, Reaching safepoint: 421755 ns, At safepoint: 22463 ns, Total: 444218 ns
[2022-05-30T02:00:57.637+0000][7][safepoint   ] Safepoint "Cleanup", Time since last: 5001328857 ns, Reaching safepoint: 508221 ns, At safepoint: 68039 ns, Total: 576260 ns
[2022-05-30T02:01:14.871+0000][7][gc,start    ] GC(57) Pause Young (Normal) (G1 Evacuation Pause)
[2022-05-30T02:01:14.872+0000][7][gc,task     ] GC(57) Using 8 workers of 8 for evacuation
[2022-05-30T02:01:14.872+0000][7][gc,age      ] GC(57) Desired survivor size 18874368 bytes, new threshold 15 (max threshold 15)
[2022-05-30T02:01:14.881+0000][7][gc,phases   ] GC(57)   Pre Evacuate Collection Set: 0.3ms
[2022-05-30T02:01:14.881+0000][7][gc,phases   ] GC(57)   Merge Heap Roots: 0.2ms
[2022-05-30T02:01:14.881+0000][7][gc,phases   ] GC(57)   Evacuate Collection Set: 5.5ms
[2022-05-30T02:01:14.882+0000][7][gc,phases   ] GC(57)   Post Evacuate Collection Set: 1.8ms
[2022-05-30T02:01:14.882+0000][7][gc,phases   ] GC(57)   Other: 0.8ms
[2022-05-30T02:01:14.882+0000][7][gc,age      ] GC(57) Age table with threshold 15 (max threshold 15)
[2022-05-30T02:01:14.883+0000][7][gc,age      ] GC(57) - age   1:    1680496 bytes,    1680496 total
[2022-05-30T02:01:14.883+0000][7][gc,age      ] GC(57) - age   2:     147912 bytes,    1828408 total
[2022-05-30T02:01:14.883+0000][7][gc,age      ] GC(57) - age   3:       2488 bytes,    1830896 total
[2022-05-30T02:01:14.884+0000][7][gc,age      ] GC(57) - age   4:      15776 bytes,    1846672 total
[2022-05-30T02:01:14.884+0000][7][gc,age      ] GC(57) - age   5:       2360 bytes,    1849032 total
[2022-05-30T02:01:14.884+0000][7][gc,age      ] GC(57) - age   6:       6344 bytes,    1855376 total
[2022-05-30T02:01:14.884+0000][7][gc,age      ] GC(57) - age   7:       3560 bytes,    1858936 total
[2022-05-30T02:01:14.885+0000][7][gc,age      ] GC(57) - age   8:       3416 bytes,    1862352 total
[2022-05-30T02:01:14.885+0000][7][gc,age      ] GC(57) - age   9:       4768 bytes,    1867120 total
[2022-05-30T02:01:14.885+0000][7][gc,age      ] GC(57) - age  10:       3064 bytes,    1870184 total
[2022-05-30T02:01:14.886+0000][7][gc,age      ] GC(57) - age  11:    2074744 bytes,    3944928 total
[2022-05-30T02:01:14.886+0000][7][gc,age      ] GC(57) - age  12:     117024 bytes,    4061952 total
[2022-05-30T02:01:14.886+0000][7][gc,age      ] GC(57) - age  13:      22928 bytes,    4084880 total
[2022-05-30T02:01:14.887+0000][7][gc,age      ] GC(57) - age  14:      50944 bytes,    4135824 total
[2022-05-30T02:01:14.887+0000][7][gc,age      ] GC(57) - age  15:       5240 bytes,    4141064 total
[2022-05-30T02:01:14.887+0000][7][gc,heap     ] GC(57) Eden regions: 66->0(66)
[2022-05-30T02:01:14.888+0000][7][gc,heap     ] GC(57) Survivor regions: 2->2(9)
[2022-05-30T02:01:14.888+0000][7][gc,heap     ] GC(57) Old regions: 34->34
[2022-05-30T02:01:14.888+0000][7][gc,heap     ] GC(57) Archive regions: 2->2
[2022-05-30T02:01:14.888+0000][7][gc,heap     ] GC(57) Humongous regions: 2->2
[2022-05-30T02:01:14.889+0000][7][gc,metaspace] GC(57) Metaspace: 132443K(136064K)->132443K(136064K) NonClass: 114892K(116800K)->114892K(116800K) Class: 17551K(19264K)->17551K(19264K)
[2022-05-30T02:01:14.889+0000][7][gc          ] GC(57) Pause Young (Normal) (G1 Evacuation Pause) 413M->150M(512M) 17.414ms
[2022-05-30T02:01:14.889+0000][7][gc,cpu      ] GC(57) User=0.03s Sys=0.02s Real=0.02s
[2022-05-30T02:01:14.890+0000][7][safepoint   ] Safepoint "G1CollectForAllocation", Time since last: 17234217835 ns, Reaching safepoint: 365428 ns, At safepoint: 18149284 ns, Total: 18514712 ns
[2022-05-30T02:01:21.892+0000][7][safepoint   ] Safepoint "Cleanup", Time since last: 7001957557 ns, Reaching safepoint: 428177 ns, At safepoint: 25729 ns, Total: 453906 ns
[2022-05-30T02:01:39.237+0000][7][safepoint   ] Safepoint "Cleanup", Time since last: 17343819822 ns, Reaching safepoint: 484455 ns, At safepoint: 19057 ns, Total: 503512 ns
[2022-05-30T02:01:45.239+0000][7][safepoint   ] Safepoint "Cleanup", Time since last: 6001655148 ns, Reaching safepoint: 375747 ns, At safepoint: 10701 ns, Total: 386448 ns
[2022-05-30T02:01:46.240+0000][7][safepoint   ] Safepoint "Cleanup", Time since last: 1000931832 ns, Reaching safepoint: 416885 ns, At safepoint: 35057 ns, Total: 451942 ns
[2022-05-30T02:01:51.338+0000][7][safepoint   ] Safepoint "Cleanup", Time since last: 5097408336 ns, Reaching safepoint: 404883 ns, At safepoint: 13856 ns, Total: 418739 ns
[2022-05-30T02:01:53.340+0000][7][safepoint   ] Safepoint "Cleanup", Time since last: 2001139986 ns, Reaching safepoint: 548628 ns, At safepoint: 33764 ns, Total: 582392 ns
[2022-05-30T02:01:54.341+0000][7][safepoint   ] Safepoint "Cleanup", Time since last: 1000670679 ns, Reaching safepoint: 284413 ns, At safepoint: 14898 ns, Total: 299311 ns
[2022-05-30T02:02:12.344+0000][7][safepoint   ] Safepoint "Cleanup", Time since last: 18003883339 ns, Reaching safepoint: 356791 ns, At safepoint: 16953 ns, Total: 373744 ns
[2022-05-30T02:02:28.390+0000][7][safepoint   ] Safepoint "Cleanup", Time since last: 16045054056 ns, Reaching safepoint: 408139 ns, At safepoint: 31169 ns, Total: 439308 ns
[2022-05-30T02:02:29.392+0000][7][safepoint   ] Safepoint "Cleanup", Time since last: 1001473935 ns, Reaching safepoint: 829473 ns, At safepoint: 198780 ns, Total: 1028253 ns
[2022-05-30T02:02:33.404+0000][7][safepoint   ] Safepoint "Cleanup", Time since last: 4011037759 ns, Reaching safepoint: 474827 ns, At safepoint: 61247 ns, Total: 536074 ns
[2022-05-30T02:02:35.439+0000][7][safepoint   ] Safepoint "Cleanup", Time since last: 2034637761 ns, Reaching safepoint: 339679 ns, At safepoint: 23575 ns, Total: 363254 ns
[2022-05-30T02:02:39.079+0000][7][gc,start    ] GC(58) Pause Young (Normal) (G1 Evacuation Pause)
[2022-05-30T02:02:39.080+0000][7][gc,task     ] GC(58) Using 8 workers of 8 for evacuation
[2022-05-30T02:02:39.081+0000][7][gc,age      ] GC(58) Desired survivor size 18874368 bytes, new threshold 15 (max threshold 15)
[2022-05-30T02:02:39.087+0000][7][gc,phases   ] GC(58)   Pre Evacuate Collection Set: 0.4ms
[2022-05-30T02:02:39.088+0000][7][gc,phases   ] GC(58)   Merge Heap Roots: 0.3ms
[2022-05-30T02:02:39.089+0000][7][gc,phases   ] GC(58)   Evacuate Collection Set: 3.1ms
[2022-05-30T02:02:39.090+0000][7][gc,phases   ] GC(58)   Post Evacuate Collection Set: 1.8ms
[2022-05-30T02:02:39.090+0000][7][gc,phases   ] GC(58)   Other: 1.3ms
[2022-05-30T02:02:39.091+0000][7][gc,age      ] GC(58) Age table with threshold 15 (max threshold 15)
[2022-05-30T02:02:39.091+0000][7][gc,age      ] GC(58) - age   1:     985264 bytes,     985264 total
[2022-05-30T02:02:39.092+0000][7][gc,age      ] GC(58) - age   2:      59200 bytes,    1044464 total
[2022-05-30T02:02:39.092+0000][7][gc,age      ] GC(58) - age   3:     147040 bytes,    1191504 total
[2022-05-30T02:02:39.092+0000][7][gc,age      ] GC(58) - age   4:       2304 bytes,    1193808 total
[2022-05-30T02:02:39.093+0000][7][gc,age      ] GC(58) - age   5:      15776 bytes,    1209584 total
[2022-05-30T02:02:39.093+0000][7][gc,age      ] GC(58) - age   6:       2360 bytes,    1211944 total
[2022-05-30T02:02:39.093+0000][7][gc,age      ] GC(58) - age   7:       6344 bytes,    1218288 total
[2022-05-30T02:02:39.094+0000][7][gc,age      ] GC(58) - age   8:       2584 bytes,    1220872 total
[2022-05-30T02:02:39.094+0000][7][gc,age      ] GC(58) - age   9:       3416 bytes,    1224288 total
[2022-05-30T02:02:39.094+0000][7][gc,age      ] GC(58) - age  10:       4768 bytes,    1229056 total
[2022-05-30T02:02:39.095+0000][7][gc,age      ] GC(58) - age  11:       3064 bytes,    1232120 total
[2022-05-30T02:02:39.095+0000][7][gc,age      ] GC(58) - age  12:    2074744 bytes,    3306864 total
[2022-05-30T02:02:39.095+0000][7][gc,age      ] GC(58) - age  13:     116424 bytes,    3423288 total
[2022-05-30T02:02:39.096+0000][7][gc,age      ] GC(58) - age  14:      22888 bytes,    3446176 total
[2022-05-30T02:02:39.096+0000][7][gc,age      ] GC(58) - age  15:      42272 bytes,    3488448 total
[2022-05-30T02:02:39.096+0000][7][gc,heap     ] GC(58) Eden regions: 66->0(67)
[2022-05-30T02:02:39.097+0000][7][gc,heap     ] GC(58) Survivor regions: 2->1(9)
[2022-05-30T02:02:39.097+0000][7][gc,heap     ] GC(58) Old regions: 34->34
[2022-05-30T02:02:39.097+0000][7][gc,heap     ] GC(58) Archive regions: 2->2
[2022-05-30T02:02:39.098+0000][7][gc,heap     ] GC(58) Humongous regions: 2->2
[2022-05-30T02:02:39.098+0000][7][gc,metaspace] GC(58) Metaspace: 132454K(136064K)->132454K(136064K) NonClass: 114903K(116800K)->114903K(116800K) Class: 17551K(19264K)->17551K(19264K)
[2022-05-30T02:02:39.098+0000][7][gc          ] GC(58) Pause Young (Normal) (G1 Evacuation Pause) 414M->150M(512M) 19.068ms
[2022-05-30T02:02:39.099+0000][7][gc,cpu      ] GC(58) User=0.03s Sys=0.00s Real=0.02s
[2022-05-30T02:02:39.099+0000][7][safepoint   ] Safepoint "G1CollectForAllocation", Time since last: 3356107915 ns, Reaching safepoint: 353445 ns, At safepoint: 19946006 ns, Total: 20299451 ns
[2022-05-30T02:02:40.100+0000][7][safepoint   ] Safepoint "Cleanup", Time since last: 1000693984 ns, Reaching safepoint: 488623 ns, At safepoint: 36810 ns, Total: 525433 ns
[2022-05-30T02:02:43.506+0000][7][safepoint   ] Safepoint "Cleanup", Time since last: 3404972280 ns, Reaching safepoint: 496397 ns, At safepoint: 28324 ns, Total: 524721 ns
[2022-05-30T02:02:48.508+0000][7][safepoint   ] Safepoint "Cleanup", Time since last: 5001347242 ns, Reaching safepoint: 406425 ns, At safepoint: 39836 ns, Total: 446261 ns
[2022-05-30T02:02:51.509+0000][7][safepoint   ] Safepoint "Cleanup", Time since last: 3000985217 ns, Reaching safepoint: 557865 ns, At safepoint: 19337 ns, Total: 577202 ns
[2022-05-30T02:02:53.511+0000][7][safepoint   ] Safepoint "Cleanup", Time since last: 2000795214 ns, Reaching safepoint: 413269 ns, At safepoint: 26501 ns, Total: 439770 ns
[2022-05-30T02:02:55.765+0000][7][safepoint   ] Safepoint "Cleanup", Time since last: 2253561706 ns, Reaching safepoint: 476960 ns, At safepoint: 13216 ns, Total: 490176 ns
[2022-05-30T02:03:36.489+0000][7][safepoint   ] Safepoint "Cleanup", Time since last: 41007567519 ns, Reaching safepoint: 454598 ns, At safepoint: 12063 ns, Total: 466661 ns
[2022-05-30T02:03:47.786+0000][7][gc,start    ] GC(59) Pause Young (Normal) (G1 Evacuation Pause)
[2022-05-30T02:03:47.786+0000][7][gc,task     ] GC(59) Using 8 workers of 8 for evacuation
[2022-05-30T02:03:47.787+0000][7][gc,age      ] GC(59) Desired survivor size 18874368 bytes, new threshold 15 (max threshold 15)
[2022-05-30T02:03:47.793+0000][7][gc,phases   ] GC(59)   Pre Evacuate Collection Set: 0.2ms
[2022-05-30T02:03:47.793+0000][7][gc,phases   ] GC(59)   Merge Heap Roots: 0.4ms
[2022-05-30T02:03:47.793+0000][7][gc,phases   ] GC(59)   Evacuate Collection Set: 3.3ms
[2022-05-30T02:03:47.794+0000][7][gc,phases   ] GC(59)   Post Evacuate Collection Set: 1.6ms
[2022-05-30T02:03:47.794+0000][7][gc,phases   ] GC(59)   Other: 0.9ms
[2022-05-30T02:03:47.794+0000][7][gc,age      ] GC(59) Age table with threshold 15 (max threshold 15)
[2022-05-30T02:03:47.795+0000][7][gc,age      ] GC(59) - age   1:    1098704 bytes,    1098704 total
[2022-05-30T02:03:47.795+0000][7][gc,age      ] GC(59) - age   2:      32840 bytes,    1131544 total
[2022-05-30T02:03:47.795+0000][7][gc,age      ] GC(59) - age   3:      56568 bytes,    1188112 total
[2022-05-30T02:03:47.796+0000][7][gc,age      ] GC(59) - age   4:     138576 bytes,    1326688 total
[2022-05-30T02:03:47.796+0000][7][gc,age      ] GC(59) - age   5:       2176 bytes,    1328864 total
[2022-05-30T02:03:47.796+0000][7][gc,age      ] GC(59) - age   6:      15712 bytes,    1344576 total
[2022-05-30T02:03:47.797+0000][7][gc,age      ] GC(59) - age   7:       2360 bytes,    1346936 total
[2022-05-30T02:03:47.797+0000][7][gc,age      ] GC(59) - age   8:       5576 bytes,    1352512 total
[2022-05-30T02:03:47.797+0000][7][gc,age      ] GC(59) - age   9:       2584 bytes,    1355096 total
[2022-05-30T02:03:47.798+0000][7][gc,age      ] GC(59) - age  10:       3416 bytes,    1358512 total
[2022-05-30T02:03:47.798+0000][7][gc,age      ] GC(59) - age  11:       4768 bytes,    1363280 total
[2022-05-30T02:03:47.798+0000][7][gc,age      ] GC(59) - age  12:       3064 bytes,    1366344 total
[2022-05-30T02:03:47.799+0000][7][gc,age      ] GC(59) - age  13:    2074744 bytes,    3441088 total
[2022-05-30T02:03:47.799+0000][7][gc,age      ] GC(59) - age  14:     116424 bytes,    3557512 total
[2022-05-30T02:03:47.799+0000][7][gc,age      ] GC(59) - age  15:      22888 bytes,    3580400 total
[2022-05-30T02:03:47.800+0000][7][gc,heap     ] GC(59) Eden regions: 67->0(67)
[2022-05-30T02:03:47.800+0000][7][gc,heap     ] GC(59) Survivor regions: 1->1(9)
[2022-05-30T02:03:47.800+0000][7][gc,heap     ] GC(59) Old regions: 34->34
[2022-05-30T02:03:47.801+0000][7][gc,heap     ] GC(59) Archive regions: 2->2
[2022-05-30T02:03:47.801+0000][7][gc,heap     ] GC(59) Humongous regions: 2->2
[2022-05-30T02:03:47.801+0000][7][gc,metaspace] GC(59) Metaspace: 132472K(136128K)->132472K(136128K) NonClass: 114921K(116864K)->114921K(116864K) Class: 17551K(19264K)->17551K(19264K)
[2022-05-30T02:03:47.801+0000][7][gc          ] GC(59) Pause Young (Normal) (G1 Evacuation Pause) 418M->150M(512M) 15.647ms
[2022-05-30T02:03:47.802+0000][7][gc,cpu      ] GC(59) User=0.03s Sys=0.00s Real=0.02s
[2022-05-30T02:03:47.802+0000][7][safepoint   ] Safepoint "G1CollectForAllocation", Time since last: 10988534932 ns, Reaching safepoint: 338376 ns, At safepoint: 16357346 ns, Total: 16695722 ns
[2022-05-30T02:03:51.803+0000][7][safepoint   ] Safepoint "Cleanup", Time since last: 4000976937 ns, Reaching safepoint: 303219 ns, At safepoint: 17724 ns, Total: 320943 ns
[2022-05-30T02:03:52.805+0000][7][safepoint   ] Safepoint "Cleanup", Time since last: 1000797285 ns, Reaching safepoint: 532336 ns, At safepoint: 20810 ns, Total: 553146 ns
[2022-05-30T02:03:53.806+0000][7][safepoint   ] Safepoint "Cleanup", Time since last: 1000809753 ns, Reaching safepoint: 331693 ns, At safepoint: 45016 ns, Total: 376709 ns
[2022-05-30T02:04:02.808+0000][7][safepoint   ] Safepoint "Cleanup", Time since last: 9002242310 ns, Reaching safepoint: 302999 ns, At safepoint: 32782 ns, Total: 335781 ns
[2022-05-30T02:04:10.506+0000][7][safepoint   ] Safepoint "Cleanup", Time since last: 8005020723 ns, Reaching safepoint: 474936 ns, At safepoint: 14197 ns, Total: 489133 ns
[2022-05-30T02:04:18.509+0000][7][safepoint   ] Safepoint "Cleanup", Time since last: 8001941923 ns, Reaching safepoint: 466290 ns, At safepoint: 13626 ns, Total: 479916 ns
[2022-05-30T02:04:31.512+0000][7][safepoint   ] Safepoint "Cleanup", Time since last: 13002840215 ns, Reaching safepoint: 550582 ns, At safepoint: 51939 ns, Total: 602521 ns
[2022-05-30T02:04:32.513+0000][7][safepoint   ] Safepoint "Cleanup", Time since last: 1000513821 ns, Reaching safepoint: 442705 ns, At safepoint: 11932 ns, Total: 454637 ns
[2022-05-30T02:04:53.516+0000][7][safepoint   ] Safepoint "Cleanup", Time since last: 21004029100 ns, Reaching safepoint: 364997 ns, At safepoint: 45657 ns, Total: 410654 ns
[2022-05-30T02:04:54.361+0000][7][gc,start    ] GC(60) Pause Young (Normal) (G1 Evacuation Pause)
[2022-05-30T02:04:54.361+0000][7][gc,task     ] GC(60) Using 8 workers of 8 for evacuation
[2022-05-30T02:04:54.362+0000][7][gc,age      ] GC(60) Desired survivor size 18874368 bytes, new threshold 15 (max threshold 15)
[2022-05-30T02:04:54.368+0000][7][gc,phases   ] GC(60)   Pre Evacuate Collection Set: 0.4ms
[2022-05-30T02:04:54.368+0000][7][gc,phases   ] GC(60)   Merge Heap Roots: 0.3ms
[2022-05-30T02:04:54.369+0000][7][gc,phases   ] GC(60)   Evacuate Collection Set: 3.4ms
[2022-05-30T02:04:54.369+0000][7][gc,phases   ] GC(60)   Post Evacuate Collection Set: 1.6ms
[2022-05-30T02:04:54.369+0000][7][gc,phases   ] GC(60)   Other: 1.0ms
[2022-05-30T02:04:54.370+0000][7][gc,age      ] GC(60) Age table with threshold 15 (max threshold 15)
[2022-05-30T02:04:54.370+0000][7][gc,age      ] GC(60) - age   1:     937824 bytes,     937824 total
[2022-05-30T02:04:54.370+0000][7][gc,age      ] GC(60) - age   2:      15120 bytes,     952944 total
[2022-05-30T02:04:54.371+0000][7][gc,age      ] GC(60) - age   3:      30936 bytes,     983880 total
[2022-05-30T02:04:54.371+0000][7][gc,age      ] GC(60) - age   4:       2368 bytes,     986248 total
[2022-05-30T02:04:54.371+0000][7][gc,age      ] GC(60) - age   5:      78352 bytes,    1064600 total
[2022-05-30T02:04:54.372+0000][7][gc,age      ] GC(60) - age   6:       2176 bytes,    1066776 total
[2022-05-30T02:04:54.372+0000][7][gc,age      ] GC(60) - age   7:      15712 bytes,    1082488 total
[2022-05-30T02:04:54.373+0000][7][gc,age      ] GC(60) - age   8:       2104 bytes,    1084592 total
[2022-05-30T02:04:54.373+0000][7][gc,age      ] GC(60) - age   9:       5384 bytes,    1089976 total
[2022-05-30T02:04:54.373+0000][7][gc,age      ] GC(60) - age  10:       2584 bytes,    1092560 total
[2022-05-30T02:04:54.374+0000][7][gc,age      ] GC(60) - age  11:       3416 bytes,    1095976 total
[2022-05-30T02:04:54.374+0000][7][gc,age      ] GC(60) - age  12:       4768 bytes,    1100744 total
[2022-05-30T02:04:54.375+0000][7][gc,age      ] GC(60) - age  13:       3064 bytes,    1103808 total
[2022-05-30T02:04:54.375+0000][7][gc,age      ] GC(60) - age  14:    2074744 bytes,    3178552 total
[2022-05-30T02:04:54.376+0000][7][gc,age      ] GC(60) - age  15:     115528 bytes,    3294080 total
[2022-05-30T02:04:54.376+0000][7][gc,heap     ] GC(60) Eden regions: 67->0(68)
[2022-05-30T02:04:54.377+0000][7][gc,heap     ] GC(60) Survivor regions: 1->1(9)
[2022-05-30T02:04:54.377+0000][7][gc,heap     ] GC(60) Old regions: 34->34
[2022-05-30T02:04:54.378+0000][7][gc,heap     ] GC(60) Archive regions: 2->2
[2022-05-30T02:04:54.378+0000][7][gc,heap     ] GC(60) Humongous regions: 2->2
[2022-05-30T02:04:54.379+0000][7][gc,metaspace] GC(60) Metaspace: 132485K(136128K)->132485K(136128K) NonClass: 114934K(116864K)->114934K(116864K) Class: 17551K(19264K)->17551K(19264K)
[2022-05-30T02:04:54.379+0000][7][gc          ] GC(60) Pause Young (Normal) (G1 Evacuation Pause) 418M->149M(512M) 18.686ms
[2022-05-30T02:04:54.380+0000][7][gc,cpu      ] GC(60) User=0.03s Sys=0.01s Real=0.02s
[2022-05-30T02:04:54.380+0000][7][safepoint   ] Safepoint "G1CollectForAllocation", Time since last: 843857923 ns, Reaching safepoint: 326464 ns, At safepoint: 19871461 ns, Total: 20197925 ns
[2022-05-30T02:05:02.383+0000][7][safepoint   ] Safepoint "Cleanup", Time since last: 8001912677 ns, Reaching safepoint: 493723 ns, At safepoint: 17543 ns, Total: 511266 ns
[2022-05-30T02:05:05.384+0000][7][safepoint   ] Safepoint "Cleanup", Time since last: 3001088553 ns, Reaching safepoint: 452914 ns, At safepoint: 69172 ns, Total: 522086 ns
[2022-05-30T02:05:12.657+0000][7][safepoint   ] Safepoint "Cleanup", Time since last: 7001934949 ns, Reaching safepoint: 234902091 ns, At safepoint: 161428 ns, Total: 235063519 ns
[2022-05-30T02:05:19.659+0000][7][safepoint   ] Safepoint "Cleanup", Time since last: 7001976100 ns, Reaching safepoint: 364887 ns, At safepoint: 43062 ns, Total: 407949 ns
[2022-05-30T02:05:24.708+0000][7][safepoint   ] Safepoint "Cleanup", Time since last: 5048557425 ns, Reaching safepoint: 557284 ns, At safepoint: 28625 ns, Total: 585909 ns
[2022-05-30T02:05:32.711+0000][7][safepoint   ] Safepoint "Cleanup", Time since last: 8001839497 ns, Reaching safepoint: 457363 ns, At safepoint: 49765 ns, Total: 507128 ns
[2022-05-30T02:05:52.681+0000][7][safepoint   ] Safepoint "Cleanup", Time since last: 20003669387 ns, Reaching safepoint: 362842 ns, At safepoint: 61207 ns, Total: 424049 ns
[2022-05-30T02:06:00.382+0000][7][gc,start    ] GC(61) Pause Young (Normal) (G1 Evacuation Pause)
[2022-05-30T02:06:00.382+0000][7][gc,task     ] GC(61) Using 8 workers of 8 for evacuation
[2022-05-30T02:06:00.382+0000][7][gc,age      ] GC(61) Desired survivor size 18874368 bytes, new threshold 15 (max threshold 15)
[2022-05-30T02:06:00.391+0000][7][gc,phases   ] GC(61)   Pre Evacuate Collection Set: 0.4ms
[2022-05-30T02:06:00.391+0000][7][gc,phases   ] GC(61)   Merge Heap Roots: 0.3ms
[2022-05-30T02:06:00.391+0000][7][gc,phases   ] GC(61)   Evacuate Collection Set: 5.2ms
[2022-05-30T02:06:00.392+0000][7][gc,phases   ] GC(61)   Post Evacuate Collection Set: 1.9ms
[2022-05-30T02:06:00.392+0000][7][gc,phases   ] GC(61)   Other: 0.9ms
[2022-05-30T02:06:00.392+0000][7][gc,age      ] GC(61) Age table with threshold 15 (max threshold 15)
[2022-05-30T02:06:00.392+0000][7][gc,age      ] GC(61) - age   1:    1041480 bytes,    1041480 total
[2022-05-30T02:06:00.393+0000][7][gc,age      ] GC(61) - age   2:      86424 bytes,    1127904 total
[2022-05-30T02:06:00.393+0000][7][gc,age      ] GC(61) - age   3:      13632 bytes,    1141536 total
[2022-05-30T02:06:00.393+0000][7][gc,age      ] GC(61) - age   4:      30424 bytes,    1171960 total
[2022-05-30T02:06:00.394+0000][7][gc,age      ] GC(61) - age   5:       2112 bytes,    1174072 total
[2022-05-30T02:06:00.394+0000][7][gc,age      ] GC(61) - age   6:      78008 bytes,    1252080 total
[2022-05-30T02:06:00.394+0000][7][gc,age      ] GC(61) - age   7:       2112 bytes,    1254192 total
[2022-05-30T02:06:00.394+0000][7][gc,age      ] GC(61) - age   8:      15712 bytes,    1269904 total
[2022-05-30T02:06:00.394+0000][7][gc,age      ] GC(61) - age   9:       2104 bytes,    1272008 total
[2022-05-30T02:06:00.395+0000][7][gc,age      ] GC(61) - age  10:       5384 bytes,    1277392 total
[2022-05-30T02:06:00.395+0000][7][gc,age      ] GC(61) - age  11:       2584 bytes,    1279976 total
[2022-05-30T02:06:00.395+0000][7][gc,age      ] GC(61) - age  12:       3416 bytes,    1283392 total
[2022-05-30T02:06:00.395+0000][7][gc,age      ] GC(61) - age  13:       4768 bytes,    1288160 total
[2022-05-30T02:06:00.395+0000][7][gc,age      ] GC(61) - age  14:       3064 bytes,    1291224 total
[2022-05-30T02:06:00.396+0000][7][gc,age      ] GC(61) - age  15:    2074744 bytes,    3365968 total
[2022-05-30T02:06:00.396+0000][7][gc,heap     ] GC(61) Eden regions: 68->0(68)
[2022-05-30T02:06:00.396+0000][7][gc,heap     ] GC(61) Survivor regions: 1->1(9)
[2022-05-30T02:06:00.396+0000][7][gc,heap     ] GC(61) Old regions: 34->34
[2022-05-30T02:06:00.396+0000][7][gc,heap     ] GC(61) Archive regions: 2->2
[2022-05-30T02:06:00.397+0000][7][gc,heap     ] GC(61) Humongous regions: 2->2
[2022-05-30T02:06:00.397+0000][7][gc,metaspace] GC(61) Metaspace: 132506K(136128K)->132506K(136128K) NonClass: 114954K(116864K)->114954K(116864K) Class: 17551K(19264K)->17551K(19264K)
[2022-05-30T02:06:00.397+0000][7][gc          ] GC(61) Pause Young (Normal) (G1 Evacuation Pause) 421M->149M(512M) 15.626ms
[2022-05-30T02:06:00.397+0000][7][gc,cpu      ] GC(61) User=0.03s Sys=0.02s Real=0.02s
[2022-05-30T02:06:00.398+0000][7][safepoint   ] Safepoint "G1CollectForAllocation", Time since last: 7700005314 ns, Reaching safepoint: 613201 ns, At safepoint: 16240031 ns, Total: 16853232 ns
[2022-05-30T02:06:06.400+0000][7][safepoint   ] Safepoint "Cleanup", Time since last: 6001494964 ns, Reaching safepoint: 308579 ns, At safepoint: 11542 ns, Total: 320121 ns
[2022-05-30T02:06:09.401+0000][7][safepoint   ] Safepoint "Cleanup", Time since last: 3000862845 ns, Reaching safepoint: 479114 ns, At safepoint: 62850 ns, Total: 541964 ns
[2022-05-30T02:06:27.461+0000][7][safepoint   ] Safepoint "Cleanup", Time since last: 18059513223 ns, Reaching safepoint: 422627 ns, At safepoint: 80934 ns, Total: 503561 ns
[2022-05-30T02:06:32.643+0000][7][safepoint   ] Safepoint "Cleanup", Time since last: 5181520558 ns, Reaching safepoint: 507398 ns, At safepoint: 20379 ns, Total: 527777 ns
[2022-05-30T02:06:52.646+0000][7][safepoint   ] Safepoint "Cleanup", Time since last: 20003862283 ns, Reaching safepoint: 333938 ns, At safepoint: 42481 ns, Total: 376419 ns
[2022-05-30T02:07:06.649+0000][7][safepoint   ] Safepoint "Cleanup", Time since last: 14003110536 ns, Reaching safepoint: 458566 ns, At safepoint: 19667 ns, Total: 478233 ns
[2022-05-30T02:07:11.679+0000][7][safepoint   ] Safepoint "Cleanup", Time since last: 5001470675 ns, Reaching safepoint: 300985 ns, At safepoint: 36660 ns, Total: 337645 ns
[2022-05-30T02:07:11.883+0000][7][gc,start    ] GC(62) Pause Young (Normal) (G1 Evacuation Pause)
[2022-05-30T02:07:11.884+0000][7][gc,task     ] GC(62) Using 8 workers of 8 for evacuation
[2022-05-30T02:07:11.884+0000][7][gc,age      ] GC(62) Desired survivor size 18874368 bytes, new threshold 15 (max threshold 15)
[2022-05-30T02:07:11.897+0000][7][gc,phases   ] GC(62)   Pre Evacuate Collection Set: 0.4ms
[2022-05-30T02:07:11.898+0000][7][gc,phases   ] GC(62)   Merge Heap Roots: 0.3ms
[2022-05-30T02:07:11.898+0000][7][gc,phases   ] GC(62)   Evacuate Collection Set: 10.1ms
[2022-05-30T02:07:11.898+0000][7][gc,phases   ] GC(62)   Post Evacuate Collection Set: 1.7ms
[2022-05-30T02:07:11.899+0000][7][gc,phases   ] GC(62)   Other: 0.9ms
[2022-05-30T02:07:11.899+0000][7][gc,age      ] GC(62) Age table with threshold 15 (max threshold 15)
[2022-05-30T02:07:11.900+0000][7][gc,age      ] GC(62) - age   1:    1077576 bytes,    1077576 total
[2022-05-30T02:07:11.900+0000][7][gc,age      ] GC(62) - age   2:      40040 bytes,    1117616 total
[2022-05-30T02:07:11.901+0000][7][gc,age      ] GC(62) - age   3:      85048 bytes,    1202664 total
[2022-05-30T02:07:11.901+0000][7][gc,age      ] GC(62) - age   4:      13504 bytes,    1216168 total
[2022-05-30T02:07:11.901+0000][7][gc,age      ] GC(62) - age   5:      30424 bytes,    1246592 total
[2022-05-30T02:07:11.902+0000][7][gc,age      ] GC(62) - age   6:       2048 bytes,    1248640 total
[2022-05-30T02:07:11.902+0000][7][gc,age      ] GC(62) - age   7:      78008 bytes,    1326648 total
[2022-05-30T02:07:11.902+0000][7][gc,age      ] GC(62) - age   8:       2112 bytes,    1328760 total
[2022-05-30T02:07:11.903+0000][7][gc,age      ] GC(62) - age   9:      15712 bytes,    1344472 total
[2022-05-30T02:07:11.903+0000][7][gc,age      ] GC(62) - age  10:       2104 bytes,    1346576 total
[2022-05-30T02:07:11.903+0000][7][gc,age      ] GC(62) - age  11:       5384 bytes,    1351960 total
[2022-05-30T02:07:11.904+0000][7][gc,age      ] GC(62) - age  12:       2584 bytes,    1354544 total
[2022-05-30T02:07:11.904+0000][7][gc,age      ] GC(62) - age  13:       3416 bytes,    1357960 total
[2022-05-30T02:07:11.904+0000][7][gc,age      ] GC(62) - age  14:       4768 bytes,    1362728 total
[2022-05-30T02:07:11.905+0000][7][gc,age      ] GC(62) - age  15:       3064 bytes,    1365792 total
[2022-05-30T02:07:11.905+0000][7][gc,heap     ] GC(62) Eden regions: 68->0(67)
[2022-05-30T02:07:11.905+0000][7][gc,heap     ] GC(62) Survivor regions: 1->1(9)
[2022-05-30T02:07:11.906+0000][7][gc,heap     ] GC(62) Old regions: 34->35
[2022-05-30T02:07:11.906+0000][7][gc,heap     ] GC(62) Archive regions: 2->2
[2022-05-30T02:07:11.907+0000][7][gc,heap     ] GC(62) Humongous regions: 2->2
[2022-05-30T02:07:11.907+0000][7][gc,metaspace] GC(62) Metaspace: 132515K(136128K)->132515K(136128K) NonClass: 114963K(116864K)->114963K(116864K) Class: 17551K(19264K)->17551K(19264K)
[2022-05-30T02:07:11.908+0000][7][gc          ] GC(62) Pause Young (Normal) (G1 Evacuation Pause) 421M->150M(512M) 24.357ms
[2022-05-30T02:07:11.908+0000][7][gc,cpu      ] GC(62) User=0.09s Sys=0.00s Real=0.02s
[2022-05-30T02:07:11.909+0000][7][safepoint   ] Safepoint "G1CollectForAllocation", Time since last: 203734159 ns, Reaching safepoint: 469155 ns, At safepoint: 25394770 ns, Total: 25863925 ns
[2022-05-30T02:07:14.910+0000][7][safepoint   ] Safepoint "Cleanup", Time since last: 3001019851 ns, Reaching safepoint: 357022 ns, At safepoint: 16011 ns, Total: 373033 ns
[2022-05-30T02:07:15.911+0000][7][safepoint   ] Safepoint "Cleanup", Time since last: 1000661910 ns, Reaching safepoint: 390786 ns, At safepoint: 38884 ns, Total: 429670 ns
[2022-05-30T02:07:24.477+0000][7][safepoint   ] Safepoint "Cleanup", Time since last: 8565748467 ns, Reaching safepoint: 413560 ns, At safepoint: 31590 ns, Total: 445150 ns
[2022-05-30T02:07:27.479+0000][7][safepoint   ] Safepoint "Cleanup", Time since last: 3001650282 ns, Reaching safepoint: 400024 ns, At safepoint: 15169 ns, Total: 415193 ns
[2022-05-30T02:07:29.481+0000][7][safepoint   ] Safepoint "Cleanup", Time since last: 2000900245 ns, Reaching safepoint: 480279 ns, At safepoint: 103698 ns, Total: 583977 ns
[2022-05-30T02:07:30.502+0000][7][safepoint   ] Safepoint "Cleanup", Time since last: 1020518023 ns, Reaching safepoint: 441733 ns, At safepoint: 61808 ns, Total: 503541 ns
[2022-05-30T02:07:44.479+0000][7][safepoint   ] Safepoint "Cleanup", Time since last: 14003336688 ns, Reaching safepoint: 594314 ns, At safepoint: 35548 ns, Total: 629862 ns
[2022-05-30T02:07:50.482+0000][7][safepoint   ] Safepoint "Cleanup", Time since last: 6002138442 ns, Reaching safepoint: 593102 ns, At safepoint: 67058 ns, Total: 660160 ns
[2022-05-30T02:08:01.583+0000][7][safepoint   ] Safepoint "Cleanup", Time since last: 11100147302 ns, Reaching safepoint: 344557 ns, At safepoint: 28695 ns, Total: 373252 ns
[2022-05-30T02:08:14.503+0000][7][safepoint   ] Safepoint "Cleanup", Time since last: 13380722933 ns, Reaching safepoint: 423759 ns, At safepoint: 12033 ns, Total: 435792 ns
[2022-05-30T02:08:15.504+0000][7][safepoint   ] Safepoint "Cleanup", Time since last: 1000710865 ns, Reaching safepoint: 381077 ns, At safepoint: 28755 ns, Total: 409832 ns
[2022-05-30T02:08:18.505+0000][7][safepoint   ] Safepoint "Cleanup", Time since last: 3001186100 ns, Reaching safepoint: 462103 ns, At safepoint: 27863 ns, Total: 489966 ns
[2022-05-30T02:08:20.611+0000][7][safepoint   ] Safepoint "Cleanup", Time since last: 2105612214 ns, Reaching safepoint: 347754 ns, At safepoint: 28845 ns, Total: 376599 ns
[2022-05-30T02:08:21.218+0000][7][gc,start    ] GC(63) Pause Young (Concurrent Start) (G1 Evacuation Pause)
[2022-05-30T02:08:21.219+0000][7][gc,task     ] GC(63) Using 8 workers of 8 for evacuation
[2022-05-30T02:08:21.219+0000][7][gc,age      ] GC(63) Desired survivor size 18874368 bytes, new threshold 15 (max threshold 15)
[2022-05-30T02:08:21.240+0000][7][gc,phases   ] GC(63)   Pre Evacuate Collection Set: 2.3ms
[2022-05-30T02:08:21.240+0000][7][gc,phases   ] GC(63)   Merge Heap Roots: 0.3ms
[2022-05-30T02:08:21.241+0000][7][gc,phases   ] GC(63)   Evacuate Collection Set: 15.5ms
[2022-05-30T02:08:21.241+0000][7][gc,phases   ] GC(63)   Post Evacuate Collection Set: 1.6ms
[2022-05-30T02:08:21.241+0000][7][gc,phases   ] GC(63)   Other: 1.1ms
[2022-05-30T02:08:21.242+0000][7][gc,age      ] GC(63) Age table with threshold 15 (max threshold 15)
[2022-05-30T02:08:21.242+0000][7][gc,age      ] GC(63) - age   1:     801072 bytes,     801072 total
[2022-05-30T02:08:21.243+0000][7][gc,age      ] GC(63) - age   2:       4200 bytes,     805272 total
[2022-05-30T02:08:21.243+0000][7][gc,age      ] GC(63) - age   3:      37712 bytes,     842984 total
[2022-05-30T02:08:21.243+0000][7][gc,age      ] GC(63) - age   4:      84704 bytes,     927688 total
[2022-05-30T02:08:21.244+0000][7][gc,age      ] GC(63) - age   5:       5080 bytes,     932768 total
[2022-05-30T02:08:21.244+0000][7][gc,age      ] GC(63) - age   6:      30400 bytes,     963168 total
[2022-05-30T02:08:21.244+0000][7][gc,age      ] GC(63) - age   7:       2048 bytes,     965216 total
[2022-05-30T02:08:21.245+0000][7][gc,age      ] GC(63) - age   8:      78008 bytes,    1043224 total
[2022-05-30T02:08:21.245+0000][7][gc,age      ] GC(63) - age   9:       2112 bytes,    1045336 total
[2022-05-30T02:08:21.246+0000][7][gc,age      ] GC(63) - age  10:      15712 bytes,    1061048 total
[2022-05-30T02:08:21.246+0000][7][gc,age      ] GC(63) - age  11:       2104 bytes,    1063152 total
[2022-05-30T02:08:21.246+0000][7][gc,age      ] GC(63) - age  12:       5384 bytes,    1068536 total
[2022-05-30T02:08:21.247+0000][7][gc,age      ] GC(63) - age  13:       2192 bytes,    1070728 total
[2022-05-30T02:08:21.247+0000][7][gc,age      ] GC(63) - age  14:       3416 bytes,    1074144 total
[2022-05-30T02:08:21.248+0000][7][gc,age      ] GC(63) - age  15:       4768 bytes,    1078912 total
[2022-05-30T02:08:21.248+0000][7][gc,heap     ] GC(63) Eden regions: 67->0(67)
[2022-05-30T02:08:21.249+0000][7][gc,heap     ] GC(63) Survivor regions: 1->1(9)
[2022-05-30T02:08:21.249+0000][7][gc,heap     ] GC(63) Old regions: 35->35
[2022-05-30T02:08:21.250+0000][7][gc,heap     ] GC(63) Archive regions: 2->2
[2022-05-30T02:08:21.250+0000][7][gc,heap     ] GC(63) Humongous regions: 2->2
[2022-05-30T02:08:21.251+0000][7][gc,metaspace] GC(63) Metaspace: 132522K(136128K)->132522K(136128K) NonClass: 114970K(116864K)->114970K(116864K) Class: 17551K(19264K)->17551K(19264K)
[2022-05-30T02:08:21.252+0000][7][gc          ] GC(63) Pause Young (Concurrent Start) (G1 Evacuation Pause) 418M->149M(512M) 33.361ms
[2022-05-30T02:08:21.252+0000][7][gc,cpu      ] GC(63) User=0.05s Sys=0.01s Real=0.04s
[2022-05-30T02:08:21.253+0000][7][safepoint   ] Safepoint "G1CollectForAllocation", Time since last: 606312333 ns, Reaching safepoint: 306806 ns, At safepoint: 34903698 ns, Total: 35210504 ns
[2022-05-30T02:08:21.253+0000][7][gc          ] GC(64) Concurrent Mark Cycle
[2022-05-30T02:08:21.256+0000][7][gc,marking  ] GC(64) Concurrent Clear Claimed Marks
[2022-05-30T02:08:21.261+0000][7][gc,marking  ] GC(64) Concurrent Clear Claimed Marks 5.121ms
[2022-05-30T02:08:21.262+0000][7][gc,marking  ] GC(64) Concurrent Scan Root Regions
[2022-05-30T02:08:21.320+0000][7][gc,marking  ] GC(64) Concurrent Scan Root Regions 57.295ms
[2022-05-30T02:08:21.320+0000][7][gc,marking  ] GC(64) Concurrent Mark
[2022-05-30T02:08:21.320+0000][7][gc,marking  ] GC(64) Concurrent Mark From Roots
[2022-05-30T02:08:21.321+0000][7][gc,task     ] GC(64) Using 2 workers of 2 for marking
[2022-05-30T02:08:21.752+0000][7][gc,marking  ] GC(64) Concurrent Mark From Roots 431.777ms
[2022-05-30T02:08:21.752+0000][7][gc,marking  ] GC(64) Concurrent Preclean
[2022-05-30T02:08:21.754+0000][7][gc,marking  ] GC(64) Concurrent Preclean 1.443ms
[2022-05-30T02:08:21.755+0000][7][gc,start    ] GC(64) Pause Remark
[2022-05-30T02:08:22.613+0000][7][gc,mmu      ] GC(64) MMU target violated: 201.0ms (200.0ms/201.0ms)
[2022-05-30T02:08:22.614+0000][7][gc          ] GC(64) Pause Remark 154M->154M(512M) 858.982ms
[2022-05-30T02:08:22.615+0000][7][gc,cpu      ] GC(64) User=5.28s Sys=1.01s Real=0.86s
[2022-05-30T02:08:22.616+0000][7][safepoint   ] Safepoint "G1Concurrent", Time since last: 501601652 ns, Reaching safepoint: 348125 ns, At safepoint: 860904357 ns, Total: 861252482 ns
[2022-05-30T02:08:22.622+0000][7][gc,marking  ] GC(64) Concurrent Mark 1301.856ms
[2022-05-30T02:08:22.632+0000][7][gc,marking  ] GC(64) Concurrent Rebuild Remembered Sets
[2022-05-30T02:08:22.773+0000][7][gc,marking  ] GC(64) Concurrent Rebuild Remembered Sets 141.834ms
[2022-05-30T02:08:22.809+0000][7][gc,start    ] GC(64) Pause Cleanup
[2022-05-30T02:08:22.811+0000][7][gc          ] GC(64) Pause Cleanup 156M->156M(512M) 2.410ms
[2022-05-30T02:08:22.812+0000][7][gc,cpu      ] GC(64) User=0.00s Sys=0.00s Real=0.01s
[2022-05-30T02:08:22.814+0000][7][safepoint   ] Safepoint "G1Concurrent", Time since last: 170205031 ns, Reaching safepoint: 22712218 ns, At safepoint: 4846584 ns, Total: 27558802 ns
[2022-05-30T02:08:22.818+0000][7][gc,marking  ] GC(64) Concurrent Cleanup for Next Mark
[2022-05-30T02:08:22.867+0000][7][gc,marking  ] GC(64) Concurrent Cleanup for Next Mark 49.279ms
[2022-05-30T02:08:22.868+0000][7][gc          ] GC(64) Concurrent Mark Cycle 1615.322ms
[2022-05-30T02:08:29.820+0000][7][safepoint   ] Safepoint "Cleanup", Time since last: 7005516314 ns, Reaching safepoint: 402188 ns, At safepoint: 24156 ns, Total: 426344 ns
[2022-05-30T02:08:47.301+0000][7][safepoint   ] Safepoint "Cleanup", Time since last: 17005039448 ns, Reaching safepoint: 382770 ns, At safepoint: 18115 ns, Total: 400885 ns
[2022-05-30T02:08:57.306+0000][7][safepoint   ] Safepoint "Cleanup", Time since last: 10002327534 ns, Reaching safepoint: 2848939 ns, At safepoint: 48382 ns, Total: 2897321 ns
[2022-05-30T02:09:34.301+0000][7][safepoint   ] Safepoint "Cleanup", Time since last: 37008774816 ns, Reaching safepoint: 633079 ns, At safepoint: 71175 ns, Total: 704254 ns
[2022-05-30T02:09:36.456+0000][7][safepoint   ] Safepoint "Cleanup", Time since last: 2154482991 ns, Reaching safepoint: 371429 ns, At safepoint: 44565 ns, Total: 415994 ns
[2022-05-30T02:09:38.457+0000][7][safepoint   ] Safepoint "Cleanup", Time since last: 2000801499 ns, Reaching safepoint: 720936 ns, At safepoint: 57811 ns, Total: 778747 ns
[2022-05-30T02:09:38.472+0000][7][gc,start    ] GC(65) Pause Young (Prepare Mixed) (G1 Evacuation Pause)
[2022-05-30T02:09:38.472+0000][7][gc,task     ] GC(65) Using 8 workers of 8 for evacuation
[2022-05-30T02:09:38.472+0000][7][gc,age      ] GC(65) Desired survivor size 18874368 bytes, new threshold 15 (max threshold 15)
[2022-05-30T02:09:38.480+0000][7][gc,phases   ] GC(65)   Pre Evacuate Collection Set: 0.3ms
[2022-05-30T02:09:38.481+0000][7][gc,phases   ] GC(65)   Merge Heap Roots: 0.2ms
[2022-05-30T02:09:38.481+0000][7][gc,phases   ] GC(65)   Evacuate Collection Set: 4.9ms
[2022-05-30T02:09:38.482+0000][7][gc,phases   ] GC(65)   Post Evacuate Collection Set: 1.9ms
[2022-05-30T02:09:38.482+0000][7][gc,phases   ] GC(65)   Other: 0.9ms
[2022-05-30T02:09:38.483+0000][7][gc,age      ] GC(65) Age table with threshold 15 (max threshold 15)
[2022-05-30T02:09:38.483+0000][7][gc,age      ] GC(65) - age   1:     553848 bytes,     553848 total
[2022-05-30T02:09:38.484+0000][7][gc,age      ] GC(65) - age   2:      28592 bytes,     582440 total
[2022-05-30T02:09:38.484+0000][7][gc,age      ] GC(65) - age   3:       2336 bytes,     584776 total
[2022-05-30T02:09:38.485+0000][7][gc,age      ] GC(65) - age   4:      37584 bytes,     622360 total
[2022-05-30T02:09:38.485+0000][7][gc,age      ] GC(65) - age   5:      84640 bytes,     707000 total
[2022-05-30T02:09:38.485+0000][7][gc,age      ] GC(65) - age   6:       5080 bytes,     712080 total
[2022-05-30T02:09:38.486+0000][7][gc,age      ] GC(65) - age   7:      22104 bytes,     734184 total
[2022-05-30T02:09:38.486+0000][7][gc,age      ] GC(65) - age   8:       2048 bytes,     736232 total
[2022-05-30T02:09:38.486+0000][7][gc,age      ] GC(65) - age   9:      76152 bytes,     812384 total
[2022-05-30T02:09:38.486+0000][7][gc,age      ] GC(65) - age  10:       2112 bytes,     814496 total
[2022-05-30T02:09:38.487+0000][7][gc,age      ] GC(65) - age  11:       7696 bytes,     822192 total
[2022-05-30T02:09:38.487+0000][7][gc,age      ] GC(65) - age  12:       1920 bytes,     824112 total
[2022-05-30T02:09:38.487+0000][7][gc,age      ] GC(65) - age  13:       4968 bytes,     829080 total
[2022-05-30T02:09:38.488+0000][7][gc,age      ] GC(65) - age  14:       1968 bytes,     831048 total
[2022-05-30T02:09:38.488+0000][7][gc,age      ] GC(65) - age  15:       3416 bytes,     834464 total
[2022-05-30T02:09:38.489+0000][7][gc,heap     ] GC(65) Eden regions: 67->0(5)
[2022-05-30T02:09:38.489+0000][7][gc,heap     ] GC(65) Survivor regions: 1->1(9)
[2022-05-30T02:09:38.490+0000][7][gc,heap     ] GC(65) Old regions: 35->35
[2022-05-30T02:09:38.490+0000][7][gc,heap     ] GC(65) Archive regions: 2->2
[2022-05-30T02:09:38.490+0000][7][gc,heap     ] GC(65) Humongous regions: 2->2
[2022-05-30T02:09:38.491+0000][7][gc,metaspace] GC(65) Metaspace: 129860K(136128K)->129860K(136128K) NonClass: 112928K(116864K)->112928K(116864K) Class: 16932K(19264K)->16932K(19264K)
[2022-05-30T02:09:38.491+0000][7][gc          ] GC(65) Pause Young (Prepare Mixed) (G1 Evacuation Pause) 417M->149M(512M) 19.503ms
[2022-05-30T02:09:38.492+0000][7][gc,cpu      ] GC(65) User=0.03s Sys=0.02s Real=0.02s
[2022-05-30T02:09:38.492+0000][7][safepoint   ] Safepoint "G1CollectForAllocation", Time since last: 14129952 ns, Reaching safepoint: 266899 ns, At safepoint: 20448862 ns, Total: 20715761 ns
[2022-05-30T02:09:44.494+0000][7][safepoint   ] Safepoint "Cleanup", Time since last: 6001593520 ns, Reaching safepoint: 565049 ns, At safepoint: 23114 ns, Total: 588163 ns
[2022-05-30T02:09:44.856+0000][7][gc,start    ] GC(66) Pause Young (Mixed) (G1 Evacuation Pause)
[2022-05-30T02:09:44.856+0000][7][gc,task     ] GC(66) Using 8 workers of 8 for evacuation
[2022-05-30T02:09:44.857+0000][7][gc,age      ] GC(66) Desired survivor size 2097152 bytes, new threshold 15 (max threshold 15)
[2022-05-30T02:09:44.867+0000][7][gc,phases   ] GC(66)   Pre Evacuate Collection Set: 0.3ms
[2022-05-30T02:09:44.867+0000][7][gc,phases   ] GC(66)   Merge Heap Roots: 0.2ms
[2022-05-30T02:09:44.868+0000][7][gc,phases   ] GC(66)   Evacuate Collection Set: 8.3ms
[2022-05-30T02:09:44.868+0000][7][gc,phases   ] GC(66)   Post Evacuate Collection Set: 1.2ms
[2022-05-30T02:09:44.868+0000][7][gc,phases   ] GC(66)   Other: 0.9ms
[2022-05-30T02:09:44.869+0000][7][gc,age      ] GC(66) Age table with threshold 15 (max threshold 15)
[2022-05-30T02:09:44.869+0000][7][gc,age      ] GC(66) - age   1:     453272 bytes,     453272 total
[2022-05-30T02:09:44.869+0000][7][gc,age      ] GC(66) - age   2:     368832 bytes,     822104 total
[2022-05-30T02:09:44.869+0000][7][gc,age      ] GC(66) - age   3:      28400 bytes,     850504 total
[2022-05-30T02:09:44.870+0000][7][gc,age      ] GC(66) - age   4:       2336 bytes,     852840 total
[2022-05-30T02:09:44.870+0000][7][gc,age      ] GC(66) - age   5:      37584 bytes,     890424 total
[2022-05-30T02:09:44.870+0000][7][gc,age      ] GC(66) - age   6:      84640 bytes,     975064 total
[2022-05-30T02:09:44.871+0000][7][gc,age      ] GC(66) - age   7:       5080 bytes,     980144 total
[2022-05-30T02:09:44.871+0000][7][gc,age      ] GC(66) - age   8:      22104 bytes,    1002248 total
[2022-05-30T02:09:44.872+0000][7][gc,age      ] GC(66) - age   9:       2048 bytes,    1004296 total
[2022-05-30T02:09:44.872+0000][7][gc,age      ] GC(66) - age  10:      76152 bytes,    1080448 total
[2022-05-30T02:09:44.872+0000][7][gc,age      ] GC(66) - age  11:       2112 bytes,    1082560 total
[2022-05-30T02:09:44.873+0000][7][gc,age      ] GC(66) - age  12:       7696 bytes,    1090256 total
[2022-05-30T02:09:44.873+0000][7][gc,age      ] GC(66) - age  13:       1920 bytes,    1092176 total
[2022-05-30T02:09:44.873+0000][7][gc,age      ] GC(66) - age  14:       4968 bytes,    1097144 total
[2022-05-30T02:09:44.874+0000][7][gc,age      ] GC(66) - age  15:       1968 bytes,    1099112 total
[2022-05-30T02:09:44.874+0000][7][gc,heap     ] GC(66) Eden regions: 5->0(73)
[2022-05-30T02:09:44.874+0000][7][gc,heap     ] GC(66) Survivor regions: 1->1(1)
[2022-05-30T02:09:44.874+0000][7][gc,heap     ] GC(66) Old regions: 35->29
[2022-05-30T02:09:44.875+0000][7][gc,heap     ] GC(66) Archive regions: 2->2
[2022-05-30T02:09:44.875+0000][7][gc,heap     ] GC(66) Humongous regions: 2->2
[2022-05-30T02:09:44.875+0000][7][gc,metaspace] GC(66) Metaspace: 129860K(136128K)->129860K(136128K) NonClass: 112928K(116864K)->112928K(116864K) Class: 16932K(19264K)->16932K(19264K)
[2022-05-30T02:09:44.875+0000][7][gc          ] GC(66) Pause Young (Mixed) (G1 Evacuation Pause) 169M->127M(512M) 19.882ms
[2022-05-30T02:09:44.876+0000][7][gc,cpu      ] GC(66) User=0.08s Sys=0.00s Real=0.02s
[2022-05-30T02:09:44.876+0000][7][safepoint   ] Safepoint "G1CollectForAllocation", Time since last: 360849380 ns, Reaching safepoint: 357273 ns, At safepoint: 20662107 ns, Total: 21019380 ns
[2022-05-30T02:09:50.879+0000][7][safepoint   ] Safepoint "Cleanup", Time since last: 6001874623 ns, Reaching safepoint: 402228 ns, At safepoint: 44435 ns, Total: 446663 ns
[2022-05-30T02:09:51.880+0000][7][safepoint   ] Safepoint "Cleanup", Time since last: 1000739002 ns, Reaching safepoint: 411616 ns, At safepoint: 21301 ns, Total: 432917 ns
[2022-05-30T02:09:57.882+0000][7][safepoint   ] Safepoint "Cleanup", Time since last: 6001450794 ns, Reaching safepoint: 460299 ns, At safepoint: 49895 ns, Total: 510194 ns
[2022-05-30T02:10:08.904+0000][7][safepoint   ] Safepoint "Cleanup", Time since last: 11022243327 ns, Reaching safepoint: 415934 ns, At safepoint: 18716 ns, Total: 434650 ns
[2022-05-30T02:10:18.130+0000][7][safepoint   ] Safepoint "Cleanup", Time since last: 9002202944 ns, Reaching safepoint: 330501 ns, At safepoint: 18094 ns, Total: 348595 ns
[2022-05-30T02:10:21.132+0000][7][safepoint   ] Safepoint "Cleanup", Time since last: 3001378185 ns, Reaching safepoint: 423820 ns, At safepoint: 36269 ns, Total: 460089 ns
[2022-05-30T02:10:22.138+0000][7][safepoint   ] Safepoint "Cleanup", Time since last: 1005240256 ns, Reaching safepoint: 369235 ns, At safepoint: 31080 ns, Total: 400315 ns
[2022-05-30T02:10:25.139+0000][7][safepoint   ] Safepoint "Cleanup", Time since last: 3001318076 ns, Reaching safepoint: 391458 ns, At safepoint: 20709 ns, Total: 412167 ns
[2022-05-30T02:10:34.144+0000][7][safepoint   ] Safepoint "Cleanup", Time since last: 9004563005 ns, Reaching safepoint: 324920 ns, At safepoint: 20068 ns, Total: 344988 ns
[2022-05-30T02:10:39.146+0000][7][safepoint   ] Safepoint "Cleanup", Time since last: 5001287721 ns, Reaching safepoint: 456312 ns, At safepoint: 23775 ns, Total: 480087 ns
[2022-05-30T02:10:43.485+0000][7][safepoint   ] Safepoint "Cleanup", Time since last: 4020352645 ns, Reaching safepoint: 423749 ns, At safepoint: 35327 ns, Total: 459076 ns
[2022-05-30T02:10:45.602+0000][7][safepoint   ] Safepoint "Cleanup", Time since last: 2115718745 ns, Reaching safepoint: 496829 ns, At safepoint: 224919 ns, Total: 721748 ns
[2022-05-30T02:10:46.719+0000][7][safepoint   ] Safepoint "Cleanup", Time since last: 1116738173 ns, Reaching safepoint: 652205 ns, At safepoint: 39325 ns, Total: 691530 ns
[2022-05-30T02:10:53.757+0000][7][safepoint   ] Safepoint "Cleanup", Time since last: 7037307372 ns, Reaching safepoint: 362442 ns, At safepoint: 28695 ns, Total: 391137 ns
[2022-05-30T02:10:54.866+0000][7][safepoint   ] Safepoint "Cleanup", Time since last: 1050795921 ns, Reaching safepoint: 57640282 ns, At safepoint: 131902 ns, Total: 57772184 ns
[2022-05-30T02:10:56.013+0000][7][safepoint   ] Safepoint "Cleanup", Time since last: 1079788054 ns, Reaching safepoint: 67309174 ns, At safepoint: 168953 ns, Total: 67478127 ns
[2022-05-30T02:10:57.331+0000][7][gc,start    ] GC(67) Pause Young (Normal) (G1 Evacuation Pause)
[2022-05-30T02:10:57.335+0000][7][gc,task     ] GC(67) Using 8 workers of 8 for evacuation
[2022-05-30T02:10:57.336+0000][7][gc,age      ] GC(67) Desired survivor size 20971520 bytes, new threshold 15 (max threshold 15)
[2022-05-30T02:10:57.361+0000][7][gc,phases   ] GC(67)   Pre Evacuate Collection Set: 0.4ms
[2022-05-30T02:10:57.362+0000][7][gc,phases   ] GC(67)   Merge Heap Roots: 0.3ms
[2022-05-30T02:10:57.362+0000][7][gc,phases   ] GC(67)   Evacuate Collection Set: 19.9ms
[2022-05-30T02:10:57.364+0000][7][gc,phases   ] GC(67)   Post Evacuate Collection Set: 3.7ms
[2022-05-30T02:10:57.365+0000][7][gc,phases   ] GC(67)   Other: 1.9ms
[2022-05-30T02:10:57.369+0000][7][gc,age      ] GC(67) Age table with threshold 15 (max threshold 15)
[2022-05-30T02:10:57.370+0000][7][gc,age      ] GC(67) - age   1:    2100600 bytes,    2100600 total
[2022-05-30T02:10:57.371+0000][7][gc,age      ] GC(67) - age   2:        448 bytes,    2101048 total
[2022-05-30T02:10:57.371+0000][7][gc,age      ] GC(67) - age   3:      31096 bytes,    2132144 total
[2022-05-30T02:10:57.372+0000][7][gc,age      ] GC(67) - age   4:       1808 bytes,    2133952 total
[2022-05-30T02:10:57.377+0000][7][gc,age      ] GC(67) - age   5:       2080 bytes,    2136032 total
[2022-05-30T02:10:57.378+0000][7][gc,age      ] GC(67) - age   6:       1184 bytes,    2137216 total
[2022-05-30T02:10:57.379+0000][7][gc,age      ] GC(67) - age   7:      24376 bytes,    2161592 total
[2022-05-30T02:10:57.380+0000][7][gc,age      ] GC(67) - age   8:       4960 bytes,    2166552 total
[2022-05-30T02:10:57.381+0000][7][gc,age      ] GC(67) - age   9:      21832 bytes,    2188384 total
[2022-05-30T02:10:57.382+0000][7][gc,age      ] GC(67) - age  10:       1776 bytes,    2190160 total
[2022-05-30T02:10:57.383+0000][7][gc,age      ] GC(67) - age  11:       3168 bytes,    2193328 total
[2022-05-30T02:10:57.384+0000][7][gc,age      ] GC(67) - age  12:       2112 bytes,    2195440 total
[2022-05-30T02:10:57.385+0000][7][gc,age      ] GC(67) - age  13:       7512 bytes,    2202952 total
[2022-05-30T02:10:57.385+0000][7][gc,age      ] GC(67) - age  14:       1920 bytes,    2204872 total
[2022-05-30T02:10:57.386+0000][7][gc,age      ] GC(67) - age  15:       4968 bytes,    2209840 total
[2022-05-30T02:10:57.387+0000][7][gc,heap     ] GC(67) Eden regions: 73->0(72)
[2022-05-30T02:10:57.387+0000][7][gc,heap     ] GC(67) Survivor regions: 1->1(10)
[2022-05-30T02:10:57.388+0000][7][gc,heap     ] GC(67) Old regions: 29->29
[2022-05-30T02:10:57.389+0000][7][gc,heap     ] GC(67) Archive regions: 2->2
[2022-05-30T02:10:57.389+0000][7][gc,heap     ] GC(67) Humongous regions: 2->2
[2022-05-30T02:10:57.390+0000][7][gc,metaspace] GC(67) Metaspace: 129917K(136192K)->129917K(136192K) NonClass: 112977K(116864K)->112977K(116864K) Class: 16939K(19328K)->16939K(19328K)
[2022-05-30T02:10:57.390+0000][7][gc          ] GC(67) Pause Young (Normal) (G1 Evacuation Pause) 419M->128M(512M) 59.188ms
[2022-05-30T02:10:57.391+0000][7][gc,cpu      ] GC(67) User=0.12s Sys=0.02s Real=0.06s
[2022-05-30T02:10:57.396+0000][7][safepoint   ] Safepoint "G1CollectForAllocation", Time since last: 1315749921 ns, Reaching safepoint: 2618224 ns, At safepoint: 64958511 ns, Total: 67576735 ns
[2022-05-30T02:10:58.399+0000][7][safepoint   ] Safepoint "Cleanup", Time since last: 1002451228 ns, Reaching safepoint: 424300 ns, At safepoint: 199090 ns, Total: 623390 ns
[2022-05-30T02:10:59.401+0000][7][safepoint   ] Safepoint "Cleanup", Time since last: 1001185611 ns, Reaching safepoint: 468555 ns, At safepoint: 25218 ns, Total: 493773 ns
[2022-05-30T02:11:01.135+0000][7][safepoint   ] Safepoint "Cleanup", Time since last: 1733710061 ns, Reaching safepoint: 450490 ns, At safepoint: 39666 ns, Total: 490156 ns
[2022-05-30T02:11:05.138+0000][7][safepoint   ] Safepoint "Cleanup", Time since last: 4002149308 ns, Reaching safepoint: 321434 ns, At safepoint: 27532 ns, Total: 348966 ns
[2022-05-30T02:11:11.143+0000][7][safepoint   ] Safepoint "Cleanup", Time since last: 6004984893 ns, Reaching safepoint: 414892 ns, At safepoint: 30178 ns, Total: 445070 ns
[2022-05-30T02:11:12.337+0000][7][safepoint   ] Safepoint "Cleanup", Time since last: 1193680676 ns, Reaching safepoint: 388511 ns, At safepoint: 32112 ns, Total: 420623 ns
[2022-05-30T02:11:12.771+0000][7][safepoint   ] Safepoint "Cleanup", Time since last: 1026069364 ns, Reaching safepoint: 708795 ns, At safepoint: 138936 ns, Total: 847731 ns
[2022-05-30T02:11:13.773+0000][7][safepoint   ] Safepoint "Cleanup", Time since last: 1000928868 ns, Reaching safepoint: 284613 ns, At safepoint: 14588 ns, Total: 299201 ns
[2022-05-30T02:11:14.916+0000][7][safepoint   ] Safepoint "Cleanup", Time since last: 1142654813 ns, Reaching safepoint: 409361 ns, At safepoint: 64503 ns, Total: 473864 ns
[2022-05-30T02:11:15.918+0000][7][safepoint   ] Safepoint "Cleanup", Time since last: 1001459581 ns, Reaching safepoint: 389323 ns, At safepoint: 23515 ns, Total: 412838 ns
[2022-05-30T02:11:33.030+0000][7][safepoint   ] Safepoint "Cleanup", Time since last: 17111283813 ns, Reaching safepoint: 533244 ns, At safepoint: 91284 ns, Total: 624528 ns
[2022-05-30T02:11:50.661+0000][7][gc,start    ] GC(68) Pause Young (Normal) (G1 Evacuation Pause)
[2022-05-30T02:11:50.662+0000][7][gc,task     ] GC(68) Using 8 workers of 8 for evacuation
[2022-05-30T02:11:50.662+0000][7][gc,age      ] GC(68) Desired survivor size 20971520 bytes, new threshold 15 (max threshold 15)
[2022-05-30T02:11:50.668+0000][7][gc,phases   ] GC(68)   Pre Evacuate Collection Set: 0.5ms
[2022-05-30T02:11:50.669+0000][7][gc,phases   ] GC(68)   Merge Heap Roots: 0.4ms
[2022-05-30T02:11:50.670+0000][7][gc,phases   ] GC(68)   Evacuate Collection Set: 2.9ms
[2022-05-30T02:11:50.670+0000][7][gc,phases   ] GC(68)   Post Evacuate Collection Set: 1.8ms
[2022-05-30T02:11:50.670+0000][7][gc,phases   ] GC(68)   Other: 1.1ms
[2022-05-30T02:11:50.671+0000][7][gc,age      ] GC(68) Age table with threshold 15 (max threshold 15)
[2022-05-30T02:11:50.671+0000][7][gc,age      ] GC(68) - age   1:    1598368 bytes,    1598368 total
[2022-05-30T02:11:50.671+0000][7][gc,age      ] GC(68) - age   2:     314456 bytes,    1912824 total
[2022-05-30T02:11:50.672+0000][7][gc,age      ] GC(68) - age   3:         64 bytes,    1912888 total
[2022-05-30T02:11:50.672+0000][7][gc,age      ] GC(68) - age   4:      30328 bytes,    1943216 total
[2022-05-30T02:11:50.673+0000][7][gc,age      ] GC(68) - age   5:       1616 bytes,    1944832 total
[2022-05-30T02:11:50.673+0000][7][gc,age      ] GC(68) - age   6:       1800 bytes,    1946632 total
[2022-05-30T02:11:50.673+0000][7][gc,age      ] GC(68) - age   7:       1056 bytes,    1947688 total
[2022-05-30T02:11:50.673+0000][7][gc,age      ] GC(68) - age   8:      24152 bytes,    1971840 total
[2022-05-30T02:11:50.674+0000][7][gc,age      ] GC(68) - age   9:       4928 bytes,    1976768 total
[2022-05-30T02:11:50.674+0000][7][gc,age      ] GC(68) - age  10:      21800 bytes,    1998568 total
[2022-05-30T02:11:50.674+0000][7][gc,age      ] GC(68) - age  11:       1776 bytes,    2000344 total
[2022-05-30T02:11:50.675+0000][7][gc,age      ] GC(68) - age  12:       3168 bytes,    2003512 total
[2022-05-30T02:11:50.675+0000][7][gc,age      ] GC(68) - age  13:       2112 bytes,    2005624 total
[2022-05-30T02:11:50.675+0000][7][gc,age      ] GC(68) - age  14:       7512 bytes,    2013136 total
[2022-05-30T02:11:50.675+0000][7][gc,age      ] GC(68) - age  15:       1920 bytes,    2015056 total
[2022-05-30T02:11:50.676+0000][7][gc,heap     ] GC(68) Eden regions: 72->0(72)
[2022-05-30T02:11:50.676+0000][7][gc,heap     ] GC(68) Survivor regions: 1->1(10)
[2022-05-30T02:11:50.676+0000][7][gc,heap     ] GC(68) Old regions: 29->29
[2022-05-30T02:11:50.677+0000][7][gc,heap     ] GC(68) Archive regions: 2->2
[2022-05-30T02:11:50.677+0000][7][gc,heap     ] GC(68) Humongous regions: 2->2
[2022-05-30T02:11:50.678+0000][7][gc,metaspace] GC(68) Metaspace: 130032K(136192K)->130032K(136192K) NonClass: 113082K(116864K)->113082K(116864K) Class: 16949K(19328K)->16949K(19328K)
[2022-05-30T02:11:50.678+0000][7][gc          ] GC(68) Pause Young (Normal) (G1 Evacuation Pause) 416M->128M(512M) 16.747ms
[2022-05-30T02:11:50.678+0000][7][gc,cpu      ] GC(68) User=0.02s Sys=0.01s Real=0.02s
[2022-05-30T02:11:50.679+0000][7][safepoint   ] Safepoint "G1CollectForAllocation", Time since last: 17580561036 ns, Reaching safepoint: 391157 ns, At safepoint: 17718644 ns, Total: 18109801 ns
[2022-05-30T02:11:51.680+0000][7][safepoint   ] Safepoint "Cleanup", Time since last: 1000599113 ns, Reaching safepoint: 375116 ns, At safepoint: 22814 ns, Total: 397930 ns
[2022-05-30T02:12:07.684+0000][7][safepoint   ] Safepoint "Cleanup", Time since last: 16003235805 ns, Reaching safepoint: 420533 ns, At safepoint: 36580 ns, Total: 457113 ns
[2022-05-30T02:12:08.685+0000][7][safepoint   ] Safepoint "Cleanup", Time since last: 1000857839 ns, Reaching safepoint: 406977 ns, At safepoint: 19988 ns, Total: 426965 ns
[2022-05-30T02:12:12.753+0000][7][safepoint   ] Safepoint "Cleanup", Time since last: 4068096686 ns, Reaching safepoint: 536067 ns, At safepoint: 70174 ns, Total: 606241 ns
[2022-05-30T02:12:15.755+0000][7][safepoint   ] Safepoint "Cleanup", Time since last: 3001366700 ns, Reaching safepoint: 264245 ns, At safepoint: 12303 ns, Total: 276548 ns
[2022-05-30T02:12:17.008+0000][7][safepoint   ] Safepoint "Cleanup", Time since last: 1251437809 ns, Reaching safepoint: 1065694 ns, At safepoint: 107165 ns, Total: 1172859 ns
[2022-05-30T02:12:21.009+0000][7][safepoint   ] Safepoint "Cleanup", Time since last: 4001423870 ns, Reaching safepoint: 321754 ns, At safepoint: 73831 ns, Total: 395585 ns
[2022-05-30T02:12:22.011+0000][7][safepoint   ] Safepoint "Cleanup", Time since last: 1000777994 ns, Reaching safepoint: 339468 ns, At safepoint: 34035 ns, Total: 373503 ns
[2022-05-30T02:12:23.012+0000][7][safepoint   ] Safepoint "Cleanup", Time since last: 1001220538 ns, Reaching safepoint: 419140 ns, At safepoint: 19738 ns, Total: 438878 ns
[2022-05-30T02:12:24.014+0000][7][safepoint   ] Safepoint "Cleanup", Time since last: 1000737625 ns, Reaching safepoint: 490584 ns, At safepoint: 84471 ns, Total: 575055 ns
[2022-05-30T02:12:28.148+0000][7][safepoint   ] Safepoint "Cleanup", Time since last: 4134423407 ns, Reaching safepoint: 351230 ns, At safepoint: 28284 ns, Total: 379514 ns
[2022-05-30T02:12:29.309+0000][7][safepoint   ] Safepoint "Cleanup", Time since last: 1159814526 ns, Reaching safepoint: 374064 ns, At safepoint: 21000 ns, Total: 395064 ns
[2022-05-30T02:12:33.472+0000][7][safepoint   ] Safepoint "Cleanup", Time since last: 4163170187 ns, Reaching safepoint: 379545 ns, At safepoint: 26981 ns, Total: 406526 ns
[2022-05-30T02:12:35.723+0000][7][safepoint   ] Safepoint "Cleanup", Time since last: 2250743206 ns, Reaching safepoint: 329659 ns, At safepoint: 22503 ns, Total: 352162 ns
[2022-05-30T02:12:40.728+0000][7][safepoint   ] Safepoint "Cleanup", Time since last: 5004898463 ns, Reaching safepoint: 359757 ns, At safepoint: 31360 ns, Total: 391117 ns
[2022-05-30T02:12:50.381+0000][7][gc,start    ] GC(69) Pause Young (Normal) (G1 Evacuation Pause)
[2022-05-30T02:12:50.381+0000][7][gc,task     ] GC(69) Using 8 workers of 8 for evacuation
[2022-05-30T02:12:50.382+0000][7][gc,age      ] GC(69) Desired survivor size 20971520 bytes, new threshold 15 (max threshold 15)
[2022-05-30T02:12:50.390+0000][7][gc,phases   ] GC(69)   Pre Evacuate Collection Set: 0.4ms
[2022-05-30T02:12:50.391+0000][7][gc,phases   ] GC(69)   Merge Heap Roots: 0.4ms
[2022-05-30T02:12:50.392+0000][7][gc,phases   ] GC(69)   Evacuate Collection Set: 4.9ms
[2022-05-30T02:12:50.392+0000][7][gc,phases   ] GC(69)   Post Evacuate Collection Set: 2.0ms
[2022-05-30T02:12:50.393+0000][7][gc,phases   ] GC(69)   Other: 1.3ms
[2022-05-30T02:12:50.393+0000][7][gc,age      ] GC(69) Age table with threshold 15 (max threshold 15)
[2022-05-30T02:12:50.394+0000][7][gc,age      ] GC(69) - age   1:    3101168 bytes,    3101168 total
[2022-05-30T02:12:50.394+0000][7][gc,age      ] GC(69) - age   2:     217864 bytes,    3319032 total
[2022-05-30T02:12:50.395+0000][7][gc,age      ] GC(69) - age   3:     117304 bytes,    3436336 total
[2022-05-30T02:12:50.396+0000][7][gc,age      ] GC(69) - age   4:         64 bytes,    3436400 total
[2022-05-30T02:12:50.396+0000][7][gc,age      ] GC(69) - age   5:      29944 bytes,    3466344 total
[2022-05-30T02:12:50.396+0000][7][gc,age      ] GC(69) - age   6:       1488 bytes,    3467832 total
[2022-05-30T02:12:50.397+0000][7][gc,age      ] GC(69) - age   7:       1800 bytes,    3469632 total
[2022-05-30T02:12:50.398+0000][7][gc,age      ] GC(69) - age   8:       1056 bytes,    3470688 total
[2022-05-30T02:12:50.398+0000][7][gc,age      ] GC(69) - age   9:      24152 bytes,    3494840 total
[2022-05-30T02:12:50.398+0000][7][gc,age      ] GC(69) - age  10:       4928 bytes,    3499768 total
[2022-05-30T02:12:50.399+0000][7][gc,age      ] GC(69) - age  11:      20664 bytes,    3520432 total
[2022-05-30T02:12:50.399+0000][7][gc,age      ] GC(69) - age  12:       1776 bytes,    3522208 total
[2022-05-30T02:12:50.400+0000][7][gc,age      ] GC(69) - age  13:       3168 bytes,    3525376 total
[2022-05-30T02:12:50.400+0000][7][gc,age      ] GC(69) - age  14:       2088 bytes,    3527464 total
[2022-05-30T02:12:50.400+0000][7][gc,age      ] GC(69) - age  15:       7512 bytes,    3534976 total
[2022-05-30T02:12:50.401+0000][7][gc,heap     ] GC(69) Eden regions: 72->0(72)
[2022-05-30T02:12:50.401+0000][7][gc,heap     ] GC(69) Survivor regions: 1->1(10)
[2022-05-30T02:12:50.402+0000][7][gc,heap     ] GC(69) Old regions: 29->29
[2022-05-30T02:12:50.402+0000][7][gc,heap     ] GC(69) Archive regions: 2->2
[2022-05-30T02:12:50.403+0000][7][gc,heap     ] GC(69) Humongous regions: 2->2
[2022-05-30T02:12:50.403+0000][7][gc,metaspace] GC(69) Metaspace: 130133K(136192K)->130133K(136192K) NonClass: 113183K(116864K)->113183K(116864K) Class: 16949K(19328K)->16949K(19328K)
[2022-05-30T02:12:50.404+0000][7][gc          ] GC(69) Pause Young (Normal) (G1 Evacuation Pause) 416M->129M(512M) 22.965ms
[2022-05-30T02:12:50.404+0000][7][gc,cpu      ] GC(69) User=0.02s Sys=0.02s Real=0.02s
[2022-05-30T02:12:50.405+0000][7][safepoint   ] Safepoint "G1CollectForAllocation", Time since last: 9343506279 ns, Reaching safepoint: 451161 ns, At safepoint: 24230828 ns, Total: 24681989 ns
[2022-05-30T02:12:53.406+0000][7][safepoint   ] Safepoint "Cleanup", Time since last: 3001059224 ns, Reaching safepoint: 445741 ns, At safepoint: 21230 ns, Total: 466971 ns
[2022-05-30T02:12:57.408+0000][7][safepoint   ] Safepoint "Cleanup", Time since last: 4001292232 ns, Reaching safepoint: 435111 ns, At safepoint: 23114 ns, Total: 458225 ns
[2022-05-30T02:12:58.409+0000][7][safepoint   ] Safepoint "Cleanup", Time since last: 1000739498 ns, Reaching safepoint: 492745 ns, At safepoint: 67759 ns, Total: 560504 ns
[2022-05-30T02:13:13.628+0000][7][safepoint   ] Safepoint "Cleanup", Time since last: 15217991467 ns, Reaching safepoint: 350790 ns, At safepoint: 32302 ns, Total: 383092 ns
[2022-05-30T02:13:14.326+0000][7][safepoint   ] Safepoint "Cleanup", Time since last: 1000648173 ns, Reaching safepoint: 349197 ns, At safepoint: 18205 ns, Total: 367402 ns
[2022-05-30T02:13:17.505+0000][7][safepoint   ] Safepoint "Cleanup", Time since last: 3179221571 ns, Reaching safepoint: 430592 ns, At safepoint: 39686 ns, Total: 470278 ns
[2022-05-30T02:13:22.060+0000][7][safepoint   ] Safepoint "Cleanup", Time since last: 4553614064 ns, Reaching safepoint: 626016 ns, At safepoint: 85173 ns, Total: 711189 ns
[2022-05-30T02:13:23.062+0000][7][safepoint   ] Safepoint "Cleanup", Time since last: 1001447303 ns, Reaching safepoint: 335400 ns, At safepoint: 20089 ns, Total: 355489 ns
[2022-05-30T02:13:25.419+0000][7][safepoint   ] Safepoint "Cleanup", Time since last: 2166075802 ns, Reaching safepoint: 191206465 ns, At safepoint: 215842 ns, Total: 191422307 ns
[2022-05-30T02:13:26.589+0000][7][safepoint   ] Safepoint "Cleanup", Time since last: 1169522169 ns, Reaching safepoint: 360598 ns, At safepoint: 32632 ns, Total: 393230 ns
[2022-05-30T02:13:27.590+0000][7][safepoint   ] Safepoint "Cleanup", Time since last: 1000958040 ns, Reaching safepoint: 377691 ns, At safepoint: 36780 ns, Total: 414471 ns
[2022-05-30T02:13:32.866+0000][7][safepoint   ] Safepoint "Cleanup", Time since last: 5257557259 ns, Reaching safepoint: 17957018 ns, At safepoint: 77678 ns, Total: 18034696 ns
[2022-05-30T02:13:39.991+0000][7][safepoint   ] Safepoint "Cleanup", Time since last: 7124902165 ns, Reaching safepoint: 368373 ns, At safepoint: 36750 ns, Total: 405123 ns
[2022-05-30T02:13:52.992+0000][7][safepoint   ] Safepoint "Cleanup", Time since last: 13005344844 ns, Reaching safepoint: 377661 ns, At safepoint: 24326 ns, Total: 401987 ns
[2022-05-30T02:13:55.158+0000][7][safepoint   ] Safepoint "Cleanup", Time since last: 2165890433 ns, Reaching safepoint: 349737 ns, At safepoint: 29948 ns, Total: 379685 ns
[2022-05-30T02:13:55.181+0000][7][gc,start    ] GC(70) Pause Young (Normal) (G1 Evacuation Pause)
[2022-05-30T02:13:55.182+0000][7][gc,task     ] GC(70) Using 8 workers of 8 for evacuation
[2022-05-30T02:13:55.182+0000][7][gc,age      ] GC(70) Desired survivor size 20971520 bytes, new threshold 15 (max threshold 15)
[2022-05-30T02:13:55.196+0000][7][gc,phases   ] GC(70)   Pre Evacuate Collection Set: 0.4ms
[2022-05-30T02:13:55.197+0000][7][gc,phases   ] GC(70)   Merge Heap Roots: 0.3ms
[2022-05-30T02:13:55.197+0000][7][gc,phases   ] GC(70)   Evacuate Collection Set: 10.9ms
[2022-05-30T02:13:55.198+0000][7][gc,phases   ] GC(70)   Post Evacuate Collection Set: 1.9ms
[2022-05-30T02:13:55.199+0000][7][gc,phases   ] GC(70)   Other: 0.8ms
[2022-05-30T02:13:55.199+0000][7][gc,age      ] GC(70) Age table with threshold 15 (max threshold 15)
[2022-05-30T02:13:55.200+0000][7][gc,age      ] GC(70) - age   1:    6818744 bytes,    6818744 total
[2022-05-30T02:13:55.200+0000][7][gc,age      ] GC(70) - age   2:    1080584 bytes,    7899328 total
[2022-05-30T02:13:55.201+0000][7][gc,age      ] GC(70) - age   3:      34656 bytes,    7933984 total
[2022-05-30T02:13:55.201+0000][7][gc,age      ] GC(70) - age   4:     115808 bytes,    8049792 total
[2022-05-30T02:13:55.202+0000][7][gc,age      ] GC(70) - age   6:      29880 bytes,    8079672 total
[2022-05-30T02:13:55.202+0000][7][gc,age      ] GC(70) - age   7:       1360 bytes,    8081032 total
[2022-05-30T02:13:55.203+0000][7][gc,age      ] GC(70) - age   8:       1800 bytes,    8082832 total
[2022-05-30T02:13:55.203+0000][7][gc,age      ] GC(70) - age   9:       1056 bytes,    8083888 total
[2022-05-30T02:13:55.203+0000][7][gc,age      ] GC(70) - age  10:      24152 bytes,    8108040 total
[2022-05-30T02:13:55.204+0000][7][gc,age      ] GC(70) - age  11:       4160 bytes,    8112200 total
[2022-05-30T02:13:55.204+0000][7][gc,age      ] GC(70) - age  12:      20664 bytes,    8132864 total
[2022-05-30T02:13:55.204+0000][7][gc,age      ] GC(70) - age  13:       1776 bytes,    8134640 total
[2022-05-30T02:13:55.205+0000][7][gc,age      ] GC(70) - age  14:       3168 bytes,    8137808 total
[2022-05-30T02:13:55.205+0000][7][gc,age      ] GC(70) - age  15:       2088 bytes,    8139896 total
[2022-05-30T02:13:55.206+0000][7][gc,heap     ] GC(70) Eden regions: 72->0(69)
[2022-05-30T02:13:55.206+0000][7][gc,heap     ] GC(70) Survivor regions: 1->3(10)
[2022-05-30T02:13:55.207+0000][7][gc,heap     ] GC(70) Old regions: 29->29
[2022-05-30T02:13:55.208+0000][7][gc,heap     ] GC(70) Archive regions: 2->2
[2022-05-30T02:13:55.209+0000][7][gc,heap     ] GC(70) Humongous regions: 2->2
[2022-05-30T02:13:55.209+0000][7][gc,metaspace] GC(70) Metaspace: 130229K(136192K)->130229K(136192K) NonClass: 113272K(116864K)->113272K(116864K) Class: 16957K(19328K)->16957K(19328K)
[2022-05-30T02:13:55.210+0000][7][gc          ] GC(70) Pause Young (Normal) (G1 Evacuation Pause) 417M->134M(512M) 29.047ms
[2022-05-30T02:13:55.211+0000][7][gc,cpu      ] GC(70) User=0.08s Sys=0.00s Real=0.03s
[2022-05-30T02:13:55.212+0000][7][safepoint   ] Safepoint "G1CollectForAllocation", Time since last: 22328011 ns, Reaching safepoint: 631635 ns, At safepoint: 30493225 ns, Total: 31124860 ns
[2022-05-30T02:13:57.218+0000][7][safepoint   ] Safepoint "Cleanup", Time since last: 2005787971 ns, Reaching safepoint: 482252 ns, At safepoint: 73781 ns, Total: 556033 ns
[2022-05-30T02:13:59.280+0000][7][safepoint   ] Safepoint "Cleanup", Time since last: 2002805653 ns, Reaching safepoint: 59025333 ns, At safepoint: 196875 ns, Total: 59222208 ns
[2022-05-30T02:14:00.385+0000][7][safepoint   ] Safepoint "Cleanup", Time since last: 1104344982 ns, Reaching safepoint: 826715 ns, At safepoint: 111312 ns, Total: 938027 ns
[2022-05-30T02:14:02.387+0000][7][safepoint   ] Safepoint "Cleanup", Time since last: 2000897232 ns, Reaching safepoint: 536134 ns, At safepoint: 74602 ns, Total: 610736 ns
[2022-05-30T02:14:03.391+0000][7][safepoint   ] Safepoint "Cleanup", Time since last: 1003422815 ns, Reaching safepoint: 713448 ns, At safepoint: 205792 ns, Total: 919240 ns
[2022-05-30T02:14:04.393+0000][7][safepoint   ] Safepoint "Cleanup", Time since last: 1001703471 ns, Reaching safepoint: 396788 ns, At safepoint: 26941 ns, Total: 423729 ns
[2022-05-30T02:14:05.743+0000][7][safepoint   ] Safepoint "Cleanup", Time since last: 1349041154 ns, Reaching safepoint: 444930 ns, At safepoint: 26089 ns, Total: 471019 ns
[2022-05-30T02:14:06.746+0000][7][safepoint   ] Safepoint "Cleanup", Time since last: 1003153674 ns, Reaching safepoint: 430312 ns, At safepoint: 34986 ns, Total: 465298 ns
[2022-05-30T02:14:11.262+0000][7][safepoint   ] Safepoint "Cleanup", Time since last: 4514979226 ns, Reaching safepoint: 404212 ns, At safepoint: 34596 ns, Total: 438808 ns
[2022-05-30T02:14:12.553+0000][7][safepoint   ] Safepoint "Cleanup", Time since last: 1291184081 ns, Reaching safepoint: 342794 ns, At safepoint: 19327 ns, Total: 362121 ns
[2022-05-30T02:14:13.557+0000][7][safepoint   ] Safepoint "Cleanup", Time since last: 1001436107 ns, Reaching safepoint: 1536273 ns, At safepoint: 334539 ns, Total: 1870812 ns
[2022-05-30T02:14:16.562+0000][7][safepoint   ] Safepoint "Cleanup", Time since last: 3005215460 ns, Reaching safepoint: 410363 ns, At safepoint: 20289 ns, Total: 430652 ns
[2022-05-30T02:14:18.877+0000][7][safepoint   ] Safepoint "Cleanup", Time since last: 2313796394 ns, Reaching safepoint: 365107 ns, At safepoint: 25339 ns, Total: 390446 ns
[2022-05-30T02:14:21.907+0000][7][safepoint   ] Safepoint "Cleanup", Time since last: 3029617369 ns, Reaching safepoint: 383261 ns, At safepoint: 28064 ns, Total: 411325 ns
[2022-05-30T02:14:24.909+0000][7][safepoint   ] Safepoint "Cleanup", Time since last: 3001682182 ns, Reaching safepoint: 369014 ns, At safepoint: 19878 ns, Total: 388892 ns
[2022-05-30T02:14:36.912+0000][7][safepoint   ] Safepoint "Cleanup", Time since last: 12002741240 ns, Reaching safepoint: 498632 ns, At safepoint: 74602 ns, Total: 573234 ns
[2022-05-30T02:14:37.913+0000][7][safepoint   ] Safepoint "Cleanup", Time since last: 1000903133 ns, Reaching safepoint: 361070 ns, At safepoint: 29937 ns, Total: 391007 ns
[2022-05-30T02:14:48.749+0000][7][gc,start    ] GC(71) Pause Young (Normal) (G1 Evacuation Pause)
[2022-05-30T02:14:48.749+0000][7][gc,task     ] GC(71) Using 8 workers of 8 for evacuation
[2022-05-30T02:14:48.749+0000][7][gc,age      ] GC(71) Desired survivor size 18874368 bytes, new threshold 15 (max threshold 15)
[2022-05-30T02:14:48.756+0000][7][gc,phases   ] GC(71)   Pre Evacuate Collection Set: 0.4ms
[2022-05-30T02:14:48.757+0000][7][gc,phases   ] GC(71)   Merge Heap Roots: 0.3ms
[2022-05-30T02:14:48.757+0000][7][gc,phases   ] GC(71)   Evacuate Collection Set: 4.0ms
[2022-05-30T02:14:48.757+0000][7][gc,phases   ] GC(71)   Post Evacuate Collection Set: 1.5ms
[2022-05-30T02:14:48.757+0000][7][gc,phases   ] GC(71)   Other: 0.8ms
[2022-05-30T02:14:48.758+0000][7][gc,age      ] GC(71) Age table with threshold 15 (max threshold 15)
[2022-05-30T02:14:48.758+0000][7][gc,age      ] GC(71) - age   1:    2100328 bytes,    2100328 total
[2022-05-30T02:14:48.758+0000][7][gc,age      ] GC(71) - age   2:     556304 bytes,    2656632 total
[2022-05-30T02:14:48.759+0000][7][gc,age      ] GC(71) - age   3:    1040696 bytes,    3697328 total
[2022-05-30T02:14:48.759+0000][7][gc,age      ] GC(71) - age   4:      34072 bytes,    3731400 total
[2022-05-30T02:14:48.759+0000][7][gc,age      ] GC(71) - age   5:     115744 bytes,    3847144 total
[2022-05-30T02:14:48.760+0000][7][gc,age      ] GC(71) - age   7:      29816 bytes,    3876960 total
[2022-05-30T02:14:48.760+0000][7][gc,age      ] GC(71) - age   8:       1360 bytes,    3878320 total
[2022-05-30T02:14:48.760+0000][7][gc,age      ] GC(71) - age   9:       1616 bytes,    3879936 total
[2022-05-30T02:14:48.760+0000][7][gc,age      ] GC(71) - age  10:        776 bytes,    3880712 total
[2022-05-30T02:14:48.761+0000][7][gc,age      ] GC(71) - age  11:      23768 bytes,    3904480 total
[2022-05-30T02:14:48.761+0000][7][gc,age      ] GC(71) - age  12:       4160 bytes,    3908640 total
[2022-05-30T02:14:48.761+0000][7][gc,age      ] GC(71) - age  13:      20664 bytes,    3929304 total
[2022-05-30T02:14:48.761+0000][7][gc,age      ] GC(71) - age  14:       1776 bytes,    3931080 total
[2022-05-30T02:14:48.762+0000][7][gc,age      ] GC(71) - age  15:       3168 bytes,    3934248 total
[2022-05-30T02:14:48.762+0000][7][gc,heap     ] GC(71) Eden regions: 69->0(70)
[2022-05-30T02:14:48.762+0000][7][gc,heap     ] GC(71) Survivor regions: 3->2(9)
[2022-05-30T02:14:48.763+0000][7][gc,heap     ] GC(71) Old regions: 29->29
[2022-05-30T02:14:48.763+0000][7][gc,heap     ] GC(71) Archive regions: 2->2
[2022-05-30T02:14:48.763+0000][7][gc,heap     ] GC(71) Humongous regions: 2->2
[2022-05-30T02:14:48.763+0000][7][gc,metaspace] GC(71) Metaspace: 130346K(136256K)->130346K(136256K) NonClass: 113388K(116928K)->113388K(116928K) Class: 16957K(19328K)->16957K(19328K)
[2022-05-30T02:14:48.764+0000][7][gc          ] GC(71) Pause Young (Normal) (G1 Evacuation Pause) 410M->130M(512M) 15.032ms
[2022-05-30T02:14:48.764+0000][7][gc,cpu      ] GC(71) User=0.03s Sys=0.01s Real=0.02s
[2022-05-30T02:14:48.764+0000][7][safepoint   ] Safepoint "G1CollectForAllocation", Time since last: 10957912654 ns, Reaching safepoint: 417938 ns, At safepoint: 15809892 ns, Total: 16227830 ns
[2022-05-30T02:14:49.765+0000][7][safepoint   ] Safepoint "Cleanup", Time since last: 1000639957 ns, Reaching safepoint: 387710 ns, At safepoint: 29637 ns, Total: 417347 ns
[2022-05-30T02:14:52.942+0000][7][safepoint   ] Safepoint "Cleanup", Time since last: 3176455101 ns, Reaching safepoint: 393291 ns, At safepoint: 28434 ns, Total: 421725 ns
[2022-05-30T02:15:25.434+0000][7][safepoint   ] Safepoint "Cleanup", Time since last: 32006537448 ns, Reaching safepoint: 322155 ns, At safepoint: 41188 ns, Total: 363343 ns
[2022-05-30T02:15:52.084+0000][7][safepoint   ] Safepoint "Cleanup", Time since last: 27011098271 ns, Reaching safepoint: 457864 ns, At safepoint: 24066 ns, Total: 481930 ns
[2022-05-30T02:15:58.088+0000][7][gc,start    ] GC(72) Pause Young (Normal) (G1 Evacuation Pause)
[2022-05-30T02:15:58.089+0000][7][gc,task     ] GC(72) Using 8 workers of 8 for evacuation
[2022-05-30T02:15:58.089+0000][7][gc,age      ] GC(72) Desired survivor size 18874368 bytes, new threshold 15 (max threshold 15)
[2022-05-30T02:15:58.096+0000][7][gc,phases   ] GC(72)   Pre Evacuate Collection Set: 0.4ms
[2022-05-30T02:15:58.097+0000][7][gc,phases   ] GC(72)   Merge Heap Roots: 0.4ms
[2022-05-30T02:15:58.097+0000][7][gc,phases   ] GC(72)   Evacuate Collection Set: 3.9ms
[2022-05-30T02:15:58.097+0000][7][gc,phases   ] GC(72)   Post Evacuate Collection Set: 1.7ms
[2022-05-30T02:15:58.098+0000][7][gc,phases   ] GC(72)   Other: 1.0ms
[2022-05-30T02:15:58.098+0000][7][gc,age      ] GC(72) Age table with threshold 15 (max threshold 15)
[2022-05-30T02:15:58.098+0000][7][gc,age      ] GC(72) - age   1:     729912 bytes,     729912 total
[2022-05-30T02:15:58.099+0000][7][gc,age      ] GC(72) - age   2:     619984 bytes,    1349896 total
[2022-05-30T02:15:58.099+0000][7][gc,age      ] GC(72) - age   3:     554272 bytes,    1904168 total
[2022-05-30T02:15:58.099+0000][7][gc,age      ] GC(72) - age   4:    1031696 bytes,    2935864 total
[2022-05-30T02:15:58.100+0000][7][gc,age      ] GC(72) - age   5:      34008 bytes,    2969872 total
[2022-05-30T02:15:58.100+0000][7][gc,age      ] GC(72) - age   6:     115680 bytes,    3085552 total
[2022-05-30T02:15:58.100+0000][7][gc,age      ] GC(72) - age   8:      29816 bytes,    3115368 total
[2022-05-30T02:15:58.101+0000][7][gc,age      ] GC(72) - age   9:       1360 bytes,    3116728 total
[2022-05-30T02:15:58.101+0000][7][gc,age      ] GC(72) - age  10:       1616 bytes,    3118344 total
[2022-05-30T02:15:58.101+0000][7][gc,age      ] GC(72) - age  11:        776 bytes,    3119120 total
[2022-05-30T02:15:58.102+0000][7][gc,age      ] GC(72) - age  12:      23768 bytes,    3142888 total
[2022-05-30T02:15:58.102+0000][7][gc,age      ] GC(72) - age  13:       4160 bytes,    3147048 total
[2022-05-30T02:15:58.103+0000][7][gc,age      ] GC(72) - age  14:      20664 bytes,    3167712 total
[2022-05-30T02:15:58.103+0000][7][gc,age      ] GC(72) - age  15:       1776 bytes,    3169488 total
[2022-05-30T02:15:58.104+0000][7][gc,heap     ] GC(72) Eden regions: 70->0(71)
[2022-05-30T02:15:58.104+0000][7][gc,heap     ] GC(72) Survivor regions: 2->1(9)
[2022-05-30T02:15:58.104+0000][7][gc,heap     ] GC(72) Old regions: 29->29
[2022-05-30T02:15:58.105+0000][7][gc,heap     ] GC(72) Archive regions: 2->2
[2022-05-30T02:15:58.105+0000][7][gc,heap     ] GC(72) Humongous regions: 2->2
[2022-05-30T02:15:58.105+0000][7][gc,metaspace] GC(72) Metaspace: 130349K(136256K)->130349K(136256K) NonClass: 113391K(116928K)->113391K(116928K) Class: 16958K(19328K)->16958K(19328K)
[2022-05-30T02:15:58.106+0000][7][gc          ] GC(72) Pause Young (Normal) (G1 Evacuation Pause) 410M->129M(512M) 17.587ms
[2022-05-30T02:15:58.106+0000][7][gc,cpu      ] GC(72) User=0.03s Sys=0.00s Real=0.02s
[2022-05-30T02:15:58.107+0000][7][safepoint   ] Safepoint "G1CollectForAllocation", Time since last: 6004042916 ns, Reaching safepoint: 299552 ns, At safepoint: 18588346 ns, Total: 18887898 ns
[2022-05-30T02:16:13.110+0000][7][safepoint   ] Safepoint "Cleanup", Time since last: 15003040823 ns, Reaching safepoint: 412968 ns, At safepoint: 50918 ns, Total: 463886 ns
[2022-05-30T02:16:28.043+0000][7][safepoint   ] Safepoint "Cleanup", Time since last: 15003758076 ns, Reaching safepoint: 322907 ns, At safepoint: 24827 ns, Total: 347734 ns
[2022-05-30T02:16:40.047+0000][7][safepoint   ] Safepoint "Cleanup", Time since last: 12003025724 ns, Reaching safepoint: 378713 ns, At safepoint: 10089 ns, Total: 388802 ns
[2022-05-30T02:16:53.121+0000][7][safepoint   ] Safepoint "Cleanup", Time since last: 13002559594 ns, Reaching safepoint: 425129 ns, At safepoint: 42992 ns, Total: 468121 ns
[2022-05-30T02:16:58.236+0000][7][safepoint   ] Safepoint "Cleanup", Time since last: 5114801929 ns, Reaching safepoint: 412197 ns, At safepoint: 12393 ns, Total: 424590 ns
[2022-05-30T02:17:05.238+0000][7][safepoint   ] Safepoint "Cleanup", Time since last: 7001792298 ns, Reaching safepoint: 431383 ns, At safepoint: 19818 ns, Total: 451201 ns
[2022-05-30T02:17:07.239+0000][7][safepoint   ] Safepoint "Cleanup", Time since last: 2000858476 ns, Reaching safepoint: 471250 ns, At safepoint: 36169 ns, Total: 507419 ns
[2022-05-30T02:17:08.795+0000][7][gc,start    ] GC(73) Pause Young (Normal) (G1 Evacuation Pause)
[2022-05-30T02:17:08.796+0000][7][gc,task     ] GC(73) Using 8 workers of 8 for evacuation
[2022-05-30T02:17:08.797+0000][7][gc,age      ] GC(73) Desired survivor size 18874368 bytes, new threshold 15 (max threshold 15)
[2022-05-30T02:17:08.808+0000][7][gc,phases   ] GC(73)   Pre Evacuate Collection Set: 0.4ms
[2022-05-30T02:17:08.808+0000][7][gc,phases   ] GC(73)   Merge Heap Roots: 0.3ms
[2022-05-30T02:17:08.809+0000][7][gc,phases   ] GC(73)   Evacuate Collection Set: 7.9ms
[2022-05-30T02:17:08.809+0000][7][gc,phases   ] GC(73)   Post Evacuate Collection Set: 1.6ms
[2022-05-30T02:17:08.810+0000][7][gc,phases   ] GC(73)   Other: 1.4ms
[2022-05-30T02:17:08.810+0000][7][gc,age      ] GC(73) Age table with threshold 15 (max threshold 15)
[2022-05-30T02:17:08.811+0000][7][gc,age      ] GC(73) - age   1:    5562120 bytes,    5562120 total
[2022-05-30T02:17:08.811+0000][7][gc,age      ] GC(73) - age   2:       3104 bytes,    5565224 total
[2022-05-30T02:17:08.812+0000][7][gc,age      ] GC(73) - age   3:     503216 bytes,    6068440 total
[2022-05-30T02:17:08.812+0000][7][gc,age      ] GC(73) - age   4:     521144 bytes,    6589584 total
[2022-05-30T02:17:08.813+0000][7][gc,age      ] GC(73) - age   5:    1031448 bytes,    7621032 total
[2022-05-30T02:17:08.813+0000][7][gc,age      ] GC(73) - age   6:      33944 bytes,    7654976 total
[2022-05-30T02:17:08.814+0000][7][gc,age      ] GC(73) - age   7:     115680 bytes,    7770656 total
[2022-05-30T02:17:08.814+0000][7][gc,age      ] GC(73) - age   9:      29816 bytes,    7800472 total
[2022-05-30T02:17:08.815+0000][7][gc,age      ] GC(73) - age  10:       1360 bytes,    7801832 total
[2022-05-30T02:17:08.815+0000][7][gc,age      ] GC(73) - age  11:       1616 bytes,    7803448 total
[2022-05-30T02:17:08.816+0000][7][gc,age      ] GC(73) - age  12:        776 bytes,    7804224 total
[2022-05-30T02:17:08.817+0000][7][gc,age      ] GC(73) - age  13:      23768 bytes,    7827992 total
[2022-05-30T02:17:08.817+0000][7][gc,age      ] GC(73) - age  14:       4160 bytes,    7832152 total
[2022-05-30T02:17:08.818+0000][7][gc,age      ] GC(73) - age  15:      20664 bytes,    7852816 total
[2022-05-30T02:17:08.818+0000][7][gc,heap     ] GC(73) Eden regions: 71->0(70)
[2022-05-30T02:17:08.819+0000][7][gc,heap     ] GC(73) Survivor regions: 1->2(9)
[2022-05-30T02:17:08.820+0000][7][gc,heap     ] GC(73) Old regions: 29->29
[2022-05-30T02:17:08.820+0000][7][gc,heap     ] GC(73) Archive regions: 2->2
[2022-05-30T02:17:08.821+0000][7][gc,heap     ] GC(73) Humongous regions: 2->2
[2022-05-30T02:17:08.821+0000][7][gc,metaspace] GC(73) Metaspace: 130373K(136256K)->130373K(136256K) NonClass: 113413K(116928K)->113413K(116928K) Class: 16959K(19328K)->16959K(19328K)
[2022-05-30T02:17:08.822+0000][7][gc          ] GC(73) Pause Young (Normal) (G1 Evacuation Pause) 413M->133M(512M) 26.580ms
[2022-05-30T02:17:08.823+0000][7][gc,cpu      ] GC(73) User=0.06s Sys=0.00s Real=0.03s
[2022-05-30T02:17:08.824+0000][7][safepoint   ] Safepoint "G1CollectForAllocation", Time since last: 1555536960 ns, Reaching safepoint: 391587 ns, At safepoint: 28310076 ns, Total: 28701663 ns
[2022-05-30T02:17:09.825+0000][7][safepoint   ] Safepoint "Cleanup", Time since last: 1000980042 ns, Reaching safepoint: 335250 ns, At safepoint: 56768 ns, Total: 392018 ns
[2022-05-30T02:17:12.827+0000][7][safepoint   ] Safepoint "Cleanup", Time since last: 3001249526 ns, Reaching safepoint: 375998 ns, At safepoint: 56959 ns, Total: 432957 ns
[2022-05-30T02:17:13.828+0000][7][safepoint   ] Safepoint "Cleanup", Time since last: 1000809988 ns, Reaching safepoint: 332094 ns, At safepoint: 16020 ns, Total: 348114 ns
[2022-05-30T02:17:22.831+0000][7][safepoint   ] Safepoint "Cleanup", Time since last: 9002478160 ns, Reaching safepoint: 376058 ns, At safepoint: 31600 ns, Total: 407658 ns
[2022-05-30T02:17:23.833+0000][7][safepoint   ] Safepoint "Cleanup", Time since last: 1001284430 ns, Reaching safepoint: 378062 ns, At safepoint: 24707 ns, Total: 402769 ns
[2022-05-30T02:17:33.951+0000][7][safepoint   ] Safepoint "Cleanup", Time since last: 10117656133 ns, Reaching safepoint: 352893 ns, At safepoint: 17043 ns, Total: 369936 ns
[2022-05-30T02:17:34.952+0000][7][safepoint   ] Safepoint "Cleanup", Time since last: 1000789953 ns, Reaching safepoint: 453746 ns, At safepoint: 32502 ns, Total: 486248 ns
[2022-05-30T02:17:52.956+0000][7][safepoint   ] Safepoint "Cleanup", Time since last: 18003829338 ns, Reaching safepoint: 412568 ns, At safepoint: 34035 ns, Total: 446603 ns
[2022-05-30T02:18:06.960+0000][7][safepoint   ] Safepoint "Cleanup", Time since last: 14002959741 ns, Reaching safepoint: 404322 ns, At safepoint: 24257 ns, Total: 428579 ns
[2022-05-30T02:18:14.962+0000][7][safepoint   ] Safepoint "Cleanup", Time since last: 8002085816 ns, Reaching safepoint: 289112 ns, At safepoint: 15730 ns, Total: 304842 ns
[2022-05-30T02:18:33.957+0000][7][gc,start    ] GC(74) Pause Young (Normal) (G1 Evacuation Pause)
[2022-05-30T02:18:33.957+0000][7][gc,task     ] GC(74) Using 8 workers of 8 for evacuation
[2022-05-30T02:18:33.958+0000][7][gc,age      ] GC(74) Desired survivor size 18874368 bytes, new threshold 15 (max threshold 15)
[2022-05-30T02:18:33.966+0000][7][gc,phases   ] GC(74)   Pre Evacuate Collection Set: 0.7ms
[2022-05-30T02:18:33.966+0000][7][gc,phases   ] GC(74)   Merge Heap Roots: 0.3ms
[2022-05-30T02:18:33.967+0000][7][gc,phases   ] GC(74)   Evacuate Collection Set: 4.1ms
[2022-05-30T02:18:33.967+0000][7][gc,phases   ] GC(74)   Post Evacuate Collection Set: 1.6ms
[2022-05-30T02:18:33.968+0000][7][gc,phases   ] GC(74)   Other: 1.5ms
[2022-05-30T02:18:33.968+0000][7][gc,age      ] GC(74) Age table with threshold 15 (max threshold 15)
[2022-05-30T02:18:33.968+0000][7][gc,age      ] GC(74) - age   1:    1797864 bytes,    1797864 total
[2022-05-30T02:18:33.969+0000][7][gc,age      ] GC(74) - age   2:     580200 bytes,    2378064 total
[2022-05-30T02:18:33.969+0000][7][gc,age      ] GC(74) - age   3:       1440 bytes,    2379504 total
[2022-05-30T02:18:33.969+0000][7][gc,age      ] GC(74) - age   4:     494312 bytes,    2873816 total
[2022-05-30T02:18:33.970+0000][7][gc,age      ] GC(74) - age   5:     513128 bytes,    3386944 total
[2022-05-30T02:18:33.970+0000][7][gc,age      ] GC(74) - age   6:    1027264 bytes,    4414208 total
[2022-05-30T02:18:33.970+0000][7][gc,age      ] GC(74) - age   7:      33944 bytes,    4448152 total
[2022-05-30T02:18:33.971+0000][7][gc,age      ] GC(74) - age   8:     109712 bytes,    4557864 total
[2022-05-30T02:18:33.971+0000][7][gc,age      ] GC(74) - age  10:      29816 bytes,    4587680 total
[2022-05-30T02:18:33.971+0000][7][gc,age      ] GC(74) - age  11:       1360 bytes,    4589040 total
[2022-05-30T02:18:33.972+0000][7][gc,age      ] GC(74) - age  12:       1616 bytes,    4590656 total
[2022-05-30T02:18:33.972+0000][7][gc,age      ] GC(74) - age  13:        776 bytes,    4591432 total
[2022-05-30T02:18:33.972+0000][7][gc,age      ] GC(74) - age  14:      23768 bytes,    4615200 total
[2022-05-30T02:18:33.973+0000][7][gc,age      ] GC(74) - age  15:       4160 bytes,    4619360 total
[2022-05-30T02:18:33.973+0000][7][gc,heap     ] GC(74) Eden regions: 70->0(70)
[2022-05-30T02:18:33.973+0000][7][gc,heap     ] GC(74) Survivor regions: 2->2(9)
[2022-05-30T02:18:33.974+0000][7][gc,heap     ] GC(74) Old regions: 29->29
[2022-05-30T02:18:33.974+0000][7][gc,heap     ] GC(74) Archive regions: 2->2
[2022-05-30T02:18:33.974+0000][7][gc,heap     ] GC(74) Humongous regions: 2->2
[2022-05-30T02:18:33.974+0000][7][gc,metaspace] GC(74) Metaspace: 130374K(136256K)->130374K(136256K) NonClass: 113414K(116928K)->113414K(116928K) Class: 16959K(19328K)->16959K(19328K)
[2022-05-30T02:18:33.975+0000][7][gc          ] GC(74) Pause Young (Normal) (G1 Evacuation Pause) 413M->131M(512M) 18.024ms
[2022-05-30T02:18:33.975+0000][7][gc,cpu      ] GC(74) User=0.04s Sys=0.00s Real=0.02s
[2022-05-30T02:18:33.976+0000][7][safepoint   ] Safepoint "G1CollectForAllocation", Time since last: 18994294011 ns, Reaching safepoint: 387662 ns, At safepoint: 18997438 ns, Total: 19385100 ns
[2022-05-30T02:18:52.978+0000][7][safepoint   ] Safepoint "Cleanup", Time since last: 19004291646 ns, Reaching safepoint: 460339 ns, At safepoint: 32642 ns, Total: 492981 ns
[2022-05-30T02:19:10.985+0000][7][safepoint   ] Safepoint "Cleanup", Time since last: 18004543125 ns, Reaching safepoint: 1712683 ns, At safepoint: 802700 ns, Total: 2515383 ns
[2022-05-30T02:19:15.955+0000][7][safepoint   ] Safepoint "Cleanup", Time since last: 5002432036 ns, Reaching safepoint: 399683 ns, At safepoint: 24316 ns, Total: 423999 ns
[2022-05-30T02:19:16.958+0000][7][safepoint   ] Safepoint "Cleanup", Time since last: 1002128080 ns, Reaching safepoint: 371179 ns, At safepoint: 18345 ns, Total: 389524 ns
[2022-05-30T02:19:19.959+0000][7][safepoint   ] Safepoint "Cleanup", Time since last: 3001169999 ns, Reaching safepoint: 382229 ns, At safepoint: 27102 ns, Total: 409331 ns
[2022-05-30T02:19:31.189+0000][7][safepoint   ] Safepoint "Cleanup", Time since last: 11228845853 ns, Reaching safepoint: 452785 ns, At safepoint: 24306 ns, Total: 477091 ns
[2022-05-30T02:19:32.191+0000][7][safepoint   ] Safepoint "Cleanup", Time since last: 1001192745 ns, Reaching safepoint: 501337 ns, At safepoint: 72037 ns, Total: 573374 ns
[2022-05-30T02:19:34.323+0000][7][safepoint   ] Safepoint "Cleanup", Time since last: 2132200181 ns, Reaching safepoint: 465428 ns, At safepoint: 45377 ns, Total: 510805 ns
[2022-05-30T02:19:46.131+0000][7][gc,start    ] GC(75) Pause Young (Normal) (G1 Evacuation Pause)
[2022-05-30T02:19:46.147+0000][7][gc,task     ] GC(75) Using 8 workers of 8 for evacuation
[2022-05-30T02:19:46.148+0000][7][gc,age      ] GC(75) Desired survivor size 18874368 bytes, new threshold 15 (max threshold 15)
[2022-05-30T02:19:46.163+0000][7][gc,phases   ] GC(75)   Pre Evacuate Collection Set: 0.4ms
[2022-05-30T02:19:46.164+0000][7][gc,phases   ] GC(75)   Merge Heap Roots: 0.3ms
[2022-05-30T02:19:46.165+0000][7][gc,phases   ] GC(75)   Evacuate Collection Set: 5.6ms
[2022-05-30T02:19:46.166+0000][7][gc,phases   ] GC(75)   Post Evacuate Collection Set: 1.9ms
[2022-05-30T02:19:46.167+0000][7][gc,phases   ] GC(75)   Other: 8.1ms
[2022-05-30T02:19:46.167+0000][7][gc,age      ] GC(75) Age table with threshold 15 (max threshold 15)
[2022-05-30T02:19:46.168+0000][7][gc,age      ] GC(75) - age   1:    1787360 bytes,    1787360 total
[2022-05-30T02:19:46.170+0000][7][gc,age      ] GC(75) - age   2:      93944 bytes,    1881304 total
[2022-05-30T02:19:46.171+0000][7][gc,age      ] GC(75) - age   3:     578296 bytes,    2459600 total
[2022-05-30T02:19:46.171+0000][7][gc,age      ] GC(75) - age   4:       1312 bytes,    2460912 total
[2022-05-30T02:19:46.172+0000][7][gc,age      ] GC(75) - age   5:     494120 bytes,    2955032 total
[2022-05-30T02:19:46.173+0000][7][gc,age      ] GC(75) - age   6:     513128 bytes,    3468160 total
[2022-05-30T02:19:46.371+0000][7][gc,age      ] GC(75) - age   7:    1010984 bytes,    4479144 total
[2022-05-30T02:19:46.373+0000][7][gc,age      ] GC(75) - age   8:      33312 bytes,    4512456 total
[2022-05-30T02:19:46.374+0000][7][gc,age      ] GC(75) - age   9:      93144 bytes,    4605600 total
[2022-05-30T02:19:46.377+0000][7][gc,age      ] GC(75) - age  11:      29816 bytes,    4635416 total
[2022-05-30T02:19:46.379+0000][7][gc,age      ] GC(75) - age  12:       1360 bytes,    4636776 total
[2022-05-30T02:19:46.382+0000][7][gc,age      ] GC(75) - age  13:       1616 bytes,    4638392 total
[2022-05-30T02:19:46.382+0000][7][gc,age      ] GC(75) - age  14:        776 bytes,    4639168 total
[2022-05-30T02:19:46.383+0000][7][gc,age      ] GC(75) - age  15:      23768 bytes,    4662936 total
[2022-05-30T02:19:46.384+0000][7][gc,heap     ] GC(75) Eden regions: 70->0(70)
[2022-05-30T02:19:46.385+0000][7][gc,heap     ] GC(75) Survivor regions: 2->2(9)
[2022-05-30T02:19:46.386+0000][7][gc,heap     ] GC(75) Old regions: 29->29
[2022-05-30T02:19:46.387+0000][7][gc,heap     ] GC(75) Archive regions: 2->2
[2022-05-30T02:19:46.387+0000][7][gc,heap     ] GC(75) Humongous regions: 2->2
[2022-05-30T02:19:46.388+0000][7][gc,metaspace] GC(75) Metaspace: 130394K(136256K)->130394K(136256K) NonClass: 113434K(116928K)->113434K(116928K) Class: 16959K(19328K)->16959K(19328K)
[2022-05-30T02:19:46.389+0000][7][gc          ] GC(75) Pause Young (Normal) (G1 Evacuation Pause) 411M->131M(512M) 66.972ms
[2022-05-30T02:19:46.390+0000][7][gc,cpu      ] GC(75) User=0.05s Sys=0.00s Real=0.07s
[2022-05-30T02:19:46.391+0000][7][safepoint   ] Safepoint "G1CollectForAllocation", Time since last: 11806873594 ns, Reaching safepoint: 482693 ns, At safepoint: 68672379 ns, Total: 69155072 ns
[2022-05-30T02:19:48.394+0000][7][safepoint   ] Safepoint "Cleanup", Time since last: 2002698284 ns, Reaching safepoint: 380025 ns, At safepoint: 55927 ns, Total: 435952 ns
[2022-05-30T02:19:52.396+0000][7][safepoint   ] Safepoint "Cleanup", Time since last: 4002021260 ns, Reaching safepoint: 367181 ns, At safepoint: 22894 ns, Total: 390075 ns
[2022-05-30T02:19:53.398+0000][7][safepoint   ] Safepoint "Cleanup", Time since last: 1000877958 ns, Reaching safepoint: 368754 ns, At safepoint: 23014 ns, Total: 391768 ns
[2022-05-30T02:19:58.724+0000][7][safepoint   ] Safepoint "Cleanup", Time since last: 5325851611 ns, Reaching safepoint: 444859 ns, At safepoint: 54233 ns, Total: 499092 ns
[2022-05-30T02:20:09.727+0000][7][safepoint   ] Safepoint "Cleanup", Time since last: 11002804474 ns, Reaching safepoint: 442716 ns, At safepoint: 90602 ns, Total: 533318 ns
[2022-05-30T02:20:36.577+0000][7][safepoint   ] Safepoint "Cleanup", Time since last: 27005284047 ns, Reaching safepoint: 531304 ns, At safepoint: 58301 ns, Total: 589605 ns
[2022-05-30T02:20:37.578+0000][7][safepoint   ] Safepoint "Cleanup", Time since last: 1000784735 ns, Reaching safepoint: 298711 ns, At safepoint: 6953 ns, Total: 305664 ns
[2022-05-30T02:20:40.579+0000][7][safepoint   ] Safepoint "Cleanup", Time since last: 3000987720 ns, Reaching safepoint: 392539 ns, At safepoint: 11853 ns, Total: 404392 ns
[2022-05-30T02:21:01.583+0000][7][safepoint   ] Safepoint "Cleanup", Time since last: 21004280862 ns, Reaching safepoint: 321624 ns, At safepoint: 13366 ns, Total: 334990 ns
[2022-05-30T02:21:16.305+0000][7][gc,start    ] GC(76) Pause Young (Normal) (G1 Evacuation Pause)
[2022-05-30T02:21:16.305+0000][7][gc,task     ] GC(76) Using 8 workers of 8 for evacuation
[2022-05-30T02:21:16.306+0000][7][gc,age      ] GC(76) Desired survivor size 18874368 bytes, new threshold 15 (max threshold 15)
[2022-05-30T02:21:16.314+0000][7][gc,phases   ] GC(76)   Pre Evacuate Collection Set: 0.4ms
[2022-05-30T02:21:16.316+0000][7][gc,phases   ] GC(76)   Merge Heap Roots: 0.3ms
[2022-05-30T02:21:16.317+0000][7][gc,phases   ] GC(76)   Evacuate Collection Set: 5.2ms
[2022-05-30T02:21:16.318+0000][7][gc,phases   ] GC(76)   Post Evacuate Collection Set: 1.8ms
[2022-05-30T02:21:16.318+0000][7][gc,phases   ] GC(76)   Other: 1.3ms
[2022-05-30T02:21:16.319+0000][7][gc,age      ] GC(76) Age table with threshold 15 (max threshold 15)
[2022-05-30T02:21:16.320+0000][7][gc,age      ] GC(76) - age   1:    1202208 bytes,    1202208 total
[2022-05-30T02:21:16.320+0000][7][gc,age      ] GC(76) - age   2:       6520 bytes,    1208728 total
[2022-05-30T02:21:16.321+0000][7][gc,age      ] GC(76) - age   3:      91600 bytes,    1300328 total
[2022-05-30T02:21:16.321+0000][7][gc,age      ] GC(76) - age   4:     570216 bytes,    1870544 total
[2022-05-30T02:21:16.322+0000][7][gc,age      ] GC(76) - age   5:       1312 bytes,    1871856 total
[2022-05-30T02:21:16.322+0000][7][gc,age      ] GC(76) - age   6:     494120 bytes,    2365976 total
[2022-05-30T02:21:16.323+0000][7][gc,age      ] GC(76) - age   7:     512888 bytes,    2878864 total
[2022-05-30T02:21:16.323+0000][7][gc,age      ] GC(76) - age   8:    1010984 bytes,    3889848 total
[2022-05-30T02:21:16.323+0000][7][gc,age      ] GC(76) - age   9:      33312 bytes,    3923160 total
[2022-05-30T02:21:16.324+0000][7][gc,age      ] GC(76) - age  10:      74040 bytes,    3997200 total
[2022-05-30T02:21:16.324+0000][7][gc,age      ] GC(76) - age  12:      29632 bytes,    4026832 total
[2022-05-30T02:21:16.325+0000][7][gc,age      ] GC(76) - age  13:       1360 bytes,    4028192 total
[2022-05-30T02:21:16.325+0000][7][gc,age      ] GC(76) - age  14:       1616 bytes,    4029808 total
[2022-05-30T02:21:16.325+0000][7][gc,age      ] GC(76) - age  15:        776 bytes,    4030584 total
[2022-05-30T02:21:16.326+0000][7][gc,heap     ] GC(76) Eden regions: 70->0(71)
[2022-05-30T02:21:16.326+0000][7][gc,heap     ] GC(76) Survivor regions: 2->2(9)
[2022-05-30T02:21:16.326+0000][7][gc,heap     ] GC(76) Old regions: 29->29
[2022-05-30T02:21:16.327+0000][7][gc,heap     ] GC(76) Archive regions: 2->2
[2022-05-30T02:21:16.327+0000][7][gc,heap     ] GC(76) Humongous regions: 2->2
[2022-05-30T02:21:16.328+0000][7][gc,metaspace] GC(76) Metaspace: 130405K(136256K)->130405K(136256K) NonClass: 113445K(116928K)->113445K(116928K) Class: 16959K(19328K)->16959K(19328K)
[2022-05-30T02:21:16.328+0000][7][gc          ] GC(76) Pause Young (Normal) (G1 Evacuation Pause) 411M->130M(512M) 23.298ms
[2022-05-30T02:21:16.328+0000][7][gc,cpu      ] GC(76) User=0.02s Sys=0.02s Real=0.02s
[2022-05-30T02:21:16.329+0000][7][safepoint   ] Safepoint "G1CollectForAllocation", Time since last: 14720484413 ns, Reaching safepoint: 386507 ns, At safepoint: 24274736 ns, Total: 24661243 ns
[2022-05-30T02:21:20.331+0000][7][safepoint   ] Safepoint "Cleanup", Time since last: 4001218925 ns, Reaching safepoint: 441132 ns, At safepoint: 78871 ns, Total: 520003 ns
[2022-05-30T02:21:21.332+0000][7][safepoint   ] Safepoint "Cleanup", Time since last: 1000849842 ns, Reaching safepoint: 371358 ns, At safepoint: 18646 ns, Total: 390004 ns
[2022-05-30T02:21:25.493+0000][7][safepoint   ] Safepoint "Cleanup", Time since last: 4161181629 ns, Reaching safepoint: 309561 ns, At safepoint: 13115 ns, Total: 322676 ns
[2022-05-30T02:21:34.496+0000][7][safepoint   ] Safepoint "Cleanup", Time since last: 9001997837 ns, Reaching safepoint: 560319 ns, At safepoint: 35428 ns, Total: 595747 ns
[2022-05-30T02:21:37.498+0000][7][safepoint   ] Safepoint "Cleanup", Time since last: 3001059682 ns, Reaching safepoint: 512678 ns, At safepoint: 49334 ns, Total: 562012 ns
[2022-05-30T02:21:48.501+0000][7][safepoint   ] Safepoint "Cleanup", Time since last: 11002574640 ns, Reaching safepoint: 386838 ns, At safepoint: 16091 ns, Total: 402929 ns
[2022-05-30T02:21:50.503+0000][7][safepoint   ] Safepoint "Cleanup", Time since last: 2001137107 ns, Reaching safepoint: 347834 ns, At safepoint: 22443 ns, Total: 370277 ns
[2022-05-30T02:21:52.505+0000][7][safepoint   ] Safepoint "Cleanup", Time since last: 2001301080 ns, Reaching safepoint: 321844 ns, At safepoint: 26921 ns, Total: 348765 ns
[2022-05-30T02:22:01.673+0000][7][safepoint   ] Safepoint "Cleanup", Time since last: 9167918912 ns, Reaching safepoint: 249607 ns, At safepoint: 11041 ns, Total: 260648 ns
[2022-05-30T02:22:10.676+0000][7][safepoint   ] Safepoint "Cleanup", Time since last: 9002413271 ns, Reaching safepoint: 460769 ns, At safepoint: 43874 ns, Total: 504643 ns
[2022-05-30T02:22:13.679+0000][7][safepoint   ] Safepoint "Cleanup", Time since last: 3002494440 ns, Reaching safepoint: 431965 ns, At safepoint: 32602 ns, Total: 464567 ns
[2022-05-30T02:22:14.688+0000][7][safepoint   ] Safepoint "Cleanup", Time since last: 1008893957 ns, Reaching safepoint: 434129 ns, At safepoint: 32962 ns, Total: 467091 ns
[2022-05-30T02:22:18.942+0000][7][safepoint   ] Safepoint "Cleanup", Time since last: 4254375814 ns, Reaching safepoint: 430171 ns, At safepoint: 25028 ns, Total: 455199 ns
[2022-05-30T02:22:19.943+0000][7][safepoint   ] Safepoint "Cleanup", Time since last: 1000828764 ns, Reaching safepoint: 350749 ns, At safepoint: 22573 ns, Total: 373322 ns
[2022-05-30T02:22:25.085+0000][7][safepoint   ] Safepoint "Cleanup", Time since last: 5141209057 ns, Reaching safepoint: 397409 ns, At safepoint: 26841 ns, Total: 424250 ns
[2022-05-30T02:22:26.087+0000][7][safepoint   ] Safepoint "Cleanup", Time since last: 1001087785 ns, Reaching safepoint: 409862 ns, At safepoint: 24657 ns, Total: 434519 ns
[2022-05-30T02:22:27.088+0000][7][safepoint   ] Safepoint "Cleanup", Time since last: 1000854319 ns, Reaching safepoint: 350088 ns, At safepoint: 19637 ns, Total: 369725 ns
[2022-05-30T02:22:29.090+0000][7][safepoint   ] Safepoint "Cleanup", Time since last: 2001732774 ns, Reaching safepoint: 405855 ns, At safepoint: 22964 ns, Total: 428819 ns
[2022-05-30T02:22:31.191+0000][7][safepoint   ] Safepoint "Cleanup", Time since last: 2101045668 ns, Reaching safepoint: 348556 ns, At safepoint: 25508 ns, Total: 374064 ns
[2022-05-30T02:22:32.193+0000][7][safepoint   ] Safepoint "Cleanup", Time since last: 1000784491 ns, Reaching safepoint: 395926 ns, At safepoint: 44014 ns, Total: 439940 ns
[2022-05-30T02:22:37.005+0000][7][safepoint   ] Safepoint "Cleanup", Time since last: 4812316553 ns, Reaching safepoint: 360608 ns, At safepoint: 107375 ns, Total: 467983 ns
[2022-05-30T02:22:38.007+0000][7][safepoint   ] Safepoint "Cleanup", Time since last: 1000739819 ns, Reaching safepoint: 418850 ns, At safepoint: 57820 ns, Total: 476670 ns
[2022-05-30T02:22:41.008+0000][7][safepoint   ] Safepoint "Cleanup", Time since last: 3001225524 ns, Reaching safepoint: 368043 ns, At safepoint: 26100 ns, Total: 394143 ns
[2022-05-30T02:22:48.890+0000][7][gc,start    ] GC(77) Pause Young (Normal) (G1 Evacuation Pause)
[2022-05-30T02:22:48.891+0000][7][gc,task     ] GC(77) Using 8 workers of 8 for evacuation
[2022-05-30T02:22:48.891+0000][7][gc,age      ] GC(77) Desired survivor size 20971520 bytes, new threshold 15 (max threshold 15)
[2022-05-30T02:22:48.897+0000][7][gc,phases   ] GC(77)   Pre Evacuate Collection Set: 0.3ms
[2022-05-30T02:22:48.897+0000][7][gc,phases   ] GC(77)   Merge Heap Roots: 0.3ms
[2022-05-30T02:22:48.898+0000][7][gc,phases   ] GC(77)   Evacuate Collection Set: 3.3ms
[2022-05-30T02:22:48.898+0000][7][gc,phases   ] GC(77)   Post Evacuate Collection Set: 1.3ms
[2022-05-30T02:22:48.898+0000][7][gc,phases   ] GC(77)   Other: 0.9ms
[2022-05-30T02:22:48.898+0000][7][gc,age      ] GC(77) Age table with threshold 15 (max threshold 15)
[2022-05-30T02:22:48.899+0000][7][gc,age      ] GC(77) - age   1:     912224 bytes,     912224 total
[2022-05-30T02:22:48.899+0000][7][gc,age      ] GC(77) - age   2:       3152 bytes,     915376 total
[2022-05-30T02:22:48.899+0000][7][gc,age      ] GC(77) - age   3:       4160 bytes,     919536 total
[2022-05-30T02:22:48.900+0000][7][gc,age      ] GC(77) - age   4:      29376 bytes,     948912 total
[2022-05-30T02:22:48.900+0000][7][gc,age      ] GC(77) - age   5:     509040 bytes,    1457952 total
[2022-05-30T02:22:48.900+0000][7][gc,age      ] GC(77) - age   6:       1312 bytes,    1459264 total
[2022-05-30T02:22:48.900+0000][7][gc,age      ] GC(77) - age   7:     493936 bytes,    1953200 total
[2022-05-30T02:22:48.901+0000][7][gc,age      ] GC(77) - age   8:     511848 bytes,    2465048 total
[2022-05-30T02:22:48.901+0000][7][gc,age      ] GC(77) - age   9:    1009896 bytes,    3474944 total
[2022-05-30T02:22:48.901+0000][7][gc,age      ] GC(77) - age  10:      33312 bytes,    3508256 total
[2022-05-30T02:22:48.902+0000][7][gc,age      ] GC(77) - age  11:      74008 bytes,    3582264 total
[2022-05-30T02:22:48.902+0000][7][gc,age      ] GC(77) - age  13:      29632 bytes,    3611896 total
[2022-05-30T02:22:48.902+0000][7][gc,age      ] GC(77) - age  14:        968 bytes,    3612864 total
[2022-05-30T02:22:48.903+0000][7][gc,age      ] GC(77) - age  15:       1552 bytes,    3614416 total
[2022-05-30T02:22:48.903+0000][7][gc,heap     ] GC(77) Eden regions: 71->0(72)
[2022-05-30T02:22:48.903+0000][7][gc,heap     ] GC(77) Survivor regions: 2->1(10)
[2022-05-30T02:22:48.904+0000][7][gc,heap     ] GC(77) Old regions: 29->29
[2022-05-30T02:22:48.904+0000][7][gc,heap     ] GC(77) Archive regions: 2->2
[2022-05-30T02:22:48.905+0000][7][gc,heap     ] GC(77) Humongous regions: 2->2
[2022-05-30T02:22:48.905+0000][7][gc,metaspace] GC(77) Metaspace: 130467K(136320K)->130467K(136320K) NonClass: 113506K(116992K)->113506K(116992K) Class: 16960K(19328K)->16960K(19328K)
[2022-05-30T02:22:48.905+0000][7][gc          ] GC(77) Pause Young (Normal) (G1 Evacuation Pause) 414M->130M(512M) 14.952ms
[2022-05-30T02:22:48.906+0000][7][gc,cpu      ] GC(77) User=0.02s Sys=0.01s Real=0.01s
[2022-05-30T02:22:48.906+0000][7][safepoint   ] Safepoint "G1CollectForAllocation", Time since last: 7576406001 ns, Reaching safepoint: 372231 ns, At safepoint: 15685444 ns, Total: 16057675 ns
[2022-05-30T02:22:52.908+0000][7][safepoint   ] Safepoint "Cleanup", Time since last: 4001116453 ns, Reaching safepoint: 455679 ns, At safepoint: 29617 ns, Total: 485296 ns
[2022-05-30T02:23:02.911+0000][7][safepoint   ] Safepoint "Cleanup", Time since last: 10002661565 ns, Reaching safepoint: 1175171 ns, At safepoint: 85744 ns, Total: 1260915 ns
[2022-05-30T02:23:13.915+0000][7][safepoint   ] Safepoint "Cleanup", Time since last: 11003254081 ns, Reaching safepoint: 359426 ns, At safepoint: 40037 ns, Total: 399463 ns
[2022-05-30T02:23:24.100+0000][7][safepoint   ] Safepoint "Cleanup", Time since last: 10417397318 ns, Reaching safepoint: 378212 ns, At safepoint: 27001 ns, Total: 405213 ns
[2022-05-30T02:23:25.101+0000][7][safepoint   ] Safepoint "Cleanup", Time since last: 1000887012 ns, Reaching safepoint: 380105 ns, At safepoint: 33184 ns, Total: 413289 ns
[2022-05-30T02:23:27.103+0000][7][safepoint   ] Safepoint "Cleanup", Time since last: 2000962351 ns, Reaching safepoint: 416525 ns, At safepoint: 24537 ns, Total: 441062 ns
[2022-05-30T02:23:33.285+0000][7][safepoint   ] Safepoint "Cleanup", Time since last: 6182390933 ns, Reaching safepoint: 296987 ns, At safepoint: 15810 ns, Total: 312797 ns
[2022-05-30T02:23:37.308+0000][7][safepoint   ] Safepoint "Cleanup", Time since last: 4022089662 ns, Reaching safepoint: 557364 ns, At safepoint: 31690 ns, Total: 589054 ns
[2022-05-30T02:23:38.332+0000][7][safepoint   ] Safepoint "Cleanup", Time since last: 1023873734 ns, Reaching safepoint: 400805 ns, At safepoint: 21060 ns, Total: 421865 ns
[2022-05-30T02:23:43.334+0000][7][safepoint   ] Safepoint "Cleanup", Time since last: 5001617288 ns, Reaching safepoint: 347193 ns, At safepoint: 56027 ns, Total: 403220 ns
[2022-05-30T02:23:45.346+0000][7][safepoint   ] Safepoint "Cleanup", Time since last: 2000914192 ns, Reaching safepoint: 10671430 ns, At safepoint: 152431 ns, Total: 10823861 ns
[2022-05-30T02:23:46.347+0000][7][safepoint   ] Safepoint "Cleanup", Time since last: 1001098531 ns, Reaching safepoint: 343155 ns, At safepoint: 23525 ns, Total: 366680 ns
[2022-05-30T02:23:47.556+0000][7][safepoint   ] Safepoint "Cleanup", Time since last: 1226102666 ns, Reaching safepoint: 957448 ns, At safepoint: 82287 ns, Total: 1039735 ns
[2022-05-30T02:23:48.558+0000][7][safepoint   ] Safepoint "Cleanup", Time since last: 1000998097 ns, Reaching safepoint: 371780 ns, At safepoint: 27562 ns, Total: 399342 ns
[2022-05-30T02:23:50.775+0000][7][safepoint   ] Safepoint "Cleanup", Time since last: 2216536030 ns, Reaching safepoint: 398421 ns, At safepoint: 19317 ns, Total: 417738 ns
[2022-05-30T02:23:52.776+0000][7][safepoint   ] Safepoint "Cleanup", Time since last: 2000940464 ns, Reaching safepoint: 416946 ns, At safepoint: 23094 ns, Total: 440040 ns
[2022-05-30T02:23:53.777+0000][7][safepoint   ] Safepoint "Cleanup", Time since last: 1000694304 ns, Reaching safepoint: 450750 ns, At safepoint: 21612 ns, Total: 472362 ns
[2022-05-30T02:23:56.779+0000][7][safepoint   ] Safepoint "Cleanup", Time since last: 3001062324 ns, Reaching safepoint: 371590 ns, At safepoint: 27612 ns, Total: 399202 ns
[2022-05-30T02:23:57.659+0000][7][gc,start    ] GC(78) Pause Young (Normal) (G1 Evacuation Pause)
[2022-05-30T02:23:57.688+0000][7][gc,task     ] GC(78) Using 8 workers of 8 for evacuation
[2022-05-30T02:23:57.689+0000][7][gc,age      ] GC(78) Desired survivor size 20971520 bytes, new threshold 15 (max threshold 15)
[2022-05-30T02:23:57.702+0000][7][gc,phases   ] GC(78)   Pre Evacuate Collection Set: 0.5ms
[2022-05-30T02:23:57.706+0000][7][gc,phases   ] GC(78)   Merge Heap Roots: 0.3ms
[2022-05-30T02:23:57.709+0000][7][gc,phases   ] GC(78)   Evacuate Collection Set: 9.2ms
[2022-05-30T02:23:57.719+0000][7][gc,phases   ] GC(78)   Post Evacuate Collection Set: 1.9ms
[2022-05-30T02:23:57.720+0000][7][gc,phases   ] GC(78)   Other: 2.0ms
[2022-05-30T02:23:57.721+0000][7][gc,age      ] GC(78) Age table with threshold 15 (max threshold 15)
[2022-05-30T02:23:57.723+0000][7][gc,age      ] GC(78) - age   1:    2142624 bytes,    2142624 total
[2022-05-30T02:23:57.724+0000][7][gc,age      ] GC(78) - age   2:      59448 bytes,    2202072 total
[2022-05-30T02:23:57.725+0000][7][gc,age      ] GC(78) - age   3:       1528 bytes,    2203600 total
[2022-05-30T02:23:57.725+0000][7][gc,age      ] GC(78) - age   4:       3840 bytes,    2207440 total
[2022-05-30T02:23:57.726+0000][7][gc,age      ] GC(78) - age   5:      11232 bytes,    2218672 total
[2022-05-30T02:23:57.727+0000][7][gc,age      ] GC(78) - age   6:      77880 bytes,    2296552 total
[2022-05-30T02:23:57.727+0000][7][gc,age      ] GC(78) - age   7:       1312 bytes,    2297864 total
[2022-05-30T02:23:57.728+0000][7][gc,age      ] GC(78) - age   8:     212600 bytes,    2510464 total
[2022-05-30T02:23:57.729+0000][7][gc,age      ] GC(78) - age   9:     235088 bytes,    2745552 total
[2022-05-30T02:23:57.730+0000][7][gc,age      ] GC(78) - age  10:     969408 bytes,    3714960 total
[2022-05-30T02:23:57.730+0000][7][gc,age      ] GC(78) - age  11:      33312 bytes,    3748272 total
[2022-05-30T02:23:57.732+0000][7][gc,age      ] GC(78) - age  12:      41704 bytes,    3789976 total
[2022-05-30T02:23:57.733+0000][7][gc,age      ] GC(78) - age  14:      29632 bytes,    3819608 total
[2022-05-30T02:23:57.735+0000][7][gc,age      ] GC(78) - age  15:        968 bytes,    3820576 total
[2022-05-30T02:23:57.736+0000][7][gc,heap     ] GC(78) Eden regions: 72->0(72)
[2022-05-30T02:23:57.737+0000][7][gc,heap     ] GC(78) Survivor regions: 1->1(10)
[2022-05-30T02:23:57.737+0000][7][gc,heap     ] GC(78) Old regions: 29->29
[2022-05-30T02:23:57.738+0000][7][gc,heap     ] GC(78) Archive regions: 2->2
[2022-05-30T02:23:57.739+0000][7][gc,heap     ] GC(78) Humongous regions: 2->2
[2022-05-30T02:23:57.739+0000][7][gc,metaspace] GC(78) Metaspace: 130511K(136320K)->130511K(136320K) NonClass: 113544K(116992K)->113544K(116992K) Class: 16966K(19328K)->16966K(19328K)
[2022-05-30T02:23:57.740+0000][7][gc          ] GC(78) Pause Young (Normal) (G1 Evacuation Pause) 418M->130M(512M) 80.765ms
[2022-05-30T02:23:57.741+0000][7][gc,cpu      ] GC(78) User=0.03s Sys=0.02s Real=0.08s
[2022-05-30T02:23:57.742+0000][7][safepoint   ] Safepoint "G1CollectForAllocation", Time since last: 880210614 ns, Reaching safepoint: 352864 ns, At safepoint: 82609154 ns, Total: 82962018 ns
[2022-05-30T02:24:01.744+0000][7][safepoint   ] Safepoint "Cleanup", Time since last: 4001509733 ns, Reaching safepoint: 592932 ns, At safepoint: 72258 ns, Total: 665190 ns
[2022-05-30T02:24:12.754+0000][7][safepoint   ] Safepoint "Cleanup", Time since last: 11009858298 ns, Reaching safepoint: 432466 ns, At safepoint: 50527 ns, Total: 482993 ns
[2022-05-30T02:24:13.756+0000][7][safepoint   ] Safepoint "Cleanup", Time since last: 1000934413 ns, Reaching safepoint: 404813 ns, At safepoint: 26951 ns, Total: 431764 ns
[2022-05-30T02:24:19.907+0000][7][safepoint   ] Safepoint "Cleanup", Time since last: 6001632408 ns, Reaching safepoint: 373553 ns, At safepoint: 20970 ns, Total: 394523 ns
[2022-05-30T02:24:24.909+0000][7][safepoint   ] Safepoint "Cleanup", Time since last: 5001461179 ns, Reaching safepoint: 333437 ns, At safepoint: 27993 ns, Total: 361430 ns
[2022-05-30T02:24:27.910+0000][7][safepoint   ] Safepoint "Cleanup", Time since last: 3000898739 ns, Reaching safepoint: 386678 ns, At safepoint: 57941 ns, Total: 444619 ns
[2022-05-30T02:24:40.914+0000][7][safepoint   ] Safepoint "Cleanup", Time since last: 13003311695 ns, Reaching safepoint: 428819 ns, At safepoint: 16712 ns, Total: 445531 ns
[2022-05-30T02:24:46.916+0000][7][safepoint   ] Safepoint "Cleanup", Time since last: 6001498569 ns, Reaching safepoint: 287429 ns, At safepoint: 11863 ns, Total: 299292 ns
[2022-05-30T02:24:50.713+0000][7][safepoint   ] Safepoint "Cleanup", Time since last: 4001419912 ns, Reaching safepoint: 384715 ns, At safepoint: 33914 ns, Total: 418629 ns
[2022-05-30T02:24:52.868+0000][7][safepoint   ] Safepoint "Cleanup", Time since last: 2155181192 ns, Reaching safepoint: 401062 ns, At safepoint: 30589 ns, Total: 431651 ns
[2022-05-30T02:24:54.874+0000][7][safepoint   ] Safepoint "Cleanup", Time since last: 2005433689 ns, Reaching safepoint: 367742 ns, At safepoint: 53472 ns, Total: 421214 ns
[2022-05-30T02:24:57.876+0000][7][safepoint   ] Safepoint "Cleanup", Time since last: 3001354855 ns, Reaching safepoint: 309400 ns, At safepoint: 11202 ns, Total: 320602 ns
[2022-05-30T02:25:02.878+0000][7][safepoint   ] Safepoint "Cleanup", Time since last: 5001444043 ns, Reaching safepoint: 377641 ns, At safepoint: 21792 ns, Total: 399433 ns
[2022-05-30T02:25:04.041+0000][7][safepoint   ] Safepoint "Cleanup", Time since last: 1163466430 ns, Reaching safepoint: 395415 ns, At safepoint: 16021 ns, Total: 411436 ns
[2022-05-30T02:25:07.043+0000][7][safepoint   ] Safepoint "Cleanup", Time since last: 3001093057 ns, Reaching safepoint: 413680 ns, At safepoint: 10680 ns, Total: 424360 ns
[2022-05-30T02:25:22.065+0000][7][safepoint   ] Safepoint "Cleanup", Time since last: 15003306835 ns, Reaching safepoint: 472692 ns, At safepoint: 18415 ns, Total: 491107 ns
[2022-05-30T02:25:24.699+0000][7][gc,start    ] GC(79) Pause Young (Normal) (G1 Evacuation Pause)
[2022-05-30T02:25:24.700+0000][7][gc,task     ] GC(79) Using 8 workers of 8 for evacuation
[2022-05-30T02:25:24.700+0000][7][gc,age      ] GC(79) Desired survivor size 20971520 bytes, new threshold 15 (max threshold 15)
[2022-05-30T02:25:24.707+0000][7][gc,phases   ] GC(79)   Pre Evacuate Collection Set: 0.4ms
[2022-05-30T02:25:24.708+0000][7][gc,phases   ] GC(79)   Merge Heap Roots: 0.3ms
[2022-05-30T02:25:24.708+0000][7][gc,phases   ] GC(79)   Evacuate Collection Set: 4.1ms
[2022-05-30T02:25:24.709+0000][7][gc,phases   ] GC(79)   Post Evacuate Collection Set: 1.6ms
[2022-05-30T02:25:24.709+0000][7][gc,phases   ] GC(79)   Other: 1.1ms
[2022-05-30T02:25:24.710+0000][7][gc,age      ] GC(79) Age table with threshold 15 (max threshold 15)
[2022-05-30T02:25:24.710+0000][7][gc,age      ] GC(79) - age   1:    3637568 bytes,    3637568 total
[2022-05-30T02:25:24.710+0000][7][gc,age      ] GC(79) - age   2:     319608 bytes,    3957176 total
[2022-05-30T02:25:24.710+0000][7][gc,age      ] GC(79) - age   3:      56944 bytes,    4014120 total
[2022-05-30T02:25:24.711+0000][7][gc,age      ] GC(79) - age   4:       1280 bytes,    4015400 total
[2022-05-30T02:25:24.711+0000][7][gc,age      ] GC(79) - age   5:       3352 bytes,    4018752 total
[2022-05-30T02:25:24.711+0000][7][gc,age      ] GC(79) - age   6:      10968 bytes,    4029720 total
[2022-05-30T02:25:24.712+0000][7][gc,age      ] GC(79) - age   7:      69168 bytes,    4098888 total
[2022-05-30T02:25:24.712+0000][7][gc,age      ] GC(79) - age   8:       1312 bytes,    4100200 total
[2022-05-30T02:25:24.712+0000][7][gc,age      ] GC(79) - age   9:     212152 bytes,    4312352 total
[2022-05-30T02:25:24.712+0000][7][gc,age      ] GC(79) - age  10:     234208 bytes,    4546560 total
[2022-05-30T02:25:24.713+0000][7][gc,age      ] GC(79) - age  11:     969408 bytes,    5515968 total
[2022-05-30T02:25:24.713+0000][7][gc,age      ] GC(79) - age  12:      33248 bytes,    5549216 total
[2022-05-30T02:25:24.713+0000][7][gc,age      ] GC(79) - age  13:      41296 bytes,    5590512 total
[2022-05-30T02:25:24.714+0000][7][gc,age      ] GC(79) - age  15:      29632 bytes,    5620144 total
[2022-05-30T02:25:24.714+0000][7][gc,heap     ] GC(79) Eden regions: 72->0(70)
[2022-05-30T02:25:24.714+0000][7][gc,heap     ] GC(79) Survivor regions: 1->2(10)
[2022-05-30T02:25:24.715+0000][7][gc,heap     ] GC(79) Old regions: 29->29
[2022-05-30T02:25:24.715+0000][7][gc,heap     ] GC(79) Archive regions: 2->2
[2022-05-30T02:25:24.715+0000][7][gc,heap     ] GC(79) Humongous regions: 2->2
[2022-05-30T02:25:24.715+0000][7][gc,metaspace] GC(79) Metaspace: 130583K(136320K)->130583K(136320K) NonClass: 113597K(116992K)->113597K(116992K) Class: 16985K(19328K)->16985K(19328K)
[2022-05-30T02:25:24.716+0000][7][gc          ] GC(79) Pause Young (Normal) (G1 Evacuation Pause) 418M->131M(512M) 16.910ms
[2022-05-30T02:25:24.716+0000][7][gc,cpu      ] GC(79) User=0.03s Sys=0.01s Real=0.01s
[2022-05-30T02:25:24.717+0000][7][safepoint   ] Safepoint "G1CollectForAllocation", Time since last: 2633231301 ns, Reaching safepoint: 501187 ns, At safepoint: 18159586 ns, Total: 18660773 ns
[2022-05-30T02:25:49.706+0000][7][safepoint   ] Safepoint "Cleanup", Time since last: 25004731655 ns, Reaching safepoint: 355328 ns, At safepoint: 63972 ns, Total: 419300 ns
[2022-05-30T02:25:52.708+0000][7][safepoint   ] Safepoint "Cleanup", Time since last: 3001564341 ns, Reaching safepoint: 489134 ns, At safepoint: 19828 ns, Total: 508962 ns
[2022-05-30T02:25:57.079+0000][7][safepoint   ] Safepoint "Cleanup", Time since last: 4012761955 ns, Reaching safepoint: 358153252 ns, At safepoint: 396096 ns, Total: 358549348 ns
[2022-05-30T02:25:59.407+0000][7][safepoint   ] Safepoint "Cleanup", Time since last: 2327060363 ns, Reaching safepoint: 463205 ns, At safepoint: 31500 ns, Total: 494705 ns
[2022-05-30T02:26:00.615+0000][7][safepoint   ] Safepoint "Cleanup", Time since last: 1207466403 ns, Reaching safepoint: 365878 ns, At safepoint: 60826 ns, Total: 426704 ns
[2022-05-30T02:26:01.619+0000][7][safepoint   ] Safepoint "Cleanup", Time since last: 1003723297 ns, Reaching safepoint: 336833 ns, At safepoint: 34155 ns, Total: 370988 ns
[2022-05-30T02:26:03.621+0000][7][safepoint   ] Safepoint "Cleanup", Time since last: 2001152340 ns, Reaching safepoint: 351521 ns, At safepoint: 54864 ns, Total: 406385 ns
[2022-05-30T02:26:09.623+0000][7][safepoint   ] Safepoint "Cleanup", Time since last: 6001770708 ns, Reaching safepoint: 465667 ns, At safepoint: 75214 ns, Total: 540881 ns
[2022-05-30T02:26:13.723+0000][7][safepoint   ] Safepoint "Cleanup", Time since last: 4100051772 ns, Reaching safepoint: 357342 ns, At safepoint: 29106 ns, Total: 386448 ns
[2022-05-30T02:26:17.726+0000][7][safepoint   ] Safepoint "Cleanup", Time since last: 4002379397 ns, Reaching safepoint: 338145 ns, At safepoint: 12294 ns, Total: 350439 ns
[2022-05-30T02:26:21.911+0000][7][gc,start    ] GC(80) Pause Young (Normal) (G1 Evacuation Pause)
[2022-05-30T02:26:21.912+0000][7][gc,task     ] GC(80) Using 8 workers of 8 for evacuation
[2022-05-30T02:26:21.913+0000][7][gc,age      ] GC(80) Desired survivor size 18874368 bytes, new threshold 15 (max threshold 15)
[2022-05-30T02:26:21.920+0000][7][gc,phases   ] GC(80)   Pre Evacuate Collection Set: 0.5ms
[2022-05-30T02:26:21.921+0000][7][gc,phases   ] GC(80)   Merge Heap Roots: 0.2ms
[2022-05-30T02:26:21.922+0000][7][gc,phases   ] GC(80)   Evacuate Collection Set: 3.6ms
[2022-05-30T02:26:21.922+0000][7][gc,phases   ] GC(80)   Post Evacuate Collection Set: 2.1ms
[2022-05-30T02:26:21.923+0000][7][gc,phases   ] GC(80)   Other: 1.9ms
[2022-05-30T02:26:21.924+0000][7][gc,age      ] GC(80) Age table with threshold 15 (max threshold 15)
[2022-05-30T02:26:21.924+0000][7][gc,age      ] GC(80) - age   1:    1927640 bytes,    1927640 total
[2022-05-30T02:26:21.925+0000][7][gc,age      ] GC(80) - age   2:    2314224 bytes,    4241864 total
[2022-05-30T02:26:21.926+0000][7][gc,age      ] GC(80) - age   3:     144816 bytes,    4386680 total
[2022-05-30T02:26:21.926+0000][7][gc,age      ] GC(80) - age   4:      56880 bytes,    4443560 total
[2022-05-30T02:26:21.927+0000][7][gc,age      ] GC(80) - age   5:       1280 bytes,    4444840 total
[2022-05-30T02:26:21.927+0000][7][gc,age      ] GC(80) - age   6:       3288 bytes,    4448128 total
[2022-05-30T02:26:21.928+0000][7][gc,age      ] GC(80) - age   7:       2656 bytes,    4450784 total
[2022-05-30T02:26:21.928+0000][7][gc,age      ] GC(80) - age   8:      19456 bytes,    4470240 total
[2022-05-30T02:26:21.929+0000][7][gc,age      ] GC(80) - age   9:       1312 bytes,    4471552 total
[2022-05-30T02:26:21.930+0000][7][gc,age      ] GC(80) - age  10:     203872 bytes,    4675424 total
[2022-05-30T02:26:21.931+0000][7][gc,age      ] GC(80) - age  11:     234208 bytes,    4909632 total
[2022-05-30T02:26:21.931+0000][7][gc,age      ] GC(80) - age  12:     956848 bytes,    5866480 total
[2022-05-30T02:26:21.932+0000][7][gc,age      ] GC(80) - age  13:      33248 bytes,    5899728 total
[2022-05-30T02:26:21.932+0000][7][gc,age      ] GC(80) - age  14:      41296 bytes,    5941024 total
[2022-05-30T02:26:21.933+0000][7][gc,heap     ] GC(80) Eden regions: 70->0(71)
[2022-05-30T02:26:21.934+0000][7][gc,heap     ] GC(80) Survivor regions: 2->2(9)
[2022-05-30T02:26:21.934+0000][7][gc,heap     ] GC(80) Old regions: 29->29
[2022-05-30T02:26:21.935+0000][7][gc,heap     ] GC(80) Archive regions: 2->2
[2022-05-30T02:26:21.936+0000][7][gc,heap     ] GC(80) Humongous regions: 2->2
[2022-05-30T02:26:21.936+0000][7][gc,metaspace] GC(80) Metaspace: 130599K(136320K)->130599K(136320K) NonClass: 113613K(116992K)->113613K(116992K) Class: 16985K(19328K)->16985K(19328K)
[2022-05-30T02:26:21.937+0000][7][gc          ] GC(80) Pause Young (Normal) (G1 Evacuation Pause) 411M->132M(512M) 25.842ms
[2022-05-30T02:26:21.938+0000][7][gc,cpu      ] GC(80) User=0.02s Sys=0.02s Real=0.02s
[2022-05-30T02:26:21.939+0000][7][safepoint   ] Safepoint "G1CollectForAllocation", Time since last: 3507616848 ns, Reaching safepoint: 349327 ns, At safepoint: 27646197 ns, Total: 27995524 ns
[2022-05-30T02:26:22.941+0000][7][safepoint   ] Safepoint "Cleanup", Time since last: 1001418973 ns, Reaching safepoint: 413038 ns, At safepoint: 59263 ns, Total: 472301 ns
[2022-05-30T02:26:24.943+0000][7][safepoint   ] Safepoint "Cleanup", Time since last: 2001099917 ns, Reaching safepoint: 947882 ns, At safepoint: 70264 ns, Total: 1018146 ns
[2022-05-30T02:26:28.945+0000][7][safepoint   ] Safepoint "Cleanup", Time since last: 4001251208 ns, Reaching safepoint: 636550 ns, At safepoint: 114990 ns, Total: 751540 ns
[2022-05-30T02:26:30.946+0000][7][safepoint   ] Safepoint "Cleanup", Time since last: 2001034371 ns, Reaching safepoint: 380817 ns, At safepoint: 22893 ns, Total: 403710 ns
[2022-05-30T02:26:34.948+0000][7][safepoint   ] Safepoint "Cleanup", Time since last: 4001453022 ns, Reaching safepoint: 374475 ns, At safepoint: 15590 ns, Total: 390065 ns
[2022-05-30T02:26:46.951+0000][7][safepoint   ] Safepoint "Cleanup", Time since last: 12002805693 ns, Reaching safepoint: 430822 ns, At safepoint: 18175 ns, Total: 448997 ns
[2022-05-30T02:26:48.170+0000][7][safepoint   ] Safepoint "Cleanup", Time since last: 1218287961 ns, Reaching safepoint: 309712 ns, At safepoint: 24386 ns, Total: 334098 ns
[2022-05-30T02:26:50.524+0000][7][safepoint   ] Safepoint "Cleanup", Time since last: 3031253290 ns, Reaching safepoint: 539550 ns, At safepoint: 15579 ns, Total: 555129 ns
[2022-05-30T02:26:51.525+0000][7][safepoint   ] Safepoint "Cleanup", Time since last: 1000839794 ns, Reaching safepoint: 436754 ns, At safepoint: 12243 ns, Total: 448997 ns
[2022-05-30T02:26:52.527+0000][7][safepoint   ] Safepoint "Cleanup", Time since last: 1000889752 ns, Reaching safepoint: 498702 ns, At safepoint: 24577 ns, Total: 523279 ns
[2022-05-30T02:26:54.498+0000][7][safepoint   ] Safepoint "Cleanup", Time since last: 1970383403 ns, Reaching safepoint: 405083 ns, At safepoint: 68451 ns, Total: 473534 ns
[2022-05-30T02:26:55.499+0000][7][safepoint   ] Safepoint "Cleanup", Time since last: 1001085179 ns, Reaching safepoint: 423098 ns, At safepoint: 14257 ns, Total: 437355 ns
[2022-05-30T02:26:56.500+0000][7][safepoint   ] Safepoint "Cleanup", Time since last: 1000840462 ns, Reaching safepoint: 358284 ns, At safepoint: 16552 ns, Total: 374836 ns
[2022-05-30T02:26:58.562+0000][7][safepoint   ] Safepoint "Cleanup", Time since last: 2061096335 ns, Reaching safepoint: 486974 ns, At safepoint: 35357 ns, Total: 522331 ns
[2022-05-30T02:27:10.565+0000][7][safepoint   ] Safepoint "Cleanup", Time since last: 12002784523 ns, Reaching safepoint: 461141 ns, At safepoint: 42291 ns, Total: 503432 ns
[2022-05-30T02:27:16.715+0000][7][safepoint   ] Safepoint "Cleanup", Time since last: 6149327011 ns, Reaching safepoint: 383041 ns, At safepoint: 30398 ns, Total: 413439 ns
[2022-05-30T02:27:24.754+0000][7][safepoint   ] Safepoint "Cleanup", Time since last: 8003456203 ns, Reaching safepoint: 346181 ns, At safepoint: 12404 ns, Total: 358585 ns
[2022-05-30T02:27:33.756+0000][7][safepoint   ] Safepoint "Cleanup", Time since last: 9002071852 ns, Reaching safepoint: 371820 ns, At safepoint: 33814 ns, Total: 405634 ns
[2022-05-30T02:27:35.928+0000][7][safepoint   ] Safepoint "Cleanup", Time since last: 2170982360 ns, Reaching safepoint: 427797 ns, At safepoint: 75935 ns, Total: 503732 ns
[2022-05-30T02:27:36.929+0000][7][safepoint   ] Safepoint "Cleanup", Time since last: 1000853139 ns, Reaching safepoint: 397890 ns, At safepoint: 24226 ns, Total: 422116 ns
[2022-05-30T02:27:41.943+0000][7][safepoint   ] Safepoint "Cleanup", Time since last: 5013797246 ns, Reaching safepoint: 425643 ns, At safepoint: 34055 ns, Total: 459698 ns
[2022-05-30T02:27:42.945+0000][7][safepoint   ] Safepoint "Cleanup", Time since last: 1001100609 ns, Reaching safepoint: 552254 ns, At safepoint: 62840 ns, Total: 615094 ns
[2022-05-30T02:27:46.947+0000][7][safepoint   ] Safepoint "Cleanup", Time since last: 4001518142 ns, Reaching safepoint: 455659 ns, At safepoint: 30037 ns, Total: 485696 ns
[2022-05-30T02:27:48.682+0000][7][gc,start    ] GC(81) Pause Young (Normal) (G1 Evacuation Pause)
[2022-05-30T02:27:48.683+0000][7][gc,task     ] GC(81) Using 8 workers of 8 for evacuation
[2022-05-30T02:27:48.683+0000][7][gc,age      ] GC(81) Desired survivor size 20971520 bytes, new threshold 15 (max threshold 15)
[2022-05-30T02:27:48.691+0000][7][gc,phases   ] GC(81)   Pre Evacuate Collection Set: 0.3ms
[2022-05-30T02:27:48.692+0000][7][gc,phases   ] GC(81)   Merge Heap Roots: 0.3ms
[2022-05-30T02:27:48.693+0000][7][gc,phases   ] GC(81)   Evacuate Collection Set: 4.9ms
[2022-05-30T02:27:48.693+0000][7][gc,phases   ] GC(81)   Post Evacuate Collection Set: 1.9ms
[2022-05-30T02:27:48.694+0000][7][gc,phases   ] GC(81)   Other: 1.0ms
[2022-05-30T02:27:48.694+0000][7][gc,age      ] GC(81) Age table with threshold 15 (max threshold 15)
[2022-05-30T02:27:48.694+0000][7][gc,age      ] GC(81) - age   1:    1657896 bytes,    1657896 total
[2022-05-30T02:27:48.695+0000][7][gc,age      ] GC(81) - age   2:     296408 bytes,    1954304 total
[2022-05-30T02:27:48.695+0000][7][gc,age      ] GC(81) - age   3:    2177592 bytes,    4131896 total
[2022-05-30T02:27:48.695+0000][7][gc,age      ] GC(81) - age   4:     144136 bytes,    4276032 total
[2022-05-30T02:27:48.695+0000][7][gc,age      ] GC(81) - age   5:      56752 bytes,    4332784 total
[2022-05-30T02:27:48.696+0000][7][gc,age      ] GC(81) - age   6:       1280 bytes,    4334064 total
[2022-05-30T02:27:48.696+0000][7][gc,age      ] GC(81) - age   7:       3224 bytes,    4337288 total
[2022-05-30T02:27:48.696+0000][7][gc,age      ] GC(81) - age   8:       2656 bytes,    4339944 total
[2022-05-30T02:27:48.697+0000][7][gc,age      ] GC(81) - age   9:      19456 bytes,    4359400 total
[2022-05-30T02:27:48.697+0000][7][gc,age      ] GC(81) - age  10:       1312 bytes,    4360712 total
[2022-05-30T02:27:48.697+0000][7][gc,age      ] GC(81) - age  11:     203872 bytes,    4564584 total
[2022-05-30T02:27:48.698+0000][7][gc,age      ] GC(81) - age  12:     234144 bytes,    4798728 total
[2022-05-30T02:27:48.698+0000][7][gc,age      ] GC(81) - age  13:     956848 bytes,    5755576 total
[2022-05-30T02:27:48.698+0000][7][gc,age      ] GC(81) - age  14:      33248 bytes,    5788824 total
[2022-05-30T02:27:48.698+0000][7][gc,age      ] GC(81) - age  15:      40992 bytes,    5829816 total
[2022-05-30T02:27:48.699+0000][7][gc,heap     ] GC(81) Eden regions: 71->0(71)
[2022-05-30T02:27:48.699+0000][7][gc,heap     ] GC(81) Survivor regions: 2->2(10)
[2022-05-30T02:27:48.699+0000][7][gc,heap     ] GC(81) Old regions: 29->29
[2022-05-30T02:27:48.700+0000][7][gc,heap     ] GC(81) Archive regions: 2->2
[2022-05-30T02:27:48.700+0000][7][gc,heap     ] GC(81) Humongous regions: 2->2
[2022-05-30T02:27:48.701+0000][7][gc,metaspace] GC(81) Metaspace: 130693K(136320K)->130693K(136320K) NonClass: 113693K(116992K)->113693K(116992K) Class: 17000K(19328K)->17000K(19328K)
[2022-05-30T02:27:48.702+0000][7][gc          ] GC(81) Pause Young (Normal) (G1 Evacuation Pause) 416M->132M(512M) 19.586ms
[2022-05-30T02:27:48.703+0000][7][gc,cpu      ] GC(81) User=0.05s Sys=0.00s Real=0.02s
[2022-05-30T02:27:48.703+0000][7][safepoint   ] Safepoint "G1CollectForAllocation", Time since last: 1734595190 ns, Reaching safepoint: 445551 ns, At safepoint: 21081040 ns, Total: 21526591 ns
[2022-05-30T02:27:52.882+0000][7][safepoint   ] Safepoint "Cleanup", Time since last: 4001228107 ns, Reaching safepoint: 390976 ns, At safepoint: 32582 ns, Total: 423558 ns
[2022-05-30T02:27:53.883+0000][7][safepoint   ] Safepoint "Cleanup", Time since last: 1000961473 ns, Reaching safepoint: 322796 ns, At safepoint: 19247 ns, Total: 342043 ns
[2022-05-30T02:27:59.014+0000][7][safepoint   ] Safepoint "Cleanup", Time since last: 5130951974 ns, Reaching safepoint: 407278 ns, At safepoint: 31109 ns, Total: 438387 ns
[2022-05-30T02:28:01.022+0000][7][safepoint   ] Safepoint "Cleanup", Time since last: 2007511733 ns, Reaching safepoint: 429580 ns, At safepoint: 58642 ns, Total: 488222 ns
[2022-05-30T02:28:13.026+0000][7][safepoint   ] Safepoint "Cleanup", Time since last: 12002890926 ns, Reaching safepoint: 281377 ns, At safepoint: 10551 ns, Total: 291928 ns
[2022-05-30T02:28:16.027+0000][7][safepoint   ] Safepoint "Cleanup", Time since last: 3000895434 ns, Reaching safepoint: 286287 ns, At safepoint: 7614 ns, Total: 293901 ns
[2022-05-30T02:28:19.028+0000][7][safepoint   ] Safepoint "Cleanup", Time since last: 3000978201 ns, Reaching safepoint: 389413 ns, At safepoint: 35618 ns, Total: 425031 ns
[2022-05-30T02:28:20.030+0000][7][safepoint   ] Safepoint "Cleanup", Time since last: 1001431882 ns, Reaching safepoint: 427867 ns, At safepoint: 24416 ns, Total: 452283 ns
[2022-05-30T02:28:31.821+0000][7][safepoint   ] Safepoint "Cleanup", Time since last: 12002848377 ns, Reaching safepoint: 330701 ns, At safepoint: 24998 ns, Total: 355699 ns
[2022-05-30T02:28:33.823+0000][7][safepoint   ] Safepoint "Cleanup", Time since last: 2000920802 ns, Reaching safepoint: 756594 ns, At safepoint: 113948 ns, Total: 870542 ns
[2022-05-30T02:28:34.825+0000][7][safepoint   ] Safepoint "Cleanup", Time since last: 1001092576 ns, Reaching safepoint: 386458 ns, At safepoint: 55415 ns, Total: 441873 ns
[2022-05-30T02:28:39.928+0000][7][safepoint   ] Safepoint "Cleanup", Time since last: 5103211389 ns, Reaching safepoint: 315061 ns, At safepoint: 16712 ns, Total: 331773 ns
[2022-05-30T02:28:43.995+0000][7][safepoint   ] Safepoint "Cleanup", Time since last: 4065466178 ns, Reaching safepoint: 791862 ns, At safepoint: 124257 ns, Total: 916119 ns
[2022-05-30T02:28:52.510+0000][7][safepoint   ] Safepoint "Cleanup", Time since last: 8002222226 ns, Reaching safepoint: 351892 ns, At safepoint: 25509 ns, Total: 377401 ns
[2022-05-30T02:28:53.604+0000][7][safepoint   ] Safepoint "Cleanup", Time since last: 1093945795 ns, Reaching safepoint: 383231 ns, At safepoint: 40758 ns, Total: 423989 ns
[2022-05-30T02:28:55.606+0000][7][safepoint   ] Safepoint "Cleanup", Time since last: 2000917789 ns, Reaching safepoint: 349687 ns, At safepoint: 21541 ns, Total: 371228 ns
[2022-05-30T02:28:58.625+0000][7][safepoint   ] Safepoint "Cleanup", Time since last: 3019103033 ns, Reaching safepoint: 591900 ns, At safepoint: 16782 ns, Total: 608682 ns
[2022-05-30T02:29:08.628+0000][7][safepoint   ] Safepoint "Cleanup", Time since last: 10002404791 ns, Reaching safepoint: 354337 ns, At safepoint: 28294 ns, Total: 382631 ns
[2022-05-30T02:29:10.767+0000][7][safepoint   ] Safepoint "Cleanup", Time since last: 2138574442 ns, Reaching safepoint: 527637 ns, At safepoint: 27072 ns, Total: 554709 ns
[2022-05-30T02:29:14.327+0000][7][gc,start    ] GC(82) Pause Young (Normal) (G1 Evacuation Pause)
[2022-05-30T02:29:14.327+0000][7][gc,task     ] GC(82) Using 8 workers of 8 for evacuation
[2022-05-30T02:29:14.328+0000][7][gc,age      ] GC(82) Desired survivor size 20971520 bytes, new threshold 15 (max threshold 15)
[2022-05-30T02:29:14.336+0000][7][gc,phases   ] GC(82)   Pre Evacuate Collection Set: 0.4ms
[2022-05-30T02:29:14.336+0000][7][gc,phases   ] GC(82)   Merge Heap Roots: 0.3ms
[2022-05-30T02:29:14.337+0000][7][gc,phases   ] GC(82)   Evacuate Collection Set: 4.9ms
[2022-05-30T02:29:14.337+0000][7][gc,phases   ] GC(82)   Post Evacuate Collection Set: 1.9ms
[2022-05-30T02:29:14.337+0000][7][gc,phases   ] GC(82)   Other: 0.8ms
[2022-05-30T02:29:14.338+0000][7][gc,age      ] GC(82) Age table with threshold 15 (max threshold 15)
[2022-05-30T02:29:14.338+0000][7][gc,age      ] GC(82) - age   1:     882024 bytes,     882024 total
[2022-05-30T02:29:14.338+0000][7][gc,age      ] GC(82) - age   2:     309856 bytes,    1191880 total
[2022-05-30T02:29:14.338+0000][7][gc,age      ] GC(82) - age   3:     294448 bytes,    1486328 total
[2022-05-30T02:29:14.339+0000][7][gc,age      ] GC(82) - age   4:    2176808 bytes,    3663136 total
[2022-05-30T02:29:14.339+0000][7][gc,age      ] GC(82) - age   5:     144008 bytes,    3807144 total
[2022-05-30T02:29:14.339+0000][7][gc,age      ] GC(82) - age   6:      40176 bytes,    3847320 total
[2022-05-30T02:29:14.340+0000][7][gc,age      ] GC(82) - age   7:       1280 bytes,    3848600 total
[2022-05-30T02:29:14.340+0000][7][gc,age      ] GC(82) - age   8:       3224 bytes,    3851824 total
[2022-05-30T02:29:14.340+0000][7][gc,age      ] GC(82) - age   9:       2656 bytes,    3854480 total
[2022-05-30T02:29:14.341+0000][7][gc,age      ] GC(82) - age  10:      19456 bytes,    3873936 total
[2022-05-30T02:29:14.341+0000][7][gc,age      ] GC(82) - age  11:       1312 bytes,    3875248 total
[2022-05-30T02:29:14.341+0000][7][gc,age      ] GC(82) - age  12:     203872 bytes,    4079120 total
[2022-05-30T02:29:14.342+0000][7][gc,age      ] GC(82) - age  13:     234144 bytes,    4313264 total
[2022-05-30T02:29:14.342+0000][7][gc,age      ] GC(82) - age  14:     956848 bytes,    5270112 total
[2022-05-30T02:29:14.342+0000][7][gc,age      ] GC(82) - age  15:      33248 bytes,    5303360 total
[2022-05-30T02:29:14.343+0000][7][gc,heap     ] GC(82) Eden regions: 71->0(71)
[2022-05-30T02:29:14.343+0000][7][gc,heap     ] GC(82) Survivor regions: 2->2(10)
[2022-05-30T02:29:14.343+0000][7][gc,heap     ] GC(82) Old regions: 29->29
[2022-05-30T02:29:14.344+0000][7][gc,heap     ] GC(82) Archive regions: 2->2
[2022-05-30T02:29:14.344+0000][7][gc,heap     ] GC(82) Humongous regions: 2->2
[2022-05-30T02:29:14.344+0000][7][gc,metaspace] GC(82) Metaspace: 130696K(136320K)->130696K(136320K) NonClass: 113696K(116992K)->113696K(116992K) Class: 17000K(19328K)->17000K(19328K)
[2022-05-30T02:29:14.345+0000][7][gc          ] GC(82) Pause Young (Normal) (G1 Evacuation Pause) 416M->131M(512M) 17.768ms
[2022-05-30T02:29:14.345+0000][7][gc,cpu      ] GC(82) User=0.03s Sys=0.01s Real=0.02s
[2022-05-30T02:29:14.346+0000][7][safepoint   ] Safepoint "G1CollectForAllocation", Time since last: 3559259280 ns, Reaching safepoint: 354877 ns, At safepoint: 18752244 ns, Total: 19107121 ns
[2022-05-30T02:29:19.348+0000][7][safepoint   ] Safepoint "Cleanup", Time since last: 5001471294 ns, Reaching safepoint: 382510 ns, At safepoint: 18916 ns, Total: 401426 ns
[2022-05-30T02:29:20.349+0000][7][safepoint   ] Safepoint "Cleanup", Time since last: 1000616021 ns, Reaching safepoint: 651353 ns, At safepoint: 81686 ns, Total: 733039 ns
[2022-05-30T02:29:24.857+0000][7][safepoint   ] Safepoint "Cleanup", Time since last: 5001402989 ns, Reaching safepoint: 313097 ns, At safepoint: 15340 ns, Total: 328437 ns
[2022-05-30T02:29:36.866+0000][7][safepoint   ] Safepoint "Cleanup", Time since last: 12008880103 ns, Reaching safepoint: 306765 ns, At safepoint: 17935 ns, Total: 324700 ns
[2022-05-30T02:29:45.869+0000][7][safepoint   ] Safepoint "Cleanup", Time since last: 9002187214 ns, Reaching safepoint: 456422 ns, At safepoint: 32001 ns, Total: 488423 ns
[2022-05-30T02:29:52.848+0000][7][safepoint   ] Safepoint "Cleanup", Time since last: 7002039589 ns, Reaching safepoint: 373793 ns, At safepoint: 19047 ns, Total: 392840 ns
[2022-05-30T02:30:34.032+0000][7][safepoint   ] Safepoint "Cleanup", Time since last: 41127688715 ns, Reaching safepoint: 671773 ns, At safepoint: 53141 ns, Total: 724914 ns
[2022-05-30T02:30:35.034+0000][7][safepoint   ] Safepoint "Cleanup", Time since last: 1000838354 ns, Reaching safepoint: 485647 ns, At safepoint: 33825 ns, Total: 519472 ns
[2022-05-30T02:30:36.097+0000][7][safepoint   ] Safepoint "Cleanup", Time since last: 1062586138 ns, Reaching safepoint: 467863 ns, At safepoint: 11582 ns, Total: 479445 ns
[2022-05-30T02:30:39.098+0000][7][safepoint   ] Safepoint "Cleanup", Time since last: 3001093139 ns, Reaching safepoint: 382080 ns, At safepoint: 53371 ns, Total: 435451 ns
[2022-05-30T02:30:41.222+0000][7][gc,start    ] GC(83) Pause Young (Normal) (G1 Evacuation Pause)
[2022-05-30T02:30:41.223+0000][7][gc,task     ] GC(83) Using 8 workers of 8 for evacuation
[2022-05-30T02:30:41.224+0000][7][gc,age      ] GC(83) Desired survivor size 20971520 bytes, new threshold 15 (max threshold 15)
[2022-05-30T02:30:41.239+0000][7][gc,phases   ] GC(83)   Pre Evacuate Collection Set: 0.4ms
[2022-05-30T02:30:41.240+0000][7][gc,phases   ] GC(83)   Merge Heap Roots: 0.3ms
[2022-05-30T02:30:41.240+0000][7][gc,phases   ] GC(83)   Evacuate Collection Set: 10.9ms
[2022-05-30T02:30:41.241+0000][7][gc,phases   ] GC(83)   Post Evacuate Collection Set: 2.9ms
[2022-05-30T02:30:41.242+0000][7][gc,phases   ] GC(83)   Other: 1.5ms
[2022-05-30T02:30:41.243+0000][7][gc,age      ] GC(83) Age table with threshold 15 (max threshold 15)
[2022-05-30T02:30:41.244+0000][7][gc,age      ] GC(83) - age   1:    2303944 bytes,    2303944 total
[2022-05-30T02:30:41.245+0000][7][gc,age      ] GC(83) - age   2:      64440 bytes,    2368384 total
[2022-05-30T02:30:41.245+0000][7][gc,age      ] GC(83) - age   3:     305176 bytes,    2673560 total
[2022-05-30T02:30:41.246+0000][7][gc,age      ] GC(83) - age   4:     294160 bytes,    2967720 total
[2022-05-30T02:30:41.247+0000][7][gc,age      ] GC(83) - age   5:    2176528 bytes,    5144248 total
[2022-05-30T02:30:41.248+0000][7][gc,age      ] GC(83) - age   6:     143368 bytes,    5287616 total
[2022-05-30T02:30:41.249+0000][7][gc,age      ] GC(83) - age   7:      40176 bytes,    5327792 total
[2022-05-30T02:30:41.250+0000][7][gc,age      ] GC(83) - age   8:       1280 bytes,    5329072 total
[2022-05-30T02:30:41.251+0000][7][gc,age      ] GC(83) - age   9:       3224 bytes,    5332296 total
[2022-05-30T02:30:41.251+0000][7][gc,age      ] GC(83) - age  10:       2472 bytes,    5334768 total
[2022-05-30T02:30:41.252+0000][7][gc,age      ] GC(83) - age  11:      19456 bytes,    5354224 total
[2022-05-30T02:30:41.253+0000][7][gc,age      ] GC(83) - age  12:       1312 bytes,    5355536 total
[2022-05-30T02:30:41.253+0000][7][gc,age      ] GC(83) - age  13:     203872 bytes,    5559408 total
[2022-05-30T02:30:41.254+0000][7][gc,age      ] GC(83) - age  14:     232440 bytes,    5791848 total
[2022-05-30T02:30:41.255+0000][7][gc,age      ] GC(83) - age  15:     956848 bytes,    6748696 total
[2022-05-30T02:30:41.255+0000][7][gc,heap     ] GC(83) Eden regions: 71->0(71)
[2022-05-30T02:30:41.256+0000][7][gc,heap     ] GC(83) Survivor regions: 2->2(10)
[2022-05-30T02:30:41.257+0000][7][gc,heap     ] GC(83) Old regions: 29->29
[2022-05-30T02:30:41.257+0000][7][gc,heap     ] GC(83) Archive regions: 2->2
[2022-05-30T02:30:41.258+0000][7][gc,heap     ] GC(83) Humongous regions: 2->2
[2022-05-30T02:30:41.259+0000][7][gc,metaspace] GC(83) Metaspace: 130712K(136320K)->130712K(136320K) NonClass: 113709K(116992K)->113709K(116992K) Class: 17002K(19328K)->17002K(19328K)
[2022-05-30T02:30:41.259+0000][7][gc          ] GC(83) Pause Young (Normal) (G1 Evacuation Pause) 415M->133M(512M) 37.279ms
[2022-05-30T02:30:41.260+0000][7][gc,cpu      ] GC(83) User=0.11s Sys=0.01s Real=0.04s
[2022-05-30T02:30:41.261+0000][7][safepoint   ] Safepoint "G1CollectForAllocation", Time since last: 2123413628 ns, Reaching safepoint: 486328 ns, At safepoint: 39122195 ns, Total: 39608523 ns
[2022-05-30T02:30:42.263+0000][7][safepoint   ] Safepoint "Cleanup", Time since last: 1001191439 ns, Reaching safepoint: 469536 ns, At safepoint: 55146 ns, Total: 524682 ns
[2022-05-30T02:30:43.264+0000][7][safepoint   ] Safepoint "Cleanup", Time since last: 1000801067 ns, Reaching safepoint: 318288 ns, At safepoint: 57068 ns, Total: 375356 ns
[2022-05-30T02:30:52.254+0000][7][safepoint   ] Safepoint "Cleanup", Time since last: 9040805702 ns, Reaching safepoint: 390635 ns, At safepoint: 29176 ns, Total: 419811 ns
[2022-05-30T02:30:55.599+0000][7][safepoint   ] Safepoint "Cleanup", Time since last: 3345048615 ns, Reaching safepoint: 303680 ns, At safepoint: 28134 ns, Total: 331814 ns
[2022-05-30T02:31:01.128+0000][7][safepoint   ] Safepoint "Cleanup", Time since last: 5528346329 ns, Reaching safepoint: 334889 ns, At safepoint: 50907 ns, Total: 385796 ns
[2022-05-30T02:31:16.191+0000][7][safepoint   ] Safepoint "Cleanup", Time since last: 15060256954 ns, Reaching safepoint: 2670849 ns, At safepoint: 68080 ns, Total: 2738929 ns
[2022-05-30T02:31:17.647+0000][7][safepoint   ] Safepoint "Cleanup", Time since last: 1455725102 ns, Reaching safepoint: 439119 ns, At safepoint: 68160 ns, Total: 507279 ns
[2022-05-30T02:31:18.571+0000][7][gc,heap,exit] Heap
[2022-05-30T02:31:18.571+0000][7][gc,heap,exit]  garbage-first heap   total 524288K, used 306305K [0x00000000e0000000, 0x0000000100000000)
[2022-05-30T02:31:18.572+0000][7][gc,heap,exit]   region size 4096K, 44 young (180224K), 2 survivors (8192K)
[2022-05-30T02:31:18.572+0000][7][gc,heap,exit]  Metaspace       used 131457K, committed 136384K, reserved 1179648K
[2022-05-30T02:31:18.573+0000][7][gc,heap,exit]   class space    used 17131K, committed 19328K, reserved 1048576K
