[2022-05-30T03:17:36.241+0000][404][gc,init] CardTable entry size: 512
[2022-05-30T03:17:36.243+0000][404][gc     ] Using G1
[2022-05-30T03:17:36.270+0000][404][gc,init] Version: 18.0.1.1+2-6 (release)
[2022-05-30T03:17:36.271+0000][404][gc,init] CPUs: 8 total, 8 available
[2022-05-30T03:17:36.272+0000][404][gc,init] Memory: 6914M
[2022-05-30T03:17:36.273+0000][404][gc,init] Large Page Support: Disabled
[2022-05-30T03:17:36.273+0000][404][gc,init] NUMA Support: Disabled
[2022-05-30T03:17:36.274+0000][404][gc,init] Compressed Oops: Enabled (32-bit)
[2022-05-30T03:17:36.278+0000][404][gc,init] Heap Region Size: 1M
[2022-05-30T03:17:36.281+0000][404][gc,init] Heap Min Capacity: 512M
[2022-05-30T03:17:36.282+0000][404][gc,init] Heap Initial Capacity: 512M
[2022-05-30T03:17:36.283+0000][404][gc,init] Heap Max Capacity: 512M
[2022-05-30T03:17:36.284+0000][404][gc,init] Pre-touch: Disabled
[2022-05-30T03:17:36.284+0000][404][gc,init] Parallel Workers: 8
[2022-05-30T03:17:36.285+0000][404][gc,init] Concurrent Workers: 2
[2022-05-30T03:17:36.286+0000][404][gc,init] Concurrent Refinement Workers: 8
[2022-05-30T03:17:36.290+0000][404][gc,init] Periodic GC: Disabled
[2022-05-30T03:17:36.291+0000][404][gc,metaspace] CDS archive(s) not mapped
[2022-05-30T03:17:36.292+0000][404][gc,metaspace] Compressed class space mapped at: 0x0000000100000000-0x0000000140000000, reserved size: 1073741824
[2022-05-30T03:17:36.293+0000][404][gc,metaspace] Narrow klass base: 0x0000000000000000, Narrow klass shift: 3, Narrow klass range: 0x140000000
[2022-05-30T03:17:36.727+0000][404][gc,heap,exit] Heap
[2022-05-30T03:17:36.728+0000][404][gc,heap,exit]  garbage-first heap   total 524288K, used 2048K [0x00000000e0000000, 0x0000000100000000)
[2022-05-30T03:17:36.732+0000][404][gc,heap,exit]   region size 1024K, 2 young (2048K), 0 survivors (0K)
[2022-05-30T03:17:36.733+0000][404][gc,heap,exit]  Metaspace       used 3516K, committed 3584K, reserved 1114112K
[2022-05-30T03:17:36.734+0000][404][gc,heap,exit]   class space    used 271K, committed 320K, reserved 1048576K
